Error handling registered!
17:10:04 [INFO ] GuiBase: ##########################################
17:10:04 [INFO ] GuiBase: APP: Forge v.2.0.14-SNAPSHOT-08.08
17:10:04 [INFO ] GuiBase: Java: 17.0.17 (Homebrew)
17:10:04 [INFO ] GuiBase: OS: Mac OS X 15.5 aarch64
17:10:04 [INFO ] GuiBase: RAM: 4096 MB max, 8 CPUs
17:10:04 [INFO ] GuiBase: ##########################################
Language 'en-US' loaded successfully.
(ThreadUtil first call): Running with priority 5
Read cards: 33617 archived files in 2 ms (25 parts) using thread pool
Upcoming set Star Trek (TRK) dated in the future. All `upcoming` cards will be added to this set with unknown rarity.
The card A-Alrund's Epiphany was not assigned to any set. Adding it to UNKNOWN set... to fix see res/editions/ folder.
The card A-Baba Lysaga, Night Witch was not assigned to any set. Adding it to UNKNOWN set... to fix see res/editions/ folder.
The card A-Divide by Zero was not assigned to any set. Adding it to UNKNOWN set... to fix see res/editions/ folder.
The card A-Esika's Chariot was not assigned to any set. Adding it to UNKNOWN set... to fix see res/editions/ folder.
The card A-Faceless Haven was not assigned to any set. Adding it to UNKNOWN set... to fix see res/editions/ folder.
The card A-Fires of Invention was not assigned to any set. Adding it to UNKNOWN set... to fix see res/editions/ folder.
The card A-Goldspan Dragon was not assigned to any set. Adding it to UNKNOWN set... to fix see res/editions/ folder.
The card A-Hullbreaker Horror was not assigned to any set. Adding it to UNKNOWN set... to fix see res/editions/ folder.
The card A-Kumano Faces Kakkazan was not assigned to any set. Adding it to UNKNOWN set... to fix see res/editions/ folder.
The card A-Luminarch Aspirant was not assigned to any set. Adding it to UNKNOWN set... to fix see res/editions/ folder.
The card A-Monster Manual was not assigned to any set. Adding it to UNKNOWN set... to fix see res/editions/ folder.
The card A-Omnath, Locus of Creation was not assigned to any set. Adding it to UNKNOWN set... to fix see res/editions/ folder.
The card A-The Meathook Massacre was not assigned to any set. Adding it to UNKNOWN set... to fix see res/editions/ folder.
The card A-Unholy Heat was not assigned to any set. Adding it to UNKNOWN set... to fix see res/editions/ folder.
The card Blinding Radiance was not assigned to any set. Adding it to UNKNOWN set... to fix see res/editions/ folder.
The card Goblin Bruiser was not assigned to any set. Adding it to UNKNOWN set... to fix see res/editions/ folder.
The card Ogre Painbringer was not assigned to any set. Adding it to UNKNOWN set... to fix see res/editions/ folder.
The card Titanic Pelagosaur was not assigned to any set. Adding it to UNKNOWN set... to fix see res/editions/ folder.
The card Treetop Recluse was not assigned to any set. Adding it to UNKNOWN set... to fix see res/editions/ folder.
Upcoming set Star Trek (TRK) dated in the future. All `upcoming` cards will be added to this set with unknown rarity.
Read cards: 836 files in 0 ms (8 parts) using thread pool
Simulation mode
Ai(1)-Raffine Competitive Brawl MTGDecks 2026-07 vs Ai(2)-Lathril v0.3.2 - Arena Mirror - fifty  games of Brawl seed 32018
Game Outcome: Turn 8
Game Outcome: Ai(1)-Raffine Competitive Brawl MTGDecks 2026-07 has lost because life total reached 0
Game Outcome: Ai(2)-Lathril v0.3.2 - Arena Mirror has won because all opponents have lost
Match Result: Ai(1)-Raffine Competitive Brawl MTGDecks 2026-07: 0 Ai(2)-Lathril v0.3.2 - Arena Mirror: 1

Game Result: Game 1 ended in 7008 ms. Ai(2)-Lathril v0.3.2 - Arena Mirror has won!

Game Outcome: Turn 9
Game Outcome: Ai(1)-Raffine Competitive Brawl MTGDecks 2026-07 has lost because life total reached 0
Game Outcome: Ai(2)-Lathril v0.3.2 - Arena Mirror has won because all opponents have lost
Match Result: Ai(1)-Raffine Competitive Brawl MTGDecks 2026-07: 0 Ai(2)-Lathril v0.3.2 - Arena Mirror: 2

Game Result: Game 2 ended in 8012 ms. Ai(2)-Lathril v0.3.2 - Arena Mirror has won!

Game Outcome: Turn 9
Game Outcome: Ai(1)-Raffine Competitive Brawl MTGDecks 2026-07 has won because all opponents have lost
Game Outcome: Ai(2)-Lathril v0.3.2 - Arena Mirror has lost because life total reached 0
Match Result: Ai(1)-Raffine Competitive Brawl MTGDecks 2026-07: 1 Ai(2)-Lathril v0.3.2 - Arena Mirror: 2

Game Result: Game 3 ended in 3028 ms. Ai(1)-Raffine Competitive Brawl MTGDecks 2026-07 has won!

Game Outcome: Turn 8
Game Outcome: Ai(1)-Raffine Competitive Brawl MTGDecks 2026-07 has won because all opponents have lost
Game Outcome: Ai(2)-Lathril v0.3.2 - Arena Mirror has lost because life total reached 0
Match Result: Ai(1)-Raffine Competitive Brawl MTGDecks 2026-07: 2 Ai(2)-Lathril v0.3.2 - Arena Mirror: 2

Game Result: Game 4 ended in 3582 ms. Ai(1)-Raffine Competitive Brawl MTGDecks 2026-07 has won!

Game Outcome: Turn 8
Game Outcome: Ai(1)-Raffine Competitive Brawl MTGDecks 2026-07 has won because all opponents have lost
Game Outcome: Ai(2)-Lathril v0.3.2 - Arena Mirror has lost because life total reached 0
Match Result: Ai(1)-Raffine Competitive Brawl MTGDecks 2026-07: 3 Ai(2)-Lathril v0.3.2 - Arena Mirror: 2

Game Result: Game 5 ended in 4725 ms. Ai(1)-Raffine Competitive Brawl MTGDecks 2026-07 has won!

Game Outcome: Turn 9
Game Outcome: Ai(1)-Raffine Competitive Brawl MTGDecks 2026-07 has won because all opponents have lost
Game Outcome: Ai(2)-Lathril v0.3.2 - Arena Mirror has lost because life total reached 0
Match Result: Ai(1)-Raffine Competitive Brawl MTGDecks 2026-07: 4 Ai(2)-Lathril v0.3.2 - Arena Mirror: 2

Game Result: Game 6 ended in 3934 ms. Ai(1)-Raffine Competitive Brawl MTGDecks 2026-07 has won!

Game Outcome: Turn 6
Game Outcome: Ai(1)-Raffine Competitive Brawl MTGDecks 2026-07 has lost because life total reached 0
Game Outcome: Ai(2)-Lathril v0.3.2 - Arena Mirror has won because all opponents have lost
Match Result: Ai(1)-Raffine Competitive Brawl MTGDecks 2026-07: 4 Ai(2)-Lathril v0.3.2 - Arena Mirror: 3

Game Result: Game 7 ended in 2219 ms. Ai(2)-Lathril v0.3.2 - Arena Mirror has won!

Game Outcome: Turn 10
Game Outcome: Ai(1)-Raffine Competitive Brawl MTGDecks 2026-07 has won because all opponents have lost
Game Outcome: Ai(2)-Lathril v0.3.2 - Arena Mirror has lost because life total reached 0
Match Result: Ai(1)-Raffine Competitive Brawl MTGDecks 2026-07: 5 Ai(2)-Lathril v0.3.2 - Arena Mirror: 3

Game Result: Game 8 ended in 3249 ms. Ai(1)-Raffine Competitive Brawl MTGDecks 2026-07 has won!

[Ai(2)-Lathril v0.3.2 - Arena Mirror] AI failed to play Celestial Reunion (123) [Stack]
Game Outcome: Turn 10
Game Outcome: Ai(1)-Raffine Competitive Brawl MTGDecks 2026-07 has won because all opponents have lost
Game Outcome: Ai(2)-Lathril v0.3.2 - Arena Mirror has lost because life total reached 0
Match Result: Ai(1)-Raffine Competitive Brawl MTGDecks 2026-07: 6 Ai(2)-Lathril v0.3.2 - Arena Mirror: 3

Game Result: Game 9 ended in 3029 ms. Ai(1)-Raffine Competitive Brawl MTGDecks 2026-07 has won!

Game Outcome: Turn 10
Game Outcome: Ai(1)-Raffine Competitive Brawl MTGDecks 2026-07 has won because all opponents have lost
Game Outcome: Ai(2)-Lathril v0.3.2 - Arena Mirror has lost because life total reached 0
Match Result: Ai(1)-Raffine Competitive Brawl MTGDecks 2026-07: 7 Ai(2)-Lathril v0.3.2 - Arena Mirror: 3

Game Result: Game 10 ended in 6000 ms. Ai(1)-Raffine Competitive Brawl MTGDecks 2026-07 has won!

Game Outcome: Turn 7
Game Outcome: Ai(1)-Raffine Competitive Brawl MTGDecks 2026-07 has won because all opponents have lost
Game Outcome: Ai(2)-Lathril v0.3.2 - Arena Mirror has lost because life total reached 0
Match Result: Ai(1)-Raffine Competitive Brawl MTGDecks 2026-07: 8 Ai(2)-Lathril v0.3.2 - Arena Mirror: 3

Game Result: Game 11 ended in 2918 ms. Ai(1)-Raffine Competitive Brawl MTGDecks 2026-07 has won!

Game Outcome: Turn 7
Game Outcome: Ai(1)-Raffine Competitive Brawl MTGDecks 2026-07 has lost because life total reached 0
Game Outcome: Ai(2)-Lathril v0.3.2 - Arena Mirror has won because all opponents have lost
Match Result: Ai(1)-Raffine Competitive Brawl MTGDecks 2026-07: 8 Ai(2)-Lathril v0.3.2 - Arena Mirror: 4

Game Result: Game 12 ended in 2158 ms. Ai(2)-Lathril v0.3.2 - Arena Mirror has won!

Game Outcome: Turn 11
Game Outcome: Ai(1)-Raffine Competitive Brawl MTGDecks 2026-07 has won because all opponents have lost
Game Outcome: Ai(2)-Lathril v0.3.2 - Arena Mirror has lost because life total reached 0
Match Result: Ai(1)-Raffine Competitive Brawl MTGDecks 2026-07: 9 Ai(2)-Lathril v0.3.2 - Arena Mirror: 4

Game Result: Game 13 ended in 17503 ms. Ai(1)-Raffine Competitive Brawl MTGDecks 2026-07 has won!

[Ai(2)-Lathril v0.3.2 - Arena Mirror] AI failed to play Celestial Reunion (123) [Stack]
Game Outcome: Turn 12
Game Outcome: Ai(1)-Raffine Competitive Brawl MTGDecks 2026-07 has lost because life total reached 0
Game Outcome: Ai(2)-Lathril v0.3.2 - Arena Mirror has won because all opponents have lost
Match Result: Ai(1)-Raffine Competitive Brawl MTGDecks 2026-07: 9 Ai(2)-Lathril v0.3.2 - Arena Mirror: 5

Game Result: Game 14 ended in 11696 ms. Ai(2)-Lathril v0.3.2 - Arena Mirror has won!

Default player choice logic.
Correcting zone for Wishclaw Talisman (193)
Default player choice logic.
Correcting zone for Wishclaw Talisman (193)
Game Outcome: Turn 9
Game Outcome: Ai(1)-Raffine Competitive Brawl MTGDecks 2026-07 has lost because life total reached 0
Game Outcome: Ai(2)-Lathril v0.3.2 - Arena Mirror has won because all opponents have lost
Match Result: Ai(1)-Raffine Competitive Brawl MTGDecks 2026-07: 9 Ai(2)-Lathril v0.3.2 - Arena Mirror: 6

Game Result: Game 15 ended in 7243 ms. Ai(2)-Lathril v0.3.2 - Arena Mirror has won!

Default player choice logic.
Correcting zone for Wishclaw Talisman (193)
Default player choice logic.
Correcting zone for Wishclaw Talisman (193)
Default player choice logic.
Correcting zone for Wishclaw Talisman (193)
Game Outcome: Turn 9
Game Outcome: Ai(1)-Raffine Competitive Brawl MTGDecks 2026-07 has lost because life total reached 0
Game Outcome: Ai(2)-Lathril v0.3.2 - Arena Mirror has won because all opponents have lost
Match Result: Ai(1)-Raffine Competitive Brawl MTGDecks 2026-07: 9 Ai(2)-Lathril v0.3.2 - Arena Mirror: 7

Game Result: Game 16 ended in 7873 ms. Ai(2)-Lathril v0.3.2 - Arena Mirror has won!

Game Outcome: Turn 12
Game Outcome: Ai(1)-Raffine Competitive Brawl MTGDecks 2026-07 has won because all opponents have lost
Game Outcome: Ai(2)-Lathril v0.3.2 - Arena Mirror has lost because life total reached 0
Match Result: Ai(1)-Raffine Competitive Brawl MTGDecks 2026-07: 10 Ai(2)-Lathril v0.3.2 - Arena Mirror: 7

Game Result: Game 17 ended in 15465 ms. Ai(1)-Raffine Competitive Brawl MTGDecks 2026-07 has won!

Game Outcome: Turn 8
Game Outcome: Ai(1)-Raffine Competitive Brawl MTGDecks 2026-07 has lost because life total reached 0
Game Outcome: Ai(2)-Lathril v0.3.2 - Arena Mirror has won because all opponents have lost
Match Result: Ai(1)-Raffine Competitive Brawl MTGDecks 2026-07: 10 Ai(2)-Lathril v0.3.2 - Arena Mirror: 8

Game Result: Game 18 ended in 3614 ms. Ai(2)-Lathril v0.3.2 - Arena Mirror has won!

Game Outcome: Turn 9
Game Outcome: Ai(1)-Raffine Competitive Brawl MTGDecks 2026-07 has won because all opponents have lost
Game Outcome: Ai(2)-Lathril v0.3.2 - Arena Mirror has lost because life total reached 0
Match Result: Ai(1)-Raffine Competitive Brawl MTGDecks 2026-07: 11 Ai(2)-Lathril v0.3.2 - Arena Mirror: 8

Game Result: Game 19 ended in 5500 ms. Ai(1)-Raffine Competitive Brawl MTGDecks 2026-07 has won!

Game Outcome: Turn 10
Game Outcome: Ai(1)-Raffine Competitive Brawl MTGDecks 2026-07 has won because all opponents have lost
Game Outcome: Ai(2)-Lathril v0.3.2 - Arena Mirror has lost because life total reached 0
Match Result: Ai(1)-Raffine Competitive Brawl MTGDecks 2026-07: 12 Ai(2)-Lathril v0.3.2 - Arena Mirror: 8

Game Result: Game 20 ended in 3581 ms. Ai(1)-Raffine Competitive Brawl MTGDecks 2026-07 has won!

Default player choice logic.
Correcting zone for Wishclaw Talisman (193)
Default player choice logic.
Correcting zone for Wishclaw Talisman (193)
Default player choice logic.
Correcting zone for Wishclaw Talisman (193)
Game Outcome: Turn 6
Game Outcome: Ai(1)-Raffine Competitive Brawl MTGDecks 2026-07 has won because all opponents have lost
Game Outcome: Ai(2)-Lathril v0.3.2 - Arena Mirror has lost because life total reached 0
Match Result: Ai(1)-Raffine Competitive Brawl MTGDecks 2026-07: 13 Ai(2)-Lathril v0.3.2 - Arena Mirror: 8

Game Result: Game 21 ended in 3014 ms. Ai(1)-Raffine Competitive Brawl MTGDecks 2026-07 has won!

Game Outcome: Turn 9
Game Outcome: Ai(1)-Raffine Competitive Brawl MTGDecks 2026-07 has lost because life total reached 0
Game Outcome: Ai(2)-Lathril v0.3.2 - Arena Mirror has won because all opponents have lost
Match Result: Ai(1)-Raffine Competitive Brawl MTGDecks 2026-07: 13 Ai(2)-Lathril v0.3.2 - Arena Mirror: 9

Game Result: Game 22 ended in 3191 ms. Ai(2)-Lathril v0.3.2 - Arena Mirror has won!

[Ai(2)-Lathril v0.3.2 - Arena Mirror] AI failed to play Celestial Reunion (123) [Stack]
Game Outcome: Turn 7
Game Outcome: Ai(1)-Raffine Competitive Brawl MTGDecks 2026-07 has won because all opponents have lost
Game Outcome: Ai(2)-Lathril v0.3.2 - Arena Mirror has lost because life total reached 0
Match Result: Ai(1)-Raffine Competitive Brawl MTGDecks 2026-07: 14 Ai(2)-Lathril v0.3.2 - Arena Mirror: 9

Game Result: Game 23 ended in 6874 ms. Ai(1)-Raffine Competitive Brawl MTGDecks 2026-07 has won!

Game Outcome: Turn 8
Game Outcome: Ai(1)-Raffine Competitive Brawl MTGDecks 2026-07 has lost because life total reached 0
Game Outcome: Ai(2)-Lathril v0.3.2 - Arena Mirror has won because all opponents have lost
Match Result: Ai(1)-Raffine Competitive Brawl MTGDecks 2026-07: 14 Ai(2)-Lathril v0.3.2 - Arena Mirror: 10

Game Result: Game 24 ended in 5309 ms. Ai(2)-Lathril v0.3.2 - Arena Mirror has won!

Game Outcome: Turn 12
Game Outcome: Ai(1)-Raffine Competitive Brawl MTGDecks 2026-07 has lost because life total reached 0
Game Outcome: Ai(2)-Lathril v0.3.2 - Arena Mirror has won because all opponents have lost
Match Result: Ai(1)-Raffine Competitive Brawl MTGDecks 2026-07: 14 Ai(2)-Lathril v0.3.2 - Arena Mirror: 11

Game Result: Game 25 ended in 9630 ms. Ai(2)-Lathril v0.3.2 - Arena Mirror has won!

Game Outcome: Turn 10
Game Outcome: Ai(1)-Raffine Competitive Brawl MTGDecks 2026-07 has won because all opponents have lost
Game Outcome: Ai(2)-Lathril v0.3.2 - Arena Mirror has lost because life total reached 0
Match Result: Ai(1)-Raffine Competitive Brawl MTGDecks 2026-07: 15 Ai(2)-Lathril v0.3.2 - Arena Mirror: 11

Game Result: Game 26 ended in 12347 ms. Ai(1)-Raffine Competitive Brawl MTGDecks 2026-07 has won!

Game Outcome: Turn 8
Game Outcome: Ai(1)-Raffine Competitive Brawl MTGDecks 2026-07 has won because all opponents have lost
Game Outcome: Ai(2)-Lathril v0.3.2 - Arena Mirror has lost because life total reached 0
Match Result: Ai(1)-Raffine Competitive Brawl MTGDecks 2026-07: 16 Ai(2)-Lathril v0.3.2 - Arena Mirror: 11

Game Result: Game 27 ended in 4481 ms. Ai(1)-Raffine Competitive Brawl MTGDecks 2026-07 has won!

Game Outcome: Turn 10
Game Outcome: Ai(1)-Raffine Competitive Brawl MTGDecks 2026-07 has lost because life total reached 0
Game Outcome: Ai(2)-Lathril v0.3.2 - Arena Mirror has won because all opponents have lost
Match Result: Ai(1)-Raffine Competitive Brawl MTGDecks 2026-07: 16 Ai(2)-Lathril v0.3.2 - Arena Mirror: 12

Game Result: Game 28 ended in 7506 ms. Ai(2)-Lathril v0.3.2 - Arena Mirror has won!

[Ai(2)-Lathril v0.3.2 - Arena Mirror] AI failed to play Celestial Reunion (123) [Stack]
Game Outcome: Turn 8
Game Outcome: Ai(1)-Raffine Competitive Brawl MTGDecks 2026-07 has lost because life total reached 0
Game Outcome: Ai(2)-Lathril v0.3.2 - Arena Mirror has won because all opponents have lost
Match Result: Ai(1)-Raffine Competitive Brawl MTGDecks 2026-07: 16 Ai(2)-Lathril v0.3.2 - Arena Mirror: 13

Game Result: Game 29 ended in 2752 ms. Ai(2)-Lathril v0.3.2 - Arena Mirror has won!

Game Outcome: Turn 7
Game Outcome: Ai(1)-Raffine Competitive Brawl MTGDecks 2026-07 has lost because life total reached 0
Game Outcome: Ai(2)-Lathril v0.3.2 - Arena Mirror has won because all opponents have lost
Match Result: Ai(1)-Raffine Competitive Brawl MTGDecks 2026-07: 16 Ai(2)-Lathril v0.3.2 - Arena Mirror: 14

Game Result: Game 30 ended in 4942 ms. Ai(2)-Lathril v0.3.2 - Arena Mirror has won!

Game Outcome: Turn 10
Game Outcome: Ai(1)-Raffine Competitive Brawl MTGDecks 2026-07 has won because all opponents have lost
Game Outcome: Ai(2)-Lathril v0.3.2 - Arena Mirror has lost because life total reached 0
Match Result: Ai(1)-Raffine Competitive Brawl MTGDecks 2026-07: 17 Ai(2)-Lathril v0.3.2 - Arena Mirror: 14

Game Result: Game 31 ended in 4026 ms. Ai(1)-Raffine Competitive Brawl MTGDecks 2026-07 has won!

[Ai(2)-Lathril v0.3.2 - Arena Mirror] AI failed to play Celestial Reunion (123) [Stack]
Game Outcome: Turn 8
Game Outcome: Ai(1)-Raffine Competitive Brawl MTGDecks 2026-07 has lost because life total reached 0
Game Outcome: Ai(2)-Lathril v0.3.2 - Arena Mirror has won because all opponents have lost
Match Result: Ai(1)-Raffine Competitive Brawl MTGDecks 2026-07: 17 Ai(2)-Lathril v0.3.2 - Arena Mirror: 15

Game Result: Game 32 ended in 4611 ms. Ai(2)-Lathril v0.3.2 - Arena Mirror has won!

Game Outcome: Turn 10
Game Outcome: Ai(1)-Raffine Competitive Brawl MTGDecks 2026-07 has won because all opponents have lost
Game Outcome: Ai(2)-Lathril v0.3.2 - Arena Mirror has lost because life total reached 0
Match Result: Ai(1)-Raffine Competitive Brawl MTGDecks 2026-07: 18 Ai(2)-Lathril v0.3.2 - Arena Mirror: 15

Game Result: Game 33 ended in 14956 ms. Ai(1)-Raffine Competitive Brawl MTGDecks 2026-07 has won!

Game Outcome: Turn 6
Game Outcome: Ai(1)-Raffine Competitive Brawl MTGDecks 2026-07 has lost because life total reached 0
Game Outcome: Ai(2)-Lathril v0.3.2 - Arena Mirror has won because all opponents have lost
Match Result: Ai(1)-Raffine Competitive Brawl MTGDecks 2026-07: 18 Ai(2)-Lathril v0.3.2 - Arena Mirror: 16

Game Result: Game 34 ended in 1894 ms. Ai(2)-Lathril v0.3.2 - Arena Mirror has won!

Game Outcome: Turn 11
Game Outcome: Ai(1)-Raffine Competitive Brawl MTGDecks 2026-07 has lost because life total reached 0
Game Outcome: Ai(2)-Lathril v0.3.2 - Arena Mirror has won because all opponents have lost
Match Result: Ai(1)-Raffine Competitive Brawl MTGDecks 2026-07: 18 Ai(2)-Lathril v0.3.2 - Arena Mirror: 17

Game Result: Game 35 ended in 3457 ms. Ai(2)-Lathril v0.3.2 - Arena Mirror has won!

[Ai(2)-Lathril v0.3.2 - Arena Mirror] AI failed to play Celestial Reunion (123) [Stack]
Game Outcome: Turn 11
Game Outcome: Ai(1)-Raffine Competitive Brawl MTGDecks 2026-07 has won because all opponents have lost
Game Outcome: Ai(2)-Lathril v0.3.2 - Arena Mirror has lost because life total reached 0
Match Result: Ai(1)-Raffine Competitive Brawl MTGDecks 2026-07: 19 Ai(2)-Lathril v0.3.2 - Arena Mirror: 17

Game Result: Game 36 ended in 3264 ms. Ai(1)-Raffine Competitive Brawl MTGDecks 2026-07 has won!

Game Outcome: Turn 11
Game Outcome: Ai(1)-Raffine Competitive Brawl MTGDecks 2026-07 has lost because life total reached 0
Game Outcome: Ai(2)-Lathril v0.3.2 - Arena Mirror has won because all opponents have lost
Match Result: Ai(1)-Raffine Competitive Brawl MTGDecks 2026-07: 19 Ai(2)-Lathril v0.3.2 - Arena Mirror: 18

Game Result: Game 37 ended in 3026 ms. Ai(2)-Lathril v0.3.2 - Arena Mirror has won!

Game Outcome: Turn 11
Game Outcome: Ai(1)-Raffine Competitive Brawl MTGDecks 2026-07 has won because all opponents have lost
Game Outcome: Ai(2)-Lathril v0.3.2 - Arena Mirror has lost because life total reached 0
Match Result: Ai(1)-Raffine Competitive Brawl MTGDecks 2026-07: 20 Ai(2)-Lathril v0.3.2 - Arena Mirror: 18

Game Result: Game 38 ended in 12731 ms. Ai(1)-Raffine Competitive Brawl MTGDecks 2026-07 has won!

java.util.concurrent.TimeoutException
	at java.base/java.util.concurrent.FutureTask.get(FutureTask.java:204)
	at forge.ai.AiController.chooseSpellAbilityToPlayFromList(AiController.java:1696)
	at forge.ai.AiController.getSpellAbilityToPlay(AiController.java:1583)
	at forge.ai.AiController.chooseSpellAbilityToPlay(AiController.java:1403)
	at forge.ai.PlayerControllerAi.chooseSpellAbilityToPlay(PlayerControllerAi.java:832)
	at forge.game.phase.PhaseHandler.mainLoopStep(PhaseHandler.java:1056)
	at forge.game.phase.PhaseHandler.mainGameLoop(PhaseHandler.java:1035)
	at forge.game.phase.PhaseHandler.startFirstTurn(PhaseHandler.java:1029)
	at forge.game.GameAction.startGame(GameAction.java:2373)
	at forge.game.Match.startGame(Match.java:92)
	at forge.game.Match.startGame(Match.java:77)
	at forge.view.SimulateMatch.lambda$simulateSingleMatch$0(SimulateMatch.java:213)
	at forge.view.TimeLimitedCodeBlock.lambda$runWithTimeout$0(TimeLimitedCodeBlock.java:18)
	at java.base/java.util.concurrent.FutureTask.run(FutureTask.java:264)
	at java.base/java.util.concurrent.ThreadPoolExecutor.runWorker(ThreadPoolExecutor.java:1136)
	at java.base/java.util.concurrent.ThreadPoolExecutor$Worker.run(ThreadPoolExecutor.java:635)
	at java.base/java.lang.Thread.run(Thread.java:840)
AI eval thread at timeout:
	at java.base@17.0.17/java.util.ArrayList.addAll(ArrayList.java:670)
	at app//forge.util.collect.FCollection.<init>(FCollection.java:100)
	at app//forge.game.card.CardState.getStaticAbilities(CardState.java:705)
	at app//forge.game.card.Card.getStaticAbilities(Card.java:6993)
	at app//forge.game.staticability.StaticAbilityBlockRestrict.blockRestrictNum(StaticAbilityBlockRestrict.java:15)
	at app//forge.game.combat.CombatUtil.canBlock(CombatUtil.java:435)
	at app//forge.game.combat.CombatUtil.canBlock(CombatUtil.java:912)
	at app//forge.ai.AiBlockController.getPossibleBlockers(AiBlockController.java:87)
	at app//forge.ai.AiBlockController.makeGangBlocks(AiBlockController.java:379)
	at app//forge.ai.AiBlockController.assignBlockers(AiBlockController.java:1084)
	at app//forge.ai.AiBlockController.assignBlockersForCombat(AiBlockController.java:1014)
	at app//forge.ai.ComputerUtil.predictNextCombatsRemainingLife(ComputerUtil.java:3214)
	at app//forge.ai.ComputerUtil.predictNextCombatsRemainingLife(ComputerUtil.java:3179)
	at app//forge.ai.AiAttackController.notNeededAsBlockers(AiAttackController.java:426)
	at app//forge.ai.AiAttackController.declareAttackers(AiAttackController.java:1279)
	at app//forge.ai.ComputerUtilCard.doesSpecifiedCreatureAttackAI(ComputerUtilCard.java:820)
	at app//forge.ai.ComputerUtilCard.shouldPumpCard(ComputerUtilCard.java:1557)
	at app//forge.ai.ability.PumpAiBase.lambda$getPumpCreatures$2(PumpAiBase.java:376)
	at app//forge.ai.ability.PumpAiBase$$Lambda$539/0x000000c8012e1750.test(Unknown Source)
	at java.base@17.0.17/java.util.stream.ReferencePipeline$2$1.accept(ReferencePipeline.java:178)
	at java.base@17.0.17/java.util.Spliterators$IteratorSpliterator.tryAdvance(Spliterators.java:1856)
	at java.base@17.0.17/java.util.stream.StreamSpliterators$WrappingSpliterator.lambda$initPartialTraversalState$0(StreamSpliterators.java:292)
	at java.base@17.0.17/java.util.stream.StreamSpliterators$WrappingSpliterator$$Lambda$374/0x000000c8012441c0.getAsBoolean(Unknown Source)
	at java.base@17.0.17/java.util.stream.StreamSpliterators$AbstractWrappingSpliterator.fillBuffer(StreamSpliterators.java:206)
	at java.base@17.0.17/java.util.stream.StreamSpliterators$AbstractWrappingSpliterator.doAdvance(StreamSpliterators.java:161)
	at java.base@17.0.17/java.util.stream.StreamSpliterators$WrappingSpliterator.tryAdvance(StreamSpliterators.java:298)
	at java.base@17.0.17/java.util.Spliterators$1Adapter.hasNext(Spliterators.java:681)
	at app//forge.util.collect.FCollection.addAll(FCollection.java:345)
	at app//forge.util.collect.FCollection.<init>(FCollection.java:103)
	at app//forge.game.card.CardCollection.<init>(CardCollection.java:118)
Game Outcome: Turn 13
Game Outcome: Ai(1)-Raffine Competitive Brawl MTGDecks 2026-07 has won because all opponents have lost
Game Outcome: Ai(2)-Lathril v0.3.2 - Arena Mirror has lost because life total reached 0
Match Result: Ai(1)-Raffine Competitive Brawl MTGDecks 2026-07: 21 Ai(2)-Lathril v0.3.2 - Arena Mirror: 18

Game Result: Game 39 ended in 29288 ms. Ai(1)-Raffine Competitive Brawl MTGDecks 2026-07 has won!

Game Outcome: Turn 7
Game Outcome: Ai(1)-Raffine Competitive Brawl MTGDecks 2026-07 has won because all opponents have lost
Game Outcome: Ai(2)-Lathril v0.3.2 - Arena Mirror has lost because life total reached 0
Match Result: Ai(1)-Raffine Competitive Brawl MTGDecks 2026-07: 22 Ai(2)-Lathril v0.3.2 - Arena Mirror: 18

Game Result: Game 40 ended in 3623 ms. Ai(1)-Raffine Competitive Brawl MTGDecks 2026-07 has won!

Game Outcome: Turn 8
Game Outcome: Ai(1)-Raffine Competitive Brawl MTGDecks 2026-07 has won because all opponents have lost
Game Outcome: Ai(2)-Lathril v0.3.2 - Arena Mirror has lost because life total reached 0
Match Result: Ai(1)-Raffine Competitive Brawl MTGDecks 2026-07: 23 Ai(2)-Lathril v0.3.2 - Arena Mirror: 18

Game Result: Game 41 ended in 5276 ms. Ai(1)-Raffine Competitive Brawl MTGDecks 2026-07 has won!

Game Outcome: Turn 13
Game Outcome: Ai(1)-Raffine Competitive Brawl MTGDecks 2026-07 has lost because life total reached 0
Game Outcome: Ai(2)-Lathril v0.3.2 - Arena Mirror has won because all opponents have lost
Match Result: Ai(1)-Raffine Competitive Brawl MTGDecks 2026-07: 23 Ai(2)-Lathril v0.3.2 - Arena Mirror: 19

Game Result: Game 42 ended in 12463 ms. Ai(2)-Lathril v0.3.2 - Arena Mirror has won!

Game Outcome: Turn 10
Game Outcome: Ai(1)-Raffine Competitive Brawl MTGDecks 2026-07 has won because all opponents have lost
Game Outcome: Ai(2)-Lathril v0.3.2 - Arena Mirror has lost because life total reached 0
Match Result: Ai(1)-Raffine Competitive Brawl MTGDecks 2026-07: 24 Ai(2)-Lathril v0.3.2 - Arena Mirror: 19

Game Result: Game 43 ended in 5212 ms. Ai(1)-Raffine Competitive Brawl MTGDecks 2026-07 has won!

Game Outcome: Turn 7
Game Outcome: Ai(1)-Raffine Competitive Brawl MTGDecks 2026-07 has lost because life total reached 0
Game Outcome: Ai(2)-Lathril v0.3.2 - Arena Mirror has won because all opponents have lost
Match Result: Ai(1)-Raffine Competitive Brawl MTGDecks 2026-07: 24 Ai(2)-Lathril v0.3.2 - Arena Mirror: 20

Game Result: Game 44 ended in 2862 ms. Ai(2)-Lathril v0.3.2 - Arena Mirror has won!

[Ai(2)-Lathril v0.3.2 - Arena Mirror] AI failed to play Celestial Reunion (123) [Stack]
Default player choice logic.
Correcting zone for Wishclaw Talisman (193)
Default player choice logic.
Correcting zone for Wishclaw Talisman (193)
Default player choice logic.
Correcting zone for Wishclaw Talisman (193)
Game Outcome: Turn 17
Game Outcome: Ai(1)-Raffine Competitive Brawl MTGDecks 2026-07 has won because all opponents have lost
Game Outcome: Ai(2)-Lathril v0.3.2 - Arena Mirror has lost because life total reached 0
Match Result: Ai(1)-Raffine Competitive Brawl MTGDecks 2026-07: 25 Ai(2)-Lathril v0.3.2 - Arena Mirror: 20

Game Result: Game 45 ended in 39841 ms. Ai(1)-Raffine Competitive Brawl MTGDecks 2026-07 has won!

Game Outcome: Turn 6
Game Outcome: Ai(1)-Raffine Competitive Brawl MTGDecks 2026-07 has won because all opponents have lost
Game Outcome: Ai(2)-Lathril v0.3.2 - Arena Mirror has lost because life total reached 0
Match Result: Ai(1)-Raffine Competitive Brawl MTGDecks 2026-07: 26 Ai(2)-Lathril v0.3.2 - Arena Mirror: 20

Game Result: Game 46 ended in 1804 ms. Ai(1)-Raffine Competitive Brawl MTGDecks 2026-07 has won!

Default player choice logic.
Correcting zone for Wishclaw Talisman (193)
Default player choice logic.
Correcting zone for Wishclaw Talisman (193)
Default player choice logic.
Correcting zone for Wishclaw Talisman (193)
Game Outcome: Turn 12
Game Outcome: Ai(1)-Raffine Competitive Brawl MTGDecks 2026-07 has won because all opponents have lost
Game Outcome: Ai(2)-Lathril v0.3.2 - Arena Mirror has lost because life total reached 0
Match Result: Ai(1)-Raffine Competitive Brawl MTGDecks 2026-07: 27 Ai(2)-Lathril v0.3.2 - Arena Mirror: 20

Game Result: Game 47 ended in 9985 ms. Ai(1)-Raffine Competitive Brawl MTGDecks 2026-07 has won!

Default player choice logic.
Correcting zone for Wishclaw Talisman (193)
Default player choice logic.
Correcting zone for Wishclaw Talisman (193)
Game Outcome: Turn 9
Game Outcome: Ai(1)-Raffine Competitive Brawl MTGDecks 2026-07 has lost because life total reached 0
Game Outcome: Ai(2)-Lathril v0.3.2 - Arena Mirror has won because all opponents have lost
Match Result: Ai(1)-Raffine Competitive Brawl MTGDecks 2026-07: 27 Ai(2)-Lathril v0.3.2 - Arena Mirror: 21

Game Result: Game 48 ended in 2641 ms. Ai(2)-Lathril v0.3.2 - Arena Mirror has won!

Game Outcome: Turn 10
Game Outcome: Ai(1)-Raffine Competitive Brawl MTGDecks 2026-07 has won because all opponents have lost
Game Outcome: Ai(2)-Lathril v0.3.2 - Arena Mirror has lost because life total reached 0
Match Result: Ai(1)-Raffine Competitive Brawl MTGDecks 2026-07: 28 Ai(2)-Lathril v0.3.2 - Arena Mirror: 21

Game Result: Game 49 ended in 4680 ms. Ai(1)-Raffine Competitive Brawl MTGDecks 2026-07 has won!

Game Outcome: Turn 9
Game Outcome: Ai(1)-Raffine Competitive Brawl MTGDecks 2026-07 has lost because life total reached 0
Game Outcome: Ai(2)-Lathril v0.3.2 - Arena Mirror has won because all opponents have lost
Match Result: Ai(1)-Raffine Competitive Brawl MTGDecks 2026-07: 28 Ai(2)-Lathril v0.3.2 - Arena Mirror: 22

Game Result: Game 50 ended in 1624 ms. Ai(2)-Lathril v0.3.2 - Arena Mirror has won!
