Error handling registered!
16:51:26 [INFO ] GuiBase: ##########################################
16:51:26 [INFO ] GuiBase: APP: Forge v.2.0.14-SNAPSHOT-08.08
16:51:26 [INFO ] GuiBase: Java: 17.0.17 (Homebrew)
16:51:26 [INFO ] GuiBase: OS: Mac OS X 15.5 aarch64
16:51:26 [INFO ] GuiBase: RAM: 4096 MB max, 8 CPUs
16:51:26 [INFO ] GuiBase: ##########################################
Language 'en-US' loaded successfully.
(ThreadUtil first call): Running with priority 5
Read cards: 33617 archived files in 1 ms (25 parts) using thread pool
Upcoming set Star Trek (TRK) dated in the future. All `upcoming` cards will be added to this set with unknown rarity.
The card A-Alrund's Epiphany was not assigned to any set. Adding it to UNKNOWN set... to fix see res/editions/ folder.
The card A-Baba Lysaga, Night Witch was not assigned to any set. Adding it to UNKNOWN set... to fix see res/editions/ folder.
The card A-Divide by Zero was not assigned to any set. Adding it to UNKNOWN set... to fix see res/editions/ folder.
The card A-Esika's Chariot was not assigned to any set. Adding it to UNKNOWN set... to fix see res/editions/ folder.
The card A-Faceless Haven was not assigned to any set. Adding it to UNKNOWN set... to fix see res/editions/ folder.
The card A-Fires of Invention was not assigned to any set. Adding it to UNKNOWN set... to fix see res/editions/ folder.
The card A-Goldspan Dragon was not assigned to any set. Adding it to UNKNOWN set... to fix see res/editions/ folder.
The card A-Hullbreaker Horror was not assigned to any set. Adding it to UNKNOWN set... to fix see res/editions/ folder.
The card A-Kumano Faces Kakkazan was not assigned to any set. Adding it to UNKNOWN set... to fix see res/editions/ folder.
The card A-Luminarch Aspirant was not assigned to any set. Adding it to UNKNOWN set... to fix see res/editions/ folder.
The card A-Monster Manual was not assigned to any set. Adding it to UNKNOWN set... to fix see res/editions/ folder.
The card A-Omnath, Locus of Creation was not assigned to any set. Adding it to UNKNOWN set... to fix see res/editions/ folder.
The card A-The Meathook Massacre was not assigned to any set. Adding it to UNKNOWN set... to fix see res/editions/ folder.
The card A-Unholy Heat was not assigned to any set. Adding it to UNKNOWN set... to fix see res/editions/ folder.
The card Blinding Radiance was not assigned to any set. Adding it to UNKNOWN set... to fix see res/editions/ folder.
The card Goblin Bruiser was not assigned to any set. Adding it to UNKNOWN set... to fix see res/editions/ folder.
The card Ogre Painbringer was not assigned to any set. Adding it to UNKNOWN set... to fix see res/editions/ folder.
The card Titanic Pelagosaur was not assigned to any set. Adding it to UNKNOWN set... to fix see res/editions/ folder.
The card Treetop Recluse was not assigned to any set. Adding it to UNKNOWN set... to fix see res/editions/ folder.
Upcoming set Star Trek (TRK) dated in the future. All `upcoming` cards will be added to this set with unknown rarity.
Read cards: 836 files in 0 ms (8 parts) using thread pool
Simulation mode
Ai(1)-Lathril v0.3.2 - Arena Mirror vs Ai(2)-Phelia Competitive Brawl MTGGoldfish 2026-08 - fifty  games of Brawl seed 32010
Default player choice logic.
Correcting zone for Wishclaw Talisman (94)
Game Outcome: Turn 8
Game Outcome: Ai(1)-Lathril v0.3.2 - Arena Mirror has won because all opponents have lost
Game Outcome: Ai(2)-Phelia Competitive Brawl MTGGoldfish 2026-08 has lost because life total reached 0
Match Result: Ai(1)-Lathril v0.3.2 - Arena Mirror: 1 Ai(2)-Phelia Competitive Brawl MTGGoldfish 2026-08: 0

Game Result: Game 1 ended in 6746 ms. Ai(1)-Lathril v0.3.2 - Arena Mirror has won!

Game Outcome: Turn 9
Game Outcome: Ai(1)-Lathril v0.3.2 - Arena Mirror has lost because life total reached 0
Game Outcome: Ai(2)-Phelia Competitive Brawl MTGGoldfish 2026-08 has won because all opponents have lost
Match Result: Ai(1)-Lathril v0.3.2 - Arena Mirror: 1 Ai(2)-Phelia Competitive Brawl MTGGoldfish 2026-08: 1

Game Result: Game 2 ended in 5321 ms. Ai(2)-Phelia Competitive Brawl MTGGoldfish 2026-08 has won!

Snow-Covered Plains Did not have activator set in SpellAbilityRestriction.canPlay()
Snow-Covered Plains Did not have activator set in SpellAbilityRestriction.canPlay()
Default player choice logic.
Correcting zone for Wishclaw Talisman (94)
Default player choice logic.
Correcting zone for Wishclaw Talisman (94)
Default player choice logic.
Correcting zone for Wishclaw Talisman (94)
Game Outcome: Turn 7
Game Outcome: Ai(1)-Lathril v0.3.2 - Arena Mirror has won because all opponents have lost
Game Outcome: Ai(2)-Phelia Competitive Brawl MTGGoldfish 2026-08 has lost because life total reached 0
Match Result: Ai(1)-Lathril v0.3.2 - Arena Mirror: 2 Ai(2)-Phelia Competitive Brawl MTGGoldfish 2026-08: 1

Game Result: Game 3 ended in 1990 ms. Ai(1)-Lathril v0.3.2 - Arena Mirror has won!

Warning: default (ie. inherited from base class) implementation of chooseSingleCard is used by Samwise the Stouthearted for forge.ai.ability.AlwaysPlayAi. Consider declaring an overloaded method
Game Outcome: Turn 7
Game Outcome: Ai(1)-Lathril v0.3.2 - Arena Mirror has lost because life total reached 0
Game Outcome: Ai(2)-Phelia Competitive Brawl MTGGoldfish 2026-08 has won because all opponents have lost
Match Result: Ai(1)-Lathril v0.3.2 - Arena Mirror: 2 Ai(2)-Phelia Competitive Brawl MTGGoldfish 2026-08: 2

Game Result: Game 4 ended in 1652 ms. Ai(2)-Phelia Competitive Brawl MTGGoldfish 2026-08 has won!

Game Outcome: Turn 8
Game Outcome: Ai(1)-Lathril v0.3.2 - Arena Mirror has won because all opponents have lost
Game Outcome: Ai(2)-Phelia Competitive Brawl MTGGoldfish 2026-08 has lost because life total reached 0
Match Result: Ai(1)-Lathril v0.3.2 - Arena Mirror: 3 Ai(2)-Phelia Competitive Brawl MTGGoldfish 2026-08: 2

Game Result: Game 5 ended in 1442 ms. Ai(1)-Lathril v0.3.2 - Arena Mirror has won!

Default player choice logic.
Correcting zone for Wishclaw Talisman (94)
Default player choice logic.
Correcting zone for Wishclaw Talisman (94)
Game Outcome: Turn 12
Game Outcome: Ai(1)-Lathril v0.3.2 - Arena Mirror has lost because life total reached 0
Game Outcome: Ai(2)-Phelia Competitive Brawl MTGGoldfish 2026-08 has won because all opponents have lost
Match Result: Ai(1)-Lathril v0.3.2 - Arena Mirror: 3 Ai(2)-Phelia Competitive Brawl MTGGoldfish 2026-08: 3

Game Result: Game 6 ended in 11179 ms. Ai(2)-Phelia Competitive Brawl MTGGoldfish 2026-08 has won!

Warning: default (ie. inherited from base class) implementation of chooseSingleCard is used by Samwise the Stouthearted for forge.ai.ability.AlwaysPlayAi. Consider declaring an overloaded method
Game Outcome: Turn 17
Game Outcome: Ai(1)-Lathril v0.3.2 - Arena Mirror has lost because life total reached 0
Game Outcome: Ai(2)-Phelia Competitive Brawl MTGGoldfish 2026-08 has won because all opponents have lost
Match Result: Ai(1)-Lathril v0.3.2 - Arena Mirror: 3 Ai(2)-Phelia Competitive Brawl MTGGoldfish 2026-08: 4

Game Result: Game 7 ended in 16709 ms. Ai(2)-Phelia Competitive Brawl MTGGoldfish 2026-08 has won!

Snow-Covered Plains Did not have activator set in SpellAbilityRestriction.canPlay()
Warning: default (ie. inherited from base class) implementation of chooseSingleCard is used by Samwise the Stouthearted for forge.ai.ability.AlwaysPlayAi. Consider declaring an overloaded method
Snow-Covered Plains Did not have activator set in SpellAbilityRestriction.canPlay()
Snow-Covered Plains Did not have activator set in SpellAbilityRestriction.canPlay()
Snow-Covered Plains Did not have activator set in SpellAbilityRestriction.canPlay()
Snow-Covered Plains Did not have activator set in SpellAbilityRestriction.canPlay()
Snow-Covered Plains Did not have activator set in SpellAbilityRestriction.canPlay()
Snow-Covered Plains Did not have activator set in SpellAbilityRestriction.canPlay()
[Ai(1)-Lathril v0.3.2 - Arena Mirror] AI failed to play Celestial Reunion (24) [Stack]
Game Outcome: Turn 15
Game Outcome: Ai(1)-Lathril v0.3.2 - Arena Mirror has lost because life total reached 0
Game Outcome: Ai(2)-Phelia Competitive Brawl MTGGoldfish 2026-08 has won because all opponents have lost
Match Result: Ai(1)-Lathril v0.3.2 - Arena Mirror: 3 Ai(2)-Phelia Competitive Brawl MTGGoldfish 2026-08: 5

Game Result: Game 8 ended in 64679 ms. Ai(2)-Phelia Competitive Brawl MTGGoldfish 2026-08 has won!

Game Outcome: Turn 11
Game Outcome: Ai(1)-Lathril v0.3.2 - Arena Mirror has lost because life total reached 0
Game Outcome: Ai(2)-Phelia Competitive Brawl MTGGoldfish 2026-08 has won because all opponents have lost
Match Result: Ai(1)-Lathril v0.3.2 - Arena Mirror: 3 Ai(2)-Phelia Competitive Brawl MTGGoldfish 2026-08: 6

Game Result: Game 9 ended in 24574 ms. Ai(2)-Phelia Competitive Brawl MTGGoldfish 2026-08 has won!

Game Outcome: Turn 8
Game Outcome: Ai(1)-Lathril v0.3.2 - Arena Mirror has won because all opponents have lost
Game Outcome: Ai(2)-Phelia Competitive Brawl MTGGoldfish 2026-08 has lost because life total reached 0
Match Result: Ai(1)-Lathril v0.3.2 - Arena Mirror: 4 Ai(2)-Phelia Competitive Brawl MTGGoldfish 2026-08: 6

Game Result: Game 10 ended in 5490 ms. Ai(1)-Lathril v0.3.2 - Arena Mirror has won!

Warning: default (ie. inherited from base class) implementation of chooseSingleCard is used by Samwise the Stouthearted for forge.ai.ability.AlwaysPlayAi. Consider declaring an overloaded method
Game Outcome: Turn 10
Game Outcome: Ai(1)-Lathril v0.3.2 - Arena Mirror has won because all opponents have lost
Game Outcome: Ai(2)-Phelia Competitive Brawl MTGGoldfish 2026-08 has lost because life total reached 0
Match Result: Ai(1)-Lathril v0.3.2 - Arena Mirror: 5 Ai(2)-Phelia Competitive Brawl MTGGoldfish 2026-08: 6

Game Result: Game 11 ended in 5925 ms. Ai(1)-Lathril v0.3.2 - Arena Mirror has won!

Moving spell to Hand
Game Outcome: Turn 9
Game Outcome: Ai(1)-Lathril v0.3.2 - Arena Mirror has lost because life total reached 0
Game Outcome: Ai(2)-Phelia Competitive Brawl MTGGoldfish 2026-08 has won because all opponents have lost
Match Result: Ai(1)-Lathril v0.3.2 - Arena Mirror: 5 Ai(2)-Phelia Competitive Brawl MTGGoldfish 2026-08: 7

Game Result: Game 12 ended in 5254 ms. Ai(2)-Phelia Competitive Brawl MTGGoldfish 2026-08 has won!

Snow-Covered Plains Did not have activator set in SpellAbilityRestriction.canPlay()
Game Outcome: Turn 6
Game Outcome: Ai(1)-Lathril v0.3.2 - Arena Mirror has lost because life total reached 0
Game Outcome: Ai(2)-Phelia Competitive Brawl MTGGoldfish 2026-08 has won because all opponents have lost
Match Result: Ai(1)-Lathril v0.3.2 - Arena Mirror: 5 Ai(2)-Phelia Competitive Brawl MTGGoldfish 2026-08: 8

Game Result: Game 13 ended in 3130 ms. Ai(2)-Phelia Competitive Brawl MTGGoldfish 2026-08 has won!

Game Outcome: Turn 7
Game Outcome: Ai(1)-Lathril v0.3.2 - Arena Mirror has lost because life total reached 0
Game Outcome: Ai(2)-Phelia Competitive Brawl MTGGoldfish 2026-08 has won because all opponents have lost
Match Result: Ai(1)-Lathril v0.3.2 - Arena Mirror: 5 Ai(2)-Phelia Competitive Brawl MTGGoldfish 2026-08: 9

Game Result: Game 14 ended in 3324 ms. Ai(2)-Phelia Competitive Brawl MTGGoldfish 2026-08 has won!

Game Outcome: Turn 7
Game Outcome: Ai(1)-Lathril v0.3.2 - Arena Mirror has lost because life total reached 0
Game Outcome: Ai(2)-Phelia Competitive Brawl MTGGoldfish 2026-08 has won because all opponents have lost
Match Result: Ai(1)-Lathril v0.3.2 - Arena Mirror: 5 Ai(2)-Phelia Competitive Brawl MTGGoldfish 2026-08: 10

Game Result: Game 15 ended in 11361 ms. Ai(2)-Phelia Competitive Brawl MTGGoldfish 2026-08 has won!

Game Outcome: Turn 7
Game Outcome: Ai(1)-Lathril v0.3.2 - Arena Mirror has lost because life total reached 0
Game Outcome: Ai(2)-Phelia Competitive Brawl MTGGoldfish 2026-08 has won because all opponents have lost
Match Result: Ai(1)-Lathril v0.3.2 - Arena Mirror: 5 Ai(2)-Phelia Competitive Brawl MTGGoldfish 2026-08: 11

Game Result: Game 16 ended in 4735 ms. Ai(2)-Phelia Competitive Brawl MTGGoldfish 2026-08 has won!

Game Outcome: Turn 7
Game Outcome: Ai(1)-Lathril v0.3.2 - Arena Mirror has lost because life total reached 0
Game Outcome: Ai(2)-Phelia Competitive Brawl MTGGoldfish 2026-08 has won because all opponents have lost
Match Result: Ai(1)-Lathril v0.3.2 - Arena Mirror: 5 Ai(2)-Phelia Competitive Brawl MTGGoldfish 2026-08: 12

Game Result: Game 17 ended in 4940 ms. Ai(2)-Phelia Competitive Brawl MTGGoldfish 2026-08 has won!

Game Outcome: Turn 8
Game Outcome: Ai(1)-Lathril v0.3.2 - Arena Mirror has won because all opponents have lost
Game Outcome: Ai(2)-Phelia Competitive Brawl MTGGoldfish 2026-08 has lost because life total reached 0
Match Result: Ai(1)-Lathril v0.3.2 - Arena Mirror: 6 Ai(2)-Phelia Competitive Brawl MTGGoldfish 2026-08: 12

Game Result: Game 18 ended in 7241 ms. Ai(1)-Lathril v0.3.2 - Arena Mirror has won!

[Ai(1)-Lathril v0.3.2 - Arena Mirror] AI failed to play Celestial Reunion (24) [Stack]
Warning: default (ie. inherited from base class) implementation of chooseSingleCard is used by Samwise the Stouthearted for forge.ai.ability.AlwaysPlayAi. Consider declaring an overloaded method
Game Outcome: Turn 9
Game Outcome: Ai(1)-Lathril v0.3.2 - Arena Mirror has won because all opponents have lost
Game Outcome: Ai(2)-Phelia Competitive Brawl MTGGoldfish 2026-08 has lost because life total reached 0
Match Result: Ai(1)-Lathril v0.3.2 - Arena Mirror: 7 Ai(2)-Phelia Competitive Brawl MTGGoldfish 2026-08: 12

Game Result: Game 19 ended in 3005 ms. Ai(1)-Lathril v0.3.2 - Arena Mirror has won!

Game Outcome: Turn 7
Game Outcome: Ai(1)-Lathril v0.3.2 - Arena Mirror has won because all opponents have lost
Game Outcome: Ai(2)-Phelia Competitive Brawl MTGGoldfish 2026-08 has lost because life total reached 0
Match Result: Ai(1)-Lathril v0.3.2 - Arena Mirror: 8 Ai(2)-Phelia Competitive Brawl MTGGoldfish 2026-08: 12

Game Result: Game 20 ended in 3008 ms. Ai(1)-Lathril v0.3.2 - Arena Mirror has won!

[Ai(1)-Lathril v0.3.2 - Arena Mirror] AI failed to play Celestial Reunion (24) [Stack]
Game Outcome: Turn 6
Game Outcome: Ai(1)-Lathril v0.3.2 - Arena Mirror has lost because life total reached 0
Game Outcome: Ai(2)-Phelia Competitive Brawl MTGGoldfish 2026-08 has won because all opponents have lost
Match Result: Ai(1)-Lathril v0.3.2 - Arena Mirror: 8 Ai(2)-Phelia Competitive Brawl MTGGoldfish 2026-08: 13

Game Result: Game 21 ended in 2097 ms. Ai(2)-Phelia Competitive Brawl MTGGoldfish 2026-08 has won!

Game Outcome: Turn 8
Game Outcome: Ai(1)-Lathril v0.3.2 - Arena Mirror has lost because life total reached 0
Game Outcome: Ai(2)-Phelia Competitive Brawl MTGGoldfish 2026-08 has won because all opponents have lost
Match Result: Ai(1)-Lathril v0.3.2 - Arena Mirror: 8 Ai(2)-Phelia Competitive Brawl MTGGoldfish 2026-08: 14

Game Result: Game 22 ended in 6257 ms. Ai(2)-Phelia Competitive Brawl MTGGoldfish 2026-08 has won!

Game Outcome: Turn 8
Game Outcome: Ai(1)-Lathril v0.3.2 - Arena Mirror has lost because life total reached 0
Game Outcome: Ai(2)-Phelia Competitive Brawl MTGGoldfish 2026-08 has won because all opponents have lost
Match Result: Ai(1)-Lathril v0.3.2 - Arena Mirror: 8 Ai(2)-Phelia Competitive Brawl MTGGoldfish 2026-08: 15

Game Result: Game 23 ended in 3551 ms. Ai(2)-Phelia Competitive Brawl MTGGoldfish 2026-08 has won!

Game Outcome: Turn 8
Game Outcome: Ai(1)-Lathril v0.3.2 - Arena Mirror has lost because life total reached 0
Game Outcome: Ai(2)-Phelia Competitive Brawl MTGGoldfish 2026-08 has won because all opponents have lost
Match Result: Ai(1)-Lathril v0.3.2 - Arena Mirror: 8 Ai(2)-Phelia Competitive Brawl MTGGoldfish 2026-08: 16

Game Result: Game 24 ended in 3493 ms. Ai(2)-Phelia Competitive Brawl MTGGoldfish 2026-08 has won!

Game Outcome: Turn 10
Game Outcome: Ai(1)-Lathril v0.3.2 - Arena Mirror has lost because life total reached 0
Game Outcome: Ai(2)-Phelia Competitive Brawl MTGGoldfish 2026-08 has won because all opponents have lost
Match Result: Ai(1)-Lathril v0.3.2 - Arena Mirror: 8 Ai(2)-Phelia Competitive Brawl MTGGoldfish 2026-08: 17

Game Result: Game 25 ended in 6601 ms. Ai(2)-Phelia Competitive Brawl MTGGoldfish 2026-08 has won!

Game Outcome: Turn 10
Game Outcome: Ai(1)-Lathril v0.3.2 - Arena Mirror has lost because life total reached 0
Game Outcome: Ai(2)-Phelia Competitive Brawl MTGGoldfish 2026-08 has won because all opponents have lost
Match Result: Ai(1)-Lathril v0.3.2 - Arena Mirror: 8 Ai(2)-Phelia Competitive Brawl MTGGoldfish 2026-08: 18

Game Result: Game 26 ended in 6596 ms. Ai(2)-Phelia Competitive Brawl MTGGoldfish 2026-08 has won!

[Ai(1)-Lathril v0.3.2 - Arena Mirror] AI failed to play Celestial Reunion (24) [Stack]
Warning: default (ie. inherited from base class) implementation of chooseSingleCard is used by Samwise the Stouthearted for forge.ai.ability.AlwaysPlayAi. Consider declaring an overloaded method
Game Outcome: Turn 11
Game Outcome: Ai(1)-Lathril v0.3.2 - Arena Mirror has lost because life total reached 0
Game Outcome: Ai(2)-Phelia Competitive Brawl MTGGoldfish 2026-08 has won because all opponents have lost
Match Result: Ai(1)-Lathril v0.3.2 - Arena Mirror: 8 Ai(2)-Phelia Competitive Brawl MTGGoldfish 2026-08: 19

Game Result: Game 27 ended in 13735 ms. Ai(2)-Phelia Competitive Brawl MTGGoldfish 2026-08 has won!

Game Outcome: Turn 10
Game Outcome: Ai(1)-Lathril v0.3.2 - Arena Mirror has lost because life total reached 0
Game Outcome: Ai(2)-Phelia Competitive Brawl MTGGoldfish 2026-08 has won because all opponents have lost
Match Result: Ai(1)-Lathril v0.3.2 - Arena Mirror: 8 Ai(2)-Phelia Competitive Brawl MTGGoldfish 2026-08: 20

Game Result: Game 28 ended in 12634 ms. Ai(2)-Phelia Competitive Brawl MTGGoldfish 2026-08 has won!

Moving spell to Exile
Moving spell to Hand
Game Outcome: Turn 14
Game Outcome: Ai(1)-Lathril v0.3.2 - Arena Mirror has lost because life total reached 0
Game Outcome: Ai(2)-Phelia Competitive Brawl MTGGoldfish 2026-08 has won because all opponents have lost
Match Result: Ai(1)-Lathril v0.3.2 - Arena Mirror: 8 Ai(2)-Phelia Competitive Brawl MTGGoldfish 2026-08: 21

Game Result: Game 29 ended in 16030 ms. Ai(2)-Phelia Competitive Brawl MTGGoldfish 2026-08 has won!

Moving spell to Exile
Game Outcome: Turn 16
Game Outcome: Ai(1)-Lathril v0.3.2 - Arena Mirror has won because all opponents have lost
Game Outcome: Ai(2)-Phelia Competitive Brawl MTGGoldfish 2026-08 has lost because life total reached 0
Match Result: Ai(1)-Lathril v0.3.2 - Arena Mirror: 9 Ai(2)-Phelia Competitive Brawl MTGGoldfish 2026-08: 21

Game Result: Game 30 ended in 19152 ms. Ai(1)-Lathril v0.3.2 - Arena Mirror has won!

Game Outcome: Turn 6
Game Outcome: Ai(1)-Lathril v0.3.2 - Arena Mirror has lost because life total reached 0
Game Outcome: Ai(2)-Phelia Competitive Brawl MTGGoldfish 2026-08 has won because all opponents have lost
Match Result: Ai(1)-Lathril v0.3.2 - Arena Mirror: 9 Ai(2)-Phelia Competitive Brawl MTGGoldfish 2026-08: 22

Game Result: Game 31 ended in 4229 ms. Ai(2)-Phelia Competitive Brawl MTGGoldfish 2026-08 has won!

[Ai(1)-Lathril v0.3.2 - Arena Mirror] AI failed to play Celestial Reunion (24) [Stack]
Snow-Covered Plains Did not have activator set in SpellAbilityRestriction.canPlay()
Game Outcome: Turn 11
Game Outcome: Ai(1)-Lathril v0.3.2 - Arena Mirror has lost because life total reached 0
Game Outcome: Ai(2)-Phelia Competitive Brawl MTGGoldfish 2026-08 has won because all opponents have lost
Match Result: Ai(1)-Lathril v0.3.2 - Arena Mirror: 9 Ai(2)-Phelia Competitive Brawl MTGGoldfish 2026-08: 23

Game Result: Game 32 ended in 3790 ms. Ai(2)-Phelia Competitive Brawl MTGGoldfish 2026-08 has won!

Game Outcome: Turn 11
Game Outcome: Ai(1)-Lathril v0.3.2 - Arena Mirror has won because all opponents have lost
Game Outcome: Ai(2)-Phelia Competitive Brawl MTGGoldfish 2026-08 has lost because life total reached 0
Match Result: Ai(1)-Lathril v0.3.2 - Arena Mirror: 10 Ai(2)-Phelia Competitive Brawl MTGGoldfish 2026-08: 23

Game Result: Game 33 ended in 3560 ms. Ai(1)-Lathril v0.3.2 - Arena Mirror has won!

[Ai(1)-Lathril v0.3.2 - Arena Mirror] AI failed to play Celestial Reunion (24) [Stack]
Game Outcome: Turn 6
Game Outcome: Ai(1)-Lathril v0.3.2 - Arena Mirror has lost because life total reached 0
Game Outcome: Ai(2)-Phelia Competitive Brawl MTGGoldfish 2026-08 has won because all opponents have lost
Match Result: Ai(1)-Lathril v0.3.2 - Arena Mirror: 10 Ai(2)-Phelia Competitive Brawl MTGGoldfish 2026-08: 24

Game Result: Game 34 ended in 1506 ms. Ai(2)-Phelia Competitive Brawl MTGGoldfish 2026-08 has won!

[Ai(1)-Lathril v0.3.2 - Arena Mirror] AI failed to play Celestial Reunion (24) [Stack]
Default player choice logic.
Correcting zone for Wishclaw Talisman (94)
Default player choice logic.
Correcting zone for Wishclaw Talisman (94)
Default player choice logic.
Correcting zone for Wishclaw Talisman (94)
Game Outcome: Turn 6
Game Outcome: Ai(1)-Lathril v0.3.2 - Arena Mirror has lost because life total reached 0
Game Outcome: Ai(2)-Phelia Competitive Brawl MTGGoldfish 2026-08 has won because all opponents have lost
Match Result: Ai(1)-Lathril v0.3.2 - Arena Mirror: 10 Ai(2)-Phelia Competitive Brawl MTGGoldfish 2026-08: 25

Game Result: Game 35 ended in 6301 ms. Ai(2)-Phelia Competitive Brawl MTGGoldfish 2026-08 has won!

[Ai(1)-Lathril v0.3.2 - Arena Mirror] AI failed to play Celestial Reunion (24) [Stack]
Game Outcome: Turn 9
Game Outcome: Ai(1)-Lathril v0.3.2 - Arena Mirror has won because all opponents have lost
Game Outcome: Ai(2)-Phelia Competitive Brawl MTGGoldfish 2026-08 has lost because life total reached 0
Match Result: Ai(1)-Lathril v0.3.2 - Arena Mirror: 11 Ai(2)-Phelia Competitive Brawl MTGGoldfish 2026-08: 25

Game Result: Game 36 ended in 13754 ms. Ai(1)-Lathril v0.3.2 - Arena Mirror has won!

Game Outcome: Turn 12
Game Outcome: Ai(1)-Lathril v0.3.2 - Arena Mirror has lost because life total reached 0
Game Outcome: Ai(2)-Phelia Competitive Brawl MTGGoldfish 2026-08 has won because all opponents have lost
Match Result: Ai(1)-Lathril v0.3.2 - Arena Mirror: 11 Ai(2)-Phelia Competitive Brawl MTGGoldfish 2026-08: 26

Game Result: Game 37 ended in 10069 ms. Ai(2)-Phelia Competitive Brawl MTGGoldfish 2026-08 has won!

Warning: default (ie. inherited from base class) implementation of chooseSingleCard is used by Samwise the Stouthearted for forge.ai.ability.AlwaysPlayAi. Consider declaring an overloaded method
Game Outcome: Turn 11
Game Outcome: Ai(1)-Lathril v0.3.2 - Arena Mirror has lost because life total reached 0
Game Outcome: Ai(2)-Phelia Competitive Brawl MTGGoldfish 2026-08 has won because all opponents have lost
Match Result: Ai(1)-Lathril v0.3.2 - Arena Mirror: 11 Ai(2)-Phelia Competitive Brawl MTGGoldfish 2026-08: 27

Game Result: Game 38 ended in 7316 ms. Ai(2)-Phelia Competitive Brawl MTGGoldfish 2026-08 has won!

Game Outcome: Turn 7
Game Outcome: Ai(1)-Lathril v0.3.2 - Arena Mirror has lost because life total reached 0
Game Outcome: Ai(2)-Phelia Competitive Brawl MTGGoldfish 2026-08 has won because all opponents have lost
Match Result: Ai(1)-Lathril v0.3.2 - Arena Mirror: 11 Ai(2)-Phelia Competitive Brawl MTGGoldfish 2026-08: 28

Game Result: Game 39 ended in 3022 ms. Ai(2)-Phelia Competitive Brawl MTGGoldfish 2026-08 has won!

Game Outcome: Turn 8
Game Outcome: Ai(1)-Lathril v0.3.2 - Arena Mirror has won because all opponents have lost
Game Outcome: Ai(2)-Phelia Competitive Brawl MTGGoldfish 2026-08 has lost because life total reached 0
Match Result: Ai(1)-Lathril v0.3.2 - Arena Mirror: 12 Ai(2)-Phelia Competitive Brawl MTGGoldfish 2026-08: 28

Game Result: Game 40 ended in 1996 ms. Ai(1)-Lathril v0.3.2 - Arena Mirror has won!

Game Outcome: Turn 7
Game Outcome: Ai(1)-Lathril v0.3.2 - Arena Mirror has lost because life total reached 0
Game Outcome: Ai(2)-Phelia Competitive Brawl MTGGoldfish 2026-08 has won because all opponents have lost
Match Result: Ai(1)-Lathril v0.3.2 - Arena Mirror: 12 Ai(2)-Phelia Competitive Brawl MTGGoldfish 2026-08: 29

Game Result: Game 41 ended in 1720 ms. Ai(2)-Phelia Competitive Brawl MTGGoldfish 2026-08 has won!

Warning: default (ie. inherited from base class) implementation of chooseSingleCard is used by Samwise the Stouthearted for forge.ai.ability.AlwaysPlayAi. Consider declaring an overloaded method
Game Outcome: Turn 7
Game Outcome: Ai(1)-Lathril v0.3.2 - Arena Mirror has lost because life total reached 0
Game Outcome: Ai(2)-Phelia Competitive Brawl MTGGoldfish 2026-08 has won because all opponents have lost
Match Result: Ai(1)-Lathril v0.3.2 - Arena Mirror: 12 Ai(2)-Phelia Competitive Brawl MTGGoldfish 2026-08: 30

Game Result: Game 42 ended in 3501 ms. Ai(2)-Phelia Competitive Brawl MTGGoldfish 2026-08 has won!

java.util.concurrent.TimeoutException
	at java.base/java.util.concurrent.FutureTask.get(FutureTask.java:204)
	at forge.ai.AiController.chooseSpellAbilityToPlayFromList(AiController.java:1696)
	at forge.ai.AiController.getSpellAbilityToPlay(AiController.java:1583)
	at forge.ai.AiController.chooseSpellAbilityToPlay(AiController.java:1403)
	at forge.ai.PlayerControllerAi.chooseSpellAbilityToPlay(PlayerControllerAi.java:832)
	at forge.game.phase.PhaseHandler.mainLoopStep(PhaseHandler.java:1056)
	at forge.game.phase.PhaseHandler.mainGameLoop(PhaseHandler.java:1035)
	at forge.game.phase.PhaseHandler.startFirstTurn(PhaseHandler.java:1029)
	at forge.game.GameAction.startGame(GameAction.java:2373)
	at forge.game.Match.startGame(Match.java:92)
	at forge.game.Match.startGame(Match.java:77)
	at forge.view.SimulateMatch.lambda$simulateSingleMatch$0(SimulateMatch.java:213)
	at forge.view.TimeLimitedCodeBlock.lambda$runWithTimeout$0(TimeLimitedCodeBlock.java:18)
	at java.base/java.util.concurrent.FutureTask.run(FutureTask.java:264)
	at java.base/java.util.concurrent.ThreadPoolExecutor.runWorker(ThreadPoolExecutor.java:1136)
	at java.base/java.util.concurrent.ThreadPoolExecutor$Worker.run(ThreadPoolExecutor.java:635)
	at java.base/java.lang.Thread.run(Thread.java:840)
AI eval thread at timeout:
	at java.base@17.0.17/java.util.ArrayList.addAll(ArrayList.java:670)
	at app//forge.util.collect.FCollection.<init>(FCollection.java:100)
	at app//forge.game.card.CardState.getReplacementEffects(CardState.java:726)
	at app//forge.game.card.CardState.getReplacementEffects(CardState.java:723)
	at app//forge.game.card.Card.getReplacementEffects(Card.java:7055)
	at app//forge.game.replacement.ReplacementHandler.lambda$getReplacementList$0(ReplacementHandler.java:134)
	at app//forge.game.replacement.ReplacementHandler$$Lambda$430/0x0000009001262e18.visit(Unknown Source)
	at app//forge.util.Visitor.visitAll(Visitor.java:16)
	at app//forge.game.Game.forEachCardInGame(Game.java:757)
	at app//forge.game.replacement.ReplacementHandler.getReplacementList(ReplacementHandler.java:102)
	at app//forge.game.replacement.ReplacementHandler.cantHappenCheck(ReplacementHandler.java:174)
	at app//forge.game.card.Card.canTap(Card.java:4696)
	at app//forge.game.card.Card.canTap(Card.java:4688)
	at app//forge.game.cost.CostTap.canPay(CostTap.java:69)
	at app//forge.game.cost.Cost.canPay(Cost.java:1085)
	at app//forge.game.cost.CostPayment.canPayAdditionalCosts(CostPayment.java:104)
	at app//forge.game.cost.CostPayment.canPayAdditionalCosts(CostPayment.java:96)
	at app//forge.game.spellability.AbilityActivated.canPlay(AbilityActivated.java:103)
	at app//forge.ai.ComputerUtilMana.groupSourcesByManaColor(ComputerUtilMana.java:1505)
	at app//forge.ai.ComputerUtilMana.getSourcesForShards(ComputerUtilMana.java:831)
	at app//forge.ai.ComputerUtilMana.payManaCost(ComputerUtilMana.java:638)
	at app//forge.ai.ComputerUtilMana.payManaCost(ComputerUtilMana.java:74)
	at app//forge.ai.ComputerUtilMana.canPayManaCost(ComputerUtilMana.java:63)
	at app//forge.ai.ComputerUtilCost.canPayCost(ComputerUtilCost.java:634)
	at app//forge.ai.ComputerUtilCost.canPayCost(ComputerUtilCost.java:530)
	at app//forge.ai.ComputerUtil.possibleDamagePrevention(ComputerUtil.java:1047)
	at app//forge.ai.ComputerUtilCombat.canDestroyAttacker(ComputerUtilCombat.java:1693)
	at app//forge.ai.AiBlockController.getKillingBlockers(AiBlockController.java:120)
	at app//forge.ai.AiBlockController.makeGoodBlocks(AiBlockController.java:239)
	at app//forge.ai.AiBlockController.assignBlockers(AiBlockController.java:1083)
java.util.concurrent.TimeoutException
	at java.base/java.util.concurrent.FutureTask.get(FutureTask.java:204)
	at forge.ai.AiController.chooseSpellAbilityToPlayFromList(AiController.java:1696)
	at forge.ai.AiController.getSpellAbilityToPlay(AiController.java:1583)
	at forge.ai.AiController.chooseSpellAbilityToPlay(AiController.java:1403)
	at forge.ai.PlayerControllerAi.chooseSpellAbilityToPlay(PlayerControllerAi.java:832)
	at forge.game.phase.PhaseHandler.mainLoopStep(PhaseHandler.java:1056)
	at forge.game.phase.PhaseHandler.mainGameLoop(PhaseHandler.java:1035)
	at forge.game.phase.PhaseHandler.startFirstTurn(PhaseHandler.java:1029)
	at forge.game.GameAction.startGame(GameAction.java:2373)
	at forge.game.Match.startGame(Match.java:92)
	at forge.game.Match.startGame(Match.java:77)
	at forge.view.SimulateMatch.lambda$simulateSingleMatch$0(SimulateMatch.java:213)
	at forge.view.TimeLimitedCodeBlock.lambda$runWithTimeout$0(TimeLimitedCodeBlock.java:18)
	at java.base/java.util.concurrent.FutureTask.run(FutureTask.java:264)
	at java.base/java.util.concurrent.ThreadPoolExecutor.runWorker(ThreadPoolExecutor.java:1136)
	at java.base/java.util.concurrent.ThreadPoolExecutor$Worker.run(ThreadPoolExecutor.java:635)
	at java.base/java.lang.Thread.run(Thread.java:840)
AI eval thread at timeout:
	at app//forge.game.card.Card.updateReplacementEffects(Card.java:7065)
	at app//forge.game.card.CardState.getReplacementEffects(CardState.java:754)
	at app//forge.game.card.CardState.getReplacementEffects(CardState.java:723)
	at app//forge.game.card.Card.getReplacementEffects(Card.java:7055)
	at app//forge.game.replacement.ReplacementHandler.lambda$getReplacementList$0(ReplacementHandler.java:134)
	at app//forge.game.replacement.ReplacementHandler$$Lambda$430/0x0000009001262e18.visit(Unknown Source)
	at app//forge.util.Visitor.visitAll(Visitor.java:16)
	at app//forge.game.Game.forEachCardInGame(Game.java:757)
	at app//forge.game.replacement.ReplacementHandler.getReplacementList(ReplacementHandler.java:102)
	at app//forge.game.replacement.ReplacementHandler.cantHappenCheck(ReplacementHandler.java:174)
	at app//forge.game.card.Card.canTap(Card.java:4696)
	at app//forge.game.card.Card.canTap(Card.java:4688)
	at app//forge.game.cost.CostTap.canPay(CostTap.java:69)
	at app//forge.game.cost.Cost.canPay(Cost.java:1085)
	at app//forge.game.cost.CostPayment.canPayAdditionalCosts(CostPayment.java:104)
	at app//forge.game.cost.CostPayment.canPayAdditionalCosts(CostPayment.java:96)
	at app//forge.game.spellability.AbilityActivated.canPlay(AbilityActivated.java:103)
	at app//forge.ai.ComputerUtilMana.lambda$getAvailableManaSources$16(ComputerUtilMana.java:1341)
	at app//forge.ai.ComputerUtilMana$$Lambda$495/0x00000090012a9000.test(Unknown Source)
	at java.base@17.0.17/java.util.stream.ReferencePipeline$2$1.accept(ReferencePipeline.java:178)
	at java.base@17.0.17/java.util.Spliterators$IteratorSpliterator.tryAdvance(Spliterators.java:1856)
	at java.base@17.0.17/java.util.stream.StreamSpliterators$WrappingSpliterator.lambda$initPartialTraversalState$0(StreamSpliterators.java:292)
	at java.base@17.0.17/java.util.stream.StreamSpliterators$WrappingSpliterator$$Lambda$372/0x00000090011fb900.getAsBoolean(Unknown Source)
	at java.base@17.0.17/java.util.stream.StreamSpliterators$AbstractWrappingSpliterator.fillBuffer(StreamSpliterators.java:206)
	at java.base@17.0.17/java.util.stream.StreamSpliterators$AbstractWrappingSpliterator.doAdvance(StreamSpliterators.java:169)
	at java.base@17.0.17/java.util.stream.StreamSpliterators$WrappingSpliterator.tryAdvance(StreamSpliterators.java:298)
	at java.base@17.0.17/java.util.Spliterators$1Adapter.hasNext(Spliterators.java:681)
	at app//forge.util.collect.FCollection.addAll(FCollection.java:345)
	at app//forge.util.collect.FCollection.<init>(FCollection.java:103)
	at app//forge.game.card.CardCollection.<init>(CardCollection.java:118)
java.util.concurrent.TimeoutException
	at java.base/java.util.concurrent.FutureTask.get(FutureTask.java:204)
	at forge.ai.AiController.chooseSpellAbilityToPlayFromList(AiController.java:1696)
	at forge.ai.AiController.getSpellAbilityToPlay(AiController.java:1583)
	at forge.ai.AiController.chooseSpellAbilityToPlay(AiController.java:1403)
	at forge.ai.PlayerControllerAi.chooseSpellAbilityToPlay(PlayerControllerAi.java:832)
	at forge.game.phase.PhaseHandler.mainLoopStep(PhaseHandler.java:1056)
	at forge.game.phase.PhaseHandler.mainGameLoop(PhaseHandler.java:1035)
	at forge.game.phase.PhaseHandler.startFirstTurn(PhaseHandler.java:1029)
	at forge.game.GameAction.startGame(GameAction.java:2373)
	at forge.game.Match.startGame(Match.java:92)
	at forge.game.Match.startGame(Match.java:77)
	at forge.view.SimulateMatch.lambda$simulateSingleMatch$0(SimulateMatch.java:213)
	at forge.view.TimeLimitedCodeBlock.lambda$runWithTimeout$0(TimeLimitedCodeBlock.java:18)
	at java.base/java.util.concurrent.FutureTask.run(FutureTask.java:264)
	at java.base/java.util.concurrent.ThreadPoolExecutor.runWorker(ThreadPoolExecutor.java:1136)
	at java.base/java.util.concurrent.ThreadPoolExecutor$Worker.run(ThreadPoolExecutor.java:635)
	at java.base/java.lang.Thread.run(Thread.java:840)
AI eval thread at timeout:
	at java.base@17.0.17/java.util.ArrayList.grow(ArrayList.java:239)
	at java.base@17.0.17/java.util.ArrayList.grow(ArrayList.java:244)
	at java.base@17.0.17/java.util.ArrayList.add(ArrayList.java:454)
	at java.base@17.0.17/java.util.ArrayList.add(ArrayList.java:467)
	at app//forge.util.collect.FCollection.add(FCollection.java:267)
	at app//forge.util.collect.FCollection.addAll(FCollection.java:346)
	at app//forge.util.collect.FCollection.addAll(FCollection.java:325)
	at app//forge.game.keyword.KeywordInstance.applyReplacementEffect(KeywordInstance.java:251)
	at app//forge.game.keyword.KeywordCollection.applyReplacementEffect(KeywordCollection.java:201)
	at app//forge.game.card.Card.updateReplacementEffects(Card.java:7069)
	at app//forge.game.card.CardState.getReplacementEffects(CardState.java:754)
	at app//forge.game.card.CardState.getReplacementEffects(CardState.java:723)
	at app//forge.game.card.Card.getReplacementEffects(Card.java:7055)
	at app//forge.game.replacement.ReplacementHandler.lambda$getReplacementList$0(ReplacementHandler.java:134)
	at app//forge.game.replacement.ReplacementHandler$$Lambda$430/0x0000009001262e18.visit(Unknown Source)
	at app//forge.util.Visitor.visitAll(Visitor.java:16)
	at app//forge.game.Game.forEachCardInGame(Game.java:757)
	at app//forge.game.replacement.ReplacementHandler.getReplacementList(ReplacementHandler.java:102)
	at app//forge.game.replacement.ReplacementHandler.cantHappenCheck(ReplacementHandler.java:174)
	at app//forge.game.card.Card.canTap(Card.java:4696)
	at app//forge.game.card.Card.canTap(Card.java:4688)
	at app//forge.game.cost.CostTap.canPay(CostTap.java:69)
	at app//forge.game.cost.Cost.canPay(Cost.java:1085)
	at app//forge.game.cost.CostPayment.canPayAdditionalCosts(CostPayment.java:104)
	at app//forge.game.cost.CostPayment.canPayAdditionalCosts(CostPayment.java:96)
	at app//forge.ai.ComputerUtilMana.getAvailableManaSources(ComputerUtilMana.java:1423)
	at app//forge.ai.ComputerUtilMana.groupSourcesByManaColor(ComputerUtilMana.java:1496)
	at app//forge.ai.ComputerUtilMana.getSourcesForShards(ComputerUtilMana.java:831)
	at app//forge.ai.ComputerUtilMana.payManaCost(ComputerUtilMana.java:638)
	at app//forge.ai.ComputerUtilMana.payManaCost(ComputerUtilMana.java:74)
java.util.concurrent.TimeoutException
	at java.base/java.util.concurrent.FutureTask.get(FutureTask.java:204)
	at forge.ai.AiController.chooseSpellAbilityToPlayFromList(AiController.java:1696)
	at forge.ai.AiController.getSpellAbilityToPlay(AiController.java:1583)
	at forge.ai.AiController.chooseSpellAbilityToPlay(AiController.java:1403)
	at forge.ai.PlayerControllerAi.chooseSpellAbilityToPlay(PlayerControllerAi.java:832)
	at forge.game.phase.PhaseHandler.mainLoopStep(PhaseHandler.java:1056)
	at forge.game.phase.PhaseHandler.mainGameLoop(PhaseHandler.java:1035)
	at forge.game.phase.PhaseHandler.startFirstTurn(PhaseHandler.java:1029)
	at forge.game.GameAction.startGame(GameAction.java:2373)
	at forge.game.Match.startGame(Match.java:92)
	at forge.game.Match.startGame(Match.java:77)
	at forge.view.SimulateMatch.lambda$simulateSingleMatch$0(SimulateMatch.java:213)
	at forge.view.TimeLimitedCodeBlock.lambda$runWithTimeout$0(TimeLimitedCodeBlock.java:18)
	at java.base/java.util.concurrent.FutureTask.run(FutureTask.java:264)
	at java.base/java.util.concurrent.ThreadPoolExecutor.runWorker(ThreadPoolExecutor.java:1136)
	at java.base/java.util.concurrent.ThreadPoolExecutor$Worker.run(ThreadPoolExecutor.java:635)
	at java.base/java.lang.Thread.run(Thread.java:840)
AI eval thread at timeout:
	at app//forge.game.card.Card.updateReplacementEffects(Card.java:7065)
	at app//forge.game.card.CardState.getReplacementEffects(CardState.java:754)
	at app//forge.game.card.CardState.getReplacementEffects(CardState.java:723)
	at app//forge.game.card.Card.getReplacementEffects(Card.java:7055)
	at app//forge.game.replacement.ReplacementHandler.lambda$getReplacementList$0(ReplacementHandler.java:134)
	at app//forge.game.replacement.ReplacementHandler$$Lambda$430/0x0000009001262e18.visit(Unknown Source)
	at app//forge.util.Visitor.visitAll(Visitor.java:16)
	at app//forge.game.Game.forEachCardInGame(Game.java:757)
	at app//forge.game.replacement.ReplacementHandler.getReplacementList(ReplacementHandler.java:102)
	at app//forge.game.replacement.ReplacementHandler.cantHappenCheck(ReplacementHandler.java:174)
	at app//forge.game.card.Card.canTap(Card.java:4696)
	at app//forge.game.card.Card.canTap(Card.java:4688)
	at app//forge.game.cost.CostTap.canPay(CostTap.java:69)
	at app//forge.game.cost.Cost.canPay(Cost.java:1085)
	at app//forge.game.cost.CostPayment.canPayAdditionalCosts(CostPayment.java:104)
	at app//forge.game.cost.CostPayment.canPayAdditionalCosts(CostPayment.java:96)
	at app//forge.game.spellability.AbilityActivated.canPlay(AbilityActivated.java:103)
	at app//forge.ai.ComputerUtilMana.groupSourcesByManaColor(ComputerUtilMana.java:1505)
	at app//forge.ai.ComputerUtilMana.getSourcesForShards(ComputerUtilMana.java:831)
	at app//forge.ai.ComputerUtilMana.payManaCost(ComputerUtilMana.java:638)
	at app//forge.ai.ComputerUtilMana.payManaCost(ComputerUtilMana.java:74)
	at app//forge.ai.ComputerUtilMana.canPayManaCost(ComputerUtilMana.java:63)
	at app//forge.ai.ComputerUtilCost.canPayCost(ComputerUtilCost.java:634)
	at app//forge.ai.ComputerUtilCost.canPayCost(ComputerUtilCost.java:530)
	at app//forge.ai.ComputerUtilCombat.canGainKeyword(ComputerUtilCombat.java:2290)
	at app//forge.ai.ComputerUtilCombat.dealsFirstStrikeDamage(ComputerUtilCombat.java:2251)
	at app//forge.ai.ComputerUtilCombat.predictPowerBonusOfAttacker(ComputerUtilCombat.java:1162)
	at app//forge.ai.ComputerUtilCombat.canDestroyAttacker(ComputerUtilCombat.java:1709)
	at app//forge.ai.AiBlockController.getKillingBlockers(AiBlockController.java:120)
	at app//forge.ai.AiBlockController.makeGoodBlocks(AiBlockController.java:239)
java.util.concurrent.TimeoutException
	at java.base/java.util.concurrent.FutureTask.get(FutureTask.java:204)
	at forge.ai.AiController.chooseSpellAbilityToPlayFromList(AiController.java:1696)
	at forge.ai.AiController.getSpellAbilityToPlay(AiController.java:1583)
	at forge.ai.AiController.chooseSpellAbilityToPlay(AiController.java:1403)
	at forge.ai.PlayerControllerAi.chooseSpellAbilityToPlay(PlayerControllerAi.java:832)
	at forge.game.phase.PhaseHandler.mainLoopStep(PhaseHandler.java:1056)
	at forge.game.phase.PhaseHandler.mainGameLoop(PhaseHandler.java:1035)
	at forge.game.phase.PhaseHandler.startFirstTurn(PhaseHandler.java:1029)
	at forge.game.GameAction.startGame(GameAction.java:2373)
	at forge.game.Match.startGame(Match.java:92)
	at forge.game.Match.startGame(Match.java:77)
	at forge.view.SimulateMatch.lambda$simulateSingleMatch$0(SimulateMatch.java:213)
	at forge.view.TimeLimitedCodeBlock.lambda$runWithTimeout$0(TimeLimitedCodeBlock.java:18)
	at java.base/java.util.concurrent.FutureTask.run(FutureTask.java:264)
	at java.base/java.util.concurrent.ThreadPoolExecutor.runWorker(ThreadPoolExecutor.java:1136)
	at java.base/java.util.concurrent.ThreadPoolExecutor$Worker.run(ThreadPoolExecutor.java:635)
	at java.base/java.lang.Thread.run(Thread.java:840)
AI eval thread at timeout:
	at java.base@17.0.17/java.util.HashMap.hash(HashMap.java:338)
	at java.base@17.0.17/java.util.HashMap.put(HashMap.java:610)
	at java.base@17.0.17/java.util.HashSet.add(HashSet.java:221)
	at app//forge.util.collect.FCollection.add(FCollection.java:273)
	at app//forge.util.collect.FCollection.addAll(FCollection.java:346)
	at app//forge.util.collect.FCollection.addAll(FCollection.java:325)
	at app//forge.game.Game.getCardsIn(Game.java:628)
	at app//forge.game.combat.CombatUtil.getBlockCost(CombatUtil.java:338)
	at app//forge.game.combat.CombatUtil.mustBlockAnAttacker(CombatUtil.java:756)
	at app//forge.ai.AiBlockController.makeRequiredBlocks(AiBlockController.java:964)
	at app//forge.ai.AiBlockController.assignBlockers(AiBlockController.java:1159)
	at app//forge.ai.AiBlockController.assignBlockersForCombat(AiBlockController.java:1014)
	at app//forge.ai.ComputerUtil.predictNextCombatsRemainingLife(ComputerUtil.java:3214)
	at app//forge.ai.ComputerUtil.predictNextCombatsRemainingLife(ComputerUtil.java:3179)
	at app//forge.ai.AiAttackController.notNeededAsBlockers(AiAttackController.java:426)
	at app//forge.ai.AiAttackController.declareAttackers(AiAttackController.java:1279)
	at app//forge.ai.AiController.getPredictedCombat(AiController.java:145)
	at app//forge.ai.ComputerUtilCard.doesCreatureAttackAI(ComputerUtilCard.java:806)
	at app//forge.ai.ComputerUtilCard.shouldPumpCard(ComputerUtilCard.java:1557)
	at app//forge.ai.ComputerUtilCard.shouldPumpCard(ComputerUtilCard.java:1446)
	at app//forge.ai.ability.CountersPutAi.checkApiLogic(CountersPutAi.java:539)
	at app//forge.ai.SpellAbilityAi.canPlayWithoutRestrict(SpellAbilityAi.java:98)
	at app//forge.ai.SpellAbilityAi.canPlay(SpellAbilityAi.java:76)
	at app//forge.ai.SpellAbilityAi.canPlayWithSubs(SpellAbilityAi.java:55)
	at app//forge.ai.AiController.canPlaySa(AiController.java:909)
	at app//forge.ai.AiController.canPlayAndPayForFace(AiController.java:855)
	at app//forge.ai.AiController.canPlayAndPayFor(AiController.java:833)
	at app//forge.ai.AiController.lambda$chooseSpellAbilityToPlayFromList$9(AiController.java:1675)
	at app//forge.ai.AiController$$Lambda$462/0x0000009001285b48.call(Unknown Source)
	at java.base@17.0.17/java.util.concurrent.FutureTask.run(FutureTask.java:264)
java.util.concurrent.TimeoutException
	at java.base/java.util.concurrent.FutureTask.get(FutureTask.java:204)
	at forge.ai.AiController.chooseSpellAbilityToPlayFromList(AiController.java:1696)
	at forge.ai.AiController.getSpellAbilityToPlay(AiController.java:1583)
	at forge.ai.AiController.chooseSpellAbilityToPlay(AiController.java:1403)
	at forge.ai.PlayerControllerAi.chooseSpellAbilityToPlay(PlayerControllerAi.java:832)
	at forge.game.phase.PhaseHandler.mainLoopStep(PhaseHandler.java:1056)
	at forge.game.phase.PhaseHandler.mainGameLoop(PhaseHandler.java:1035)
	at forge.game.phase.PhaseHandler.startFirstTurn(PhaseHandler.java:1029)
	at forge.game.GameAction.startGame(GameAction.java:2373)
	at forge.game.Match.startGame(Match.java:92)
	at forge.game.Match.startGame(Match.java:77)
	at forge.view.SimulateMatch.lambda$simulateSingleMatch$0(SimulateMatch.java:213)
	at forge.view.TimeLimitedCodeBlock.lambda$runWithTimeout$0(TimeLimitedCodeBlock.java:18)
	at java.base/java.util.concurrent.FutureTask.run(FutureTask.java:264)
	at java.base/java.util.concurrent.ThreadPoolExecutor.runWorker(ThreadPoolExecutor.java:1136)
	at java.base/java.util.concurrent.ThreadPoolExecutor$Worker.run(ThreadPoolExecutor.java:635)
	at java.base/java.lang.Thread.run(Thread.java:840)
AI eval thread at timeout:
	at java.base@17.0.17/java.util.HashMap.put(HashMap.java:610)
	at java.base@17.0.17/java.util.HashSet.add(HashSet.java:221)
	at java.base@17.0.17/java.util.AbstractCollection.addAll(AbstractCollection.java:336)
	at java.base@17.0.17/java.util.HashSet.<init>(HashSet.java:121)
	at app//forge.util.collect.FCollection.hashed(FCollection.java:58)
	at app//forge.util.collect.FCollection.add(FCollection.java:269)
	at app//forge.util.collect.FCollection.addAll(FCollection.java:346)
	at app//forge.util.collect.FCollection.addAll(FCollection.java:325)
	at app//forge.game.cost.CostAdjustment.adjust(CostAdjustment.java:67)
	at app//forge.game.cost.CostPayment.canPayAdditionalCosts(CostPayment.java:103)
	at app//forge.game.cost.CostPayment.canPayAdditionalCosts(CostPayment.java:96)
	at app//forge.game.spellability.AbilityActivated.canPlay(AbilityActivated.java:103)
	at app//forge.ai.ComputerUtilMana.lambda$getAvailableManaSources$16(ComputerUtilMana.java:1341)
	at app//forge.ai.ComputerUtilMana$$Lambda$495/0x00000090012a9000.test(Unknown Source)
	at java.base@17.0.17/java.util.stream.ReferencePipeline$2$1.accept(ReferencePipeline.java:178)
	at java.base@17.0.17/java.util.Spliterators$IteratorSpliterator.tryAdvance(Spliterators.java:1856)
	at java.base@17.0.17/java.util.stream.StreamSpliterators$WrappingSpliterator.lambda$initPartialTraversalState$0(StreamSpliterators.java:292)
	at java.base@17.0.17/java.util.stream.StreamSpliterators$WrappingSpliterator$$Lambda$372/0x00000090011fb900.getAsBoolean(Unknown Source)
	at java.base@17.0.17/java.util.stream.StreamSpliterators$AbstractWrappingSpliterator.fillBuffer(StreamSpliterators.java:206)
	at java.base@17.0.17/java.util.stream.StreamSpliterators$AbstractWrappingSpliterator.doAdvance(StreamSpliterators.java:169)
	at java.base@17.0.17/java.util.stream.StreamSpliterators$WrappingSpliterator.tryAdvance(StreamSpliterators.java:298)
	at java.base@17.0.17/java.util.Spliterators$1Adapter.hasNext(Spliterators.java:681)
	at app//forge.util.collect.FCollection.addAll(FCollection.java:345)
	at app//forge.util.collect.FCollection.<init>(FCollection.java:103)
	at app//forge.game.card.CardCollection.<init>(CardCollection.java:118)
	at app//forge.game.card.CardLists.filter(CardLists.java:331)
	at app//forge.ai.ComputerUtilMana.getAvailableManaSources(ComputerUtilMana.java:1338)
	at app//forge.ai.ComputerUtilMana.groupSourcesByManaColor(ComputerUtilMana.java:1496)
	at app//forge.ai.ComputerUtilMana.getSourcesForShards(ComputerUtilMana.java:831)
	at app//forge.ai.ComputerUtilMana.payManaCost(ComputerUtilMana.java:638)
java.util.concurrent.TimeoutException
	at java.base/java.util.concurrent.FutureTask.get(FutureTask.java:204)
	at forge.ai.AiController.chooseSpellAbilityToPlayFromList(AiController.java:1696)
	at forge.ai.AiController.getSpellAbilityToPlay(AiController.java:1583)
	at forge.ai.AiController.chooseSpellAbilityToPlay(AiController.java:1403)
	at forge.ai.PlayerControllerAi.chooseSpellAbilityToPlay(PlayerControllerAi.java:832)
	at forge.game.phase.PhaseHandler.mainLoopStep(PhaseHandler.java:1056)
	at forge.game.phase.PhaseHandler.mainGameLoop(PhaseHandler.java:1035)
	at forge.game.phase.PhaseHandler.startFirstTurn(PhaseHandler.java:1029)
	at forge.game.GameAction.startGame(GameAction.java:2373)
	at forge.game.Match.startGame(Match.java:92)
	at forge.game.Match.startGame(Match.java:77)
	at forge.view.SimulateMatch.lambda$simulateSingleMatch$0(SimulateMatch.java:213)
	at forge.view.TimeLimitedCodeBlock.lambda$runWithTimeout$0(TimeLimitedCodeBlock.java:18)
	at java.base/java.util.concurrent.FutureTask.run(FutureTask.java:264)
	at java.base/java.util.concurrent.ThreadPoolExecutor.runWorker(ThreadPoolExecutor.java:1136)
	at java.base/java.util.concurrent.ThreadPoolExecutor$Worker.run(ThreadPoolExecutor.java:635)
	at java.base/java.lang.Thread.run(Thread.java:840)
AI eval thread at timeout:
	at app//com.google.common.collect.AbstractMultimap$Values.iterator(AbstractMultimap.java:184)
	at app//forge.game.keyword.KeywordCollection.applyStaticAbility(KeywordCollection.java:207)
	at app//forge.game.card.Card.updateStaticAbilities(Card.java:7014)
	at app//forge.game.card.CardState.getStaticAbilities(CardState.java:712)
	at app//forge.game.card.Card.getStaticAbilities(Card.java:6993)
	at app//forge.game.staticability.StaticAbilityCombatDamageToughness.combatDamageToughness(StaticAbilityCombatDamageToughness.java:12)
	at app//forge.game.card.Card.toughnessAssignsDamage(Card.java:4577)
	at app//forge.game.card.Card.getNetCombatDamage(Card.java:4586)
	at app//forge.ai.ComputerUtilCombat.poisonIfUnblocked(ComputerUtilCombat.java:209)
	at app//forge.ai.ComputerUtilCombat.sumPoisonIfUnblocked(ComputerUtilCombat.java:268)
	at app//forge.ai.ComputerUtilCombat.resultingPoison(ComputerUtilCombat.java:362)
	at app//forge.ai.ComputerUtilCombat.lifeInDanger(ComputerUtilCombat.java:439)
	at app//forge.ai.ComputerUtilCombat.lifeInDanger(ComputerUtilCombat.java:390)
	at app//forge.ai.AiBlockController.makeChumpBlocks(AiBlockController.java:658)
	at app//forge.ai.AiBlockController.makeChumpBlocks(AiBlockController.java:711)
	at app//forge.ai.AiBlockController.makeChumpBlocks(AiBlockController.java:651)
	at app//forge.ai.AiBlockController.makeChumpBlocks(AiBlockController.java:643)
	at app//forge.ai.AiBlockController.assignBlockers(AiBlockController.java:1134)
	at app//forge.ai.AiBlockController.assignBlockersForCombat(AiBlockController.java:1014)
	at app//forge.ai.ComputerUtil.predictNextCombatsRemainingLife(ComputerUtil.java:3214)
	at app//forge.ai.ComputerUtil.predictNextCombatsRemainingLife(ComputerUtil.java:3179)
	at app//forge.ai.AiAttackController.notNeededAsBlockers(AiAttackController.java:426)
	at app//forge.ai.AiAttackController.declareAttackers(AiAttackController.java:1279)
	at app//forge.ai.AiController.getPredictedCombat(AiController.java:145)
	at app//forge.ai.ComputerUtilCard.doesCreatureAttackAI(ComputerUtilCard.java:806)
	at app//forge.ai.ComputerUtilCard.shouldPumpCard(ComputerUtilCard.java:1557)
	at app//forge.ai.ComputerUtilCard.shouldPumpCard(ComputerUtilCard.java:1446)
	at app//forge.ai.ability.CountersPutAi.checkApiLogic(CountersPutAi.java:539)
	at app//forge.ai.SpellAbilityAi.canPlayWithoutRestrict(SpellAbilityAi.java:98)
	at app//forge.ai.SpellAbilityAi.canPlay(SpellAbilityAi.java:76)
java.util.concurrent.TimeoutException
	at java.base/java.util.concurrent.FutureTask.get(FutureTask.java:204)
	at forge.ai.AiController.chooseSpellAbilityToPlayFromList(AiController.java:1696)
	at forge.ai.AiController.getSpellAbilityToPlay(AiController.java:1583)
	at forge.ai.AiController.chooseSpellAbilityToPlay(AiController.java:1403)
	at forge.ai.PlayerControllerAi.chooseSpellAbilityToPlay(PlayerControllerAi.java:832)
	at forge.game.phase.PhaseHandler.mainLoopStep(PhaseHandler.java:1056)
	at forge.game.phase.PhaseHandler.mainGameLoop(PhaseHandler.java:1035)
	at forge.game.phase.PhaseHandler.startFirstTurn(PhaseHandler.java:1029)
	at forge.game.GameAction.startGame(GameAction.java:2373)
	at forge.game.Match.startGame(Match.java:92)
	at forge.game.Match.startGame(Match.java:77)
	at forge.view.SimulateMatch.lambda$simulateSingleMatch$0(SimulateMatch.java:213)
	at forge.view.TimeLimitedCodeBlock.lambda$runWithTimeout$0(TimeLimitedCodeBlock.java:18)
	at java.base/java.util.concurrent.FutureTask.run(FutureTask.java:264)
	at java.base/java.util.concurrent.ThreadPoolExecutor.runWorker(ThreadPoolExecutor.java:1136)
	at java.base/java.util.concurrent.ThreadPoolExecutor$Worker.run(ThreadPoolExecutor.java:635)
	at java.base/java.lang.Thread.run(Thread.java:840)
AI eval thread at timeout:
	at app//forge.card.CardType.hasSubtype(CardType.java:385)
	at app//forge.card.CardType.isSaga(CardType.java:565)
	at app//forge.game.card.CardState.getReplacementEffects(CardState.java:747)
	at app//forge.game.card.CardState.getReplacementEffects(CardState.java:723)
	at app//forge.game.card.Card.getReplacementEffects(Card.java:7055)
	at app//forge.game.replacement.ReplacementHandler.lambda$getReplacementList$0(ReplacementHandler.java:134)
	at app//forge.game.replacement.ReplacementHandler$$Lambda$430/0x0000009001262e18.visit(Unknown Source)
	at app//forge.util.Visitor.visitAll(Visitor.java:16)
	at app//forge.game.Game.forEachCardInGame(Game.java:751)
	at app//forge.game.replacement.ReplacementHandler.getReplacementList(ReplacementHandler.java:102)
	at app//forge.game.replacement.ReplacementHandler.cantHappenCheck(ReplacementHandler.java:174)
	at app//forge.game.card.Card.canTap(Card.java:4696)
	at app//forge.game.card.Card.canTap(Card.java:4688)
	at app//forge.game.cost.CostTap.canPay(CostTap.java:69)
	at app//forge.game.cost.Cost.canPay(Cost.java:1085)
	at app//forge.game.cost.CostPayment.canPayAdditionalCosts(CostPayment.java:104)
	at app//forge.game.cost.CostPayment.canPayAdditionalCosts(CostPayment.java:96)
	at app//forge.game.spellability.AbilityActivated.canPlay(AbilityActivated.java:103)
	at app//forge.ai.ComputerUtilMana.groupSourcesByManaColor(ComputerUtilMana.java:1505)
	at app//forge.ai.ComputerUtilMana.getSourcesForShards(ComputerUtilMana.java:831)
	at app//forge.ai.ComputerUtilMana.payManaCost(ComputerUtilMana.java:638)
	at app//forge.ai.ComputerUtilMana.payManaCost(ComputerUtilMana.java:74)
	at app//forge.ai.ComputerUtilMana.canPayManaCost(ComputerUtilMana.java:63)
	at app//forge.ai.ComputerUtilCost.canPayCost(ComputerUtilCost.java:634)
	at app//forge.ai.ComputerUtilCost.canPayCost(ComputerUtilCost.java:530)
	at app//forge.ai.ComputerUtilCombat.canGainKeyword(ComputerUtilCombat.java:2290)
	at app//forge.ai.ComputerUtilCombat.dealsFirstStrikeDamage(ComputerUtilCombat.java:2251)
	at app//forge.ai.ComputerUtilCombat.canDestroyAttacker(ComputerUtilCombat.java:1743)
	at app//forge.ai.AiBlockController.getKillingBlockers(AiBlockController.java:120)
	at app//forge.ai.AiBlockController.makeTradeBlocks(AiBlockController.java:618)
java.util.concurrent.TimeoutException
	at java.base/java.util.concurrent.FutureTask.get(FutureTask.java:204)
	at forge.ai.AiController.chooseSpellAbilityToPlayFromList(AiController.java:1696)
	at forge.ai.AiController.getSpellAbilityToPlay(AiController.java:1583)
	at forge.ai.AiController.chooseSpellAbilityToPlay(AiController.java:1403)
	at forge.ai.PlayerControllerAi.chooseSpellAbilityToPlay(PlayerControllerAi.java:832)
	at forge.game.phase.PhaseHandler.mainLoopStep(PhaseHandler.java:1056)
	at forge.game.phase.PhaseHandler.mainGameLoop(PhaseHandler.java:1035)
	at forge.game.phase.PhaseHandler.startFirstTurn(PhaseHandler.java:1029)
	at forge.game.GameAction.startGame(GameAction.java:2373)
	at forge.game.Match.startGame(Match.java:92)
	at forge.game.Match.startGame(Match.java:77)
	at forge.view.SimulateMatch.lambda$simulateSingleMatch$0(SimulateMatch.java:213)
	at forge.view.TimeLimitedCodeBlock.lambda$runWithTimeout$0(TimeLimitedCodeBlock.java:18)
	at java.base/java.util.concurrent.FutureTask.run(FutureTask.java:264)
	at java.base/java.util.concurrent.ThreadPoolExecutor.runWorker(ThreadPoolExecutor.java:1136)
	at java.base/java.util.concurrent.ThreadPoolExecutor$Worker.run(ThreadPoolExecutor.java:635)
	at java.base/java.lang.Thread.run(Thread.java:840)
AI eval thread at timeout:
	at app//forge.card.CardType.hasSubtype(CardType.java:385)
	at app//forge.card.CardType.isSaga(CardType.java:565)
	at app//forge.game.card.CardState.getReplacementEffects(CardState.java:747)
	at app//forge.game.card.CardState.getReplacementEffects(CardState.java:723)
	at app//forge.game.card.Card.getReplacementEffects(Card.java:7055)
	at app//forge.game.replacement.ReplacementHandler.lambda$getReplacementList$0(ReplacementHandler.java:134)
	at app//forge.game.replacement.ReplacementHandler$$Lambda$430/0x0000009001262e18.visit(Unknown Source)
	at app//forge.util.Visitor.visitAll(Visitor.java:16)
	at app//forge.game.Game.forEachCardInGame(Game.java:760)
	at app//forge.game.replacement.ReplacementHandler.getReplacementList(ReplacementHandler.java:102)
	at app//forge.ai.ComputerUtilMana.groupSourcesByManaColor(ComputerUtilMana.java:1537)
	at app//forge.ai.ComputerUtilMana.getSourcesForShards(ComputerUtilMana.java:831)
	at app//forge.ai.ComputerUtilMana.payManaCost(ComputerUtilMana.java:638)
	at app//forge.ai.ComputerUtilMana.payManaCost(ComputerUtilMana.java:74)
	at app//forge.ai.ComputerUtilMana.canPayManaCost(ComputerUtilMana.java:63)
	at app//forge.ai.ComputerUtilCost.canPayCost(ComputerUtilCost.java:634)
	at app//forge.ai.ComputerUtilCost.canPayCost(ComputerUtilCost.java:530)
	at app//forge.ai.ComputerUtilCombat.canGainKeyword(ComputerUtilCombat.java:2290)
	at app//forge.ai.ComputerUtilCombat.dealsFirstStrikeDamage(ComputerUtilCombat.java:2251)
	at app//forge.ai.ComputerUtilCombat.predictPowerBonusOfAttacker(ComputerUtilCombat.java:1162)
	at app//forge.ai.ComputerUtilCombat.canDestroyBlocker(ComputerUtilCombat.java:1912)
	at app//forge.ai.AiBlockController.getSafeBlockers(AiBlockController.java:106)
	at app//forge.ai.AiBlockController.makeGoodBlocks(AiBlockController.java:198)
	at app//forge.ai.AiBlockController.assignBlockers(AiBlockController.java:1083)
	at app//forge.ai.AiBlockController.assignBlockersForCombat(AiBlockController.java:1014)
	at app//forge.ai.ComputerUtil.predictNextCombatsRemainingLife(ComputerUtil.java:3214)
	at app//forge.ai.ComputerUtil.predictNextCombatsRemainingLife(ComputerUtil.java:3179)
	at app//forge.ai.AiAttackController.notNeededAsBlockers(AiAttackController.java:426)
	at app//forge.ai.AiAttackController.declareAttackers(AiAttackController.java:1279)
	at app//forge.ai.AiController.getPredictedCombat(AiController.java:145)
java.util.concurrent.TimeoutException
	at java.base/java.util.concurrent.FutureTask.get(FutureTask.java:204)
	at forge.ai.AiController.chooseSpellAbilityToPlayFromList(AiController.java:1696)
	at forge.ai.AiController.getSpellAbilityToPlay(AiController.java:1583)
	at forge.ai.AiController.chooseSpellAbilityToPlay(AiController.java:1403)
	at forge.ai.PlayerControllerAi.chooseSpellAbilityToPlay(PlayerControllerAi.java:832)
	at forge.game.phase.PhaseHandler.mainLoopStep(PhaseHandler.java:1056)
	at forge.game.phase.PhaseHandler.mainGameLoop(PhaseHandler.java:1035)
	at forge.game.phase.PhaseHandler.startFirstTurn(PhaseHandler.java:1029)
	at forge.game.GameAction.startGame(GameAction.java:2373)
	at forge.game.Match.startGame(Match.java:92)
	at forge.game.Match.startGame(Match.java:77)
	at forge.view.SimulateMatch.lambda$simulateSingleMatch$0(SimulateMatch.java:213)
	at forge.view.TimeLimitedCodeBlock.lambda$runWithTimeout$0(TimeLimitedCodeBlock.java:18)
	at java.base/java.util.concurrent.FutureTask.run(FutureTask.java:264)
	at java.base/java.util.concurrent.ThreadPoolExecutor.runWorker(ThreadPoolExecutor.java:1136)
	at java.base/java.util.concurrent.ThreadPoolExecutor$Worker.run(ThreadPoolExecutor.java:635)
	at java.base/java.lang.Thread.run(Thread.java:840)
AI eval thread at timeout:
	at java.base@17.0.17/java.util.ArrayList.addAll(ArrayList.java:670)
	at app//forge.util.collect.FCollection.<init>(FCollection.java:100)
	at app//forge.game.card.CardState.getReplacementEffects(CardState.java:726)
	at app//forge.game.card.CardState.getReplacementEffects(CardState.java:723)
	at app//forge.game.card.Card.getReplacementEffects(Card.java:7055)
	at app//forge.game.replacement.ReplacementHandler.lambda$getReplacementList$0(ReplacementHandler.java:134)
	at app//forge.game.replacement.ReplacementHandler$$Lambda$430/0x0000009001262e18.visit(Unknown Source)
	at app//forge.util.Visitor.visitAll(Visitor.java:16)
	at app//forge.game.Game.forEachCardInGame(Game.java:757)
	at app//forge.game.replacement.ReplacementHandler.getReplacementList(ReplacementHandler.java:102)
	at app//forge.game.replacement.ReplacementHandler.cantHappenCheck(ReplacementHandler.java:174)
	at app//forge.game.card.Card.canUntap(Card.java:4745)
	at app//forge.game.spellability.SpellAbility.calculateScoreForManaAbility(SpellAbility.java:2413)
	at app//forge.ai.ComputerUtilMana.scoreManaProducingCard(ComputerUtilMana.java:110)
	at app//forge.ai.ComputerUtilMana.sortManaAbilities(ComputerUtilMana.java:140)
	at app//forge.ai.ComputerUtilMana.getSourcesForShards(ComputerUtilMana.java:858)
	at app//forge.ai.ComputerUtilMana.payManaCost(ComputerUtilMana.java:638)
	at app//forge.ai.ComputerUtilMana.payManaCost(ComputerUtilMana.java:74)
	at app//forge.ai.ComputerUtilMana.canPayManaCost(ComputerUtilMana.java:63)
	at app//forge.ai.ComputerUtilCost.canPayCost(ComputerUtilCost.java:634)
	at app//forge.ai.ComputerUtilCost.canPayCost(ComputerUtilCost.java:530)
	at app//forge.ai.ComputerUtilCombat.canGainKeyword(ComputerUtilCombat.java:2290)
	at app//forge.ai.ComputerUtilCombat.hasKeyword(ComputerUtilCombat.java:2270)
	at app//forge.ai.ComputerUtilCombat.canDestroyAttacker(ComputerUtilCombat.java:1754)
	at app//forge.ai.AiBlockController.getKillingBlockers(AiBlockController.java:120)
	at app//forge.ai.AiBlockController.makeGoodBlocks(AiBlockController.java:239)
	at app//forge.ai.AiBlockController.assignBlockers(AiBlockController.java:1083)
	at app//forge.ai.AiBlockController.assignBlockersForCombat(AiBlockController.java:1014)
	at app//forge.ai.ComputerUtil.predictNextCombatsRemainingLife(ComputerUtil.java:3214)
	at app//forge.ai.ComputerUtil.predictNextCombatsRemainingLife(ComputerUtil.java:3179)
java.util.concurrent.TimeoutException
	at java.base/java.util.concurrent.FutureTask.get(FutureTask.java:204)
	at forge.ai.AiController.chooseSpellAbilityToPlayFromList(AiController.java:1696)
	at forge.ai.AiController.getSpellAbilityToPlay(AiController.java:1583)
	at forge.ai.AiController.chooseSpellAbilityToPlay(AiController.java:1403)
	at forge.ai.PlayerControllerAi.chooseSpellAbilityToPlay(PlayerControllerAi.java:832)
	at forge.game.phase.PhaseHandler.mainLoopStep(PhaseHandler.java:1056)
	at forge.game.phase.PhaseHandler.mainGameLoop(PhaseHandler.java:1035)
	at forge.game.phase.PhaseHandler.startFirstTurn(PhaseHandler.java:1029)
	at forge.game.GameAction.startGame(GameAction.java:2373)
	at forge.game.Match.startGame(Match.java:92)
	at forge.game.Match.startGame(Match.java:77)
	at forge.view.SimulateMatch.lambda$simulateSingleMatch$0(SimulateMatch.java:213)
	at forge.view.TimeLimitedCodeBlock.lambda$runWithTimeout$0(TimeLimitedCodeBlock.java:18)
	at java.base/java.util.concurrent.FutureTask.run(FutureTask.java:264)
	at java.base/java.util.concurrent.ThreadPoolExecutor.runWorker(ThreadPoolExecutor.java:1136)
	at java.base/java.util.concurrent.ThreadPoolExecutor$Worker.run(ThreadPoolExecutor.java:635)
	at java.base/java.lang.Thread.run(Thread.java:840)
AI eval thread at timeout:
	at app//com.google.common.collect.AbstractMultimap$Values.iterator(AbstractMultimap.java:184)
	at app//forge.game.keyword.KeywordCollection.applyReplacementEffect(KeywordCollection.java:200)
	at app//forge.game.card.Card.updateReplacementEffects(Card.java:7069)
	at app//forge.game.card.CardState.getReplacementEffects(CardState.java:754)
	at app//forge.game.card.CardState.getReplacementEffects(CardState.java:723)
	at app//forge.game.card.Card.getReplacementEffects(Card.java:7055)
	at app//forge.game.replacement.ReplacementHandler.lambda$getReplacementList$0(ReplacementHandler.java:134)
	at app//forge.game.replacement.ReplacementHandler$$Lambda$430/0x0000009001262e18.visit(Unknown Source)
	at app//forge.util.Visitor.visitAll(Visitor.java:16)
	at app//forge.game.Game.forEachCardInGame(Game.java:760)
	at app//forge.game.replacement.ReplacementHandler.getReplacementList(ReplacementHandler.java:102)
	at app//forge.game.replacement.ReplacementHandler.cantHappenCheck(ReplacementHandler.java:174)
	at app//forge.game.card.Card.canTap(Card.java:4696)
	at app//forge.game.card.Card.canTap(Card.java:4688)
	at app//forge.game.cost.CostTap.canPay(CostTap.java:69)
	at app//forge.game.cost.Cost.canPay(Cost.java:1085)
	at app//forge.game.cost.CostPayment.canPayAdditionalCosts(CostPayment.java:104)
	at app//forge.game.cost.CostPayment.canPayAdditionalCosts(CostPayment.java:96)
	at app//forge.game.spellability.AbilityActivated.canPlay(AbilityActivated.java:103)
	at app//forge.ai.ComputerUtilMana.groupSourcesByManaColor(ComputerUtilMana.java:1505)
	at app//forge.ai.ComputerUtilMana.getSourcesForShards(ComputerUtilMana.java:831)
	at app//forge.ai.ComputerUtilMana.payManaCost(ComputerUtilMana.java:638)
	at app//forge.ai.ComputerUtilMana.payManaCost(ComputerUtilMana.java:74)
	at app//forge.ai.ComputerUtilMana.canPayManaCost(ComputerUtilMana.java:63)
	at app//forge.ai.ComputerUtilCost.canPayCost(ComputerUtilCost.java:634)
	at app//forge.ai.ComputerUtilCost.canPayCost(ComputerUtilCost.java:530)
	at app//forge.ai.ComputerUtilCombat.canGainKeyword(ComputerUtilCombat.java:2290)
	at app//forge.ai.ComputerUtilCombat.dealsFirstStrikeDamage(ComputerUtilCombat.java:2251)
	at app//forge.ai.ComputerUtilCombat.predictPowerBonusOfAttacker(ComputerUtilCombat.java:1162)
	at app//forge.ai.ComputerUtilCombat.canDestroyBlocker(ComputerUtilCombat.java:1912)
java.util.concurrent.TimeoutException
	at java.base/java.util.concurrent.FutureTask.get(FutureTask.java:204)
	at forge.ai.AiController.chooseSpellAbilityToPlayFromList(AiController.java:1696)
	at forge.ai.AiController.getSpellAbilityToPlay(AiController.java:1583)
	at forge.ai.AiController.chooseSpellAbilityToPlay(AiController.java:1403)
	at forge.ai.PlayerControllerAi.chooseSpellAbilityToPlay(PlayerControllerAi.java:832)
	at forge.game.phase.PhaseHandler.mainLoopStep(PhaseHandler.java:1056)
	at forge.game.phase.PhaseHandler.mainGameLoop(PhaseHandler.java:1035)
	at forge.game.phase.PhaseHandler.startFirstTurn(PhaseHandler.java:1029)
	at forge.game.GameAction.startGame(GameAction.java:2373)
	at forge.game.Match.startGame(Match.java:92)
	at forge.game.Match.startGame(Match.java:77)
	at forge.view.SimulateMatch.lambda$simulateSingleMatch$0(SimulateMatch.java:213)
	at forge.view.TimeLimitedCodeBlock.lambda$runWithTimeout$0(TimeLimitedCodeBlock.java:18)
	at java.base/java.util.concurrent.FutureTask.run(FutureTask.java:264)
	at java.base/java.util.concurrent.ThreadPoolExecutor.runWorker(ThreadPoolExecutor.java:1136)
	at java.base/java.util.concurrent.ThreadPoolExecutor$Worker.run(ThreadPoolExecutor.java:635)
	at java.base/java.lang.Thread.run(Thread.java:840)
AI eval thread at timeout:
	at app//forge.game.card.Card.updateReplacementEffects(Card.java:7065)
	at app//forge.game.card.CardState.getReplacementEffects(CardState.java:754)
	at app//forge.game.card.CardState.getReplacementEffects(CardState.java:723)
	at app//forge.game.card.Card.getReplacementEffects(Card.java:7055)
	at app//forge.game.GameEntity.staticDamagePrevention(GameEntity.java:106)
	at app//forge.ai.ComputerUtilCombat.predictDamageTo(ComputerUtilCombat.java:2231)
	at app//forge.ai.ComputerUtilCombat.canDestroyBlocker(ComputerUtilCombat.java:1923)
	at app//forge.ai.AiBlockController.getSafeBlockers(AiBlockController.java:106)
	at app//forge.ai.AiBlockController.makeGoodBlocks(AiBlockController.java:198)
	at app//forge.ai.AiBlockController.assignBlockers(AiBlockController.java:1083)
	at app//forge.ai.AiBlockController.assignBlockersForCombat(AiBlockController.java:1014)
	at app//forge.ai.ComputerUtil.predictNextCombatsRemainingLife(ComputerUtil.java:3214)
	at app//forge.ai.ComputerUtil.predictNextCombatsRemainingLife(ComputerUtil.java:3179)
	at app//forge.ai.AiAttackController.notNeededAsBlockers(AiAttackController.java:426)
	at app//forge.ai.AiAttackController.declareAttackers(AiAttackController.java:1279)
	at app//forge.ai.AiController.getPredictedCombat(AiController.java:145)
	at app//forge.ai.ComputerUtilCard.doesCreatureAttackAI(ComputerUtilCard.java:806)
	at app//forge.ai.ComputerUtilCard.shouldPumpCard(ComputerUtilCard.java:1557)
	at app//forge.ai.ability.PumpAi.checkApiLogic(PumpAi.java:316)
	at app//forge.ai.SpellAbilityAi.canPlayWithoutRestrict(SpellAbilityAi.java:98)
	at app//forge.ai.SpellAbilityAi.canPlay(SpellAbilityAi.java:76)
	at app//forge.ai.SpellAbilityAi.canPlayWithSubs(SpellAbilityAi.java:55)
	at app//forge.ai.AiController.canPlaySa(AiController.java:909)
	at app//forge.ai.AiController.canPlayAndPayForFace(AiController.java:855)
	at app//forge.ai.AiController.canPlayAndPayFor(AiController.java:833)
	at app//forge.ai.AiController.lambda$chooseSpellAbilityToPlayFromList$9(AiController.java:1675)
	at app//forge.ai.AiController$$Lambda$462/0x0000009001285b48.call(Unknown Source)
	at java.base@17.0.17/java.util.concurrent.FutureTask.run(FutureTask.java:264)
	at java.base@17.0.17/java.lang.Thread.run(Thread.java:840)
Stopping slow match as draw
java.lang.InterruptedException
	at java.base/java.util.concurrent.FutureTask.awaitDone(FutureTask.java:418)
	at java.base/java.util.concurrent.FutureTask.get(FutureTask.java:203)
	at forge.ai.AiController.chooseSpellAbilityToPlayFromList(AiController.java:1696)
	at forge.ai.AiController.getSpellAbilityToPlay(AiController.java:1583)
	at forge.ai.AiController.chooseSpellAbilityToPlay(AiController.java:1403)
	at forge.ai.PlayerControllerAi.chooseSpellAbilityToPlay(PlayerControllerAi.java:832)
	at forge.game.phase.PhaseHandler.mainLoopStep(PhaseHandler.java:1056)
	at forge.game.phase.PhaseHandler.mainGameLoop(PhaseHandler.java:1035)
	at forge.game.phase.PhaseHandler.startFirstTurn(PhaseHandler.java:1029)
	at forge.game.GameAction.startGame(GameAction.java:2373)
	at forge.game.Match.startGame(Match.java:92)
	at forge.game.Match.startGame(Match.java:77)
	at forge.view.SimulateMatch.lambda$simulateSingleMatch$0(SimulateMatch.java:213)
	at forge.view.TimeLimitedCodeBlock.lambda$runWithTimeout$0(TimeLimitedCodeBlock.java:18)
	at java.base/java.util.concurrent.FutureTask.run(FutureTask.java:264)
	at java.base/java.util.concurrent.ThreadPoolExecutor.runWorker(ThreadPoolExecutor.java:1136)
	at java.base/java.util.concurrent.ThreadPoolExecutor$Worker.run(ThreadPoolExecutor.java:635)
	at java.base/java.lang.Thread.run(Thread.java:840)
Game Outcome: Turn 11
Game Outcome: Ai(1)-Lathril v0.3.2 - Arena Mirror has won because all opponents have lost
Game Outcome: Ai(2)-Phelia Competitive Brawl MTGGoldfish 2026-08 has won because all opponents have lost
Match Result: Ai(1)-Lathril v0.3.2 - Arena Mirror: 12 Ai(2)-Phelia Competitive Brawl MTGGoldfish 2026-08: 31

Game Result: Game 43 ended in 120002 ms. Ai(2)-Phelia Competitive Brawl MTGGoldfish 2026-08 has won!

Game Outcome: Turn 14
Game Outcome: Ai(1)-Lathril v0.3.2 - Arena Mirror has lost because life total reached 0
Game Outcome: Ai(2)-Phelia Competitive Brawl MTGGoldfish 2026-08 has won because all opponents have lost
Match Result: Ai(1)-Lathril v0.3.2 - Arena Mirror: 12 Ai(2)-Phelia Competitive Brawl MTGGoldfish 2026-08: 32

Game Result: Game 44 ended in 4050 ms. Ai(2)-Phelia Competitive Brawl MTGGoldfish 2026-08 has won!

Game Outcome: Turn 8
Game Outcome: Ai(1)-Lathril v0.3.2 - Arena Mirror has lost because life total reached 0
Game Outcome: Ai(2)-Phelia Competitive Brawl MTGGoldfish 2026-08 has won because all opponents have lost
Match Result: Ai(1)-Lathril v0.3.2 - Arena Mirror: 12 Ai(2)-Phelia Competitive Brawl MTGGoldfish 2026-08: 33

Game Result: Game 45 ended in 1770 ms. Ai(2)-Phelia Competitive Brawl MTGGoldfish 2026-08 has won!

Game Outcome: Turn 9
Game Outcome: Ai(1)-Lathril v0.3.2 - Arena Mirror has won because all opponents have lost
Game Outcome: Ai(2)-Phelia Competitive Brawl MTGGoldfish 2026-08 has lost because life total reached 0
Match Result: Ai(1)-Lathril v0.3.2 - Arena Mirror: 13 Ai(2)-Phelia Competitive Brawl MTGGoldfish 2026-08: 33

Game Result: Game 46 ended in 1570 ms. Ai(1)-Lathril v0.3.2 - Arena Mirror has won!

[Ai(1)-Lathril v0.3.2 - Arena Mirror] AI failed to play Celestial Reunion (24) [Stack]
Game Outcome: Turn 7
Game Outcome: Ai(1)-Lathril v0.3.2 - Arena Mirror has lost because life total reached 0
Game Outcome: Ai(2)-Phelia Competitive Brawl MTGGoldfish 2026-08 has won because all opponents have lost
Match Result: Ai(1)-Lathril v0.3.2 - Arena Mirror: 13 Ai(2)-Phelia Competitive Brawl MTGGoldfish 2026-08: 34

Game Result: Game 47 ended in 1708 ms. Ai(2)-Phelia Competitive Brawl MTGGoldfish 2026-08 has won!

Default player choice logic.
Correcting zone for Wishclaw Talisman (94)
Default player choice logic.
Correcting zone for Wishclaw Talisman (94)
Default player choice logic.
Correcting zone for Wishclaw Talisman (94)
Undercity (205) - [Couldn't add to stack, failed to target] - Goad target creature.[[Summon: Yojimbo (158), Seasoned Dungeoneer (141)]]
Game Outcome: Turn 13
Game Outcome: Ai(1)-Lathril v0.3.2 - Arena Mirror has lost because life total reached 0
Game Outcome: Ai(2)-Phelia Competitive Brawl MTGGoldfish 2026-08 has won because all opponents have lost
Match Result: Ai(1)-Lathril v0.3.2 - Arena Mirror: 13 Ai(2)-Phelia Competitive Brawl MTGGoldfish 2026-08: 35

Game Result: Game 48 ended in 4247 ms. Ai(2)-Phelia Competitive Brawl MTGGoldfish 2026-08 has won!

Default player choice logic.
Correcting zone for Wishclaw Talisman (94)
Default player choice logic.
Correcting zone for Wishclaw Talisman (94)
Default player choice logic.
Correcting zone for Wishclaw Talisman (94)
Game Outcome: Turn 7
Game Outcome: Ai(1)-Lathril v0.3.2 - Arena Mirror has won because all opponents have lost
Game Outcome: Ai(2)-Phelia Competitive Brawl MTGGoldfish 2026-08 has lost because life total reached 0
Match Result: Ai(1)-Lathril v0.3.2 - Arena Mirror: 14 Ai(2)-Phelia Competitive Brawl MTGGoldfish 2026-08: 35

Game Result: Game 49 ended in 1510 ms. Ai(1)-Lathril v0.3.2 - Arena Mirror has won!

Game Outcome: Turn 7
Game Outcome: Ai(1)-Lathril v0.3.2 - Arena Mirror has lost because life total reached 0
Game Outcome: Ai(2)-Phelia Competitive Brawl MTGGoldfish 2026-08 has won because all opponents have lost
Match Result: Ai(1)-Lathril v0.3.2 - Arena Mirror: 14 Ai(2)-Phelia Competitive Brawl MTGGoldfish 2026-08: 36

Game Result: Game 50 ended in 8781 ms. Ai(2)-Phelia Competitive Brawl MTGGoldfish 2026-08 has won!
