Error handling registered!
17:03:23 [INFO ] GuiBase: ##########################################
17:03:23 [INFO ] GuiBase: APP: Forge v.2.0.14-SNAPSHOT-08.08
17:03:23 [INFO ] GuiBase: Java: 17.0.17 (Homebrew)
17:03:23 [INFO ] GuiBase: OS: Mac OS X 15.5 aarch64
17:03:23 [INFO ] GuiBase: RAM: 4096 MB max, 8 CPUs
17:03:23 [INFO ] GuiBase: ##########################################
Language 'en-US' loaded successfully.
(ThreadUtil first call): Running with priority 5
Read cards: 33617 archived files in 1 ms (25 parts) using thread pool
Upcoming set Star Trek (TRK) dated in the future. All `upcoming` cards will be added to this set with unknown rarity.
The card A-Alrund's Epiphany was not assigned to any set. Adding it to UNKNOWN set... to fix see res/editions/ folder.
The card A-Baba Lysaga, Night Witch was not assigned to any set. Adding it to UNKNOWN set... to fix see res/editions/ folder.
The card A-Divide by Zero was not assigned to any set. Adding it to UNKNOWN set... to fix see res/editions/ folder.
The card A-Esika's Chariot was not assigned to any set. Adding it to UNKNOWN set... to fix see res/editions/ folder.
The card A-Faceless Haven was not assigned to any set. Adding it to UNKNOWN set... to fix see res/editions/ folder.
The card A-Fires of Invention was not assigned to any set. Adding it to UNKNOWN set... to fix see res/editions/ folder.
The card A-Goldspan Dragon was not assigned to any set. Adding it to UNKNOWN set... to fix see res/editions/ folder.
The card A-Hullbreaker Horror was not assigned to any set. Adding it to UNKNOWN set... to fix see res/editions/ folder.
The card A-Kumano Faces Kakkazan was not assigned to any set. Adding it to UNKNOWN set... to fix see res/editions/ folder.
The card A-Luminarch Aspirant was not assigned to any set. Adding it to UNKNOWN set... to fix see res/editions/ folder.
The card A-Monster Manual was not assigned to any set. Adding it to UNKNOWN set... to fix see res/editions/ folder.
The card A-Omnath, Locus of Creation was not assigned to any set. Adding it to UNKNOWN set... to fix see res/editions/ folder.
The card A-The Meathook Massacre was not assigned to any set. Adding it to UNKNOWN set... to fix see res/editions/ folder.
The card A-Unholy Heat was not assigned to any set. Adding it to UNKNOWN set... to fix see res/editions/ folder.
The card Blinding Radiance was not assigned to any set. Adding it to UNKNOWN set... to fix see res/editions/ folder.
The card Goblin Bruiser was not assigned to any set. Adding it to UNKNOWN set... to fix see res/editions/ folder.
The card Ogre Painbringer was not assigned to any set. Adding it to UNKNOWN set... to fix see res/editions/ folder.
The card Titanic Pelagosaur was not assigned to any set. Adding it to UNKNOWN set... to fix see res/editions/ folder.
The card Treetop Recluse was not assigned to any set. Adding it to UNKNOWN set... to fix see res/editions/ folder.
Upcoming set Star Trek (TRK) dated in the future. All `upcoming` cards will be added to this set with unknown rarity.
Read cards: 836 files in 0 ms (8 parts) using thread pool
Simulation mode
Ai(1)-Merry, Esquire of Rohan Competitive Brawl BrawlREC 2026-07 vs Ai(2)-Lathril v0.3.2 - Arena Mirror - fifty  games of Brawl seed 32016
[Ai(1)-Merry, Esquire of Rohan Competitive Brawl BrawlREC 2026-07] AI failed to play Detective's Phoenix (61) [Stack]
Game Outcome: Turn 17
Game Outcome: Ai(1)-Merry, Esquire of Rohan Competitive Brawl BrawlREC 2026-07 has lost because life total reached 0
Game Outcome: Ai(2)-Lathril v0.3.2 - Arena Mirror has won because all opponents have lost
Match Result: Ai(1)-Merry, Esquire of Rohan Competitive Brawl BrawlREC 2026-07: 0 Ai(2)-Lathril v0.3.2 - Arena Mirror: 1

Game Result: Game 1 ended in 118188 ms. Ai(2)-Lathril v0.3.2 - Arena Mirror has won!

Game Outcome: Turn 6
Game Outcome: Ai(1)-Merry, Esquire of Rohan Competitive Brawl BrawlREC 2026-07 has won because all opponents have lost
Game Outcome: Ai(2)-Lathril v0.3.2 - Arena Mirror has lost because life total reached 0
Match Result: Ai(1)-Merry, Esquire of Rohan Competitive Brawl BrawlREC 2026-07: 1 Ai(2)-Lathril v0.3.2 - Arena Mirror: 1

Game Result: Game 2 ended in 2438 ms. Ai(1)-Merry, Esquire of Rohan Competitive Brawl BrawlREC 2026-07 has won!

Game Outcome: Turn 7
Game Outcome: Ai(1)-Merry, Esquire of Rohan Competitive Brawl BrawlREC 2026-07 has won because all opponents have lost
Game Outcome: Ai(2)-Lathril v0.3.2 - Arena Mirror has lost because life total reached 0
Match Result: Ai(1)-Merry, Esquire of Rohan Competitive Brawl BrawlREC 2026-07: 2 Ai(2)-Lathril v0.3.2 - Arena Mirror: 1

Game Result: Game 3 ended in 3585 ms. Ai(1)-Merry, Esquire of Rohan Competitive Brawl BrawlREC 2026-07 has won!

Game Outcome: Turn 6
Game Outcome: Ai(1)-Merry, Esquire of Rohan Competitive Brawl BrawlREC 2026-07 has won because all opponents have lost
Game Outcome: Ai(2)-Lathril v0.3.2 - Arena Mirror has lost because life total reached 0
Match Result: Ai(1)-Merry, Esquire of Rohan Competitive Brawl BrawlREC 2026-07: 3 Ai(2)-Lathril v0.3.2 - Arena Mirror: 1

Game Result: Game 4 ended in 1454 ms. Ai(1)-Merry, Esquire of Rohan Competitive Brawl BrawlREC 2026-07 has won!

Game Outcome: Turn 11
Game Outcome: Ai(1)-Merry, Esquire of Rohan Competitive Brawl BrawlREC 2026-07 has lost because life total reached 0
Game Outcome: Ai(2)-Lathril v0.3.2 - Arena Mirror has won because all opponents have lost
Match Result: Ai(1)-Merry, Esquire of Rohan Competitive Brawl BrawlREC 2026-07: 3 Ai(2)-Lathril v0.3.2 - Arena Mirror: 2

Game Result: Game 5 ended in 4452 ms. Ai(2)-Lathril v0.3.2 - Arena Mirror has won!

Game Outcome: Turn 7
Game Outcome: Ai(1)-Merry, Esquire of Rohan Competitive Brawl BrawlREC 2026-07 has won because all opponents have lost
Game Outcome: Ai(2)-Lathril v0.3.2 - Arena Mirror has lost because life total reached 0
Match Result: Ai(1)-Merry, Esquire of Rohan Competitive Brawl BrawlREC 2026-07: 4 Ai(2)-Lathril v0.3.2 - Arena Mirror: 2

Game Result: Game 6 ended in 2172 ms. Ai(1)-Merry, Esquire of Rohan Competitive Brawl BrawlREC 2026-07 has won!

Game Outcome: Turn 5
Game Outcome: Ai(1)-Merry, Esquire of Rohan Competitive Brawl BrawlREC 2026-07 has won because all opponents have lost
Game Outcome: Ai(2)-Lathril v0.3.2 - Arena Mirror has lost because life total reached 0
Match Result: Ai(1)-Merry, Esquire of Rohan Competitive Brawl BrawlREC 2026-07: 5 Ai(2)-Lathril v0.3.2 - Arena Mirror: 2

Game Result: Game 7 ended in 956 ms. Ai(1)-Merry, Esquire of Rohan Competitive Brawl BrawlREC 2026-07 has won!

Game Outcome: Turn 9
Game Outcome: Ai(1)-Merry, Esquire of Rohan Competitive Brawl BrawlREC 2026-07 has won because all opponents have lost
Game Outcome: Ai(2)-Lathril v0.3.2 - Arena Mirror has lost because life total reached 0
Match Result: Ai(1)-Merry, Esquire of Rohan Competitive Brawl BrawlREC 2026-07: 6 Ai(2)-Lathril v0.3.2 - Arena Mirror: 2

Game Result: Game 8 ended in 2454 ms. Ai(1)-Merry, Esquire of Rohan Competitive Brawl BrawlREC 2026-07 has won!

Default player choice logic.
Correcting zone for Wishclaw Talisman (193)
Default player choice logic.
Correcting zone for Wishclaw Talisman (193)
Default player choice logic.
Correcting zone for Wishclaw Talisman (193)
Game Outcome: Turn 9
Game Outcome: Ai(1)-Merry, Esquire of Rohan Competitive Brawl BrawlREC 2026-07 has won because all opponents have lost
Game Outcome: Ai(2)-Lathril v0.3.2 - Arena Mirror has lost because life total reached 0
Match Result: Ai(1)-Merry, Esquire of Rohan Competitive Brawl BrawlREC 2026-07: 7 Ai(2)-Lathril v0.3.2 - Arena Mirror: 2

Game Result: Game 9 ended in 2517 ms. Ai(1)-Merry, Esquire of Rohan Competitive Brawl BrawlREC 2026-07 has won!

Game Outcome: Turn 10
Game Outcome: Ai(1)-Merry, Esquire of Rohan Competitive Brawl BrawlREC 2026-07 has won because all opponents have lost
Game Outcome: Ai(2)-Lathril v0.3.2 - Arena Mirror has lost because life total reached 0
Match Result: Ai(1)-Merry, Esquire of Rohan Competitive Brawl BrawlREC 2026-07: 8 Ai(2)-Lathril v0.3.2 - Arena Mirror: 2

Game Result: Game 10 ended in 4720 ms. Ai(1)-Merry, Esquire of Rohan Competitive Brawl BrawlREC 2026-07 has won!

[Ai(2)-Lathril v0.3.2 - Arena Mirror] AI failed to play Celestial Reunion (123) [Stack]
Game Outcome: Turn 11
Game Outcome: Ai(1)-Merry, Esquire of Rohan Competitive Brawl BrawlREC 2026-07 has lost because life total reached 0
Game Outcome: Ai(2)-Lathril v0.3.2 - Arena Mirror has won because all opponents have lost
Match Result: Ai(1)-Merry, Esquire of Rohan Competitive Brawl BrawlREC 2026-07: 8 Ai(2)-Lathril v0.3.2 - Arena Mirror: 3

Game Result: Game 11 ended in 11625 ms. Ai(2)-Lathril v0.3.2 - Arena Mirror has won!

[Ai(2)-Lathril v0.3.2 - Arena Mirror] AI failed to play Celestial Reunion (123) [Stack]
Game Outcome: Turn 5
Game Outcome: Ai(1)-Merry, Esquire of Rohan Competitive Brawl BrawlREC 2026-07 has won because all opponents have lost
Game Outcome: Ai(2)-Lathril v0.3.2 - Arena Mirror has lost because life total reached 0
Match Result: Ai(1)-Merry, Esquire of Rohan Competitive Brawl BrawlREC 2026-07: 9 Ai(2)-Lathril v0.3.2 - Arena Mirror: 3

Game Result: Game 12 ended in 980 ms. Ai(1)-Merry, Esquire of Rohan Competitive Brawl BrawlREC 2026-07 has won!

Game Outcome: Turn 9
Game Outcome: Ai(1)-Merry, Esquire of Rohan Competitive Brawl BrawlREC 2026-07 has won because all opponents have lost
Game Outcome: Ai(2)-Lathril v0.3.2 - Arena Mirror has lost because life total reached 0
Match Result: Ai(1)-Merry, Esquire of Rohan Competitive Brawl BrawlREC 2026-07: 10 Ai(2)-Lathril v0.3.2 - Arena Mirror: 3

Game Result: Game 13 ended in 2380 ms. Ai(1)-Merry, Esquire of Rohan Competitive Brawl BrawlREC 2026-07 has won!

Game Outcome: Turn 6
Game Outcome: Ai(1)-Merry, Esquire of Rohan Competitive Brawl BrawlREC 2026-07 has lost because life total reached 0
Game Outcome: Ai(2)-Lathril v0.3.2 - Arena Mirror has won because all opponents have lost
Match Result: Ai(1)-Merry, Esquire of Rohan Competitive Brawl BrawlREC 2026-07: 10 Ai(2)-Lathril v0.3.2 - Arena Mirror: 4

Game Result: Game 14 ended in 1817 ms. Ai(2)-Lathril v0.3.2 - Arena Mirror has won!

Game Outcome: Turn 6
Game Outcome: Ai(1)-Merry, Esquire of Rohan Competitive Brawl BrawlREC 2026-07 has won because all opponents have lost
Game Outcome: Ai(2)-Lathril v0.3.2 - Arena Mirror has lost because life total reached 0
Match Result: Ai(1)-Merry, Esquire of Rohan Competitive Brawl BrawlREC 2026-07: 11 Ai(2)-Lathril v0.3.2 - Arena Mirror: 4

Game Result: Game 15 ended in 1320 ms. Ai(1)-Merry, Esquire of Rohan Competitive Brawl BrawlREC 2026-07 has won!

Game Outcome: Turn 11
Game Outcome: Ai(1)-Merry, Esquire of Rohan Competitive Brawl BrawlREC 2026-07 has won because all opponents have lost
Game Outcome: Ai(2)-Lathril v0.3.2 - Arena Mirror has lost because life total reached 0
Match Result: Ai(1)-Merry, Esquire of Rohan Competitive Brawl BrawlREC 2026-07: 12 Ai(2)-Lathril v0.3.2 - Arena Mirror: 4

Game Result: Game 16 ended in 3213 ms. Ai(1)-Merry, Esquire of Rohan Competitive Brawl BrawlREC 2026-07 has won!

SVar 'X' not found in ability, fallback to Card (Maddening Hex). Ability is (   )
SVar 'X' not defined in Card (Maddening Hex)
SVar 'X' not found in ability, fallback to Card (Maddening Hex). Ability is (   )
SVar 'X' not defined in Card (Maddening Hex)
Game Outcome: Turn 9
Game Outcome: Ai(1)-Merry, Esquire of Rohan Competitive Brawl BrawlREC 2026-07 has lost because life total reached 0
Game Outcome: Ai(2)-Lathril v0.3.2 - Arena Mirror has won because all opponents have lost
Match Result: Ai(1)-Merry, Esquire of Rohan Competitive Brawl BrawlREC 2026-07: 12 Ai(2)-Lathril v0.3.2 - Arena Mirror: 5

Game Result: Game 17 ended in 4338 ms. Ai(2)-Lathril v0.3.2 - Arena Mirror has won!

Game Outcome: Turn 10
Game Outcome: Ai(1)-Merry, Esquire of Rohan Competitive Brawl BrawlREC 2026-07 has lost because life total reached 0
Game Outcome: Ai(2)-Lathril v0.3.2 - Arena Mirror has won because all opponents have lost
Match Result: Ai(1)-Merry, Esquire of Rohan Competitive Brawl BrawlREC 2026-07: 12 Ai(2)-Lathril v0.3.2 - Arena Mirror: 6

Game Result: Game 18 ended in 9457 ms. Ai(2)-Lathril v0.3.2 - Arena Mirror has won!

Game Outcome: Turn 6
Game Outcome: Ai(1)-Merry, Esquire of Rohan Competitive Brawl BrawlREC 2026-07 has won because all opponents have lost
Game Outcome: Ai(2)-Lathril v0.3.2 - Arena Mirror has lost because life total reached 0
Match Result: Ai(1)-Merry, Esquire of Rohan Competitive Brawl BrawlREC 2026-07: 13 Ai(2)-Lathril v0.3.2 - Arena Mirror: 6

Game Result: Game 19 ended in 9430 ms. Ai(1)-Merry, Esquire of Rohan Competitive Brawl BrawlREC 2026-07 has won!

Game Outcome: Turn 7
Game Outcome: Ai(1)-Merry, Esquire of Rohan Competitive Brawl BrawlREC 2026-07 has won because all opponents have lost
Game Outcome: Ai(2)-Lathril v0.3.2 - Arena Mirror has lost because life total reached 0
Match Result: Ai(1)-Merry, Esquire of Rohan Competitive Brawl BrawlREC 2026-07: 14 Ai(2)-Lathril v0.3.2 - Arena Mirror: 6

Game Result: Game 20 ended in 3516 ms. Ai(1)-Merry, Esquire of Rohan Competitive Brawl BrawlREC 2026-07 has won!

[Ai(1)-Merry, Esquire of Rohan Competitive Brawl BrawlREC 2026-07] AI failed to play Detective's Phoenix (61) [Stack]
Game Outcome: Turn 10
Game Outcome: Ai(1)-Merry, Esquire of Rohan Competitive Brawl BrawlREC 2026-07 has lost because life total reached 0
Game Outcome: Ai(2)-Lathril v0.3.2 - Arena Mirror has won because all opponents have lost
Match Result: Ai(1)-Merry, Esquire of Rohan Competitive Brawl BrawlREC 2026-07: 14 Ai(2)-Lathril v0.3.2 - Arena Mirror: 7

Game Result: Game 21 ended in 6295 ms. Ai(2)-Lathril v0.3.2 - Arena Mirror has won!

Game Outcome: Turn 11
Game Outcome: Ai(1)-Merry, Esquire of Rohan Competitive Brawl BrawlREC 2026-07 has lost because life total reached 0
Game Outcome: Ai(2)-Lathril v0.3.2 - Arena Mirror has won because all opponents have lost
Match Result: Ai(1)-Merry, Esquire of Rohan Competitive Brawl BrawlREC 2026-07: 14 Ai(2)-Lathril v0.3.2 - Arena Mirror: 8

Game Result: Game 22 ended in 15225 ms. Ai(2)-Lathril v0.3.2 - Arena Mirror has won!

Game Outcome: Turn 13
Game Outcome: Ai(1)-Merry, Esquire of Rohan Competitive Brawl BrawlREC 2026-07 has won because all opponents have lost
Game Outcome: Ai(2)-Lathril v0.3.2 - Arena Mirror has lost because life total reached 0
Match Result: Ai(1)-Merry, Esquire of Rohan Competitive Brawl BrawlREC 2026-07: 15 Ai(2)-Lathril v0.3.2 - Arena Mirror: 8

Game Result: Game 23 ended in 5336 ms. Ai(1)-Merry, Esquire of Rohan Competitive Brawl BrawlREC 2026-07 has won!

Game Outcome: Turn 8
Game Outcome: Ai(1)-Merry, Esquire of Rohan Competitive Brawl BrawlREC 2026-07 has won because all opponents have lost
Game Outcome: Ai(2)-Lathril v0.3.2 - Arena Mirror has lost because life total reached 0
Match Result: Ai(1)-Merry, Esquire of Rohan Competitive Brawl BrawlREC 2026-07: 16 Ai(2)-Lathril v0.3.2 - Arena Mirror: 8

Game Result: Game 24 ended in 2520 ms. Ai(1)-Merry, Esquire of Rohan Competitive Brawl BrawlREC 2026-07 has won!

Game Outcome: Turn 10
Game Outcome: Ai(1)-Merry, Esquire of Rohan Competitive Brawl BrawlREC 2026-07 has won because all opponents have lost
Game Outcome: Ai(2)-Lathril v0.3.2 - Arena Mirror has lost because life total reached 0
Match Result: Ai(1)-Merry, Esquire of Rohan Competitive Brawl BrawlREC 2026-07: 17 Ai(2)-Lathril v0.3.2 - Arena Mirror: 8

Game Result: Game 25 ended in 10707 ms. Ai(1)-Merry, Esquire of Rohan Competitive Brawl BrawlREC 2026-07 has won!

Game Outcome: Turn 6
Game Outcome: Ai(1)-Merry, Esquire of Rohan Competitive Brawl BrawlREC 2026-07 has won because all opponents have lost
Game Outcome: Ai(2)-Lathril v0.3.2 - Arena Mirror has lost because life total reached 0
Match Result: Ai(1)-Merry, Esquire of Rohan Competitive Brawl BrawlREC 2026-07: 18 Ai(2)-Lathril v0.3.2 - Arena Mirror: 8

Game Result: Game 26 ended in 4520 ms. Ai(1)-Merry, Esquire of Rohan Competitive Brawl BrawlREC 2026-07 has won!

Game Outcome: Turn 9
Game Outcome: Ai(1)-Merry, Esquire of Rohan Competitive Brawl BrawlREC 2026-07 has lost because life total reached 0
Game Outcome: Ai(2)-Lathril v0.3.2 - Arena Mirror has won because all opponents have lost
Match Result: Ai(1)-Merry, Esquire of Rohan Competitive Brawl BrawlREC 2026-07: 18 Ai(2)-Lathril v0.3.2 - Arena Mirror: 9

Game Result: Game 27 ended in 17015 ms. Ai(2)-Lathril v0.3.2 - Arena Mirror has won!

Game Outcome: Turn 9
Game Outcome: Ai(1)-Merry, Esquire of Rohan Competitive Brawl BrawlREC 2026-07 has lost because life total reached 0
Game Outcome: Ai(2)-Lathril v0.3.2 - Arena Mirror has won because all opponents have lost
Match Result: Ai(1)-Merry, Esquire of Rohan Competitive Brawl BrawlREC 2026-07: 18 Ai(2)-Lathril v0.3.2 - Arena Mirror: 10

Game Result: Game 28 ended in 4597 ms. Ai(2)-Lathril v0.3.2 - Arena Mirror has won!

Game Outcome: Turn 8
Game Outcome: Ai(1)-Merry, Esquire of Rohan Competitive Brawl BrawlREC 2026-07 has lost because life total reached 0
Game Outcome: Ai(2)-Lathril v0.3.2 - Arena Mirror has won because all opponents have lost
Match Result: Ai(1)-Merry, Esquire of Rohan Competitive Brawl BrawlREC 2026-07: 18 Ai(2)-Lathril v0.3.2 - Arena Mirror: 11

Game Result: Game 29 ended in 2681 ms. Ai(2)-Lathril v0.3.2 - Arena Mirror has won!

[Ai(2)-Lathril v0.3.2 - Arena Mirror] AI failed to play Celestial Reunion (123) [Stack]
Default player choice logic.
Correcting zone for Wishclaw Talisman (193)
Default player choice logic.
Correcting zone for Wishclaw Talisman (193)
Default player choice logic.
Correcting zone for Wishclaw Talisman (193)
Game Outcome: Turn 9
Game Outcome: Ai(1)-Merry, Esquire of Rohan Competitive Brawl BrawlREC 2026-07 has lost because life total reached 0
Game Outcome: Ai(2)-Lathril v0.3.2 - Arena Mirror has won because all opponents have lost
Match Result: Ai(1)-Merry, Esquire of Rohan Competitive Brawl BrawlREC 2026-07: 18 Ai(2)-Lathril v0.3.2 - Arena Mirror: 12

Game Result: Game 30 ended in 5680 ms. Ai(2)-Lathril v0.3.2 - Arena Mirror has won!

Game Outcome: Turn 7
Game Outcome: Ai(1)-Merry, Esquire of Rohan Competitive Brawl BrawlREC 2026-07 has won because all opponents have lost
Game Outcome: Ai(2)-Lathril v0.3.2 - Arena Mirror has lost because life total reached 0
Match Result: Ai(1)-Merry, Esquire of Rohan Competitive Brawl BrawlREC 2026-07: 19 Ai(2)-Lathril v0.3.2 - Arena Mirror: 12

Game Result: Game 31 ended in 6961 ms. Ai(1)-Merry, Esquire of Rohan Competitive Brawl BrawlREC 2026-07 has won!

Game Outcome: Turn 8
Game Outcome: Ai(1)-Merry, Esquire of Rohan Competitive Brawl BrawlREC 2026-07 has won because all opponents have lost
Game Outcome: Ai(2)-Lathril v0.3.2 - Arena Mirror has lost because life total reached 0
Match Result: Ai(1)-Merry, Esquire of Rohan Competitive Brawl BrawlREC 2026-07: 20 Ai(2)-Lathril v0.3.2 - Arena Mirror: 12

Game Result: Game 32 ended in 8498 ms. Ai(1)-Merry, Esquire of Rohan Competitive Brawl BrawlREC 2026-07 has won!

Game Outcome: Turn 10
Game Outcome: Ai(1)-Merry, Esquire of Rohan Competitive Brawl BrawlREC 2026-07 has won because all opponents have lost
Game Outcome: Ai(2)-Lathril v0.3.2 - Arena Mirror has lost because life total reached 0
Match Result: Ai(1)-Merry, Esquire of Rohan Competitive Brawl BrawlREC 2026-07: 21 Ai(2)-Lathril v0.3.2 - Arena Mirror: 12

Game Result: Game 33 ended in 9044 ms. Ai(1)-Merry, Esquire of Rohan Competitive Brawl BrawlREC 2026-07 has won!

Game Outcome: Turn 9
Game Outcome: Ai(1)-Merry, Esquire of Rohan Competitive Brawl BrawlREC 2026-07 has won because all opponents have lost
Game Outcome: Ai(2)-Lathril v0.3.2 - Arena Mirror has lost because life total reached 0
Match Result: Ai(1)-Merry, Esquire of Rohan Competitive Brawl BrawlREC 2026-07: 22 Ai(2)-Lathril v0.3.2 - Arena Mirror: 12

Game Result: Game 34 ended in 14376 ms. Ai(1)-Merry, Esquire of Rohan Competitive Brawl BrawlREC 2026-07 has won!

Game Outcome: Turn 8
Game Outcome: Ai(1)-Merry, Esquire of Rohan Competitive Brawl BrawlREC 2026-07 has won because all opponents have lost
Game Outcome: Ai(2)-Lathril v0.3.2 - Arena Mirror has lost because life total reached 0
Match Result: Ai(1)-Merry, Esquire of Rohan Competitive Brawl BrawlREC 2026-07: 23 Ai(2)-Lathril v0.3.2 - Arena Mirror: 12

Game Result: Game 35 ended in 7125 ms. Ai(1)-Merry, Esquire of Rohan Competitive Brawl BrawlREC 2026-07 has won!

Game Outcome: Turn 7
Game Outcome: Ai(1)-Merry, Esquire of Rohan Competitive Brawl BrawlREC 2026-07 has won because all opponents have lost
Game Outcome: Ai(2)-Lathril v0.3.2 - Arena Mirror has lost because life total reached 0
Match Result: Ai(1)-Merry, Esquire of Rohan Competitive Brawl BrawlREC 2026-07: 24 Ai(2)-Lathril v0.3.2 - Arena Mirror: 12

Game Result: Game 36 ended in 2516 ms. Ai(1)-Merry, Esquire of Rohan Competitive Brawl BrawlREC 2026-07 has won!

Game Outcome: Turn 7
Game Outcome: Ai(1)-Merry, Esquire of Rohan Competitive Brawl BrawlREC 2026-07 has won because all opponents have lost
Game Outcome: Ai(2)-Lathril v0.3.2 - Arena Mirror has lost because life total reached 0
Match Result: Ai(1)-Merry, Esquire of Rohan Competitive Brawl BrawlREC 2026-07: 25 Ai(2)-Lathril v0.3.2 - Arena Mirror: 12

Game Result: Game 37 ended in 2683 ms. Ai(1)-Merry, Esquire of Rohan Competitive Brawl BrawlREC 2026-07 has won!

Game Outcome: Turn 6
Game Outcome: Ai(1)-Merry, Esquire of Rohan Competitive Brawl BrawlREC 2026-07 has won because all opponents have lost
Game Outcome: Ai(2)-Lathril v0.3.2 - Arena Mirror has lost because life total reached 0
Match Result: Ai(1)-Merry, Esquire of Rohan Competitive Brawl BrawlREC 2026-07: 26 Ai(2)-Lathril v0.3.2 - Arena Mirror: 12

Game Result: Game 38 ended in 2562 ms. Ai(1)-Merry, Esquire of Rohan Competitive Brawl BrawlREC 2026-07 has won!

Game Outcome: Turn 8
Game Outcome: Ai(1)-Merry, Esquire of Rohan Competitive Brawl BrawlREC 2026-07 has lost because life total reached 0
Game Outcome: Ai(2)-Lathril v0.3.2 - Arena Mirror has won because all opponents have lost
Match Result: Ai(1)-Merry, Esquire of Rohan Competitive Brawl BrawlREC 2026-07: 26 Ai(2)-Lathril v0.3.2 - Arena Mirror: 13

Game Result: Game 39 ended in 1582 ms. Ai(2)-Lathril v0.3.2 - Arena Mirror has won!

Game Outcome: Turn 8
Game Outcome: Ai(1)-Merry, Esquire of Rohan Competitive Brawl BrawlREC 2026-07 has lost because life total reached 0
Game Outcome: Ai(2)-Lathril v0.3.2 - Arena Mirror has won because all opponents have lost
Match Result: Ai(1)-Merry, Esquire of Rohan Competitive Brawl BrawlREC 2026-07: 26 Ai(2)-Lathril v0.3.2 - Arena Mirror: 14

Game Result: Game 40 ended in 3564 ms. Ai(2)-Lathril v0.3.2 - Arena Mirror has won!

Game Outcome: Turn 9
Game Outcome: Ai(1)-Merry, Esquire of Rohan Competitive Brawl BrawlREC 2026-07 has lost because life total reached 0
Game Outcome: Ai(2)-Lathril v0.3.2 - Arena Mirror has won because all opponents have lost
Match Result: Ai(1)-Merry, Esquire of Rohan Competitive Brawl BrawlREC 2026-07: 26 Ai(2)-Lathril v0.3.2 - Arena Mirror: 15

Game Result: Game 41 ended in 4433 ms. Ai(2)-Lathril v0.3.2 - Arena Mirror has won!

SVar 'X' not found in ability, fallback to Card (Maddening Hex). Ability is (   )
SVar 'X' not defined in Card (Maddening Hex)
SVar 'X' not found in ability, fallback to Card (Maddening Hex). Ability is (   )
SVar 'X' not defined in Card (Maddening Hex)
Game Outcome: Turn 11
Game Outcome: Ai(1)-Merry, Esquire of Rohan Competitive Brawl BrawlREC 2026-07 has lost because life total reached 0
Game Outcome: Ai(2)-Lathril v0.3.2 - Arena Mirror has won because all opponents have lost
Match Result: Ai(1)-Merry, Esquire of Rohan Competitive Brawl BrawlREC 2026-07: 26 Ai(2)-Lathril v0.3.2 - Arena Mirror: 16

Game Result: Game 42 ended in 4155 ms. Ai(2)-Lathril v0.3.2 - Arena Mirror has won!

Default player choice logic.
Correcting zone for Wishclaw Talisman (193)
Default player choice logic.
Correcting zone for Wishclaw Talisman (193)
Game Outcome: Turn 8
Game Outcome: Ai(1)-Merry, Esquire of Rohan Competitive Brawl BrawlREC 2026-07 has won because all opponents have lost
Game Outcome: Ai(2)-Lathril v0.3.2 - Arena Mirror has lost because life total reached 0
Match Result: Ai(1)-Merry, Esquire of Rohan Competitive Brawl BrawlREC 2026-07: 27 Ai(2)-Lathril v0.3.2 - Arena Mirror: 16

Game Result: Game 43 ended in 3049 ms. Ai(1)-Merry, Esquire of Rohan Competitive Brawl BrawlREC 2026-07 has won!

Game Outcome: Turn 4
Game Outcome: Ai(1)-Merry, Esquire of Rohan Competitive Brawl BrawlREC 2026-07 has won because all opponents have lost
Game Outcome: Ai(2)-Lathril v0.3.2 - Arena Mirror has lost because life total reached 0
Match Result: Ai(1)-Merry, Esquire of Rohan Competitive Brawl BrawlREC 2026-07: 28 Ai(2)-Lathril v0.3.2 - Arena Mirror: 16

Game Result: Game 44 ended in 905 ms. Ai(1)-Merry, Esquire of Rohan Competitive Brawl BrawlREC 2026-07 has won!

Mountain Did not have activator set in SpellAbilityRestriction.canPlay()
Game Outcome: Turn 7
Game Outcome: Ai(1)-Merry, Esquire of Rohan Competitive Brawl BrawlREC 2026-07 has won because all opponents have lost
Game Outcome: Ai(2)-Lathril v0.3.2 - Arena Mirror has lost because life total reached 0
Match Result: Ai(1)-Merry, Esquire of Rohan Competitive Brawl BrawlREC 2026-07: 29 Ai(2)-Lathril v0.3.2 - Arena Mirror: 16

Game Result: Game 45 ended in 2795 ms. Ai(1)-Merry, Esquire of Rohan Competitive Brawl BrawlREC 2026-07 has won!

Game Outcome: Turn 7
Game Outcome: Ai(1)-Merry, Esquire of Rohan Competitive Brawl BrawlREC 2026-07 has lost because life total reached 0
Game Outcome: Ai(2)-Lathril v0.3.2 - Arena Mirror has won because all opponents have lost
Match Result: Ai(1)-Merry, Esquire of Rohan Competitive Brawl BrawlREC 2026-07: 29 Ai(2)-Lathril v0.3.2 - Arena Mirror: 17

Game Result: Game 46 ended in 2601 ms. Ai(2)-Lathril v0.3.2 - Arena Mirror has won!

Game Outcome: Turn 13
Game Outcome: Ai(1)-Merry, Esquire of Rohan Competitive Brawl BrawlREC 2026-07 has won because all opponents have lost
Game Outcome: Ai(2)-Lathril v0.3.2 - Arena Mirror has lost because life total reached 0
Match Result: Ai(1)-Merry, Esquire of Rohan Competitive Brawl BrawlREC 2026-07: 30 Ai(2)-Lathril v0.3.2 - Arena Mirror: 17

Game Result: Game 47 ended in 6561 ms. Ai(1)-Merry, Esquire of Rohan Competitive Brawl BrawlREC 2026-07 has won!

Game Outcome: Turn 7
Game Outcome: Ai(1)-Merry, Esquire of Rohan Competitive Brawl BrawlREC 2026-07 has won because all opponents have lost
Game Outcome: Ai(2)-Lathril v0.3.2 - Arena Mirror has lost because life total reached 0
Match Result: Ai(1)-Merry, Esquire of Rohan Competitive Brawl BrawlREC 2026-07: 31 Ai(2)-Lathril v0.3.2 - Arena Mirror: 17

Game Result: Game 48 ended in 3252 ms. Ai(1)-Merry, Esquire of Rohan Competitive Brawl BrawlREC 2026-07 has won!

Game Outcome: Turn 6
Game Outcome: Ai(1)-Merry, Esquire of Rohan Competitive Brawl BrawlREC 2026-07 has won because all opponents have lost
Game Outcome: Ai(2)-Lathril v0.3.2 - Arena Mirror has lost because life total reached 0
Match Result: Ai(1)-Merry, Esquire of Rohan Competitive Brawl BrawlREC 2026-07: 32 Ai(2)-Lathril v0.3.2 - Arena Mirror: 17

Game Result: Game 49 ended in 1943 ms. Ai(1)-Merry, Esquire of Rohan Competitive Brawl BrawlREC 2026-07 has won!

Game Outcome: Turn 7
Game Outcome: Ai(1)-Merry, Esquire of Rohan Competitive Brawl BrawlREC 2026-07 has won because all opponents have lost
Game Outcome: Ai(2)-Lathril v0.3.2 - Arena Mirror has lost because life total reached 0
Match Result: Ai(1)-Merry, Esquire of Rohan Competitive Brawl BrawlREC 2026-07: 33 Ai(2)-Lathril v0.3.2 - Arena Mirror: 17

Game Result: Game 50 ended in 3964 ms. Ai(1)-Merry, Esquire of Rohan Competitive Brawl BrawlREC 2026-07 has won!
