Error handling registered!
16:21:41 [INFO ] GuiBase: ##########################################
16:21:41 [INFO ] GuiBase: APP: Forge v.2.0.14-SNAPSHOT-08.08
16:21:41 [INFO ] GuiBase: Java: 17.0.17 (Homebrew)
16:21:41 [INFO ] GuiBase: OS: Mac OS X 15.5 aarch64
16:21:41 [INFO ] GuiBase: RAM: 4096 MB max, 8 CPUs
16:21:41 [INFO ] GuiBase: ##########################################
Language 'en-US' loaded successfully.
(ThreadUtil first call): Running with priority 5
Read cards: 33617 archived files in 2 ms (25 parts) using thread pool
Upcoming set Star Trek (TRK) dated in the future. All `upcoming` cards will be added to this set with unknown rarity.
The card A-Alrund's Epiphany was not assigned to any set. Adding it to UNKNOWN set... to fix see res/editions/ folder.
The card A-Baba Lysaga, Night Witch was not assigned to any set. Adding it to UNKNOWN set... to fix see res/editions/ folder.
The card A-Divide by Zero was not assigned to any set. Adding it to UNKNOWN set... to fix see res/editions/ folder.
The card A-Esika's Chariot was not assigned to any set. Adding it to UNKNOWN set... to fix see res/editions/ folder.
The card A-Faceless Haven was not assigned to any set. Adding it to UNKNOWN set... to fix see res/editions/ folder.
The card A-Fires of Invention was not assigned to any set. Adding it to UNKNOWN set... to fix see res/editions/ folder.
The card A-Goldspan Dragon was not assigned to any set. Adding it to UNKNOWN set... to fix see res/editions/ folder.
The card A-Hullbreaker Horror was not assigned to any set. Adding it to UNKNOWN set... to fix see res/editions/ folder.
The card A-Kumano Faces Kakkazan was not assigned to any set. Adding it to UNKNOWN set... to fix see res/editions/ folder.
The card A-Luminarch Aspirant was not assigned to any set. Adding it to UNKNOWN set... to fix see res/editions/ folder.
The card A-Monster Manual was not assigned to any set. Adding it to UNKNOWN set... to fix see res/editions/ folder.
The card A-Omnath, Locus of Creation was not assigned to any set. Adding it to UNKNOWN set... to fix see res/editions/ folder.
The card A-The Meathook Massacre was not assigned to any set. Adding it to UNKNOWN set... to fix see res/editions/ folder.
The card A-Unholy Heat was not assigned to any set. Adding it to UNKNOWN set... to fix see res/editions/ folder.
The card Blinding Radiance was not assigned to any set. Adding it to UNKNOWN set... to fix see res/editions/ folder.
The card Goblin Bruiser was not assigned to any set. Adding it to UNKNOWN set... to fix see res/editions/ folder.
The card Ogre Painbringer was not assigned to any set. Adding it to UNKNOWN set... to fix see res/editions/ folder.
The card Titanic Pelagosaur was not assigned to any set. Adding it to UNKNOWN set... to fix see res/editions/ folder.
The card Treetop Recluse was not assigned to any set. Adding it to UNKNOWN set... to fix see res/editions/ folder.
Upcoming set Star Trek (TRK) dated in the future. All `upcoming` cards will be added to this set with unknown rarity.
Read cards: 836 files in 0 ms (8 parts) using thread pool
Simulation mode
Ai(1)-Yuriko Competitive Brawl BrawlREC 2026-07 vs Ai(2)-Lathril v0.3.2 - Arena Mirror - fifty  games of Brawl seed 32005
Game Outcome: Turn 10
Game Outcome: Ai(1)-Yuriko Competitive Brawl BrawlREC 2026-07 has lost because life total reached 0
Game Outcome: Ai(2)-Lathril v0.3.2 - Arena Mirror has won because all opponents have lost
Match Result: Ai(1)-Yuriko Competitive Brawl BrawlREC 2026-07: 0 Ai(2)-Lathril v0.3.2 - Arena Mirror: 1

Game Result: Game 1 ended in 12289 ms. Ai(2)-Lathril v0.3.2 - Arena Mirror has won!

Game Outcome: Turn 6
Game Outcome: Ai(1)-Yuriko Competitive Brawl BrawlREC 2026-07 has won because all opponents have lost
Game Outcome: Ai(2)-Lathril v0.3.2 - Arena Mirror has lost because life total reached 0
Match Result: Ai(1)-Yuriko Competitive Brawl BrawlREC 2026-07: 1 Ai(2)-Lathril v0.3.2 - Arena Mirror: 1

Game Result: Game 2 ended in 3863 ms. Ai(1)-Yuriko Competitive Brawl BrawlREC 2026-07 has won!

Game Outcome: Turn 9
Game Outcome: Ai(1)-Yuriko Competitive Brawl BrawlREC 2026-07 has won because all opponents have lost
Game Outcome: Ai(2)-Lathril v0.3.2 - Arena Mirror has lost because life total reached 0
Match Result: Ai(1)-Yuriko Competitive Brawl BrawlREC 2026-07: 2 Ai(2)-Lathril v0.3.2 - Arena Mirror: 1

Game Result: Game 3 ended in 5866 ms. Ai(1)-Yuriko Competitive Brawl BrawlREC 2026-07 has won!

Game Outcome: Turn 7
Game Outcome: Ai(1)-Yuriko Competitive Brawl BrawlREC 2026-07 has lost because life total reached 0
Game Outcome: Ai(2)-Lathril v0.3.2 - Arena Mirror has won because all opponents have lost
Match Result: Ai(1)-Yuriko Competitive Brawl BrawlREC 2026-07: 2 Ai(2)-Lathril v0.3.2 - Arena Mirror: 2

Game Result: Game 4 ended in 2167 ms. Ai(2)-Lathril v0.3.2 - Arena Mirror has won!

Moving spell to Library
Game Outcome: Turn 9
Game Outcome: Ai(1)-Yuriko Competitive Brawl BrawlREC 2026-07 has lost because life total reached 0
Game Outcome: Ai(2)-Lathril v0.3.2 - Arena Mirror has won because all opponents have lost
Match Result: Ai(1)-Yuriko Competitive Brawl BrawlREC 2026-07: 2 Ai(2)-Lathril v0.3.2 - Arena Mirror: 3

Game Result: Game 5 ended in 1571 ms. Ai(2)-Lathril v0.3.2 - Arena Mirror has won!

Default player choice logic.
Correcting zone for Wishclaw Talisman (193)
Default player choice logic.
Correcting zone for Wishclaw Talisman (193)
Default player choice logic.
Correcting zone for Wishclaw Talisman (193)
Game Outcome: Turn 12
Game Outcome: Ai(1)-Yuriko Competitive Brawl BrawlREC 2026-07 has won because all opponents have lost
Game Outcome: Ai(2)-Lathril v0.3.2 - Arena Mirror has lost because life total reached 0
Match Result: Ai(1)-Yuriko Competitive Brawl BrawlREC 2026-07: 3 Ai(2)-Lathril v0.3.2 - Arena Mirror: 3

Game Result: Game 6 ended in 6753 ms. Ai(1)-Yuriko Competitive Brawl BrawlREC 2026-07 has won!

Moving spell to Library
Default player choice logic.
Correcting zone for Wishclaw Talisman (193)
Default player choice logic.
Correcting zone for Wishclaw Talisman (193)
Default player choice logic.
Correcting zone for Wishclaw Talisman (193)
Game Outcome: Turn 11
Game Outcome: Ai(1)-Yuriko Competitive Brawl BrawlREC 2026-07 has won because all opponents have lost
Game Outcome: Ai(2)-Lathril v0.3.2 - Arena Mirror has lost because life total reached 0
Match Result: Ai(1)-Yuriko Competitive Brawl BrawlREC 2026-07: 4 Ai(2)-Lathril v0.3.2 - Arena Mirror: 3

Game Result: Game 7 ended in 2256 ms. Ai(1)-Yuriko Competitive Brawl BrawlREC 2026-07 has won!

[Ai(2)-Lathril v0.3.2 - Arena Mirror] AI failed to play Celestial Reunion (123) [Stack]
Game Outcome: Turn 9
Game Outcome: Ai(1)-Yuriko Competitive Brawl BrawlREC 2026-07 has lost because life total reached 0
Game Outcome: Ai(2)-Lathril v0.3.2 - Arena Mirror has won because all opponents have lost
Match Result: Ai(1)-Yuriko Competitive Brawl BrawlREC 2026-07: 4 Ai(2)-Lathril v0.3.2 - Arena Mirror: 4

Game Result: Game 8 ended in 5457 ms. Ai(2)-Lathril v0.3.2 - Arena Mirror has won!

Game Outcome: Turn 8
Game Outcome: Ai(1)-Yuriko Competitive Brawl BrawlREC 2026-07 has lost because life total reached 0
Game Outcome: Ai(2)-Lathril v0.3.2 - Arena Mirror has won because all opponents have lost
Match Result: Ai(1)-Yuriko Competitive Brawl BrawlREC 2026-07: 4 Ai(2)-Lathril v0.3.2 - Arena Mirror: 5

Game Result: Game 9 ended in 3624 ms. Ai(2)-Lathril v0.3.2 - Arena Mirror has won!

Moving spell to Library
Game Outcome: Turn 9
Game Outcome: Ai(1)-Yuriko Competitive Brawl BrawlREC 2026-07 has won because all opponents have lost
Game Outcome: Ai(2)-Lathril v0.3.2 - Arena Mirror has lost because life total reached 0
Match Result: Ai(1)-Yuriko Competitive Brawl BrawlREC 2026-07: 5 Ai(2)-Lathril v0.3.2 - Arena Mirror: 5

Game Result: Game 10 ended in 3897 ms. Ai(1)-Yuriko Competitive Brawl BrawlREC 2026-07 has won!

Game Outcome: Turn 7
Game Outcome: Ai(1)-Yuriko Competitive Brawl BrawlREC 2026-07 has lost because life total reached 0
Game Outcome: Ai(2)-Lathril v0.3.2 - Arena Mirror has won because all opponents have lost
Match Result: Ai(1)-Yuriko Competitive Brawl BrawlREC 2026-07: 5 Ai(2)-Lathril v0.3.2 - Arena Mirror: 6

Game Result: Game 11 ended in 2510 ms. Ai(2)-Lathril v0.3.2 - Arena Mirror has won!

Game Outcome: Turn 16
Game Outcome: Ai(1)-Yuriko Competitive Brawl BrawlREC 2026-07 has won because all opponents have lost
Game Outcome: Ai(2)-Lathril v0.3.2 - Arena Mirror has lost because life total reached 0
Match Result: Ai(1)-Yuriko Competitive Brawl BrawlREC 2026-07: 6 Ai(2)-Lathril v0.3.2 - Arena Mirror: 6

Game Result: Game 12 ended in 10163 ms. Ai(1)-Yuriko Competitive Brawl BrawlREC 2026-07 has won!

Moving spell to Library
Game Outcome: Turn 12
Game Outcome: Ai(1)-Yuriko Competitive Brawl BrawlREC 2026-07 has won because all opponents have lost
Game Outcome: Ai(2)-Lathril v0.3.2 - Arena Mirror has lost because life total reached 0
Match Result: Ai(1)-Yuriko Competitive Brawl BrawlREC 2026-07: 7 Ai(2)-Lathril v0.3.2 - Arena Mirror: 6

Game Result: Game 13 ended in 9893 ms. Ai(1)-Yuriko Competitive Brawl BrawlREC 2026-07 has won!

Moving spell to Library
[Ai(2)-Lathril v0.3.2 - Arena Mirror] AI failed to play Celestial Reunion (123) [Stack]
Game Outcome: Turn 14
Game Outcome: Ai(1)-Yuriko Competitive Brawl BrawlREC 2026-07 has lost because life total reached 0
Game Outcome: Ai(2)-Lathril v0.3.2 - Arena Mirror has won because all opponents have lost
Match Result: Ai(1)-Yuriko Competitive Brawl BrawlREC 2026-07: 7 Ai(2)-Lathril v0.3.2 - Arena Mirror: 7

Game Result: Game 14 ended in 6902 ms. Ai(2)-Lathril v0.3.2 - Arena Mirror has won!

Game Outcome: Turn 11
Game Outcome: Ai(1)-Yuriko Competitive Brawl BrawlREC 2026-07 has won because all opponents have lost
Game Outcome: Ai(2)-Lathril v0.3.2 - Arena Mirror has lost because life total reached 0
Match Result: Ai(1)-Yuriko Competitive Brawl BrawlREC 2026-07: 8 Ai(2)-Lathril v0.3.2 - Arena Mirror: 7

Game Result: Game 15 ended in 4112 ms. Ai(1)-Yuriko Competitive Brawl BrawlREC 2026-07 has won!

Moving spell to Library
Game Outcome: Turn 10
Game Outcome: Ai(1)-Yuriko Competitive Brawl BrawlREC 2026-07 has lost because life total reached 0
Game Outcome: Ai(2)-Lathril v0.3.2 - Arena Mirror has won because all opponents have lost
Match Result: Ai(1)-Yuriko Competitive Brawl BrawlREC 2026-07: 8 Ai(2)-Lathril v0.3.2 - Arena Mirror: 8

Game Result: Game 16 ended in 9194 ms. Ai(2)-Lathril v0.3.2 - Arena Mirror has won!

Game Outcome: Turn 6
Game Outcome: Ai(1)-Yuriko Competitive Brawl BrawlREC 2026-07 has lost because life total reached 0
Game Outcome: Ai(2)-Lathril v0.3.2 - Arena Mirror has won because all opponents have lost
Match Result: Ai(1)-Yuriko Competitive Brawl BrawlREC 2026-07: 8 Ai(2)-Lathril v0.3.2 - Arena Mirror: 9

Game Result: Game 17 ended in 3809 ms. Ai(2)-Lathril v0.3.2 - Arena Mirror has won!

java.util.concurrent.TimeoutException
	at java.base/java.util.concurrent.FutureTask.get(FutureTask.java:204)
	at forge.ai.AiController.chooseSpellAbilityToPlayFromList(AiController.java:1696)
	at forge.ai.AiController.getSpellAbilityToPlay(AiController.java:1583)
	at forge.ai.AiController.chooseSpellAbilityToPlay(AiController.java:1403)
	at forge.ai.PlayerControllerAi.chooseSpellAbilityToPlay(PlayerControllerAi.java:832)
	at forge.game.phase.PhaseHandler.mainLoopStep(PhaseHandler.java:1056)
	at forge.game.phase.PhaseHandler.mainGameLoop(PhaseHandler.java:1035)
	at forge.game.phase.PhaseHandler.startFirstTurn(PhaseHandler.java:1029)
	at forge.game.GameAction.startGame(GameAction.java:2373)
	at forge.game.Match.startGame(Match.java:92)
	at forge.game.Match.startGame(Match.java:77)
	at forge.view.SimulateMatch.lambda$simulateSingleMatch$0(SimulateMatch.java:213)
	at forge.view.TimeLimitedCodeBlock.lambda$runWithTimeout$0(TimeLimitedCodeBlock.java:18)
	at java.base/java.util.concurrent.FutureTask.run(FutureTask.java:264)
	at java.base/java.util.concurrent.ThreadPoolExecutor.runWorker(ThreadPoolExecutor.java:1136)
	at java.base/java.util.concurrent.ThreadPoolExecutor$Worker.run(ThreadPoolExecutor.java:635)
	at java.base/java.lang.Thread.run(Thread.java:840)
AI eval thread at timeout:
	at java.base@17.0.17/java.util.ArrayList.addAll(ArrayList.java:670)
	at app//forge.util.collect.FCollection.<init>(FCollection.java:100)
	at app//forge.game.card.CardState.getReplacementEffects(CardState.java:726)
	at app//forge.game.card.CardState.getReplacementEffects(CardState.java:723)
	at app//forge.game.card.Card.getReplacementEffects(Card.java:7055)
	at app//forge.game.replacement.ReplacementHandler.lambda$getReplacementList$0(ReplacementHandler.java:134)
	at app//forge.game.replacement.ReplacementHandler$$Lambda$424/0x000000080129ac18.visit(Unknown Source)
	at app//forge.util.Visitor.visitAll(Visitor.java:16)
	at app//forge.game.Game.forEachCardInGame(Game.java:757)
	at app//forge.game.replacement.ReplacementHandler.getReplacementList(ReplacementHandler.java:102)
	at app//forge.ai.ComputerUtilCombat.isCombatDamagePrevented(ComputerUtilCombat.java:2348)
	at app//forge.ai.ComputerUtilCombat.canDestroyBlocker(ComputerUtilCombat.java:1927)
	at app//forge.ai.AiBlockController.getSafeBlockers(AiBlockController.java:106)
	at app//forge.ai.AiBlockController.makeGoodBlocks(AiBlockController.java:198)
	at app//forge.ai.AiBlockController.assignBlockers(AiBlockController.java:1083)
	at app//forge.ai.AiBlockController.assignBlockersGivenAttackers(AiBlockController.java:1041)
	at app//forge.ai.ComputerUtilCard.canBeBlockedProfitably(ComputerUtilCard.java:881)
	at app//forge.ai.AiAttackController$SpellAbilityFactors.calculate(AiAttackController.java:1445)
	at app//forge.ai.AiAttackController.shouldAttack(AiAttackController.java:1493)
	at app//forge.ai.AiAttackController.declareAttackers(AiAttackController.java:1300)
	at app//forge.ai.ComputerUtilCard.doesSpecifiedCreatureAttackAI(ComputerUtilCard.java:820)
	at app//forge.ai.ComputerUtilCard.shouldPumpCard(ComputerUtilCard.java:1557)
	at app//forge.ai.ability.PumpAiBase.lambda$getPumpCreatures$2(PumpAiBase.java:376)
	at app//forge.ai.ability.PumpAiBase$$Lambda$495/0x00000008012d7188.test(Unknown Source)
	at java.base@17.0.17/java.util.stream.ReferencePipeline$2$1.accept(ReferencePipeline.java:178)
	at java.base@17.0.17/java.util.Spliterators$IteratorSpliterator.tryAdvance(Spliterators.java:1856)
	at java.base@17.0.17/java.util.stream.StreamSpliterators$WrappingSpliterator.lambda$initPartialTraversalState$0(StreamSpliterators.java:292)
	at java.base@17.0.17/java.util.stream.StreamSpliterators$WrappingSpliterator$$Lambda$373/0x00000008012441c0.getAsBoolean(Unknown Source)
	at java.base@17.0.17/java.util.stream.StreamSpliterators$AbstractWrappingSpliterator.fillBuffer(StreamSpliterators.java:206)
	at java.base@17.0.17/java.util.stream.StreamSpliterators$AbstractWrappingSpliterator.doAdvance(StreamSpliterators.java:161)
java.util.concurrent.TimeoutException
	at java.base/java.util.concurrent.FutureTask.get(FutureTask.java:204)
	at forge.ai.AiController.chooseSpellAbilityToPlayFromList(AiController.java:1696)
	at forge.ai.AiController.getSpellAbilityToPlay(AiController.java:1583)
	at forge.ai.AiController.chooseSpellAbilityToPlay(AiController.java:1403)
	at forge.ai.PlayerControllerAi.chooseSpellAbilityToPlay(PlayerControllerAi.java:832)
	at forge.game.phase.PhaseHandler.mainLoopStep(PhaseHandler.java:1056)
	at forge.game.phase.PhaseHandler.mainGameLoop(PhaseHandler.java:1035)
	at forge.game.phase.PhaseHandler.startFirstTurn(PhaseHandler.java:1029)
	at forge.game.GameAction.startGame(GameAction.java:2373)
	at forge.game.Match.startGame(Match.java:92)
	at forge.game.Match.startGame(Match.java:77)
	at forge.view.SimulateMatch.lambda$simulateSingleMatch$0(SimulateMatch.java:213)
	at forge.view.TimeLimitedCodeBlock.lambda$runWithTimeout$0(TimeLimitedCodeBlock.java:18)
	at java.base/java.util.concurrent.FutureTask.run(FutureTask.java:264)
	at java.base/java.util.concurrent.ThreadPoolExecutor.runWorker(ThreadPoolExecutor.java:1136)
	at java.base/java.util.concurrent.ThreadPoolExecutor$Worker.run(ThreadPoolExecutor.java:635)
	at java.base/java.lang.Thread.run(Thread.java:840)
AI eval thread at timeout:
	at app//forge.util.collect.FCollection.iterator(FCollection.java:232)
	at app//forge.util.collect.FCollection.addAll(FCollection.java:345)
	at app//forge.util.collect.FCollection.addAll(FCollection.java:325)
	at app//forge.game.player.PlayerCollection.getCardsIn(PlayerCollection.java:33)
	at app//forge.game.Game.getCardsIn(Game.java:610)
	at app//forge.game.Game.getCardsIn(Game.java:628)
	at app//forge.game.staticability.StaticAbilityCantDiscard.cantDiscard(StaticAbilityCantDiscard.java:13)
	at app//forge.game.player.Player.canDiscardBy(Player.java:3747)
	at app//forge.game.cost.CostDiscard.canPay(CostDiscard.java:136)
	at app//forge.game.cost.Cost.canPay(Cost.java:1085)
	at app//forge.game.cost.CostPayment.canPayAdditionalCosts(CostPayment.java:104)
	at app//forge.ai.ComputerUtilCost.canPayCost(ComputerUtilCost.java:635)
	at app//forge.ai.ComputerUtilCost.canPayCost(ComputerUtilCost.java:530)
	at app//forge.ai.ComputerUtilCombat.canGainKeyword(ComputerUtilCombat.java:2290)
	at app//forge.ai.ComputerUtilCombat.dealsFirstStrikeDamage(ComputerUtilCombat.java:2251)
	at app//forge.ai.ComputerUtilCombat.canDestroyAttacker(ComputerUtilCombat.java:1743)
	at app//forge.ai.AiBlockController.getKillingBlockers(AiBlockController.java:120)
	at app//forge.ai.AiBlockController.makeGoodBlocks(AiBlockController.java:203)
	at app//forge.ai.AiBlockController.assignBlockers(AiBlockController.java:1083)
	at app//forge.ai.AiBlockController.assignBlockersGivenAttackers(AiBlockController.java:1041)
	at app//forge.ai.ComputerUtilCard.canBeBlockedProfitably(ComputerUtilCard.java:881)
	at app//forge.ai.AiAttackController$SpellAbilityFactors.calculate(AiAttackController.java:1445)
	at app//forge.ai.AiAttackController.shouldAttack(AiAttackController.java:1493)
	at app//forge.ai.AiAttackController.declareAttackers(AiAttackController.java:1300)
	at app//forge.ai.ComputerUtilCard.doesSpecifiedCreatureAttackAI(ComputerUtilCard.java:820)
	at app//forge.ai.ComputerUtilCard.shouldPumpCard(ComputerUtilCard.java:1557)
	at app//forge.ai.ability.PumpAiBase.lambda$getPumpCreatures$2(PumpAiBase.java:376)
	at app//forge.ai.ability.PumpAiBase$$Lambda$495/0x00000008012d7188.test(Unknown Source)
	at java.base@17.0.17/java.util.stream.ReferencePipeline$2$1.accept(ReferencePipeline.java:178)
	at java.base@17.0.17/java.util.Spliterators$IteratorSpliterator.tryAdvance(Spliterators.java:1856)
java.util.concurrent.TimeoutException
	at java.base/java.util.concurrent.FutureTask.get(FutureTask.java:204)
	at forge.ai.AiController.chooseSpellAbilityToPlayFromList(AiController.java:1696)
	at forge.ai.AiController.getSpellAbilityToPlay(AiController.java:1583)
	at forge.ai.AiController.chooseSpellAbilityToPlay(AiController.java:1403)
	at forge.ai.PlayerControllerAi.chooseSpellAbilityToPlay(PlayerControllerAi.java:832)
	at forge.game.phase.PhaseHandler.mainLoopStep(PhaseHandler.java:1056)
	at forge.game.phase.PhaseHandler.mainGameLoop(PhaseHandler.java:1035)
	at forge.game.phase.PhaseHandler.startFirstTurn(PhaseHandler.java:1029)
	at forge.game.GameAction.startGame(GameAction.java:2373)
	at forge.game.Match.startGame(Match.java:92)
	at forge.game.Match.startGame(Match.java:77)
	at forge.view.SimulateMatch.lambda$simulateSingleMatch$0(SimulateMatch.java:213)
	at forge.view.TimeLimitedCodeBlock.lambda$runWithTimeout$0(TimeLimitedCodeBlock.java:18)
	at java.base/java.util.concurrent.FutureTask.run(FutureTask.java:264)
	at java.base/java.util.concurrent.ThreadPoolExecutor.runWorker(ThreadPoolExecutor.java:1136)
	at java.base/java.util.concurrent.ThreadPoolExecutor$Worker.run(ThreadPoolExecutor.java:635)
	at java.base/java.lang.Thread.run(Thread.java:840)
AI eval thread at timeout:
	at app//forge.game.card.CardProperty.cardHasProperty(CardProperty.java:134)
	at app//forge.game.card.Card.hasProperty(Card.java:5831)
	at app//forge.game.card.Card.isValid(Card.java:5817)
	at app//forge.game.GameObject.isValid(GameObject.java:27)
	at app//forge.game.CardTraitBase.matchesValid(CardTraitBase.java:225)
	at app//forge.game.CardTraitBase.matchesValid(CardTraitBase.java:220)
	at app//forge.game.CardTraitBase.matchesValidParam(CardTraitBase.java:261)
	at app//forge.game.CardTraitBase.matchesValidParam(CardTraitBase.java:268)
	at app//forge.ai.ComputerUtilCombat.combatTriggerWillTrigger(ComputerUtilCombat.java:839)
	at app//forge.ai.ComputerUtilCombat.combatTriggerWillTrigger(ComputerUtilCombat.java:734)
	at app//forge.ai.ComputerUtilCombat.canDestroyBlockerBeforeFirstStrike(ComputerUtilCombat.java:1826)
	at app//forge.ai.ComputerUtilCombat.canDestroyBlocker(ComputerUtilCombat.java:1881)
	at app//forge.ai.AiBlockController.getSafeBlockers(AiBlockController.java:106)
	at app//forge.ai.AiBlockController.makeGoodBlocks(AiBlockController.java:198)
	at app//forge.ai.AiBlockController.assignBlockers(AiBlockController.java:1083)
	at app//forge.ai.AiBlockController.assignBlockersGivenAttackers(AiBlockController.java:1041)
	at app//forge.ai.ComputerUtilCard.canBeBlockedProfitably(ComputerUtilCard.java:881)
	at app//forge.ai.AiAttackController$SpellAbilityFactors.calculate(AiAttackController.java:1445)
	at app//forge.ai.AiAttackController.shouldAttack(AiAttackController.java:1493)
	at app//forge.ai.AiAttackController.declareAttackers(AiAttackController.java:1300)
	at app//forge.ai.ComputerUtilCard.doesSpecifiedCreatureAttackAI(ComputerUtilCard.java:820)
	at app//forge.ai.ComputerUtilCard.shouldPumpCard(ComputerUtilCard.java:1557)
	at app//forge.ai.ability.PumpAiBase.lambda$getPumpCreatures$2(PumpAiBase.java:376)
	at app//forge.ai.ability.PumpAiBase$$Lambda$495/0x00000008012d7188.test(Unknown Source)
	at java.base@17.0.17/java.util.stream.ReferencePipeline$2$1.accept(ReferencePipeline.java:178)
	at java.base@17.0.17/java.util.Spliterators$IteratorSpliterator.tryAdvance(Spliterators.java:1856)
	at java.base@17.0.17/java.util.stream.StreamSpliterators$WrappingSpliterator.lambda$initPartialTraversalState$0(StreamSpliterators.java:292)
	at java.base@17.0.17/java.util.stream.StreamSpliterators$WrappingSpliterator$$Lambda$373/0x00000008012441c0.getAsBoolean(Unknown Source)
	at java.base@17.0.17/java.util.stream.StreamSpliterators$AbstractWrappingSpliterator.fillBuffer(StreamSpliterators.java:206)
	at java.base@17.0.17/java.util.stream.StreamSpliterators$AbstractWrappingSpliterator.doAdvance(StreamSpliterators.java:161)
[Ai(2)-Lathril v0.3.2 - Arena Mirror] AI failed to play Celestial Reunion (123) [Stack]
java.util.concurrent.TimeoutException
	at java.base/java.util.concurrent.FutureTask.get(FutureTask.java:204)
	at forge.ai.AiController.chooseSpellAbilityToPlayFromList(AiController.java:1696)
	at forge.ai.AiController.getSpellAbilityToPlay(AiController.java:1583)
	at forge.ai.AiController.chooseSpellAbilityToPlay(AiController.java:1403)
	at forge.ai.PlayerControllerAi.chooseSpellAbilityToPlay(PlayerControllerAi.java:832)
	at forge.game.phase.PhaseHandler.mainLoopStep(PhaseHandler.java:1056)
	at forge.game.phase.PhaseHandler.mainGameLoop(PhaseHandler.java:1035)
	at forge.game.phase.PhaseHandler.startFirstTurn(PhaseHandler.java:1029)
	at forge.game.GameAction.startGame(GameAction.java:2373)
	at forge.game.Match.startGame(Match.java:92)
	at forge.game.Match.startGame(Match.java:77)
	at forge.view.SimulateMatch.lambda$simulateSingleMatch$0(SimulateMatch.java:213)
	at forge.view.TimeLimitedCodeBlock.lambda$runWithTimeout$0(TimeLimitedCodeBlock.java:18)
	at java.base/java.util.concurrent.FutureTask.run(FutureTask.java:264)
	at java.base/java.util.concurrent.ThreadPoolExecutor.runWorker(ThreadPoolExecutor.java:1136)
	at java.base/java.util.concurrent.ThreadPoolExecutor$Worker.run(ThreadPoolExecutor.java:635)
	at java.base/java.lang.Thread.run(Thread.java:840)
AI eval thread at timeout:
	at app//forge.game.zone.PlayerZoneBattlefield.getCards(PlayerZoneBattlefield.java:89)
	at app//forge.game.player.Player.getCardsIn(Player.java:1338)
	at app//forge.game.player.Player.getCardsIn(Player.java:1317)
	at app//forge.ai.ComputerUtilCombat.canGainKeyword(ComputerUtilCombat.java:2277)
	at app//forge.ai.ComputerUtilCombat.dealsFirstStrikeDamage(ComputerUtilCombat.java:2251)
	at app//forge.ai.ComputerUtilCombat.canDestroyAttacker(ComputerUtilCombat.java:1743)
	at app//forge.ai.AiBlockController.getKillingBlockers(AiBlockController.java:120)
	at app//forge.ai.AiBlockController.makeGoodBlocks(AiBlockController.java:239)
	at app//forge.ai.AiBlockController.assignBlockers(AiBlockController.java:1083)
	at app//forge.ai.AiBlockController.assignBlockersGivenAttackers(AiBlockController.java:1041)
	at app//forge.ai.ComputerUtilCard.canBeBlockedProfitably(ComputerUtilCard.java:881)
	at app//forge.ai.AiAttackController$SpellAbilityFactors.calculate(AiAttackController.java:1445)
	at app//forge.ai.AiAttackController.shouldAttack(AiAttackController.java:1493)
	at app//forge.ai.AiAttackController.declareAttackers(AiAttackController.java:1300)
	at app//forge.ai.ComputerUtilCard.doesSpecifiedCreatureAttackAI(ComputerUtilCard.java:820)
	at app//forge.ai.ComputerUtilCard.shouldPumpCard(ComputerUtilCard.java:1557)
	at app//forge.ai.ability.PumpAiBase.lambda$getPumpCreatures$2(PumpAiBase.java:376)
	at app//forge.ai.ability.PumpAiBase$$Lambda$495/0x00000008012d7188.test(Unknown Source)
	at java.base@17.0.17/java.util.stream.ReferencePipeline$2$1.accept(ReferencePipeline.java:178)
	at java.base@17.0.17/java.util.Spliterators$IteratorSpliterator.tryAdvance(Spliterators.java:1856)
	at java.base@17.0.17/java.util.stream.StreamSpliterators$WrappingSpliterator.lambda$initPartialTraversalState$0(StreamSpliterators.java:292)
	at java.base@17.0.17/java.util.stream.StreamSpliterators$WrappingSpliterator$$Lambda$373/0x00000008012441c0.getAsBoolean(Unknown Source)
	at java.base@17.0.17/java.util.stream.StreamSpliterators$AbstractWrappingSpliterator.fillBuffer(StreamSpliterators.java:206)
	at java.base@17.0.17/java.util.stream.StreamSpliterators$AbstractWrappingSpliterator.doAdvance(StreamSpliterators.java:161)
	at java.base@17.0.17/java.util.stream.StreamSpliterators$WrappingSpliterator.tryAdvance(StreamSpliterators.java:298)
	at java.base@17.0.17/java.util.Spliterators$1Adapter.hasNext(Spliterators.java:681)
	at app//forge.util.collect.FCollection.addAll(FCollection.java:345)
	at app//forge.util.collect.FCollection.<init>(FCollection.java:103)
	at app//forge.game.card.CardCollection.<init>(CardCollection.java:118)
	at app//forge.game.card.CardLists.filter(CardLists.java:331)
java.util.concurrent.TimeoutException
	at java.base/java.util.concurrent.FutureTask.get(FutureTask.java:204)
	at forge.ai.AiController.chooseSpellAbilityToPlayFromList(AiController.java:1696)
	at forge.ai.AiController.getSpellAbilityToPlay(AiController.java:1583)
	at forge.ai.AiController.chooseSpellAbilityToPlay(AiController.java:1403)
	at forge.ai.PlayerControllerAi.chooseSpellAbilityToPlay(PlayerControllerAi.java:832)
	at forge.game.phase.PhaseHandler.mainLoopStep(PhaseHandler.java:1056)
	at forge.game.phase.PhaseHandler.mainGameLoop(PhaseHandler.java:1035)
	at forge.game.phase.PhaseHandler.startFirstTurn(PhaseHandler.java:1029)
	at forge.game.GameAction.startGame(GameAction.java:2373)
	at forge.game.Match.startGame(Match.java:92)
	at forge.game.Match.startGame(Match.java:77)
	at forge.view.SimulateMatch.lambda$simulateSingleMatch$0(SimulateMatch.java:213)
	at forge.view.TimeLimitedCodeBlock.lambda$runWithTimeout$0(TimeLimitedCodeBlock.java:18)
	at java.base/java.util.concurrent.FutureTask.run(FutureTask.java:264)
	at java.base/java.util.concurrent.ThreadPoolExecutor.runWorker(ThreadPoolExecutor.java:1136)
	at java.base/java.util.concurrent.ThreadPoolExecutor$Worker.run(ThreadPoolExecutor.java:635)
	at java.base/java.lang.Thread.run(Thread.java:840)
AI eval thread at timeout:
	at java.base@17.0.17/java.util.HashMap.put(HashMap.java:610)
	at java.base@17.0.17/java.util.HashSet.add(HashSet.java:221)
	at app//forge.util.collect.FCollection.add(FCollection.java:273)
	at app//forge.util.collect.FCollection.addAll(FCollection.java:346)
	at app//forge.util.collect.FCollection.addAll(FCollection.java:325)
	at app//forge.game.Game.getCardsIn(Game.java:628)
	at app//forge.game.staticability.StaticAbilityManaConvert.manaConvert(StaticAbilityManaConvert.java:16)
	at app//forge.ai.ComputerUtilMana.payManaCost(ComputerUtilMana.java:625)
	at app//forge.ai.ComputerUtilMana.payManaCost(ComputerUtilMana.java:74)
	at app//forge.ai.ComputerUtilMana.canPayManaCost(ComputerUtilMana.java:63)
	at app//forge.ai.ComputerUtilCost.canPayCost(ComputerUtilCost.java:634)
	at app//forge.ai.ComputerUtilCost.canPayCost(ComputerUtilCost.java:530)
	at app//forge.ai.ComputerUtilCombat.canGainKeyword(ComputerUtilCombat.java:2290)
	at app//forge.ai.ComputerUtilCombat.dealsFirstStrikeDamage(ComputerUtilCombat.java:2251)
	at app//forge.ai.ComputerUtilCombat.predictPowerBonusOfAttacker(ComputerUtilCombat.java:1162)
	at app//forge.ai.ComputerUtilCombat.canDestroyAttacker(ComputerUtilCombat.java:1709)
	at app//forge.ai.AiBlockController.getKillingBlockers(AiBlockController.java:120)
	at app//forge.ai.AiBlockController.makeGoodBlocks(AiBlockController.java:239)
	at app//forge.ai.AiBlockController.assignBlockers(AiBlockController.java:1083)
	at app//forge.ai.AiBlockController.assignBlockersForCombat(AiBlockController.java:1014)
	at app//forge.ai.ComputerUtil.predictNextCombatsRemainingLife(ComputerUtil.java:3214)
	at app//forge.ai.ComputerUtil.predictNextCombatsRemainingLife(ComputerUtil.java:3179)
	at app//forge.ai.AiAttackController.notNeededAsBlockers(AiAttackController.java:426)
	at app//forge.ai.AiAttackController.declareAttackers(AiAttackController.java:1279)
	at app//forge.ai.ComputerUtilCard.doesSpecifiedCreatureAttackAI(ComputerUtilCard.java:820)
	at app//forge.ai.ComputerUtilCard.shouldPumpCard(ComputerUtilCard.java:1557)
	at app//forge.ai.ability.PumpAiBase.lambda$getPumpCreatures$2(PumpAiBase.java:376)
	at app//forge.ai.ability.PumpAiBase$$Lambda$495/0x00000008012d7188.test(Unknown Source)
	at java.base@17.0.17/java.util.stream.ReferencePipeline$2$1.accept(ReferencePipeline.java:178)
	at java.base@17.0.17/java.util.Spliterators$IteratorSpliterator.tryAdvance(Spliterators.java:1856)
java.util.concurrent.TimeoutException
	at java.base/java.util.concurrent.FutureTask.get(FutureTask.java:204)
	at forge.ai.AiController.chooseSpellAbilityToPlayFromList(AiController.java:1696)
	at forge.ai.AiController.getSpellAbilityToPlay(AiController.java:1583)
	at forge.ai.AiController.chooseSpellAbilityToPlay(AiController.java:1403)
	at forge.ai.PlayerControllerAi.chooseSpellAbilityToPlay(PlayerControllerAi.java:832)
	at forge.game.phase.PhaseHandler.mainLoopStep(PhaseHandler.java:1056)
	at forge.game.phase.PhaseHandler.mainGameLoop(PhaseHandler.java:1035)
	at forge.game.phase.PhaseHandler.startFirstTurn(PhaseHandler.java:1029)
	at forge.game.GameAction.startGame(GameAction.java:2373)
	at forge.game.Match.startGame(Match.java:92)
	at forge.game.Match.startGame(Match.java:77)
	at forge.view.SimulateMatch.lambda$simulateSingleMatch$0(SimulateMatch.java:213)
	at forge.view.TimeLimitedCodeBlock.lambda$runWithTimeout$0(TimeLimitedCodeBlock.java:18)
	at java.base/java.util.concurrent.FutureTask.run(FutureTask.java:264)
	at java.base/java.util.concurrent.ThreadPoolExecutor.runWorker(ThreadPoolExecutor.java:1136)
	at java.base/java.util.concurrent.ThreadPoolExecutor$Worker.run(ThreadPoolExecutor.java:635)
	at java.base/java.lang.Thread.run(Thread.java:840)
AI eval thread at timeout:
	at app//com.google.common.collect.AbstractMultimap$Values.iterator(AbstractMultimap.java:184)
	at app//forge.game.keyword.KeywordCollection.applyStaticAbility(KeywordCollection.java:207)
	at app//forge.game.card.Card.updateStaticAbilities(Card.java:7014)
	at app//forge.game.card.CardState.getStaticAbilities(CardState.java:712)
	at app//forge.game.card.Card.getStaticAbilities(Card.java:6993)
	at app//forge.game.staticability.StaticAbilityAssignNoCombatDamage.assignNoCombatDamage(StaticAbilityAssignNoCombatDamage.java:13)
	at app//forge.game.card.Card.assignNoCombatDamage(Card.java:4581)
	at app//forge.game.card.Card.getNetCombatDamage(Card.java:4586)
	at app//forge.game.card.CardLists$$Lambda$387/0x000000080128ed20.applyAsInt(Unknown Source)
	at java.base@17.0.17/java.util.Comparator.lambda$comparingInt$7b0bb60$1(Comparator.java:494)
	at java.base@17.0.17/java.util.Comparator$$Lambda$337/0x00000008011759c0.compare(Unknown Source)
	at java.base@17.0.17/java.util.Arrays.mergeSort(Arrays.java:1362)
	at java.base@17.0.17/java.util.Arrays.legacyMergeSort(Arrays.java:1318)
	at java.base@17.0.17/java.util.Arrays.sort(Arrays.java:1305)
	at java.base@17.0.17/java.util.ArrayList.sort(ArrayList.java:1721)
	at app//forge.game.card.CardLists.sortByPowerAsc(CardLists.java:125)
	at app//forge.ai.AiBlockController.assignBlockers(AiBlockController.java:1080)
	at app//forge.ai.AiBlockController.assignBlockersGivenAttackers(AiBlockController.java:1041)
	at app//forge.ai.ComputerUtilCard.canBeBlockedProfitably(ComputerUtilCard.java:881)
	at app//forge.ai.AiAttackController$SpellAbilityFactors.calculate(AiAttackController.java:1445)
	at app//forge.ai.AiAttackController.shouldAttack(AiAttackController.java:1493)
	at app//forge.ai.AiAttackController.declareAttackers(AiAttackController.java:1300)
	at app//forge.ai.ComputerUtilCard.doesSpecifiedCreatureAttackAI(ComputerUtilCard.java:820)
	at app//forge.ai.ComputerUtilCard.shouldPumpCard(ComputerUtilCard.java:1557)
	at app//forge.ai.ability.PumpAiBase.lambda$getPumpCreatures$2(PumpAiBase.java:376)
	at app//forge.ai.ability.PumpAiBase$$Lambda$495/0x00000008012d7188.test(Unknown Source)
	at java.base@17.0.17/java.util.stream.ReferencePipeline$2$1.accept(ReferencePipeline.java:178)
	at java.base@17.0.17/java.util.Spliterators$IteratorSpliterator.tryAdvance(Spliterators.java:1856)
	at java.base@17.0.17/java.util.stream.StreamSpliterators$WrappingSpliterator.lambda$initPartialTraversalState$0(StreamSpliterators.java:292)
	at java.base@17.0.17/java.util.stream.StreamSpliterators$WrappingSpliterator$$Lambda$373/0x00000008012441c0.getAsBoolean(Unknown Source)
java.util.concurrent.TimeoutException
	at java.base/java.util.concurrent.FutureTask.get(FutureTask.java:204)
	at forge.ai.AiController.chooseSpellAbilityToPlayFromList(AiController.java:1696)
	at forge.ai.AiController.getSpellAbilityToPlay(AiController.java:1583)
	at forge.ai.AiController.chooseSpellAbilityToPlay(AiController.java:1403)
	at forge.ai.PlayerControllerAi.chooseSpellAbilityToPlay(PlayerControllerAi.java:832)
	at forge.game.phase.PhaseHandler.mainLoopStep(PhaseHandler.java:1056)
	at forge.game.phase.PhaseHandler.mainGameLoop(PhaseHandler.java:1035)
	at forge.game.phase.PhaseHandler.startFirstTurn(PhaseHandler.java:1029)
	at forge.game.GameAction.startGame(GameAction.java:2373)
	at forge.game.Match.startGame(Match.java:92)
	at forge.game.Match.startGame(Match.java:77)
	at forge.view.SimulateMatch.lambda$simulateSingleMatch$0(SimulateMatch.java:213)
	at forge.view.TimeLimitedCodeBlock.lambda$runWithTimeout$0(TimeLimitedCodeBlock.java:18)
	at java.base/java.util.concurrent.FutureTask.run(FutureTask.java:264)
	at java.base/java.util.concurrent.ThreadPoolExecutor.runWorker(ThreadPoolExecutor.java:1136)
	at java.base/java.util.concurrent.ThreadPoolExecutor$Worker.run(ThreadPoolExecutor.java:635)
	at java.base/java.lang.Thread.run(Thread.java:840)
AI eval thread at timeout:
	at java.base@17.0.17/java.util.HashMap.putVal(HashMap.java:638)
	at java.base@17.0.17/java.util.HashMap.put(HashMap.java:610)
	at java.base@17.0.17/java.util.HashSet.add(HashSet.java:221)
	at app//forge.util.collect.FCollection.add(FCollection.java:273)
	at app//forge.util.collect.FCollection.addAll(FCollection.java:346)
	at app//forge.util.collect.FCollection.addAll(FCollection.java:325)
	at app//forge.game.player.PlayerCollection.getCardsIn(PlayerCollection.java:33)
	at app//forge.game.Game.getCardsIn(Game.java:610)
	at app//forge.game.Game.getCardsIn(Game.java:628)
	at app//forge.game.staticability.StaticAbilityCantAttackBlock.cantBlockBy(StaticAbilityCantAttackBlock.java:213)
	at app//forge.game.combat.CombatUtil.canBeBlocked(CombatUtil.java:534)
	at app//forge.ai.AiBlockController.assignBlockers(AiBlockController.java:1063)
	at app//forge.ai.AiBlockController.assignBlockersForCombat(AiBlockController.java:1014)
	at app//forge.ai.ComputerUtil.predictNextCombatsRemainingLife(ComputerUtil.java:3214)
	at app//forge.ai.ComputerUtil.predictNextCombatsRemainingLife(ComputerUtil.java:3179)
	at app//forge.ai.AiAttackController.notNeededAsBlockers(AiAttackController.java:426)
	at app//forge.ai.AiAttackController.declareAttackers(AiAttackController.java:1279)
	at app//forge.ai.ComputerUtilCard.doesSpecifiedCreatureAttackAI(ComputerUtilCard.java:820)
	at app//forge.ai.ComputerUtilCard.shouldPumpCard(ComputerUtilCard.java:1557)
	at app//forge.ai.ability.PumpAiBase.lambda$getPumpCreatures$2(PumpAiBase.java:376)
	at app//forge.ai.ability.PumpAiBase$$Lambda$495/0x00000008012d7188.test(Unknown Source)
	at java.base@17.0.17/java.util.stream.ReferencePipeline$2$1.accept(ReferencePipeline.java:178)
	at java.base@17.0.17/java.util.Spliterators$IteratorSpliterator.tryAdvance(Spliterators.java:1856)
	at java.base@17.0.17/java.util.stream.StreamSpliterators$WrappingSpliterator.lambda$initPartialTraversalState$0(StreamSpliterators.java:292)
	at java.base@17.0.17/java.util.stream.StreamSpliterators$WrappingSpliterator$$Lambda$373/0x00000008012441c0.getAsBoolean(Unknown Source)
	at java.base@17.0.17/java.util.stream.StreamSpliterators$AbstractWrappingSpliterator.fillBuffer(StreamSpliterators.java:206)
	at java.base@17.0.17/java.util.stream.StreamSpliterators$AbstractWrappingSpliterator.doAdvance(StreamSpliterators.java:161)
	at java.base@17.0.17/java.util.stream.StreamSpliterators$WrappingSpliterator.tryAdvance(StreamSpliterators.java:298)
	at java.base@17.0.17/java.util.Spliterators$1Adapter.hasNext(Spliterators.java:681)
	at app//forge.util.collect.FCollection.addAll(FCollection.java:345)
java.util.concurrent.TimeoutException
	at java.base/java.util.concurrent.FutureTask.get(FutureTask.java:204)
	at forge.ai.AiController.chooseSpellAbilityToPlayFromList(AiController.java:1696)
	at forge.ai.AiController.getSpellAbilityToPlay(AiController.java:1583)
	at forge.ai.AiController.chooseSpellAbilityToPlay(AiController.java:1403)
	at forge.ai.PlayerControllerAi.chooseSpellAbilityToPlay(PlayerControllerAi.java:832)
	at forge.game.phase.PhaseHandler.mainLoopStep(PhaseHandler.java:1056)
	at forge.game.phase.PhaseHandler.mainGameLoop(PhaseHandler.java:1035)
	at forge.game.phase.PhaseHandler.startFirstTurn(PhaseHandler.java:1029)
	at forge.game.GameAction.startGame(GameAction.java:2373)
	at forge.game.Match.startGame(Match.java:92)
	at forge.game.Match.startGame(Match.java:77)
	at forge.view.SimulateMatch.lambda$simulateSingleMatch$0(SimulateMatch.java:213)
	at forge.view.TimeLimitedCodeBlock.lambda$runWithTimeout$0(TimeLimitedCodeBlock.java:18)
	at java.base/java.util.concurrent.FutureTask.run(FutureTask.java:264)
	at java.base/java.util.concurrent.ThreadPoolExecutor.runWorker(ThreadPoolExecutor.java:1136)
	at java.base/java.util.concurrent.ThreadPoolExecutor$Worker.run(ThreadPoolExecutor.java:635)
	at java.base/java.lang.Thread.run(Thread.java:840)
AI eval thread at timeout:
	at app//com.google.common.collect.AbstractMultimap$Values.iterator(AbstractMultimap.java:184)
	at app//forge.game.keyword.KeywordCollection.applyTrigger(KeywordCollection.java:193)
	at app//forge.game.card.Card.updateTriggers(Card.java:7051)
	at app//forge.game.card.CardState.getTriggers(CardState.java:683)
	at app//forge.game.card.Card.getTriggers(Card.java:7031)
	at app//forge.ai.ComputerUtilCombat.predictPowerBonusOfAttacker(ComputerUtilCombat.java:1154)
	at app//forge.ai.ComputerUtilCombat.canDestroyBlocker(ComputerUtilCombat.java:1912)
	at app//forge.ai.AiBlockController.getSafeBlockers(AiBlockController.java:106)
	at app//forge.ai.AiBlockController.makeGoodBlocks(AiBlockController.java:198)
	at app//forge.ai.AiBlockController.assignBlockers(AiBlockController.java:1083)
	at app//forge.ai.AiBlockController.assignBlockersForCombat(AiBlockController.java:1014)
	at app//forge.ai.ComputerUtil.predictNextCombatsRemainingLife(ComputerUtil.java:3214)
	at app//forge.ai.ComputerUtil.predictNextCombatsRemainingLife(ComputerUtil.java:3179)
	at app//forge.ai.AiAttackController.notNeededAsBlockers(AiAttackController.java:426)
	at app//forge.ai.AiAttackController.declareAttackers(AiAttackController.java:1279)
	at app//forge.ai.ComputerUtilCard.doesSpecifiedCreatureAttackAI(ComputerUtilCard.java:820)
	at app//forge.ai.ComputerUtilCard.shouldPumpCard(ComputerUtilCard.java:1557)
	at app//forge.ai.ability.PumpAiBase.lambda$getPumpCreatures$2(PumpAiBase.java:376)
	at app//forge.ai.ability.PumpAiBase$$Lambda$495/0x00000008012d7188.test(Unknown Source)
	at java.base@17.0.17/java.util.stream.ReferencePipeline$2$1.accept(ReferencePipeline.java:178)
	at java.base@17.0.17/java.util.Spliterators$IteratorSpliterator.tryAdvance(Spliterators.java:1856)
	at java.base@17.0.17/java.util.stream.StreamSpliterators$WrappingSpliterator.lambda$initPartialTraversalState$0(StreamSpliterators.java:292)
	at java.base@17.0.17/java.util.stream.StreamSpliterators$WrappingSpliterator$$Lambda$373/0x00000008012441c0.getAsBoolean(Unknown Source)
	at java.base@17.0.17/java.util.stream.StreamSpliterators$AbstractWrappingSpliterator.fillBuffer(StreamSpliterators.java:206)
	at java.base@17.0.17/java.util.stream.StreamSpliterators$AbstractWrappingSpliterator.doAdvance(StreamSpliterators.java:161)
	at java.base@17.0.17/java.util.stream.StreamSpliterators$WrappingSpliterator.tryAdvance(StreamSpliterators.java:298)
	at java.base@17.0.17/java.util.Spliterators$1Adapter.hasNext(Spliterators.java:681)
	at app//forge.util.collect.FCollection.addAll(FCollection.java:345)
	at app//forge.util.collect.FCollection.<init>(FCollection.java:103)
	at app//forge.game.card.CardCollection.<init>(CardCollection.java:118)
java.util.concurrent.TimeoutException
	at java.base/java.util.concurrent.FutureTask.get(FutureTask.java:204)
	at forge.ai.AiController.chooseSpellAbilityToPlayFromList(AiController.java:1696)
	at forge.ai.AiController.getSpellAbilityToPlay(AiController.java:1583)
	at forge.ai.AiController.chooseSpellAbilityToPlay(AiController.java:1403)
	at forge.ai.PlayerControllerAi.chooseSpellAbilityToPlay(PlayerControllerAi.java:832)
	at forge.game.phase.PhaseHandler.mainLoopStep(PhaseHandler.java:1056)
	at forge.game.phase.PhaseHandler.mainGameLoop(PhaseHandler.java:1035)
	at forge.game.phase.PhaseHandler.startFirstTurn(PhaseHandler.java:1029)
	at forge.game.GameAction.startGame(GameAction.java:2373)
	at forge.game.Match.startGame(Match.java:92)
	at forge.game.Match.startGame(Match.java:77)
	at forge.view.SimulateMatch.lambda$simulateSingleMatch$0(SimulateMatch.java:213)
	at forge.view.TimeLimitedCodeBlock.lambda$runWithTimeout$0(TimeLimitedCodeBlock.java:18)
	at java.base/java.util.concurrent.FutureTask.run(FutureTask.java:264)
	at java.base/java.util.concurrent.ThreadPoolExecutor.runWorker(ThreadPoolExecutor.java:1136)
	at java.base/java.util.concurrent.ThreadPoolExecutor$Worker.run(ThreadPoolExecutor.java:635)
	at java.base/java.lang.Thread.run(Thread.java:840)
AI eval thread at timeout:
	at java.base@17.0.17/java.util.ArrayList.addAll(ArrayList.java:670)
	at app//forge.util.collect.FCollection.<init>(FCollection.java:100)
	at app//forge.game.card.CardState.getStaticAbilities(CardState.java:705)
	at app//forge.game.card.Card.getStaticAbilities(Card.java:6993)
	at app//forge.game.staticability.StaticAbilityCantDiscard.cantDiscard(StaticAbilityCantDiscard.java:14)
	at app//forge.game.player.Player.canDiscardBy(Player.java:3747)
	at app//forge.game.cost.CostDiscard.canPay(CostDiscard.java:136)
	at app//forge.game.cost.Cost.canPay(Cost.java:1085)
	at app//forge.game.cost.CostPayment.canPayAdditionalCosts(CostPayment.java:104)
	at app//forge.ai.ComputerUtilCost.canPayCost(ComputerUtilCost.java:635)
	at app//forge.ai.ComputerUtilCost.canPayCost(ComputerUtilCost.java:530)
	at app//forge.ai.ComputerUtilCombat.canGainKeyword(ComputerUtilCombat.java:2290)
	at app//forge.ai.ComputerUtilCombat.hasKeyword(ComputerUtilCombat.java:2270)
	at app//forge.ai.ComputerUtilCombat.canDestroyAttacker(ComputerUtilCombat.java:1754)
	at app//forge.ai.AiBlockController.getKillingBlockers(AiBlockController.java:120)
	at app//forge.ai.AiBlockController.makeGoodBlocks(AiBlockController.java:239)
	at app//forge.ai.AiBlockController.assignBlockers(AiBlockController.java:1083)
	at app//forge.ai.AiBlockController.assignBlockersForCombat(AiBlockController.java:1014)
	at app//forge.ai.ComputerUtil.predictNextCombatsRemainingLife(ComputerUtil.java:3214)
	at app//forge.ai.ComputerUtil.predictNextCombatsRemainingLife(ComputerUtil.java:3179)
	at app//forge.ai.AiAttackController.notNeededAsBlockers(AiAttackController.java:426)
	at app//forge.ai.AiAttackController.declareAttackers(AiAttackController.java:1279)
	at app//forge.ai.ComputerUtilCard.doesSpecifiedCreatureAttackAI(ComputerUtilCard.java:820)
	at app//forge.ai.ComputerUtilCard.shouldPumpCard(ComputerUtilCard.java:1557)
	at app//forge.ai.ability.PumpAiBase.lambda$getPumpCreatures$2(PumpAiBase.java:376)
	at app//forge.ai.ability.PumpAiBase$$Lambda$495/0x00000008012d7188.test(Unknown Source)
	at java.base@17.0.17/java.util.stream.ReferencePipeline$2$1.accept(ReferencePipeline.java:178)
	at java.base@17.0.17/java.util.Spliterators$IteratorSpliterator.tryAdvance(Spliterators.java:1856)
	at java.base@17.0.17/java.util.stream.StreamSpliterators$WrappingSpliterator.lambda$initPartialTraversalState$0(StreamSpliterators.java:292)
	at java.base@17.0.17/java.util.stream.StreamSpliterators$WrappingSpliterator$$Lambda$373/0x00000008012441c0.getAsBoolean(Unknown Source)
Stopping slow match as draw
Game Outcome: Turn 19
Game Outcome: Ai(1)-Yuriko Competitive Brawl BrawlREC 2026-07 has won because all opponents have lost
Game Outcome: Ai(2)-Lathril v0.3.2 - Arena Mirror has won because all opponents have lost
Match Result: Ai(1)-Yuriko Competitive Brawl BrawlREC 2026-07: 9 Ai(2)-Lathril v0.3.2 - Arena Mirror: 9

Game Result: Game 18 ended in 120017 ms. Ai(1)-Yuriko Competitive Brawl BrawlREC 2026-07 has won!

Game Outcome: Turn 16
Game Outcome: Ai(1)-Yuriko Competitive Brawl BrawlREC 2026-07 has lost because life total reached 0
Game Outcome: Ai(2)-Lathril v0.3.2 - Arena Mirror has won because all opponents have lost
Match Result: Ai(1)-Yuriko Competitive Brawl BrawlREC 2026-07: 9 Ai(2)-Lathril v0.3.2 - Arena Mirror: 10

Game Result: Game 19 ended in 8885 ms. Ai(2)-Lathril v0.3.2 - Arena Mirror has won!

Game Outcome: Turn 7
Game Outcome: Ai(1)-Yuriko Competitive Brawl BrawlREC 2026-07 has won because all opponents have lost
Game Outcome: Ai(2)-Lathril v0.3.2 - Arena Mirror has lost because life total reached 0
Match Result: Ai(1)-Yuriko Competitive Brawl BrawlREC 2026-07: 10 Ai(2)-Lathril v0.3.2 - Arena Mirror: 10

Game Result: Game 20 ended in 2576 ms. Ai(1)-Yuriko Competitive Brawl BrawlREC 2026-07 has won!

Game Outcome: Turn 12
Game Outcome: Ai(1)-Yuriko Competitive Brawl BrawlREC 2026-07 has lost because life total reached 0
Game Outcome: Ai(2)-Lathril v0.3.2 - Arena Mirror has won because all opponents have lost
Match Result: Ai(1)-Yuriko Competitive Brawl BrawlREC 2026-07: 10 Ai(2)-Lathril v0.3.2 - Arena Mirror: 11

Game Result: Game 21 ended in 8436 ms. Ai(2)-Lathril v0.3.2 - Arena Mirror has won!

Game Outcome: Turn 9
Game Outcome: Ai(1)-Yuriko Competitive Brawl BrawlREC 2026-07 has lost because life total reached 0
Game Outcome: Ai(2)-Lathril v0.3.2 - Arena Mirror has won because all opponents have lost
Match Result: Ai(1)-Yuriko Competitive Brawl BrawlREC 2026-07: 10 Ai(2)-Lathril v0.3.2 - Arena Mirror: 12

Game Result: Game 22 ended in 4537 ms. Ai(2)-Lathril v0.3.2 - Arena Mirror has won!

Game Outcome: Turn 8
Game Outcome: Ai(1)-Yuriko Competitive Brawl BrawlREC 2026-07 has lost because life total reached 0
Game Outcome: Ai(2)-Lathril v0.3.2 - Arena Mirror has won because all opponents have lost
Match Result: Ai(1)-Yuriko Competitive Brawl BrawlREC 2026-07: 10 Ai(2)-Lathril v0.3.2 - Arena Mirror: 13

Game Result: Game 23 ended in 3511 ms. Ai(2)-Lathril v0.3.2 - Arena Mirror has won!

Game Outcome: Turn 15
Game Outcome: Ai(1)-Yuriko Competitive Brawl BrawlREC 2026-07 has lost because life total reached 0
Game Outcome: Ai(2)-Lathril v0.3.2 - Arena Mirror has won because all opponents have lost
Match Result: Ai(1)-Yuriko Competitive Brawl BrawlREC 2026-07: 10 Ai(2)-Lathril v0.3.2 - Arena Mirror: 14

Game Result: Game 24 ended in 8346 ms. Ai(2)-Lathril v0.3.2 - Arena Mirror has won!

Game Outcome: Turn 8
Game Outcome: Ai(1)-Yuriko Competitive Brawl BrawlREC 2026-07 has lost because life total reached 0
Game Outcome: Ai(2)-Lathril v0.3.2 - Arena Mirror has won because all opponents have lost
Match Result: Ai(1)-Yuriko Competitive Brawl BrawlREC 2026-07: 10 Ai(2)-Lathril v0.3.2 - Arena Mirror: 15

Game Result: Game 25 ended in 3411 ms. Ai(2)-Lathril v0.3.2 - Arena Mirror has won!

[Ai(2)-Lathril v0.3.2 - Arena Mirror] AI failed to play Celestial Reunion (123) [Stack]
Game Outcome: Turn 14
Game Outcome: Ai(1)-Yuriko Competitive Brawl BrawlREC 2026-07 has lost because life total reached 0
Game Outcome: Ai(2)-Lathril v0.3.2 - Arena Mirror has won because all opponents have lost
Match Result: Ai(1)-Yuriko Competitive Brawl BrawlREC 2026-07: 10 Ai(2)-Lathril v0.3.2 - Arena Mirror: 16

Game Result: Game 26 ended in 10795 ms. Ai(2)-Lathril v0.3.2 - Arena Mirror has won!

Game Outcome: Turn 11
Game Outcome: Ai(1)-Yuriko Competitive Brawl BrawlREC 2026-07 has won because all opponents have lost
Game Outcome: Ai(2)-Lathril v0.3.2 - Arena Mirror has lost because life total reached 0
Match Result: Ai(1)-Yuriko Competitive Brawl BrawlREC 2026-07: 11 Ai(2)-Lathril v0.3.2 - Arena Mirror: 16

Game Result: Game 27 ended in 9139 ms. Ai(1)-Yuriko Competitive Brawl BrawlREC 2026-07 has won!

Game Outcome: Turn 9
Game Outcome: Ai(1)-Yuriko Competitive Brawl BrawlREC 2026-07 has lost because life total reached 0
Game Outcome: Ai(2)-Lathril v0.3.2 - Arena Mirror has won because all opponents have lost
Match Result: Ai(1)-Yuriko Competitive Brawl BrawlREC 2026-07: 11 Ai(2)-Lathril v0.3.2 - Arena Mirror: 17

Game Result: Game 28 ended in 4312 ms. Ai(2)-Lathril v0.3.2 - Arena Mirror has won!

Game Outcome: Turn 6
Game Outcome: Ai(1)-Yuriko Competitive Brawl BrawlREC 2026-07 has lost because life total reached 0
Game Outcome: Ai(2)-Lathril v0.3.2 - Arena Mirror has won because all opponents have lost
Match Result: Ai(1)-Yuriko Competitive Brawl BrawlREC 2026-07: 11 Ai(2)-Lathril v0.3.2 - Arena Mirror: 18

Game Result: Game 29 ended in 2034 ms. Ai(2)-Lathril v0.3.2 - Arena Mirror has won!

Game Outcome: Turn 13
Game Outcome: Ai(1)-Yuriko Competitive Brawl BrawlREC 2026-07 has won because all opponents have lost
Game Outcome: Ai(2)-Lathril v0.3.2 - Arena Mirror has lost because life total reached 0
Match Result: Ai(1)-Yuriko Competitive Brawl BrawlREC 2026-07: 12 Ai(2)-Lathril v0.3.2 - Arena Mirror: 18

Game Result: Game 30 ended in 5485 ms. Ai(1)-Yuriko Competitive Brawl BrawlREC 2026-07 has won!

Moving spell to Library
Default player choice logic.
Correcting zone for Wishclaw Talisman (193)
Game Outcome: Turn 12
Game Outcome: Ai(1)-Yuriko Competitive Brawl BrawlREC 2026-07 has won because all opponents have lost
Game Outcome: Ai(2)-Lathril v0.3.2 - Arena Mirror has lost because life total reached 0
Match Result: Ai(1)-Yuriko Competitive Brawl BrawlREC 2026-07: 13 Ai(2)-Lathril v0.3.2 - Arena Mirror: 18

Game Result: Game 31 ended in 8228 ms. Ai(1)-Yuriko Competitive Brawl BrawlREC 2026-07 has won!

Game Outcome: Turn 6
Game Outcome: Ai(1)-Yuriko Competitive Brawl BrawlREC 2026-07 has won because all opponents have lost
Game Outcome: Ai(2)-Lathril v0.3.2 - Arena Mirror has lost because life total reached 0
Match Result: Ai(1)-Yuriko Competitive Brawl BrawlREC 2026-07: 14 Ai(2)-Lathril v0.3.2 - Arena Mirror: 18

Game Result: Game 32 ended in 2487 ms. Ai(1)-Yuriko Competitive Brawl BrawlREC 2026-07 has won!

Game Outcome: Turn 9
Game Outcome: Ai(1)-Yuriko Competitive Brawl BrawlREC 2026-07 has won because all opponents have lost
Game Outcome: Ai(2)-Lathril v0.3.2 - Arena Mirror has lost because life total reached 0
Match Result: Ai(1)-Yuriko Competitive Brawl BrawlREC 2026-07: 15 Ai(2)-Lathril v0.3.2 - Arena Mirror: 18

Game Result: Game 33 ended in 5178 ms. Ai(1)-Yuriko Competitive Brawl BrawlREC 2026-07 has won!

Game Outcome: Turn 9
Game Outcome: Ai(1)-Yuriko Competitive Brawl BrawlREC 2026-07 has won because all opponents have lost
Game Outcome: Ai(2)-Lathril v0.3.2 - Arena Mirror has lost because life total reached 0
Match Result: Ai(1)-Yuriko Competitive Brawl BrawlREC 2026-07: 16 Ai(2)-Lathril v0.3.2 - Arena Mirror: 18

Game Result: Game 34 ended in 11714 ms. Ai(1)-Yuriko Competitive Brawl BrawlREC 2026-07 has won!

Game Outcome: Turn 7
Game Outcome: Ai(1)-Yuriko Competitive Brawl BrawlREC 2026-07 has won because all opponents have lost
Game Outcome: Ai(2)-Lathril v0.3.2 - Arena Mirror has lost because life total reached 0
Match Result: Ai(1)-Yuriko Competitive Brawl BrawlREC 2026-07: 17 Ai(2)-Lathril v0.3.2 - Arena Mirror: 18

Game Result: Game 35 ended in 3228 ms. Ai(1)-Yuriko Competitive Brawl BrawlREC 2026-07 has won!

[Ai(2)-Lathril v0.3.2 - Arena Mirror] AI failed to play Celestial Reunion (123) [Stack]
Default player choice logic.
Correcting zone for Wishclaw Talisman (193)
Default player choice logic.
Correcting zone for Wishclaw Talisman (193)
Default player choice logic.
Correcting zone for Wishclaw Talisman (193)
Game Outcome: Turn 10
Game Outcome: Ai(1)-Yuriko Competitive Brawl BrawlREC 2026-07 has won because all opponents have lost
Game Outcome: Ai(2)-Lathril v0.3.2 - Arena Mirror has lost because life total reached 0
Match Result: Ai(1)-Yuriko Competitive Brawl BrawlREC 2026-07: 18 Ai(2)-Lathril v0.3.2 - Arena Mirror: 18

Game Result: Game 36 ended in 18600 ms. Ai(1)-Yuriko Competitive Brawl BrawlREC 2026-07 has won!

[Ai(2)-Lathril v0.3.2 - Arena Mirror] AI failed to play Celestial Reunion (123) [Stack]
Game Outcome: Turn 10
Game Outcome: Ai(1)-Yuriko Competitive Brawl BrawlREC 2026-07 has lost because life total reached 0
Game Outcome: Ai(2)-Lathril v0.3.2 - Arena Mirror has won because all opponents have lost
Match Result: Ai(1)-Yuriko Competitive Brawl BrawlREC 2026-07: 18 Ai(2)-Lathril v0.3.2 - Arena Mirror: 19

Game Result: Game 37 ended in 13718 ms. Ai(2)-Lathril v0.3.2 - Arena Mirror has won!

Default player choice logic.
Correcting zone for Wishclaw Talisman (193)
Default player choice logic.
Correcting zone for Wishclaw Talisman (193)
Default player choice logic.
Correcting zone for Wishclaw Talisman (193)
Game Outcome: Turn 10
Game Outcome: Ai(1)-Yuriko Competitive Brawl BrawlREC 2026-07 has won because all opponents have lost
Game Outcome: Ai(2)-Lathril v0.3.2 - Arena Mirror has lost because life total reached 0
Match Result: Ai(1)-Yuriko Competitive Brawl BrawlREC 2026-07: 19 Ai(2)-Lathril v0.3.2 - Arena Mirror: 19

Game Result: Game 38 ended in 3467 ms. Ai(1)-Yuriko Competitive Brawl BrawlREC 2026-07 has won!

Game Outcome: Turn 6
Game Outcome: Ai(1)-Yuriko Competitive Brawl BrawlREC 2026-07 has lost because life total reached 0
Game Outcome: Ai(2)-Lathril v0.3.2 - Arena Mirror has won because all opponents have lost
Match Result: Ai(1)-Yuriko Competitive Brawl BrawlREC 2026-07: 19 Ai(2)-Lathril v0.3.2 - Arena Mirror: 20

Game Result: Game 39 ended in 2160 ms. Ai(2)-Lathril v0.3.2 - Arena Mirror has won!

Default player choice logic.
Correcting zone for Wishclaw Talisman (193)
Default player choice logic.
Correcting zone for Wishclaw Talisman (193)
Default player choice logic.
Correcting zone for Wishclaw Talisman (193)
Game Outcome: Turn 8
Game Outcome: Ai(1)-Yuriko Competitive Brawl BrawlREC 2026-07 has lost because life total reached 0
Game Outcome: Ai(2)-Lathril v0.3.2 - Arena Mirror has won because all opponents have lost
Match Result: Ai(1)-Yuriko Competitive Brawl BrawlREC 2026-07: 19 Ai(2)-Lathril v0.3.2 - Arena Mirror: 21

Game Result: Game 40 ended in 1963 ms. Ai(2)-Lathril v0.3.2 - Arena Mirror has won!

Game Outcome: Turn 7
Game Outcome: Ai(1)-Yuriko Competitive Brawl BrawlREC 2026-07 has lost because life total reached 0
Game Outcome: Ai(2)-Lathril v0.3.2 - Arena Mirror has won because all opponents have lost
Match Result: Ai(1)-Yuriko Competitive Brawl BrawlREC 2026-07: 19 Ai(2)-Lathril v0.3.2 - Arena Mirror: 22

Game Result: Game 41 ended in 1562 ms. Ai(2)-Lathril v0.3.2 - Arena Mirror has won!

Game Outcome: Turn 10
Game Outcome: Ai(1)-Yuriko Competitive Brawl BrawlREC 2026-07 has won because all opponents have lost
Game Outcome: Ai(2)-Lathril v0.3.2 - Arena Mirror has lost because life total reached 0
Match Result: Ai(1)-Yuriko Competitive Brawl BrawlREC 2026-07: 20 Ai(2)-Lathril v0.3.2 - Arena Mirror: 22

Game Result: Game 42 ended in 2591 ms. Ai(1)-Yuriko Competitive Brawl BrawlREC 2026-07 has won!

Moving spell to Library
Game Outcome: Turn 9
Game Outcome: Ai(1)-Yuriko Competitive Brawl BrawlREC 2026-07 has won because all opponents have lost
Game Outcome: Ai(2)-Lathril v0.3.2 - Arena Mirror has lost because life total reached 0
Match Result: Ai(1)-Yuriko Competitive Brawl BrawlREC 2026-07: 21 Ai(2)-Lathril v0.3.2 - Arena Mirror: 22

Game Result: Game 43 ended in 5571 ms. Ai(1)-Yuriko Competitive Brawl BrawlREC 2026-07 has won!

[Ai(2)-Lathril v0.3.2 - Arena Mirror] AI failed to play Celestial Reunion (123) [Stack]
Game Outcome: Turn 8
Game Outcome: Ai(1)-Yuriko Competitive Brawl BrawlREC 2026-07 has lost because life total reached 0
Game Outcome: Ai(2)-Lathril v0.3.2 - Arena Mirror has won because all opponents have lost
Match Result: Ai(1)-Yuriko Competitive Brawl BrawlREC 2026-07: 21 Ai(2)-Lathril v0.3.2 - Arena Mirror: 23

Game Result: Game 44 ended in 2090 ms. Ai(2)-Lathril v0.3.2 - Arena Mirror has won!

Game Outcome: Turn 8
Game Outcome: Ai(1)-Yuriko Competitive Brawl BrawlREC 2026-07 has won because all opponents have lost
Game Outcome: Ai(2)-Lathril v0.3.2 - Arena Mirror has lost because life total reached 0
Match Result: Ai(1)-Yuriko Competitive Brawl BrawlREC 2026-07: 22 Ai(2)-Lathril v0.3.2 - Arena Mirror: 23

Game Result: Game 45 ended in 3543 ms. Ai(1)-Yuriko Competitive Brawl BrawlREC 2026-07 has won!

Game Outcome: Turn 9
Game Outcome: Ai(1)-Yuriko Competitive Brawl BrawlREC 2026-07 has lost because life total reached 0
Game Outcome: Ai(2)-Lathril v0.3.2 - Arena Mirror has won because all opponents have lost
Match Result: Ai(1)-Yuriko Competitive Brawl BrawlREC 2026-07: 22 Ai(2)-Lathril v0.3.2 - Arena Mirror: 24

Game Result: Game 46 ended in 5734 ms. Ai(2)-Lathril v0.3.2 - Arena Mirror has won!

Game Outcome: Turn 11
Game Outcome: Ai(1)-Yuriko Competitive Brawl BrawlREC 2026-07 has lost because life total reached 0
Game Outcome: Ai(2)-Lathril v0.3.2 - Arena Mirror has won because all opponents have lost
Match Result: Ai(1)-Yuriko Competitive Brawl BrawlREC 2026-07: 22 Ai(2)-Lathril v0.3.2 - Arena Mirror: 25

Game Result: Game 47 ended in 5923 ms. Ai(2)-Lathril v0.3.2 - Arena Mirror has won!

Game Outcome: Turn 15
Game Outcome: Ai(1)-Yuriko Competitive Brawl BrawlREC 2026-07 has lost because life total reached 0
Game Outcome: Ai(2)-Lathril v0.3.2 - Arena Mirror has won because all opponents have lost
Match Result: Ai(1)-Yuriko Competitive Brawl BrawlREC 2026-07: 22 Ai(2)-Lathril v0.3.2 - Arena Mirror: 26

Game Result: Game 48 ended in 7697 ms. Ai(2)-Lathril v0.3.2 - Arena Mirror has won!

Game Outcome: Turn 7
Game Outcome: Ai(1)-Yuriko Competitive Brawl BrawlREC 2026-07 has won because all opponents have lost
Game Outcome: Ai(2)-Lathril v0.3.2 - Arena Mirror has lost because life total reached 0
Match Result: Ai(1)-Yuriko Competitive Brawl BrawlREC 2026-07: 23 Ai(2)-Lathril v0.3.2 - Arena Mirror: 26

Game Result: Game 49 ended in 2199 ms. Ai(1)-Yuriko Competitive Brawl BrawlREC 2026-07 has won!

Game Outcome: Turn 14
Game Outcome: Ai(1)-Yuriko Competitive Brawl BrawlREC 2026-07 has lost because life total reached 0
Game Outcome: Ai(2)-Lathril v0.3.2 - Arena Mirror has won because all opponents have lost
Match Result: Ai(1)-Yuriko Competitive Brawl BrawlREC 2026-07: 23 Ai(2)-Lathril v0.3.2 - Arena Mirror: 27

Game Result: Game 50 ended in 4485 ms. Ai(2)-Lathril v0.3.2 - Arena Mirror has won!
