Error handling registered!
16:22:48 [INFO ] GuiBase: ##########################################
16:22:48 [INFO ] GuiBase: APP: Forge v.2.0.14-SNAPSHOT-08.08
16:22:48 [INFO ] GuiBase: Java: 17.0.17 (Homebrew)
16:22:48 [INFO ] GuiBase: OS: Mac OS X 15.5 aarch64
16:22:48 [INFO ] GuiBase: RAM: 4096 MB max, 8 CPUs
16:22:48 [INFO ] GuiBase: ##########################################
Language 'en-US' loaded successfully.
(ThreadUtil first call): Running with priority 5
Read cards: 33617 archived files in 1 ms (25 parts) using thread pool
Upcoming set Star Trek (TRK) dated in the future. All `upcoming` cards will be added to this set with unknown rarity.
The card A-Alrund's Epiphany was not assigned to any set. Adding it to UNKNOWN set... to fix see res/editions/ folder.
The card A-Baba Lysaga, Night Witch was not assigned to any set. Adding it to UNKNOWN set... to fix see res/editions/ folder.
The card A-Divide by Zero was not assigned to any set. Adding it to UNKNOWN set... to fix see res/editions/ folder.
The card A-Esika's Chariot was not assigned to any set. Adding it to UNKNOWN set... to fix see res/editions/ folder.
The card A-Faceless Haven was not assigned to any set. Adding it to UNKNOWN set... to fix see res/editions/ folder.
The card A-Fires of Invention was not assigned to any set. Adding it to UNKNOWN set... to fix see res/editions/ folder.
The card A-Goldspan Dragon was not assigned to any set. Adding it to UNKNOWN set... to fix see res/editions/ folder.
The card A-Hullbreaker Horror was not assigned to any set. Adding it to UNKNOWN set... to fix see res/editions/ folder.
The card A-Kumano Faces Kakkazan was not assigned to any set. Adding it to UNKNOWN set... to fix see res/editions/ folder.
The card A-Luminarch Aspirant was not assigned to any set. Adding it to UNKNOWN set... to fix see res/editions/ folder.
The card A-Monster Manual was not assigned to any set. Adding it to UNKNOWN set... to fix see res/editions/ folder.
The card A-Omnath, Locus of Creation was not assigned to any set. Adding it to UNKNOWN set... to fix see res/editions/ folder.
The card A-The Meathook Massacre was not assigned to any set. Adding it to UNKNOWN set... to fix see res/editions/ folder.
The card A-Unholy Heat was not assigned to any set. Adding it to UNKNOWN set... to fix see res/editions/ folder.
The card Blinding Radiance was not assigned to any set. Adding it to UNKNOWN set... to fix see res/editions/ folder.
The card Goblin Bruiser was not assigned to any set. Adding it to UNKNOWN set... to fix see res/editions/ folder.
The card Ogre Painbringer was not assigned to any set. Adding it to UNKNOWN set... to fix see res/editions/ folder.
The card Titanic Pelagosaur was not assigned to any set. Adding it to UNKNOWN set... to fix see res/editions/ folder.
The card Treetop Recluse was not assigned to any set. Adding it to UNKNOWN set... to fix see res/editions/ folder.
Upcoming set Star Trek (TRK) dated in the future. All `upcoming` cards will be added to this set with unknown rarity.
Read cards: 836 files in 0 ms (8 parts) using thread pool
Simulation mode
Ai(1)-Grist Competitive Brawl AetherHub 2026-09 vs Ai(2)-Lathril v0.3.2 - Arena Mirror - fifty  games of Brawl seed 32006
Game Outcome: Turn 9
Game Outcome: Ai(1)-Grist Competitive Brawl AetherHub 2026-09 has won because all opponents have lost
Game Outcome: Ai(2)-Lathril v0.3.2 - Arena Mirror has lost because life total reached 0
Match Result: Ai(1)-Grist Competitive Brawl AetherHub 2026-09: 1 Ai(2)-Lathril v0.3.2 - Arena Mirror: 0

Game Result: Game 1 ended in 15026 ms. Ai(1)-Grist Competitive Brawl AetherHub 2026-09 has won!

Game Outcome: Turn 6
Game Outcome: Ai(1)-Grist Competitive Brawl AetherHub 2026-09 has won because all opponents have lost
Game Outcome: Ai(2)-Lathril v0.3.2 - Arena Mirror has lost because life total reached 0
Match Result: Ai(1)-Grist Competitive Brawl AetherHub 2026-09: 2 Ai(2)-Lathril v0.3.2 - Arena Mirror: 0

Game Result: Game 2 ended in 7553 ms. Ai(1)-Grist Competitive Brawl AetherHub 2026-09 has won!

Game Outcome: Turn 7
Game Outcome: Ai(1)-Grist Competitive Brawl AetherHub 2026-09 has lost because life total reached 0
Game Outcome: Ai(2)-Lathril v0.3.2 - Arena Mirror has won because all opponents have lost
Match Result: Ai(1)-Grist Competitive Brawl AetherHub 2026-09: 2 Ai(2)-Lathril v0.3.2 - Arena Mirror: 1

Game Result: Game 3 ended in 3197 ms. Ai(2)-Lathril v0.3.2 - Arena Mirror has won!

java.util.concurrent.TimeoutException
	at java.base/java.util.concurrent.FutureTask.get(FutureTask.java:204)
	at forge.ai.AiController.chooseSpellAbilityToPlayFromList(AiController.java:1696)
	at forge.ai.AiController.getSpellAbilityToPlay(AiController.java:1583)
	at forge.ai.AiController.chooseSpellAbilityToPlay(AiController.java:1403)
	at forge.ai.PlayerControllerAi.chooseSpellAbilityToPlay(PlayerControllerAi.java:832)
	at forge.game.phase.PhaseHandler.mainLoopStep(PhaseHandler.java:1056)
	at forge.game.phase.PhaseHandler.mainGameLoop(PhaseHandler.java:1035)
	at forge.game.phase.PhaseHandler.startFirstTurn(PhaseHandler.java:1029)
	at forge.game.GameAction.startGame(GameAction.java:2373)
	at forge.game.Match.startGame(Match.java:92)
	at forge.game.Match.startGame(Match.java:77)
	at forge.view.SimulateMatch.lambda$simulateSingleMatch$0(SimulateMatch.java:213)
	at forge.view.TimeLimitedCodeBlock.lambda$runWithTimeout$0(TimeLimitedCodeBlock.java:18)
	at java.base/java.util.concurrent.FutureTask.run(FutureTask.java:264)
	at java.base/java.util.concurrent.ThreadPoolExecutor.runWorker(ThreadPoolExecutor.java:1136)
	at java.base/java.util.concurrent.ThreadPoolExecutor$Worker.run(ThreadPoolExecutor.java:635)
	at java.base/java.lang.Thread.run(Thread.java:840)
AI eval thread at timeout:
	at app//forge.game.keyword.KeywordCollection.applyReplacementEffect(KeywordCollection.java:200)
	at app//forge.game.card.Card.updateReplacementEffects(Card.java:7069)
	at app//forge.game.card.CardState.getReplacementEffects(CardState.java:754)
	at app//forge.game.card.CardState.getReplacementEffects(CardState.java:723)
	at app//forge.game.card.Card.getReplacementEffects(Card.java:7055)
	at app//forge.game.replacement.ReplacementHandler.lambda$getReplacementList$0(ReplacementHandler.java:134)
	at app//forge.game.replacement.ReplacementHandler$$Lambda$431/0x0000000601262c18.visit(Unknown Source)
	at app//forge.util.Visitor.visitAll(Visitor.java:16)
	at app//forge.game.Game.forEachCardInGame(Game.java:757)
	at app//forge.game.replacement.ReplacementHandler.getReplacementList(ReplacementHandler.java:102)
	at app//forge.ai.ComputerUtilCombat.isCombatDamagePrevented(ComputerUtilCombat.java:2348)
	at app//forge.ai.ComputerUtilCombat.damageIfUnblocked(ComputerUtilCombat.java:180)
	at app//forge.ai.ComputerUtilCombat.sumDamageIfUnblocked(ComputerUtilCombat.java:249)
	at app//forge.ai.ComputerUtilCombat.sumDamageIfUnblocked(ComputerUtilCombat.java:240)
	at app//forge.ai.ComputerUtilCombat.lifeThatWouldRemain(ComputerUtilCombat.java:318)
	at app//forge.ai.ComputerUtilCombat.lifeInDanger(ComputerUtilCombat.java:453)
	at app//forge.ai.ComputerUtilCombat.lifeInDanger(ComputerUtilCombat.java:390)
	at app//forge.ai.AiBlockController.assignBlockers(AiBlockController.java:1142)
	at app//forge.ai.AiBlockController.assignBlockersForCombat(AiBlockController.java:1014)
	at app//forge.ai.ComputerUtil.predictNextCombatsRemainingLife(ComputerUtil.java:3214)
	at app//forge.ai.ComputerUtil.predictNextCombatsRemainingLife(ComputerUtil.java:3179)
	at app//forge.ai.AiAttackController.notNeededAsBlockers(AiAttackController.java:426)
	at app//forge.ai.AiAttackController.declareAttackers(AiAttackController.java:1279)
	at app//forge.ai.ComputerUtilCard.doesSpecifiedCreatureAttackAI(ComputerUtilCard.java:820)
	at app//forge.ai.ComputerUtilCard.shouldPumpCard(ComputerUtilCard.java:1557)
	at app//forge.ai.ability.PumpAiBase.lambda$getPumpCreatures$2(PumpAiBase.java:376)
	at app//forge.ai.ability.PumpAiBase$$Lambda$683/0x00000006012e7308.test(Unknown Source)
	at java.base@17.0.17/java.util.stream.ReferencePipeline$2$1.accept(ReferencePipeline.java:178)
	at java.base@17.0.17/java.util.Spliterators$IteratorSpliterator.tryAdvance(Spliterators.java:1856)
	at java.base@17.0.17/java.util.stream.StreamSpliterators$WrappingSpliterator.lambda$initPartialTraversalState$0(StreamSpliterators.java:292)
Game Outcome: Turn 15
Game Outcome: Ai(1)-Grist Competitive Brawl AetherHub 2026-09 has won because all opponents have lost
Game Outcome: Ai(2)-Lathril v0.3.2 - Arena Mirror has lost because life total reached 0
Match Result: Ai(1)-Grist Competitive Brawl AetherHub 2026-09: 3 Ai(2)-Lathril v0.3.2 - Arena Mirror: 1

Game Result: Game 4 ended in 51350 ms. Ai(1)-Grist Competitive Brawl AetherHub 2026-09 has won!

Game Outcome: Turn 6
Game Outcome: Ai(1)-Grist Competitive Brawl AetherHub 2026-09 has lost because life total reached 0
Game Outcome: Ai(2)-Lathril v0.3.2 - Arena Mirror has won because all opponents have lost
Match Result: Ai(1)-Grist Competitive Brawl AetherHub 2026-09: 3 Ai(2)-Lathril v0.3.2 - Arena Mirror: 2

Game Result: Game 5 ended in 2821 ms. Ai(2)-Lathril v0.3.2 - Arena Mirror has won!

[Ai(2)-Lathril v0.3.2 - Arena Mirror] AI failed to play Celestial Reunion (123) [Stack]
Game Outcome: Turn 11
Game Outcome: Ai(1)-Grist Competitive Brawl AetherHub 2026-09 has won because all opponents have lost
Game Outcome: Ai(2)-Lathril v0.3.2 - Arena Mirror has lost because life total reached 0
Match Result: Ai(1)-Grist Competitive Brawl AetherHub 2026-09: 4 Ai(2)-Lathril v0.3.2 - Arena Mirror: 2

Game Result: Game 6 ended in 21239 ms. Ai(1)-Grist Competitive Brawl AetherHub 2026-09 has won!

Game Outcome: Turn 7
Game Outcome: Ai(1)-Grist Competitive Brawl AetherHub 2026-09 has won because all opponents have lost
Game Outcome: Ai(2)-Lathril v0.3.2 - Arena Mirror has lost because life total reached 0
Match Result: Ai(1)-Grist Competitive Brawl AetherHub 2026-09: 5 Ai(2)-Lathril v0.3.2 - Arena Mirror: 2

Game Result: Game 7 ended in 6920 ms. Ai(1)-Grist Competitive Brawl AetherHub 2026-09 has won!

Game Outcome: Turn 10
Game Outcome: Ai(1)-Grist Competitive Brawl AetherHub 2026-09 has won because all opponents have lost
Game Outcome: Ai(2)-Lathril v0.3.2 - Arena Mirror has lost because life total reached 0
Match Result: Ai(1)-Grist Competitive Brawl AetherHub 2026-09: 6 Ai(2)-Lathril v0.3.2 - Arena Mirror: 2

Game Result: Game 8 ended in 14749 ms. Ai(1)-Grist Competitive Brawl AetherHub 2026-09 has won!

Game Outcome: Turn 7
Game Outcome: Ai(1)-Grist Competitive Brawl AetherHub 2026-09 has lost because life total reached 0
Game Outcome: Ai(2)-Lathril v0.3.2 - Arena Mirror has won because all opponents have lost
Match Result: Ai(1)-Grist Competitive Brawl AetherHub 2026-09: 6 Ai(2)-Lathril v0.3.2 - Arena Mirror: 3

Game Result: Game 9 ended in 2581 ms. Ai(2)-Lathril v0.3.2 - Arena Mirror has won!

Default player choice logic.
Correcting zone for Wishclaw Talisman (193)
Default player choice logic.
Correcting zone for Wishclaw Talisman (193)
Default player choice logic.
Correcting zone for Wishclaw Talisman (193)
Game Outcome: Turn 7
Game Outcome: Ai(1)-Grist Competitive Brawl AetherHub 2026-09 has won because all opponents have lost
Game Outcome: Ai(2)-Lathril v0.3.2 - Arena Mirror has lost because life total reached 0
Match Result: Ai(1)-Grist Competitive Brawl AetherHub 2026-09: 7 Ai(2)-Lathril v0.3.2 - Arena Mirror: 3

Game Result: Game 10 ended in 3253 ms. Ai(1)-Grist Competitive Brawl AetherHub 2026-09 has won!

Game Outcome: Turn 6
Game Outcome: Ai(1)-Grist Competitive Brawl AetherHub 2026-09 has lost because life total reached 0
Game Outcome: Ai(2)-Lathril v0.3.2 - Arena Mirror has won because all opponents have lost
Match Result: Ai(1)-Grist Competitive Brawl AetherHub 2026-09: 7 Ai(2)-Lathril v0.3.2 - Arena Mirror: 4

Game Result: Game 11 ended in 2011 ms. Ai(2)-Lathril v0.3.2 - Arena Mirror has won!

[Ai(2)-Lathril v0.3.2 - Arena Mirror] AI failed to play Celestial Reunion (123) [Stack]
Game Outcome: Turn 13
Game Outcome: Ai(1)-Grist Competitive Brawl AetherHub 2026-09 has won because all opponents have lost
Game Outcome: Ai(2)-Lathril v0.3.2 - Arena Mirror has lost because life total reached 0
Match Result: Ai(1)-Grist Competitive Brawl AetherHub 2026-09: 8 Ai(2)-Lathril v0.3.2 - Arena Mirror: 4

Game Result: Game 12 ended in 16877 ms. Ai(1)-Grist Competitive Brawl AetherHub 2026-09 has won!

Game Outcome: Turn 10
Game Outcome: Ai(1)-Grist Competitive Brawl AetherHub 2026-09 has won because all opponents have lost
Game Outcome: Ai(2)-Lathril v0.3.2 - Arena Mirror has lost because life total reached 0
Match Result: Ai(1)-Grist Competitive Brawl AetherHub 2026-09: 9 Ai(2)-Lathril v0.3.2 - Arena Mirror: 4

Game Result: Game 13 ended in 31523 ms. Ai(1)-Grist Competitive Brawl AetherHub 2026-09 has won!

Default player choice logic.
Correcting zone for Wishclaw Talisman (193)
Game Outcome: Turn 10
Game Outcome: Ai(1)-Grist Competitive Brawl AetherHub 2026-09 has won because all opponents have lost
Game Outcome: Ai(2)-Lathril v0.3.2 - Arena Mirror has lost because life total reached 0
Match Result: Ai(1)-Grist Competitive Brawl AetherHub 2026-09: 10 Ai(2)-Lathril v0.3.2 - Arena Mirror: 4

Game Result: Game 14 ended in 11488 ms. Ai(1)-Grist Competitive Brawl AetherHub 2026-09 has won!

Game Outcome: Turn 6
Game Outcome: Ai(1)-Grist Competitive Brawl AetherHub 2026-09 has lost because life total reached 0
Game Outcome: Ai(2)-Lathril v0.3.2 - Arena Mirror has won because all opponents have lost
Match Result: Ai(1)-Grist Competitive Brawl AetherHub 2026-09: 10 Ai(2)-Lathril v0.3.2 - Arena Mirror: 5

Game Result: Game 15 ended in 1843 ms. Ai(2)-Lathril v0.3.2 - Arena Mirror has won!

Game Outcome: Turn 10
Game Outcome: Ai(1)-Grist Competitive Brawl AetherHub 2026-09 has won because all opponents have lost
Game Outcome: Ai(2)-Lathril v0.3.2 - Arena Mirror has lost because life total reached 0
Match Result: Ai(1)-Grist Competitive Brawl AetherHub 2026-09: 11 Ai(2)-Lathril v0.3.2 - Arena Mirror: 5

Game Result: Game 16 ended in 32916 ms. Ai(1)-Grist Competitive Brawl AetherHub 2026-09 has won!

Game Outcome: Turn 9
Game Outcome: Ai(1)-Grist Competitive Brawl AetherHub 2026-09 has won because all opponents have lost
Game Outcome: Ai(2)-Lathril v0.3.2 - Arena Mirror has lost because life total reached 0
Match Result: Ai(1)-Grist Competitive Brawl AetherHub 2026-09: 12 Ai(2)-Lathril v0.3.2 - Arena Mirror: 5

Game Result: Game 17 ended in 14621 ms. Ai(1)-Grist Competitive Brawl AetherHub 2026-09 has won!

Game Outcome: Turn 8
Game Outcome: Ai(1)-Grist Competitive Brawl AetherHub 2026-09 has won because all opponents have lost
Game Outcome: Ai(2)-Lathril v0.3.2 - Arena Mirror has lost because life total reached 0
Match Result: Ai(1)-Grist Competitive Brawl AetherHub 2026-09: 13 Ai(2)-Lathril v0.3.2 - Arena Mirror: 5

Game Result: Game 18 ended in 5123 ms. Ai(1)-Grist Competitive Brawl AetherHub 2026-09 has won!

java.util.concurrent.TimeoutException
	at java.base/java.util.concurrent.FutureTask.get(FutureTask.java:204)
	at forge.ai.AiController.chooseSpellAbilityToPlayFromList(AiController.java:1696)
	at forge.ai.AiController.getSpellAbilityToPlay(AiController.java:1583)
	at forge.ai.AiController.chooseSpellAbilityToPlay(AiController.java:1403)
	at forge.ai.PlayerControllerAi.chooseSpellAbilityToPlay(PlayerControllerAi.java:832)
	at forge.game.phase.PhaseHandler.mainLoopStep(PhaseHandler.java:1056)
	at forge.game.phase.PhaseHandler.mainGameLoop(PhaseHandler.java:1035)
	at forge.game.phase.PhaseHandler.startFirstTurn(PhaseHandler.java:1029)
	at forge.game.GameAction.startGame(GameAction.java:2373)
	at forge.game.Match.startGame(Match.java:92)
	at forge.game.Match.startGame(Match.java:77)
	at forge.view.SimulateMatch.lambda$simulateSingleMatch$0(SimulateMatch.java:213)
	at forge.view.TimeLimitedCodeBlock.lambda$runWithTimeout$0(TimeLimitedCodeBlock.java:18)
	at java.base/java.util.concurrent.FutureTask.run(FutureTask.java:264)
	at java.base/java.util.concurrent.ThreadPoolExecutor.runWorker(ThreadPoolExecutor.java:1136)
	at java.base/java.util.concurrent.ThreadPoolExecutor$Worker.run(ThreadPoolExecutor.java:635)
	at java.base/java.lang.Thread.run(Thread.java:840)
AI eval thread at timeout:
	at app//forge.game.card.CardState.getReplacementEffects(CardState.java:754)
	at app//forge.game.card.CardState.getReplacementEffects(CardState.java:723)
	at app//forge.game.card.Card.getReplacementEffects(Card.java:7055)
	at app//forge.game.replacement.ReplacementHandler.lambda$getReplacementList$0(ReplacementHandler.java:134)
	at app//forge.game.replacement.ReplacementHandler$$Lambda$431/0x0000000601262c18.visit(Unknown Source)
	at app//forge.util.Visitor.visitAll(Visitor.java:16)
	at app//forge.game.Game.forEachCardInGame(Game.java:757)
	at app//forge.game.replacement.ReplacementHandler.getReplacementList(ReplacementHandler.java:102)
	at app//forge.game.replacement.ReplacementHandler.cantHappenCheck(ReplacementHandler.java:174)
	at app//forge.game.card.Card.canUntap(Card.java:4745)
	at app//forge.ai.ComputerUtilCard.isUselessCreature(ComputerUtilCard.java:2026)
	at app//forge.ai.ComputerUtil.countUsefulCreatures(ComputerUtil.java:3094)
	at app//forge.ai.AiBlockController.wouldLikeToRandomlyTrade(AiBlockController.java:1313)
	at app//forge.ai.AiBlockController.lambda$makeGangBlocks$3(AiBlockController.java:447)
	at app//forge.ai.AiBlockController$$Lambda$615/0x00000006012d1000.test(Unknown Source)
	at java.base@17.0.17/java.util.stream.ReferencePipeline$2$1.accept(ReferencePipeline.java:178)
	at java.base@17.0.17/java.util.ArrayList$ArrayListSpliterator.tryAdvance(ArrayList.java:1602)
	at java.base@17.0.17/java.util.stream.StreamSpliterators$WrappingSpliterator.lambda$initPartialTraversalState$0(StreamSpliterators.java:292)
	at java.base@17.0.17/java.util.stream.StreamSpliterators$WrappingSpliterator$$Lambda$376/0x00000006011fc8c0.getAsBoolean(Unknown Source)
	at java.base@17.0.17/java.util.stream.StreamSpliterators$AbstractWrappingSpliterator.fillBuffer(StreamSpliterators.java:206)
	at java.base@17.0.17/java.util.stream.StreamSpliterators$AbstractWrappingSpliterator.doAdvance(StreamSpliterators.java:169)
	at java.base@17.0.17/java.util.stream.StreamSpliterators$WrappingSpliterator.tryAdvance(StreamSpliterators.java:298)
	at java.base@17.0.17/java.util.Spliterators$1Adapter.hasNext(Spliterators.java:681)
	at app//forge.util.collect.FCollection.addAll(FCollection.java:345)
	at app//forge.util.collect.FCollection.<init>(FCollection.java:103)
	at app//forge.game.card.CardCollection.<init>(CardCollection.java:118)
	at app//forge.game.card.CardLists.filter(CardLists.java:331)
	at app//forge.ai.AiBlockController.makeGangBlocks(AiBlockController.java:442)
	at app//forge.ai.AiBlockController.assignBlockers(AiBlockController.java:1084)
	at app//forge.ai.AiBlockController.assignBlockersForCombat(AiBlockController.java:1014)
java.util.concurrent.TimeoutException
	at java.base/java.util.concurrent.FutureTask.get(FutureTask.java:204)
	at forge.ai.AiController.chooseSpellAbilityToPlayFromList(AiController.java:1696)
	at forge.ai.AiController.getSpellAbilityToPlay(AiController.java:1583)
	at forge.ai.AiController.chooseSpellAbilityToPlay(AiController.java:1403)
	at forge.ai.PlayerControllerAi.chooseSpellAbilityToPlay(PlayerControllerAi.java:832)
	at forge.game.phase.PhaseHandler.mainLoopStep(PhaseHandler.java:1056)
	at forge.game.phase.PhaseHandler.mainGameLoop(PhaseHandler.java:1035)
	at forge.game.phase.PhaseHandler.startFirstTurn(PhaseHandler.java:1029)
	at forge.game.GameAction.startGame(GameAction.java:2373)
	at forge.game.Match.startGame(Match.java:92)
	at forge.game.Match.startGame(Match.java:77)
	at forge.view.SimulateMatch.lambda$simulateSingleMatch$0(SimulateMatch.java:213)
	at forge.view.TimeLimitedCodeBlock.lambda$runWithTimeout$0(TimeLimitedCodeBlock.java:18)
	at java.base/java.util.concurrent.FutureTask.run(FutureTask.java:264)
	at java.base/java.util.concurrent.ThreadPoolExecutor.runWorker(ThreadPoolExecutor.java:1136)
	at java.base/java.util.concurrent.ThreadPoolExecutor$Worker.run(ThreadPoolExecutor.java:635)
	at java.base/java.lang.Thread.run(Thread.java:840)
AI eval thread at timeout:
	at app//forge.game.ability.AbilityUtils.xCount(AbilityUtils.java:2044)
	at app//forge.game.ability.AbilityUtils.calculateAmount(AbilityUtils.java:446)
	at app//forge.game.ability.AbilityUtils.calculateAmount(AbilityUtils.java:365)
	at app//forge.game.CardTraitBase.meetsCommonRequirements(CardTraitBase.java:472)
	at app//forge.game.trigger.Trigger.requirementsCheck(Trigger.java:340)
	at app//forge.ai.ComputerUtilCombat.combatTriggerWillTrigger(ComputerUtilCombat.java:751)
	at app//forge.ai.ComputerUtilCombat.combatTriggerWillTrigger(ComputerUtilCombat.java:734)
	at app//forge.ai.ComputerUtilCombat.predictToughnessBonusOfAttacker(ComputerUtilCombat.java:1401)
	at app//forge.ai.ComputerUtilCombat.canDestroyAttacker(ComputerUtilCombat.java:1716)
	at app//forge.ai.AiBlockController.getKillingBlockers(AiBlockController.java:120)
	at app//forge.ai.AiBlockController.makeTradeBlocks(AiBlockController.java:618)
	at app//forge.ai.AiBlockController.assignBlockers(AiBlockController.java:1115)
	at app//forge.ai.AiBlockController.assignBlockersForCombat(AiBlockController.java:1014)
	at app//forge.ai.ComputerUtil.predictNextCombatsRemainingLife(ComputerUtil.java:3214)
	at app//forge.ai.ComputerUtil.predictNextCombatsRemainingLife(ComputerUtil.java:3179)
	at app//forge.ai.AiAttackController.notNeededAsBlockers(AiAttackController.java:426)
	at app//forge.ai.AiAttackController.declareAttackers(AiAttackController.java:1279)
	at app//forge.ai.ComputerUtilCard.doesSpecifiedCreatureAttackAI(ComputerUtilCard.java:820)
	at app//forge.ai.ComputerUtilCard.shouldPumpCard(ComputerUtilCard.java:1557)
	at app//forge.ai.ability.PumpAiBase.lambda$getPumpCreatures$2(PumpAiBase.java:376)
	at app//forge.ai.ability.PumpAiBase$$Lambda$683/0x00000006012e7308.test(Unknown Source)
	at java.base@17.0.17/java.util.stream.ReferencePipeline$2$1.accept(ReferencePipeline.java:178)
	at java.base@17.0.17/java.util.Spliterators$IteratorSpliterator.tryAdvance(Spliterators.java:1856)
	at java.base@17.0.17/java.util.stream.StreamSpliterators$WrappingSpliterator.lambda$initPartialTraversalState$0(StreamSpliterators.java:292)
	at java.base@17.0.17/java.util.stream.StreamSpliterators$WrappingSpliterator$$Lambda$376/0x00000006011fc8c0.getAsBoolean(Unknown Source)
	at java.base@17.0.17/java.util.stream.StreamSpliterators$AbstractWrappingSpliterator.fillBuffer(StreamSpliterators.java:206)
	at java.base@17.0.17/java.util.stream.StreamSpliterators$AbstractWrappingSpliterator.doAdvance(StreamSpliterators.java:161)
	at java.base@17.0.17/java.util.stream.StreamSpliterators$WrappingSpliterator.tryAdvance(StreamSpliterators.java:298)
	at java.base@17.0.17/java.util.Spliterators$1Adapter.hasNext(Spliterators.java:681)
	at app//forge.util.collect.FCollection.addAll(FCollection.java:345)
java.util.concurrent.TimeoutException
	at java.base/java.util.concurrent.FutureTask.get(FutureTask.java:204)
	at forge.ai.AiController.chooseSpellAbilityToPlayFromList(AiController.java:1696)
	at forge.ai.AiController.getSpellAbilityToPlay(AiController.java:1583)
	at forge.ai.AiController.chooseSpellAbilityToPlay(AiController.java:1403)
	at forge.ai.PlayerControllerAi.chooseSpellAbilityToPlay(PlayerControllerAi.java:832)
	at forge.game.phase.PhaseHandler.mainLoopStep(PhaseHandler.java:1056)
	at forge.game.phase.PhaseHandler.mainGameLoop(PhaseHandler.java:1035)
	at forge.game.phase.PhaseHandler.startFirstTurn(PhaseHandler.java:1029)
	at forge.game.GameAction.startGame(GameAction.java:2373)
	at forge.game.Match.startGame(Match.java:92)
	at forge.game.Match.startGame(Match.java:77)
	at forge.view.SimulateMatch.lambda$simulateSingleMatch$0(SimulateMatch.java:213)
	at forge.view.TimeLimitedCodeBlock.lambda$runWithTimeout$0(TimeLimitedCodeBlock.java:18)
	at java.base/java.util.concurrent.FutureTask.run(FutureTask.java:264)
	at java.base/java.util.concurrent.ThreadPoolExecutor.runWorker(ThreadPoolExecutor.java:1136)
	at java.base/java.util.concurrent.ThreadPoolExecutor$Worker.run(ThreadPoolExecutor.java:635)
	at java.base/java.lang.Thread.run(Thread.java:840)
AI eval thread at timeout:
	at app//forge.game.card.CardState$LandTraitChanges.applyStaticAbility(CardState.java:586)
	at app//forge.game.card.Card.updateStaticAbilities(Card.java:7010)
	at app//forge.game.card.CardState.getStaticAbilities(CardState.java:712)
	at app//forge.game.card.Card.getStaticAbilities(Card.java:6993)
	at app//forge.game.combat.CombatUtil.getBlockCost(CombatUtil.java:339)
	at app//forge.game.combat.CombatUtil.mustBlockAnAttacker(CombatUtil.java:756)
	at app//forge.game.combat.CombatUtil.canBlock(CombatUtil.java:953)
	at app//forge.ai.AiBlockController.getPossibleBlockers(AiBlockController.java:87)
	at app//forge.ai.AiBlockController.makeTradeBlocks(AiBlockController.java:617)
	at app//forge.ai.AiBlockController.assignBlockers(AiBlockController.java:1115)
	at app//forge.ai.AiBlockController.assignBlockersForCombat(AiBlockController.java:1014)
	at app//forge.ai.ComputerUtil.predictNextCombatsRemainingLife(ComputerUtil.java:3214)
	at app//forge.ai.ComputerUtil.predictNextCombatsRemainingLife(ComputerUtil.java:3179)
	at app//forge.ai.AiAttackController.notNeededAsBlockers(AiAttackController.java:426)
	at app//forge.ai.AiAttackController.declareAttackers(AiAttackController.java:1279)
	at app//forge.ai.ComputerUtilCard.doesSpecifiedCreatureAttackAI(ComputerUtilCard.java:820)
	at app//forge.ai.ComputerUtilCard.shouldPumpCard(ComputerUtilCard.java:1557)
	at app//forge.ai.ability.PumpAiBase.lambda$getPumpCreatures$2(PumpAiBase.java:376)
	at app//forge.ai.ability.PumpAiBase$$Lambda$683/0x00000006012e7308.test(Unknown Source)
	at java.base@17.0.17/java.util.stream.ReferencePipeline$2$1.accept(ReferencePipeline.java:178)
	at java.base@17.0.17/java.util.Spliterators$IteratorSpliterator.tryAdvance(Spliterators.java:1856)
	at java.base@17.0.17/java.util.stream.StreamSpliterators$WrappingSpliterator.lambda$initPartialTraversalState$0(StreamSpliterators.java:292)
	at java.base@17.0.17/java.util.stream.StreamSpliterators$WrappingSpliterator$$Lambda$376/0x00000006011fc8c0.getAsBoolean(Unknown Source)
	at java.base@17.0.17/java.util.stream.StreamSpliterators$AbstractWrappingSpliterator.fillBuffer(StreamSpliterators.java:206)
	at java.base@17.0.17/java.util.stream.StreamSpliterators$AbstractWrappingSpliterator.doAdvance(StreamSpliterators.java:161)
	at java.base@17.0.17/java.util.stream.StreamSpliterators$WrappingSpliterator.tryAdvance(StreamSpliterators.java:298)
	at java.base@17.0.17/java.util.Spliterators$1Adapter.hasNext(Spliterators.java:681)
	at app//forge.util.collect.FCollection.addAll(FCollection.java:345)
	at app//forge.util.collect.FCollection.<init>(FCollection.java:103)
	at app//forge.game.card.CardCollection.<init>(CardCollection.java:118)
java.util.concurrent.TimeoutException
	at java.base/java.util.concurrent.FutureTask.get(FutureTask.java:204)
	at forge.ai.AiController.chooseSpellAbilityToPlayFromList(AiController.java:1696)
	at forge.ai.AiController.getSpellAbilityToPlay(AiController.java:1583)
	at forge.ai.AiController.chooseSpellAbilityToPlay(AiController.java:1403)
	at forge.ai.PlayerControllerAi.chooseSpellAbilityToPlay(PlayerControllerAi.java:832)
	at forge.game.phase.PhaseHandler.mainLoopStep(PhaseHandler.java:1056)
	at forge.game.phase.PhaseHandler.mainGameLoop(PhaseHandler.java:1035)
	at forge.game.phase.PhaseHandler.startFirstTurn(PhaseHandler.java:1029)
	at forge.game.GameAction.startGame(GameAction.java:2373)
	at forge.game.Match.startGame(Match.java:92)
	at forge.game.Match.startGame(Match.java:77)
	at forge.view.SimulateMatch.lambda$simulateSingleMatch$0(SimulateMatch.java:213)
	at forge.view.TimeLimitedCodeBlock.lambda$runWithTimeout$0(TimeLimitedCodeBlock.java:18)
	at java.base/java.util.concurrent.FutureTask.run(FutureTask.java:264)
	at java.base/java.util.concurrent.ThreadPoolExecutor.runWorker(ThreadPoolExecutor.java:1136)
	at java.base/java.util.concurrent.ThreadPoolExecutor$Worker.run(ThreadPoolExecutor.java:635)
	at java.base/java.lang.Thread.run(Thread.java:840)
AI eval thread at timeout:
	at app//forge.game.card.CardState$LandTraitChanges.applyTrigger(CardState.java:574)
	at app//forge.game.card.Card.updateTriggers(Card.java:7047)
	at app//forge.game.card.CardState.getTriggers(CardState.java:683)
	at app//forge.game.card.Card.getTriggers(Card.java:7031)
	at app//forge.ai.ComputerUtilCombat.predictPowerBonusOfAttacker(ComputerUtilCombat.java:1154)
	at app//forge.ai.ComputerUtilCombat.predictPowerBonusOfAttacker(ComputerUtilCombat.java:1139)
	at app//forge.ai.ComputerUtilCombat.damageIfUnblocked(ComputerUtilCombat.java:184)
	at app//forge.ai.ComputerUtilCombat.sumDamageIfUnblocked(ComputerUtilCombat.java:249)
	at app//forge.ai.ComputerUtilCombat.sumDamageIfUnblocked(ComputerUtilCombat.java:240)
	at app//forge.ai.ComputerUtilCombat.lifeThatWouldRemain(ComputerUtilCombat.java:318)
	at app//forge.ai.ComputerUtilCombat.lifeInDanger(ComputerUtilCombat.java:453)
	at app//forge.ai.ComputerUtilCombat.lifeInDanger(ComputerUtilCombat.java:390)
	at app//forge.ai.AiBlockController.makeChumpBlocks(AiBlockController.java:658)
	at app//forge.ai.AiBlockController.makeChumpBlocks(AiBlockController.java:651)
	at app//forge.ai.AiBlockController.makeChumpBlocks(AiBlockController.java:643)
	at app//forge.ai.AiBlockController.assignBlockers(AiBlockController.java:1134)
	at app//forge.ai.AiBlockController.assignBlockersForCombat(AiBlockController.java:1014)
	at app//forge.ai.ComputerUtil.predictNextCombatsRemainingLife(ComputerUtil.java:3214)
	at app//forge.ai.ComputerUtil.predictNextCombatsRemainingLife(ComputerUtil.java:3179)
	at app//forge.ai.AiAttackController.notNeededAsBlockers(AiAttackController.java:426)
	at app//forge.ai.AiAttackController.declareAttackers(AiAttackController.java:1279)
	at app//forge.ai.ComputerUtilCard.doesSpecifiedCreatureAttackAI(ComputerUtilCard.java:820)
	at app//forge.ai.ComputerUtilCard.shouldPumpCard(ComputerUtilCard.java:1557)
	at app//forge.ai.ability.PumpAiBase.lambda$getPumpCreatures$2(PumpAiBase.java:376)
	at app//forge.ai.ability.PumpAiBase$$Lambda$683/0x00000006012e7308.test(Unknown Source)
	at java.base@17.0.17/java.util.stream.ReferencePipeline$2$1.accept(ReferencePipeline.java:178)
	at java.base@17.0.17/java.util.Spliterators$IteratorSpliterator.tryAdvance(Spliterators.java:1856)
	at java.base@17.0.17/java.util.stream.StreamSpliterators$WrappingSpliterator.lambda$initPartialTraversalState$0(StreamSpliterators.java:292)
	at java.base@17.0.17/java.util.stream.StreamSpliterators$WrappingSpliterator$$Lambda$376/0x00000006011fc8c0.getAsBoolean(Unknown Source)
	at java.base@17.0.17/java.util.stream.StreamSpliterators$AbstractWrappingSpliterator.fillBuffer(StreamSpliterators.java:206)
java.util.concurrent.TimeoutException
	at java.base/java.util.concurrent.FutureTask.get(FutureTask.java:204)
	at forge.ai.AiController.chooseSpellAbilityToPlayFromList(AiController.java:1696)
	at forge.ai.AiController.getSpellAbilityToPlay(AiController.java:1583)
	at forge.ai.AiController.chooseSpellAbilityToPlay(AiController.java:1403)
	at forge.ai.PlayerControllerAi.chooseSpellAbilityToPlay(PlayerControllerAi.java:832)
	at forge.game.phase.PhaseHandler.mainLoopStep(PhaseHandler.java:1056)
	at forge.game.phase.PhaseHandler.mainGameLoop(PhaseHandler.java:1035)
	at forge.game.phase.PhaseHandler.startFirstTurn(PhaseHandler.java:1029)
	at forge.game.GameAction.startGame(GameAction.java:2373)
	at forge.game.Match.startGame(Match.java:92)
	at forge.game.Match.startGame(Match.java:77)
	at forge.view.SimulateMatch.lambda$simulateSingleMatch$0(SimulateMatch.java:213)
	at forge.view.TimeLimitedCodeBlock.lambda$runWithTimeout$0(TimeLimitedCodeBlock.java:18)
	at java.base/java.util.concurrent.FutureTask.run(FutureTask.java:264)
	at java.base/java.util.concurrent.ThreadPoolExecutor.runWorker(ThreadPoolExecutor.java:1136)
	at java.base/java.util.concurrent.ThreadPoolExecutor$Worker.run(ThreadPoolExecutor.java:635)
	at java.base/java.lang.Thread.run(Thread.java:840)
AI eval thread at timeout:
	at app//com.google.common.collect.AbstractMultimap$Values.iterator(AbstractMultimap.java:184)
	at app//forge.game.keyword.KeywordCollection.applyStaticAbility(KeywordCollection.java:207)
	at app//forge.game.card.Card.updateStaticAbilities(Card.java:7014)
	at app//forge.game.card.CardState.getStaticAbilities(CardState.java:712)
	at app//forge.game.card.Card.getStaticAbilities(Card.java:6993)
	at app//forge.game.staticability.StaticAbilityCantAttackBlock.cantBlockBy(StaticAbilityCantAttackBlock.java:215)
	at app//forge.game.combat.CombatUtil.canBeBlocked(CombatUtil.java:534)
	at app//forge.game.combat.CombatUtil.canBlock(CombatUtil.java:915)
	at app//forge.ai.AiBlockController.getPossibleBlockers(AiBlockController.java:87)
	at app//forge.ai.AiBlockController.makeChumpBlocks(AiBlockController.java:677)
	at app//forge.ai.AiBlockController.makeChumpBlocks(AiBlockController.java:651)
	at app//forge.ai.AiBlockController.makeChumpBlocks(AiBlockController.java:643)
	at app//forge.ai.AiBlockController.assignBlockers(AiBlockController.java:1134)
	at app//forge.ai.AiBlockController.assignBlockersForCombat(AiBlockController.java:1014)
	at app//forge.ai.ComputerUtil.predictNextCombatsRemainingLife(ComputerUtil.java:3214)
	at app//forge.ai.ComputerUtil.predictNextCombatsRemainingLife(ComputerUtil.java:3179)
	at app//forge.ai.AiAttackController.notNeededAsBlockers(AiAttackController.java:426)
	at app//forge.ai.AiAttackController.declareAttackers(AiAttackController.java:1279)
	at app//forge.ai.ComputerUtilCard.doesSpecifiedCreatureAttackAI(ComputerUtilCard.java:820)
	at app//forge.ai.ComputerUtilCard.shouldPumpCard(ComputerUtilCard.java:1557)
	at app//forge.ai.ability.PumpAiBase.lambda$getPumpCreatures$2(PumpAiBase.java:376)
	at app//forge.ai.ability.PumpAiBase$$Lambda$683/0x00000006012e7308.test(Unknown Source)
	at java.base@17.0.17/java.util.stream.ReferencePipeline$2$1.accept(ReferencePipeline.java:178)
	at java.base@17.0.17/java.util.Spliterators$IteratorSpliterator.tryAdvance(Spliterators.java:1856)
	at java.base@17.0.17/java.util.stream.StreamSpliterators$WrappingSpliterator.lambda$initPartialTraversalState$0(StreamSpliterators.java:292)
	at java.base@17.0.17/java.util.stream.StreamSpliterators$WrappingSpliterator$$Lambda$376/0x00000006011fc8c0.getAsBoolean(Unknown Source)
	at java.base@17.0.17/java.util.stream.StreamSpliterators$AbstractWrappingSpliterator.fillBuffer(StreamSpliterators.java:206)
	at java.base@17.0.17/java.util.stream.StreamSpliterators$AbstractWrappingSpliterator.doAdvance(StreamSpliterators.java:161)
	at java.base@17.0.17/java.util.stream.StreamSpliterators$WrappingSpliterator.tryAdvance(StreamSpliterators.java:298)
	at java.base@17.0.17/java.util.Spliterators$1Adapter.hasNext(Spliterators.java:681)
java.util.concurrent.TimeoutException
	at java.base/java.util.concurrent.FutureTask.get(FutureTask.java:204)
	at forge.ai.AiController.chooseSpellAbilityToPlayFromList(AiController.java:1696)
	at forge.ai.AiController.getSpellAbilityToPlay(AiController.java:1583)
	at forge.ai.AiController.chooseSpellAbilityToPlay(AiController.java:1403)
	at forge.ai.PlayerControllerAi.chooseSpellAbilityToPlay(PlayerControllerAi.java:832)
	at forge.game.phase.PhaseHandler.mainLoopStep(PhaseHandler.java:1056)
	at forge.game.phase.PhaseHandler.mainGameLoop(PhaseHandler.java:1035)
	at forge.game.phase.PhaseHandler.startFirstTurn(PhaseHandler.java:1029)
	at forge.game.GameAction.startGame(GameAction.java:2373)
	at forge.game.Match.startGame(Match.java:92)
	at forge.game.Match.startGame(Match.java:77)
	at forge.view.SimulateMatch.lambda$simulateSingleMatch$0(SimulateMatch.java:213)
	at forge.view.TimeLimitedCodeBlock.lambda$runWithTimeout$0(TimeLimitedCodeBlock.java:18)
	at java.base/java.util.concurrent.FutureTask.run(FutureTask.java:264)
	at java.base/java.util.concurrent.ThreadPoolExecutor.runWorker(ThreadPoolExecutor.java:1136)
	at java.base/java.util.concurrent.ThreadPoolExecutor$Worker.run(ThreadPoolExecutor.java:635)
	at java.base/java.lang.Thread.run(Thread.java:840)
AI eval thread at timeout:
	at java.base@17.0.17/java.util.stream.StreamOpFlag.fromCharacteristics(StreamOpFlag.java:750)
	at java.base@17.0.17/java.util.stream.StreamSupport.stream(StreamSupport.java:70)
	at java.base@17.0.17/java.util.Collection.stream(Collection.java:743)
	at app//forge.game.card.Card.hasRemoveIntrinsic(Card.java:3425)
	at app//forge.game.card.CardState$LandTraitChanges.applyStaticAbility(CardState.java:586)
	at app//forge.game.card.Card.updateStaticAbilities(Card.java:7010)
	at app//forge.game.card.CardState.getStaticAbilities(CardState.java:712)
	at app//forge.game.card.Card.getStaticAbilities(Card.java:6993)
	at app//forge.game.staticability.StaticAbilityCombatDamageToughness.combatDamageToughness(StaticAbilityCombatDamageToughness.java:12)
	at app//forge.game.card.Card.toughnessAssignsDamage(Card.java:4577)
	at app//forge.game.card.Card.getNetCombatDamage(Card.java:4586)
	at app//forge.ai.AiAttackController.declareAttackers(AiAttackController.java:1106)
	at app//forge.ai.ComputerUtilCard.doesSpecifiedCreatureAttackAI(ComputerUtilCard.java:820)
	at app//forge.ai.ComputerUtilCard.shouldPumpCard(ComputerUtilCard.java:1557)
	at app//forge.ai.ComputerUtilCard.shouldPumpCard(ComputerUtilCard.java:1446)
	at app//forge.ai.ability.CountersPutAi.checkApiLogic(CountersPutAi.java:539)
	at app//forge.ai.SpellAbilityAi.canPlayWithoutRestrict(SpellAbilityAi.java:98)
	at app//forge.ai.SpellAbilityAi.canPlay(SpellAbilityAi.java:76)
	at app//forge.ai.SpellAbilityAi.canPlayWithSubs(SpellAbilityAi.java:55)
	at app//forge.ai.AiController.canPlaySa(AiController.java:909)
	at app//forge.ai.AiController.canPlayAndPayForFace(AiController.java:855)
	at app//forge.ai.AiController.canPlayAndPayFor(AiController.java:833)
	at app//forge.ai.AiController.lambda$chooseSpellAbilityToPlayFromList$9(AiController.java:1675)
	at app//forge.ai.AiController$$Lambda$466/0x00000006012835d0.call(Unknown Source)
	at java.base@17.0.17/java.util.concurrent.FutureTask.run(FutureTask.java:264)
	at java.base@17.0.17/java.lang.Thread.run(Thread.java:840)
java.util.concurrent.TimeoutException
	at java.base/java.util.concurrent.FutureTask.get(FutureTask.java:204)
	at forge.ai.AiController.chooseSpellAbilityToPlayFromList(AiController.java:1696)
	at forge.ai.AiController.getSpellAbilityToPlay(AiController.java:1583)
	at forge.ai.AiController.chooseSpellAbilityToPlay(AiController.java:1403)
	at forge.ai.PlayerControllerAi.chooseSpellAbilityToPlay(PlayerControllerAi.java:832)
	at forge.game.phase.PhaseHandler.mainLoopStep(PhaseHandler.java:1056)
	at forge.game.phase.PhaseHandler.mainGameLoop(PhaseHandler.java:1035)
	at forge.game.phase.PhaseHandler.startFirstTurn(PhaseHandler.java:1029)
	at forge.game.GameAction.startGame(GameAction.java:2373)
	at forge.game.Match.startGame(Match.java:92)
	at forge.game.Match.startGame(Match.java:77)
	at forge.view.SimulateMatch.lambda$simulateSingleMatch$0(SimulateMatch.java:213)
	at forge.view.TimeLimitedCodeBlock.lambda$runWithTimeout$0(TimeLimitedCodeBlock.java:18)
	at java.base/java.util.concurrent.FutureTask.run(FutureTask.java:264)
	at java.base/java.util.concurrent.ThreadPoolExecutor.runWorker(ThreadPoolExecutor.java:1136)
	at java.base/java.util.concurrent.ThreadPoolExecutor$Worker.run(ThreadPoolExecutor.java:635)
	at java.base/java.lang.Thread.run(Thread.java:840)
AI eval thread at timeout:
	at java.base@17.0.17/java.util.ArrayList.addAll(ArrayList.java:670)
	at app//forge.util.collect.FCollection.<init>(FCollection.java:100)
	at app//forge.game.card.CardState.getStaticAbilities(CardState.java:705)
	at app//forge.game.card.Card.getStaticAbilities(Card.java:6993)
	at app//forge.game.staticability.StaticAbilityAssignCombatDamageAsUnblocked.assignCombatDamageAsUnblocked(StaticAbilityAssignCombatDamageAsUnblocked.java:16)
	at app//forge.game.staticability.StaticAbilityAssignCombatDamageAsUnblocked.assignCombatDamageAsUnblocked(StaticAbilityAssignCombatDamageAsUnblocked.java:10)
	at app//forge.ai.ComputerUtilCombat.lifeThatWouldRemain(ComputerUtilCombat.java:308)
	at app//forge.ai.ComputerUtilCombat.lifeInDanger(ComputerUtilCombat.java:453)
	at app//forge.ai.ComputerUtilCombat.lifeInDanger(ComputerUtilCombat.java:390)
	at app//forge.ai.AiBlockController.makeChumpBlocks(AiBlockController.java:658)
	at app//forge.ai.AiBlockController.makeChumpBlocks(AiBlockController.java:711)
	at app//forge.ai.AiBlockController.makeChumpBlocks(AiBlockController.java:711)
	at app//forge.ai.AiBlockController.makeChumpBlocks(AiBlockController.java:711)
	at app//forge.ai.AiBlockController.makeChumpBlocks(AiBlockController.java:672)
	at app//forge.ai.AiBlockController.makeChumpBlocks(AiBlockController.java:651)
	at app//forge.ai.AiBlockController.makeChumpBlocks(AiBlockController.java:643)
	at app//forge.ai.AiBlockController.assignBlockers(AiBlockController.java:1092)
	at app//forge.ai.AiBlockController.assignBlockersForCombat(AiBlockController.java:1014)
	at app//forge.ai.ComputerUtil.predictNextCombatsRemainingLife(ComputerUtil.java:3214)
	at app//forge.ai.ComputerUtil.predictNextCombatsRemainingLife(ComputerUtil.java:3179)
	at app//forge.ai.AiAttackController.notNeededAsBlockers(AiAttackController.java:426)
	at app//forge.ai.AiAttackController.declareAttackers(AiAttackController.java:1279)
	at app//forge.ai.ComputerUtilCard.doesSpecifiedCreatureAttackAI(ComputerUtilCard.java:820)
	at app//forge.ai.ComputerUtilCard.shouldPumpCard(ComputerUtilCard.java:1557)
	at app//forge.ai.ComputerUtilCard.shouldPumpCard(ComputerUtilCard.java:1446)
	at app//forge.ai.ability.CountersPutAi.checkApiLogic(CountersPutAi.java:539)
	at app//forge.ai.SpellAbilityAi.canPlayWithoutRestrict(SpellAbilityAi.java:98)
	at app//forge.ai.SpellAbilityAi.canPlay(SpellAbilityAi.java:76)
	at app//forge.ai.SpellAbilityAi.canPlayWithSubs(SpellAbilityAi.java:55)
	at app//forge.ai.AiController.canPlaySa(AiController.java:909)
java.util.concurrent.TimeoutException
	at java.base/java.util.concurrent.FutureTask.get(FutureTask.java:204)
	at forge.ai.AiController.chooseSpellAbilityToPlayFromList(AiController.java:1696)
	at forge.ai.AiController.getSpellAbilityToPlay(AiController.java:1583)
	at forge.ai.AiController.chooseSpellAbilityToPlay(AiController.java:1403)
	at forge.ai.PlayerControllerAi.chooseSpellAbilityToPlay(PlayerControllerAi.java:832)
	at forge.game.phase.PhaseHandler.mainLoopStep(PhaseHandler.java:1056)
	at forge.game.phase.PhaseHandler.mainGameLoop(PhaseHandler.java:1035)
	at forge.game.phase.PhaseHandler.startFirstTurn(PhaseHandler.java:1029)
	at forge.game.GameAction.startGame(GameAction.java:2373)
	at forge.game.Match.startGame(Match.java:92)
	at forge.game.Match.startGame(Match.java:77)
	at forge.view.SimulateMatch.lambda$simulateSingleMatch$0(SimulateMatch.java:213)
	at forge.view.TimeLimitedCodeBlock.lambda$runWithTimeout$0(TimeLimitedCodeBlock.java:18)
	at java.base/java.util.concurrent.FutureTask.run(FutureTask.java:264)
	at java.base/java.util.concurrent.ThreadPoolExecutor.runWorker(ThreadPoolExecutor.java:1136)
	at java.base/java.util.concurrent.ThreadPoolExecutor$Worker.run(ThreadPoolExecutor.java:635)
	at java.base/java.lang.Thread.run(Thread.java:840)
AI eval thread at timeout:
	at app//com.google.common.collect.AbstractMultimap$Values.iterator(AbstractMultimap.java:184)
	at app//forge.game.keyword.KeywordCollection.applyStaticAbility(KeywordCollection.java:207)
	at app//forge.game.card.Card.updateStaticAbilities(Card.java:7014)
	at app//forge.game.card.CardState.getStaticAbilities(CardState.java:712)
	at app//forge.game.card.Card.getStaticAbilities(Card.java:6993)
	at app//forge.game.combat.CombatUtil.getBlockCost(CombatUtil.java:339)
	at app//forge.game.combat.CombatUtil.mustBlockAnAttacker(CombatUtil.java:756)
	at app//forge.game.combat.CombatUtil.canBlock(CombatUtil.java:953)
	at app//forge.ai.AiBlockController.getPossibleBlockers(AiBlockController.java:87)
	at app//forge.ai.AiBlockController.makeGoodBlocks(AiBlockController.java:196)
	at app//forge.ai.AiBlockController.assignBlockers(AiBlockController.java:1083)
	at app//forge.ai.AiBlockController.assignBlockersForCombat(AiBlockController.java:1014)
	at app//forge.ai.ComputerUtil.predictNextCombatsRemainingLife(ComputerUtil.java:3214)
	at app//forge.ai.ComputerUtil.predictNextCombatsRemainingLife(ComputerUtil.java:3179)
	at app//forge.ai.AiAttackController.notNeededAsBlockers(AiAttackController.java:426)
	at app//forge.ai.AiAttackController.declareAttackers(AiAttackController.java:1279)
	at app//forge.ai.ComputerUtilCard.doesSpecifiedCreatureAttackAI(ComputerUtilCard.java:820)
	at app//forge.ai.ComputerUtilCard.shouldPumpCard(ComputerUtilCard.java:1557)
	at app//forge.ai.ComputerUtilCard.shouldPumpCard(ComputerUtilCard.java:1446)
	at app//forge.ai.ability.CountersPutAi.checkApiLogic(CountersPutAi.java:539)
	at app//forge.ai.SpellAbilityAi.canPlayWithoutRestrict(SpellAbilityAi.java:98)
	at app//forge.ai.SpellAbilityAi.canPlay(SpellAbilityAi.java:76)
	at app//forge.ai.SpellAbilityAi.canPlayWithSubs(SpellAbilityAi.java:55)
	at app//forge.ai.AiController.canPlaySa(AiController.java:909)
	at app//forge.ai.AiController.canPlayAndPayForFace(AiController.java:855)
	at app//forge.ai.AiController.canPlayAndPayFor(AiController.java:833)
	at app//forge.ai.AiController.lambda$chooseSpellAbilityToPlayFromList$9(AiController.java:1675)
	at app//forge.ai.AiController$$Lambda$466/0x00000006012835d0.call(Unknown Source)
	at java.base@17.0.17/java.util.concurrent.FutureTask.run(FutureTask.java:264)
	at java.base@17.0.17/java.lang.Thread.run(Thread.java:840)
java.util.concurrent.TimeoutException
	at java.base/java.util.concurrent.FutureTask.get(FutureTask.java:204)
	at forge.ai.AiController.chooseSpellAbilityToPlayFromList(AiController.java:1696)
	at forge.ai.AiController.getSpellAbilityToPlay(AiController.java:1583)
	at forge.ai.AiController.chooseSpellAbilityToPlay(AiController.java:1403)
	at forge.ai.PlayerControllerAi.chooseSpellAbilityToPlay(PlayerControllerAi.java:832)
	at forge.game.phase.PhaseHandler.mainLoopStep(PhaseHandler.java:1056)
	at forge.game.phase.PhaseHandler.mainGameLoop(PhaseHandler.java:1035)
	at forge.game.phase.PhaseHandler.startFirstTurn(PhaseHandler.java:1029)
	at forge.game.GameAction.startGame(GameAction.java:2373)
	at forge.game.Match.startGame(Match.java:92)
	at forge.game.Match.startGame(Match.java:77)
	at forge.view.SimulateMatch.lambda$simulateSingleMatch$0(SimulateMatch.java:213)
	at forge.view.TimeLimitedCodeBlock.lambda$runWithTimeout$0(TimeLimitedCodeBlock.java:18)
	at java.base/java.util.concurrent.FutureTask.run(FutureTask.java:264)
	at java.base/java.util.concurrent.ThreadPoolExecutor.runWorker(ThreadPoolExecutor.java:1136)
	at java.base/java.util.concurrent.ThreadPoolExecutor$Worker.run(ThreadPoolExecutor.java:635)
	at java.base/java.lang.Thread.run(Thread.java:840)
AI eval thread at timeout:
	at app//com.google.common.collect.AbstractMultimap$Values.iterator(AbstractMultimap.java:184)
	at app//forge.game.keyword.KeywordCollection.iterator(KeywordCollection.java:229)
	at app//forge.game.card.Card.visitUnhiddenKeywords(Card.java:5248)
	at app//forge.game.card.Card.visitKeywords(Card.java:5016)
	at app//forge.game.card.Card.hasKeyword(Card.java:5044)
	at app//forge.game.card.Card.hasKeyword(Card.java:5029)
	at app//forge.ai.AiBlockController.getPossibleBlockers(AiBlockController.java:88)
	at app//forge.ai.AiBlockController.makeGangBlocks(AiBlockController.java:379)
	at app//forge.ai.AiBlockController.assignBlockers(AiBlockController.java:1084)
	at app//forge.ai.AiBlockController.assignBlockersForCombat(AiBlockController.java:1014)
	at app//forge.ai.ComputerUtil.predictNextCombatsRemainingLife(ComputerUtil.java:3214)
	at app//forge.ai.ComputerUtil.predictNextCombatsRemainingLife(ComputerUtil.java:3179)
	at app//forge.ai.AiAttackController.notNeededAsBlockers(AiAttackController.java:426)
	at app//forge.ai.AiAttackController.declareAttackers(AiAttackController.java:1279)
	at app//forge.ai.ComputerUtilCard.doesSpecifiedCreatureAttackAI(ComputerUtilCard.java:820)
	at app//forge.ai.ComputerUtilCard.shouldPumpCard(ComputerUtilCard.java:1557)
	at app//forge.ai.ability.PumpAiBase.lambda$getPumpCreatures$2(PumpAiBase.java:376)
	at app//forge.ai.ability.PumpAiBase$$Lambda$683/0x00000006012e7308.test(Unknown Source)
	at java.base@17.0.17/java.util.stream.ReferencePipeline$2$1.accept(ReferencePipeline.java:178)
	at java.base@17.0.17/java.util.Spliterators$IteratorSpliterator.tryAdvance(Spliterators.java:1856)
	at java.base@17.0.17/java.util.stream.StreamSpliterators$WrappingSpliterator.lambda$initPartialTraversalState$0(StreamSpliterators.java:292)
	at java.base@17.0.17/java.util.stream.StreamSpliterators$WrappingSpliterator$$Lambda$376/0x00000006011fc8c0.getAsBoolean(Unknown Source)
	at java.base@17.0.17/java.util.stream.StreamSpliterators$AbstractWrappingSpliterator.fillBuffer(StreamSpliterators.java:206)
	at java.base@17.0.17/java.util.stream.StreamSpliterators$AbstractWrappingSpliterator.doAdvance(StreamSpliterators.java:161)
	at java.base@17.0.17/java.util.stream.StreamSpliterators$WrappingSpliterator.tryAdvance(StreamSpliterators.java:298)
	at java.base@17.0.17/java.util.Spliterators$1Adapter.hasNext(Spliterators.java:681)
	at app//forge.util.collect.FCollection.addAll(FCollection.java:345)
	at app//forge.util.collect.FCollection.<init>(FCollection.java:103)
	at app//forge.game.card.CardCollection.<init>(CardCollection.java:118)
	at app//forge.game.card.CardLists.filter(CardLists.java:331)
java.util.concurrent.TimeoutException
	at java.base/java.util.concurrent.FutureTask.get(FutureTask.java:204)
	at forge.ai.AiController.chooseSpellAbilityToPlayFromList(AiController.java:1696)
	at forge.ai.AiController.getSpellAbilityToPlay(AiController.java:1583)
	at forge.ai.AiController.chooseSpellAbilityToPlay(AiController.java:1403)
	at forge.ai.PlayerControllerAi.chooseSpellAbilityToPlay(PlayerControllerAi.java:832)
	at forge.game.phase.PhaseHandler.mainLoopStep(PhaseHandler.java:1056)
	at forge.game.phase.PhaseHandler.mainGameLoop(PhaseHandler.java:1035)
	at forge.game.phase.PhaseHandler.startFirstTurn(PhaseHandler.java:1029)
	at forge.game.GameAction.startGame(GameAction.java:2373)
	at forge.game.Match.startGame(Match.java:92)
	at forge.game.Match.startGame(Match.java:77)
	at forge.view.SimulateMatch.lambda$simulateSingleMatch$0(SimulateMatch.java:213)
	at forge.view.TimeLimitedCodeBlock.lambda$runWithTimeout$0(TimeLimitedCodeBlock.java:18)
	at java.base/java.util.concurrent.FutureTask.run(FutureTask.java:264)
	at java.base/java.util.concurrent.ThreadPoolExecutor.runWorker(ThreadPoolExecutor.java:1136)
	at java.base/java.util.concurrent.ThreadPoolExecutor$Worker.run(ThreadPoolExecutor.java:635)
	at java.base/java.lang.Thread.run(Thread.java:840)
AI eval thread at timeout:
	at app//com.google.common.collect.StandardTable$CellIterator.<init>(StandardTable.java:242)
	at app//com.google.common.collect.StandardTable.cellIterator(StandardTable.java:239)
	at app//com.google.common.collect.AbstractTable$CellSet.iterator(AbstractTable.java:164)
	at app//com.google.common.collect.AbstractTable.valuesIterator(AbstractTable.java:186)
	at app//com.google.common.collect.AbstractTable$Values.iterator(AbstractTable.java:199)
	at app//com.google.common.collect.FluentIterable$3$1.get(FluentIterable.java:302)
	at app//com.google.common.collect.FluentIterable$3$1.get(FluentIterable.java:299)
	at app//com.google.common.collect.AbstractIndexedListIterator.next(AbstractIndexedListIterator.java:82)
	at app//com.google.common.collect.Iterators$ConcatenatedIterator.hasNext(Iterators.java:1401)
	at app//forge.game.card.Card.getCurrentToughness(Card.java:4514)
	at app//forge.game.card.Card.getUnswitchedToughnessBreakdown(Card.java:4550)
	at app//forge.game.card.Card.getNetToughnessBreakdown(Card.java:4570)
	at app//forge.game.card.Card.getNetToughness(Card.java:4573)
	at app//forge.game.card.Card.getLethal(Card.java:6038)
	at app//forge.game.card.Card.getLethalDamage(Card.java:6049)
	at app//forge.game.card.Card.getExcessDamageValue(Card.java:6057)
	at app//forge.ai.ComputerUtilCombat.getDamageToKill(ComputerUtilCombat.java:2183)
	at app//forge.ai.ComputerUtilCombat.canDestroyAttackerBeforeFirstStrike(ComputerUtilCombat.java:1556)
	at app//forge.ai.ComputerUtilCombat.canDestroyAttacker(ComputerUtilCombat.java:1651)
	at app//forge.ai.AiBlockController.getKillingBlockers(AiBlockController.java:120)
	at app//forge.ai.AiBlockController.makeTradeBlocks(AiBlockController.java:618)
	at app//forge.ai.AiBlockController.assignBlockers(AiBlockController.java:1089)
	at app//forge.ai.AiBlockController.assignBlockersForCombat(AiBlockController.java:1014)
	at app//forge.ai.ComputerUtil.predictNextCombatsRemainingLife(ComputerUtil.java:3214)
	at app//forge.ai.ComputerUtil.predictNextCombatsRemainingLife(ComputerUtil.java:3179)
	at app//forge.ai.AiAttackController.notNeededAsBlockers(AiAttackController.java:426)
	at app//forge.ai.AiAttackController.declareAttackers(AiAttackController.java:1279)
	at app//forge.ai.ComputerUtilCard.doesSpecifiedCreatureAttackAI(ComputerUtilCard.java:820)
	at app//forge.ai.ComputerUtilCard.shouldPumpCard(ComputerUtilCard.java:1557)
	at app//forge.ai.ComputerUtilCard.shouldPumpCard(ComputerUtilCard.java:1446)
Stopping slow match as draw
java.lang.InterruptedException
	at java.base/java.util.concurrent.FutureTask.awaitDone(FutureTask.java:418)
	at java.base/java.util.concurrent.FutureTask.get(FutureTask.java:203)
	at forge.ai.AiController.chooseSpellAbilityToPlayFromList(AiController.java:1696)
	at forge.ai.AiController.getSpellAbilityToPlay(AiController.java:1583)
	at forge.ai.AiController.chooseSpellAbilityToPlay(AiController.java:1403)
	at forge.ai.PlayerControllerAi.chooseSpellAbilityToPlay(PlayerControllerAi.java:832)
	at forge.game.phase.PhaseHandler.mainLoopStep(PhaseHandler.java:1056)
	at forge.game.phase.PhaseHandler.mainGameLoop(PhaseHandler.java:1035)
	at forge.game.phase.PhaseHandler.startFirstTurn(PhaseHandler.java:1029)
	at forge.game.GameAction.startGame(GameAction.java:2373)
	at forge.game.Match.startGame(Match.java:92)
	at forge.game.Match.startGame(Match.java:77)
	at forge.view.SimulateMatch.lambda$simulateSingleMatch$0(SimulateMatch.java:213)
	at forge.view.TimeLimitedCodeBlock.lambda$runWithTimeout$0(TimeLimitedCodeBlock.java:18)
	at java.base/java.util.concurrent.FutureTask.run(FutureTask.java:264)
	at java.base/java.util.concurrent.ThreadPoolExecutor.runWorker(ThreadPoolExecutor.java:1136)
	at java.base/java.util.concurrent.ThreadPoolExecutor$Worker.run(ThreadPoolExecutor.java:635)
	at java.base/java.lang.Thread.run(Thread.java:840)
Game Outcome: Turn 15
Game Outcome: Ai(1)-Grist Competitive Brawl AetherHub 2026-09 has won because all opponents have lost
Game Outcome: Ai(2)-Lathril v0.3.2 - Arena Mirror has won because all opponents have lost
Match Result: Ai(1)-Grist Competitive Brawl AetherHub 2026-09: 14 Ai(2)-Lathril v0.3.2 - Arena Mirror: 5

Game Result: Game 19 ended in 120002 ms. Ai(1)-Grist Competitive Brawl AetherHub 2026-09 has won!

Default player choice logic.
Correcting zone for Wishclaw Talisman (193)
Default player choice logic.
Correcting zone for Wishclaw Talisman (193)
Default player choice logic.
Correcting zone for Wishclaw Talisman (193)
Game Outcome: Turn 9
Game Outcome: Ai(1)-Grist Competitive Brawl AetherHub 2026-09 has won because all opponents have lost
Game Outcome: Ai(2)-Lathril v0.3.2 - Arena Mirror has lost because life total reached 0
Match Result: Ai(1)-Grist Competitive Brawl AetherHub 2026-09: 15 Ai(2)-Lathril v0.3.2 - Arena Mirror: 5

Game Result: Game 20 ended in 2121 ms. Ai(1)-Grist Competitive Brawl AetherHub 2026-09 has won!

Game Outcome: Turn 11
Game Outcome: Ai(1)-Grist Competitive Brawl AetherHub 2026-09 has won because all opponents have lost
Game Outcome: Ai(2)-Lathril v0.3.2 - Arena Mirror has lost because life total reached 0
Match Result: Ai(1)-Grist Competitive Brawl AetherHub 2026-09: 16 Ai(2)-Lathril v0.3.2 - Arena Mirror: 5

Game Result: Game 21 ended in 9259 ms. Ai(1)-Grist Competitive Brawl AetherHub 2026-09 has won!

Game Outcome: Turn 7
Game Outcome: Ai(1)-Grist Competitive Brawl AetherHub 2026-09 has won because all opponents have lost
Game Outcome: Ai(2)-Lathril v0.3.2 - Arena Mirror has lost because life total reached 0
Match Result: Ai(1)-Grist Competitive Brawl AetherHub 2026-09: 17 Ai(2)-Lathril v0.3.2 - Arena Mirror: 5

Game Result: Game 22 ended in 1724 ms. Ai(1)-Grist Competitive Brawl AetherHub 2026-09 has won!

[Ai(2)-Lathril v0.3.2 - Arena Mirror] AI failed to play Celestial Reunion (123) [Stack]
Game Outcome: Turn 9
Game Outcome: Ai(1)-Grist Competitive Brawl AetherHub 2026-09 has won because all opponents have lost
Game Outcome: Ai(2)-Lathril v0.3.2 - Arena Mirror has lost because life total reached 0
Match Result: Ai(1)-Grist Competitive Brawl AetherHub 2026-09: 18 Ai(2)-Lathril v0.3.2 - Arena Mirror: 5

Game Result: Game 23 ended in 3880 ms. Ai(1)-Grist Competitive Brawl AetherHub 2026-09 has won!

Game Outcome: Turn 8
Game Outcome: Ai(1)-Grist Competitive Brawl AetherHub 2026-09 has lost because life total reached 0
Game Outcome: Ai(2)-Lathril v0.3.2 - Arena Mirror has won because all opponents have lost
Match Result: Ai(1)-Grist Competitive Brawl AetherHub 2026-09: 18 Ai(2)-Lathril v0.3.2 - Arena Mirror: 6

Game Result: Game 24 ended in 1731 ms. Ai(2)-Lathril v0.3.2 - Arena Mirror has won!

[Ai(2)-Lathril v0.3.2 - Arena Mirror] AI failed to play Celestial Reunion (123) [Stack]
Game Outcome: Turn 11
Game Outcome: Ai(1)-Grist Competitive Brawl AetherHub 2026-09 has won because all opponents have lost
Game Outcome: Ai(2)-Lathril v0.3.2 - Arena Mirror has lost because life total reached 0
Match Result: Ai(1)-Grist Competitive Brawl AetherHub 2026-09: 19 Ai(2)-Lathril v0.3.2 - Arena Mirror: 6

Game Result: Game 25 ended in 13190 ms. Ai(1)-Grist Competitive Brawl AetherHub 2026-09 has won!

Game Outcome: Turn 5
Game Outcome: Ai(1)-Grist Competitive Brawl AetherHub 2026-09 has won because all opponents have lost
Game Outcome: Ai(2)-Lathril v0.3.2 - Arena Mirror has lost because life total reached 0
Match Result: Ai(1)-Grist Competitive Brawl AetherHub 2026-09: 20 Ai(2)-Lathril v0.3.2 - Arena Mirror: 6

Game Result: Game 26 ended in 736 ms. Ai(1)-Grist Competitive Brawl AetherHub 2026-09 has won!

Game Outcome: Turn 11
Game Outcome: Ai(1)-Grist Competitive Brawl AetherHub 2026-09 has won because all opponents have lost
Game Outcome: Ai(2)-Lathril v0.3.2 - Arena Mirror has lost because life total reached 0
Match Result: Ai(1)-Grist Competitive Brawl AetherHub 2026-09: 21 Ai(2)-Lathril v0.3.2 - Arena Mirror: 6

Game Result: Game 27 ended in 9091 ms. Ai(1)-Grist Competitive Brawl AetherHub 2026-09 has won!

Game Outcome: Turn 9
Game Outcome: Ai(1)-Grist Competitive Brawl AetherHub 2026-09 has won because all opponents have lost
Game Outcome: Ai(2)-Lathril v0.3.2 - Arena Mirror has lost because life total reached 0
Match Result: Ai(1)-Grist Competitive Brawl AetherHub 2026-09: 22 Ai(2)-Lathril v0.3.2 - Arena Mirror: 6

Game Result: Game 28 ended in 4070 ms. Ai(1)-Grist Competitive Brawl AetherHub 2026-09 has won!

Game Outcome: Turn 9
Game Outcome: Ai(1)-Grist Competitive Brawl AetherHub 2026-09 has won because all opponents have lost
Game Outcome: Ai(2)-Lathril v0.3.2 - Arena Mirror has lost because life total reached 0
Match Result: Ai(1)-Grist Competitive Brawl AetherHub 2026-09: 23 Ai(2)-Lathril v0.3.2 - Arena Mirror: 6

Game Result: Game 29 ended in 1320 ms. Ai(1)-Grist Competitive Brawl AetherHub 2026-09 has won!

Game Outcome: Turn 8
Game Outcome: Ai(1)-Grist Competitive Brawl AetherHub 2026-09 has won because all opponents have lost
Game Outcome: Ai(2)-Lathril v0.3.2 - Arena Mirror has lost because life total reached 0
Match Result: Ai(1)-Grist Competitive Brawl AetherHub 2026-09: 24 Ai(2)-Lathril v0.3.2 - Arena Mirror: 6

Game Result: Game 30 ended in 2091 ms. Ai(1)-Grist Competitive Brawl AetherHub 2026-09 has won!

Game Outcome: Turn 8
Game Outcome: Ai(1)-Grist Competitive Brawl AetherHub 2026-09 has lost because life total reached 0
Game Outcome: Ai(2)-Lathril v0.3.2 - Arena Mirror has won because all opponents have lost
Match Result: Ai(1)-Grist Competitive Brawl AetherHub 2026-09: 24 Ai(2)-Lathril v0.3.2 - Arena Mirror: 7

Game Result: Game 31 ended in 2192 ms. Ai(2)-Lathril v0.3.2 - Arena Mirror has won!

Game Outcome: Turn 9
Game Outcome: Ai(1)-Grist Competitive Brawl AetherHub 2026-09 has won because all opponents have lost
Game Outcome: Ai(2)-Lathril v0.3.2 - Arena Mirror has lost because life total reached 0
Match Result: Ai(1)-Grist Competitive Brawl AetherHub 2026-09: 25 Ai(2)-Lathril v0.3.2 - Arena Mirror: 7

Game Result: Game 32 ended in 3521 ms. Ai(1)-Grist Competitive Brawl AetherHub 2026-09 has won!

Game Outcome: Turn 6
Game Outcome: Ai(1)-Grist Competitive Brawl AetherHub 2026-09 has lost because life total reached 0
Game Outcome: Ai(2)-Lathril v0.3.2 - Arena Mirror has won because all opponents have lost
Match Result: Ai(1)-Grist Competitive Brawl AetherHub 2026-09: 25 Ai(2)-Lathril v0.3.2 - Arena Mirror: 8

Game Result: Game 33 ended in 770 ms. Ai(2)-Lathril v0.3.2 - Arena Mirror has won!

Game Outcome: Turn 6
Game Outcome: Ai(1)-Grist Competitive Brawl AetherHub 2026-09 has won because all opponents have lost
Game Outcome: Ai(2)-Lathril v0.3.2 - Arena Mirror has lost because of obtaining 10 poison counters
Match Result: Ai(1)-Grist Competitive Brawl AetherHub 2026-09: 26 Ai(2)-Lathril v0.3.2 - Arena Mirror: 8

Game Result: Game 34 ended in 1151 ms. Ai(1)-Grist Competitive Brawl AetherHub 2026-09 has won!

[Ai(2)-Lathril v0.3.2 - Arena Mirror] AI failed to play Celestial Reunion (123) [Stack]
Game Outcome: Turn 10
Game Outcome: Ai(1)-Grist Competitive Brawl AetherHub 2026-09 has won because all opponents have lost
Game Outcome: Ai(2)-Lathril v0.3.2 - Arena Mirror has lost because life total reached 0
Match Result: Ai(1)-Grist Competitive Brawl AetherHub 2026-09: 27 Ai(2)-Lathril v0.3.2 - Arena Mirror: 8

Game Result: Game 35 ended in 8593 ms. Ai(1)-Grist Competitive Brawl AetherHub 2026-09 has won!

Default player choice logic.
Correcting zone for Wishclaw Talisman (193)
Default player choice logic.
Correcting zone for Wishclaw Talisman (193)
Game Outcome: Turn 11
Game Outcome: Ai(1)-Grist Competitive Brawl AetherHub 2026-09 has lost because life total reached 0
Game Outcome: Ai(2)-Lathril v0.3.2 - Arena Mirror has won because all opponents have lost
Match Result: Ai(1)-Grist Competitive Brawl AetherHub 2026-09: 27 Ai(2)-Lathril v0.3.2 - Arena Mirror: 9

Game Result: Game 36 ended in 5072 ms. Ai(2)-Lathril v0.3.2 - Arena Mirror has won!

Game Outcome: Turn 9
Game Outcome: Ai(1)-Grist Competitive Brawl AetherHub 2026-09 has won because all opponents have lost
Game Outcome: Ai(2)-Lathril v0.3.2 - Arena Mirror has lost because life total reached 0
Match Result: Ai(1)-Grist Competitive Brawl AetherHub 2026-09: 28 Ai(2)-Lathril v0.3.2 - Arena Mirror: 9

Game Result: Game 37 ended in 2018 ms. Ai(1)-Grist Competitive Brawl AetherHub 2026-09 has won!

Game Outcome: Turn 10
Game Outcome: Ai(1)-Grist Competitive Brawl AetherHub 2026-09 has lost because life total reached 0
Game Outcome: Ai(2)-Lathril v0.3.2 - Arena Mirror has won because all opponents have lost
Match Result: Ai(1)-Grist Competitive Brawl AetherHub 2026-09: 28 Ai(2)-Lathril v0.3.2 - Arena Mirror: 10

Game Result: Game 38 ended in 5012 ms. Ai(2)-Lathril v0.3.2 - Arena Mirror has won!

Game Outcome: Turn 8
Game Outcome: Ai(1)-Grist Competitive Brawl AetherHub 2026-09 has won because all opponents have lost
Game Outcome: Ai(2)-Lathril v0.3.2 - Arena Mirror has lost because life total reached 0
Match Result: Ai(1)-Grist Competitive Brawl AetherHub 2026-09: 29 Ai(2)-Lathril v0.3.2 - Arena Mirror: 10

Game Result: Game 39 ended in 4236 ms. Ai(1)-Grist Competitive Brawl AetherHub 2026-09 has won!

Game Outcome: Turn 7
Game Outcome: Ai(1)-Grist Competitive Brawl AetherHub 2026-09 has won because all opponents have lost
Game Outcome: Ai(2)-Lathril v0.3.2 - Arena Mirror has lost because life total reached 0
Match Result: Ai(1)-Grist Competitive Brawl AetherHub 2026-09: 30 Ai(2)-Lathril v0.3.2 - Arena Mirror: 10

Game Result: Game 40 ended in 1256 ms. Ai(1)-Grist Competitive Brawl AetherHub 2026-09 has won!

Game Outcome: Turn 7
Game Outcome: Ai(1)-Grist Competitive Brawl AetherHub 2026-09 has won because all opponents have lost
Game Outcome: Ai(2)-Lathril v0.3.2 - Arena Mirror has lost because life total reached 0
Match Result: Ai(1)-Grist Competitive Brawl AetherHub 2026-09: 31 Ai(2)-Lathril v0.3.2 - Arena Mirror: 10

Game Result: Game 41 ended in 1360 ms. Ai(1)-Grist Competitive Brawl AetherHub 2026-09 has won!

Game Outcome: Turn 9
Game Outcome: Ai(1)-Grist Competitive Brawl AetherHub 2026-09 has won because all opponents have lost
Game Outcome: Ai(2)-Lathril v0.3.2 - Arena Mirror has lost because life total reached 0
Match Result: Ai(1)-Grist Competitive Brawl AetherHub 2026-09: 32 Ai(2)-Lathril v0.3.2 - Arena Mirror: 10

Game Result: Game 42 ended in 2067 ms. Ai(1)-Grist Competitive Brawl AetherHub 2026-09 has won!

Game Outcome: Turn 6
Game Outcome: Ai(1)-Grist Competitive Brawl AetherHub 2026-09 has lost because life total reached 0
Game Outcome: Ai(2)-Lathril v0.3.2 - Arena Mirror has won because all opponents have lost
Match Result: Ai(1)-Grist Competitive Brawl AetherHub 2026-09: 32 Ai(2)-Lathril v0.3.2 - Arena Mirror: 11

Game Result: Game 43 ended in 1055 ms. Ai(2)-Lathril v0.3.2 - Arena Mirror has won!

[Ai(2)-Lathril v0.3.2 - Arena Mirror] AI failed to play Celestial Reunion (123) [Stack]
Game Outcome: Turn 13
Game Outcome: Ai(1)-Grist Competitive Brawl AetherHub 2026-09 has won because all opponents have lost
Game Outcome: Ai(2)-Lathril v0.3.2 - Arena Mirror has lost because life total reached 0
Match Result: Ai(1)-Grist Competitive Brawl AetherHub 2026-09: 33 Ai(2)-Lathril v0.3.2 - Arena Mirror: 11

Game Result: Game 44 ended in 11036 ms. Ai(1)-Grist Competitive Brawl AetherHub 2026-09 has won!

Game Outcome: Turn 11
Game Outcome: Ai(1)-Grist Competitive Brawl AetherHub 2026-09 has lost because life total reached 0
Game Outcome: Ai(2)-Lathril v0.3.2 - Arena Mirror has won because all opponents have lost
Match Result: Ai(1)-Grist Competitive Brawl AetherHub 2026-09: 33 Ai(2)-Lathril v0.3.2 - Arena Mirror: 12

Game Result: Game 45 ended in 8533 ms. Ai(2)-Lathril v0.3.2 - Arena Mirror has won!

Game Outcome: Turn 7
Game Outcome: Ai(1)-Grist Competitive Brawl AetherHub 2026-09 has lost because life total reached 0
Game Outcome: Ai(2)-Lathril v0.3.2 - Arena Mirror has won because all opponents have lost
Match Result: Ai(1)-Grist Competitive Brawl AetherHub 2026-09: 33 Ai(2)-Lathril v0.3.2 - Arena Mirror: 13

Game Result: Game 46 ended in 2266 ms. Ai(2)-Lathril v0.3.2 - Arena Mirror has won!

Game Outcome: Turn 7
Game Outcome: Ai(1)-Grist Competitive Brawl AetherHub 2026-09 has won because all opponents have lost
Game Outcome: Ai(2)-Lathril v0.3.2 - Arena Mirror has lost because life total reached 0
Match Result: Ai(1)-Grist Competitive Brawl AetherHub 2026-09: 34 Ai(2)-Lathril v0.3.2 - Arena Mirror: 13

Game Result: Game 47 ended in 2214 ms. Ai(1)-Grist Competitive Brawl AetherHub 2026-09 has won!

Default player choice logic.
Correcting zone for Wishclaw Talisman (193)
[Ai(2)-Lathril v0.3.2 - Arena Mirror] AI failed to play Celestial Reunion (123) [Stack]
Default player choice logic.
Correcting zone for Wishclaw Talisman (193)
Default player choice logic.
Correcting zone for Wishclaw Talisman (193)
Game Outcome: Turn 10
Game Outcome: Ai(1)-Grist Competitive Brawl AetherHub 2026-09 has won because all opponents have lost
Game Outcome: Ai(2)-Lathril v0.3.2 - Arena Mirror has lost because life total reached 0
Match Result: Ai(1)-Grist Competitive Brawl AetherHub 2026-09: 35 Ai(2)-Lathril v0.3.2 - Arena Mirror: 13

Game Result: Game 48 ended in 2687 ms. Ai(1)-Grist Competitive Brawl AetherHub 2026-09 has won!

Default player choice logic.
Correcting zone for Wishclaw Talisman (193)
Default player choice logic.
Correcting zone for Wishclaw Talisman (193)
Default player choice logic.
Correcting zone for Wishclaw Talisman (193)
Game Outcome: Turn 9
Game Outcome: Ai(1)-Grist Competitive Brawl AetherHub 2026-09 has lost because life total reached 0
Game Outcome: Ai(2)-Lathril v0.3.2 - Arena Mirror has won because all opponents have lost
Match Result: Ai(1)-Grist Competitive Brawl AetherHub 2026-09: 35 Ai(2)-Lathril v0.3.2 - Arena Mirror: 14

Game Result: Game 49 ended in 1809 ms. Ai(2)-Lathril v0.3.2 - Arena Mirror has won!

Game Outcome: Turn 9
Game Outcome: Ai(1)-Grist Competitive Brawl AetherHub 2026-09 has won because all opponents have lost
Game Outcome: Ai(2)-Lathril v0.3.2 - Arena Mirror has lost because life total reached 0
Match Result: Ai(1)-Grist Competitive Brawl AetherHub 2026-09: 36 Ai(2)-Lathril v0.3.2 - Arena Mirror: 14

Game Result: Game 50 ended in 3302 ms. Ai(1)-Grist Competitive Brawl AetherHub 2026-09 has won!
