Error handling registered!
17:06:16 [INFO ] GuiBase: ##########################################
17:06:16 [INFO ] GuiBase: APP: Forge v.2.0.14-SNAPSHOT-08.08
17:06:16 [INFO ] GuiBase: Java: 17.0.17 (Homebrew)
17:06:16 [INFO ] GuiBase: OS: Mac OS X 15.5 aarch64
17:06:16 [INFO ] GuiBase: RAM: 4096 MB max, 8 CPUs
17:06:16 [INFO ] GuiBase: ##########################################
Language 'en-US' loaded successfully.
(ThreadUtil first call): Running with priority 5
Read cards: 33617 archived files in 1 ms (25 parts) using thread pool
Upcoming set Star Trek (TRK) dated in the future. All `upcoming` cards will be added to this set with unknown rarity.
The card A-Alrund's Epiphany was not assigned to any set. Adding it to UNKNOWN set... to fix see res/editions/ folder.
The card A-Baba Lysaga, Night Witch was not assigned to any set. Adding it to UNKNOWN set... to fix see res/editions/ folder.
The card A-Divide by Zero was not assigned to any set. Adding it to UNKNOWN set... to fix see res/editions/ folder.
The card A-Esika's Chariot was not assigned to any set. Adding it to UNKNOWN set... to fix see res/editions/ folder.
The card A-Faceless Haven was not assigned to any set. Adding it to UNKNOWN set... to fix see res/editions/ folder.
The card A-Fires of Invention was not assigned to any set. Adding it to UNKNOWN set... to fix see res/editions/ folder.
The card A-Goldspan Dragon was not assigned to any set. Adding it to UNKNOWN set... to fix see res/editions/ folder.
The card A-Hullbreaker Horror was not assigned to any set. Adding it to UNKNOWN set... to fix see res/editions/ folder.
The card A-Kumano Faces Kakkazan was not assigned to any set. Adding it to UNKNOWN set... to fix see res/editions/ folder.
The card A-Luminarch Aspirant was not assigned to any set. Adding it to UNKNOWN set... to fix see res/editions/ folder.
The card A-Monster Manual was not assigned to any set. Adding it to UNKNOWN set... to fix see res/editions/ folder.
The card A-Omnath, Locus of Creation was not assigned to any set. Adding it to UNKNOWN set... to fix see res/editions/ folder.
The card A-The Meathook Massacre was not assigned to any set. Adding it to UNKNOWN set... to fix see res/editions/ folder.
The card A-Unholy Heat was not assigned to any set. Adding it to UNKNOWN set... to fix see res/editions/ folder.
The card Blinding Radiance was not assigned to any set. Adding it to UNKNOWN set... to fix see res/editions/ folder.
The card Goblin Bruiser was not assigned to any set. Adding it to UNKNOWN set... to fix see res/editions/ folder.
The card Ogre Painbringer was not assigned to any set. Adding it to UNKNOWN set... to fix see res/editions/ folder.
The card Titanic Pelagosaur was not assigned to any set. Adding it to UNKNOWN set... to fix see res/editions/ folder.
The card Treetop Recluse was not assigned to any set. Adding it to UNKNOWN set... to fix see res/editions/ folder.
Upcoming set Star Trek (TRK) dated in the future. All `upcoming` cards will be added to this set with unknown rarity.
Read cards: 836 files in 0 ms (8 parts) using thread pool
Simulation mode
Ai(1)-Phelia Competitive Brawl MTGGoldfish 2026-08 vs Ai(2)-Lathril v0.3.2 - Arena Mirror - fifty  games of Brawl seed 32017
Game Outcome: Turn 10
Game Outcome: Ai(1)-Phelia Competitive Brawl MTGGoldfish 2026-08 has lost because life total reached 0
Game Outcome: Ai(2)-Lathril v0.3.2 - Arena Mirror has won because all opponents have lost
Match Result: Ai(1)-Phelia Competitive Brawl MTGGoldfish 2026-08: 0 Ai(2)-Lathril v0.3.2 - Arena Mirror: 1

Game Result: Game 1 ended in 8881 ms. Ai(2)-Lathril v0.3.2 - Arena Mirror has won!

Game Outcome: Turn 9
Game Outcome: Ai(1)-Phelia Competitive Brawl MTGGoldfish 2026-08 has won because all opponents have lost
Game Outcome: Ai(2)-Lathril v0.3.2 - Arena Mirror has lost because life total reached 0
Match Result: Ai(1)-Phelia Competitive Brawl MTGGoldfish 2026-08: 1 Ai(2)-Lathril v0.3.2 - Arena Mirror: 1

Game Result: Game 2 ended in 15261 ms. Ai(1)-Phelia Competitive Brawl MTGGoldfish 2026-08 has won!

Snow-Covered Plains Did not have activator set in SpellAbilityRestriction.canPlay()
Game Outcome: Turn 9
Game Outcome: Ai(1)-Phelia Competitive Brawl MTGGoldfish 2026-08 has lost because life total reached 0
Game Outcome: Ai(2)-Lathril v0.3.2 - Arena Mirror has won because all opponents have lost
Match Result: Ai(1)-Phelia Competitive Brawl MTGGoldfish 2026-08: 1 Ai(2)-Lathril v0.3.2 - Arena Mirror: 2

Game Result: Game 3 ended in 13239 ms. Ai(2)-Lathril v0.3.2 - Arena Mirror has won!

Moving spell to Exile
Game Outcome: Turn 7
Game Outcome: Ai(1)-Phelia Competitive Brawl MTGGoldfish 2026-08 has won because all opponents have lost
Game Outcome: Ai(2)-Lathril v0.3.2 - Arena Mirror has lost because life total reached 0
Match Result: Ai(1)-Phelia Competitive Brawl MTGGoldfish 2026-08: 2 Ai(2)-Lathril v0.3.2 - Arena Mirror: 2

Game Result: Game 4 ended in 4385 ms. Ai(1)-Phelia Competitive Brawl MTGGoldfish 2026-08 has won!

Default player choice logic.
Correcting zone for Wishclaw Talisman (193)
Default player choice logic.
Correcting zone for Wishclaw Talisman (193)
Default player choice logic.
Correcting zone for Wishclaw Talisman (193)
Game Outcome: Turn 16
Game Outcome: Ai(1)-Phelia Competitive Brawl MTGGoldfish 2026-08 has lost because life total reached 0
Game Outcome: Ai(2)-Lathril v0.3.2 - Arena Mirror has won because all opponents have lost
Match Result: Ai(1)-Phelia Competitive Brawl MTGGoldfish 2026-08: 2 Ai(2)-Lathril v0.3.2 - Arena Mirror: 3

Game Result: Game 5 ended in 6621 ms. Ai(2)-Lathril v0.3.2 - Arena Mirror has won!

Game Outcome: Turn 8
Game Outcome: Ai(1)-Phelia Competitive Brawl MTGGoldfish 2026-08 has won because all opponents have lost
Game Outcome: Ai(2)-Lathril v0.3.2 - Arena Mirror has lost because life total reached 0
Match Result: Ai(1)-Phelia Competitive Brawl MTGGoldfish 2026-08: 3 Ai(2)-Lathril v0.3.2 - Arena Mirror: 3

Game Result: Game 6 ended in 5730 ms. Ai(1)-Phelia Competitive Brawl MTGGoldfish 2026-08 has won!

Snow-Covered Plains Did not have activator set in SpellAbilityRestriction.canPlay()
Default player choice logic.
Correcting zone for Wishclaw Talisman (193)
Default player choice logic.
Correcting zone for Wishclaw Talisman (193)
Warning: default (ie. inherited from base class) implementation of chooseSingleCard is used by Samwise the Stouthearted for forge.ai.ability.AlwaysPlayAi. Consider declaring an overloaded method
Game Outcome: Turn 10
Game Outcome: Ai(1)-Phelia Competitive Brawl MTGGoldfish 2026-08 has won because all opponents have lost
Game Outcome: Ai(2)-Lathril v0.3.2 - Arena Mirror has lost because life total reached 0
Match Result: Ai(1)-Phelia Competitive Brawl MTGGoldfish 2026-08: 4 Ai(2)-Lathril v0.3.2 - Arena Mirror: 3

Game Result: Game 7 ended in 10033 ms. Ai(1)-Phelia Competitive Brawl MTGGoldfish 2026-08 has won!

Game Outcome: Turn 10
Game Outcome: Ai(1)-Phelia Competitive Brawl MTGGoldfish 2026-08 has lost because life total reached 0
Game Outcome: Ai(2)-Lathril v0.3.2 - Arena Mirror has won because all opponents have lost
Match Result: Ai(1)-Phelia Competitive Brawl MTGGoldfish 2026-08: 4 Ai(2)-Lathril v0.3.2 - Arena Mirror: 4

Game Result: Game 8 ended in 10057 ms. Ai(2)-Lathril v0.3.2 - Arena Mirror has won!

Game Outcome: Turn 8
Game Outcome: Ai(1)-Phelia Competitive Brawl MTGGoldfish 2026-08 has won because all opponents have lost
Game Outcome: Ai(2)-Lathril v0.3.2 - Arena Mirror has lost because life total reached 0
Match Result: Ai(1)-Phelia Competitive Brawl MTGGoldfish 2026-08: 5 Ai(2)-Lathril v0.3.2 - Arena Mirror: 4

Game Result: Game 9 ended in 5108 ms. Ai(1)-Phelia Competitive Brawl MTGGoldfish 2026-08 has won!

Game Outcome: Turn 13
Game Outcome: Ai(1)-Phelia Competitive Brawl MTGGoldfish 2026-08 has won because all opponents have lost
Game Outcome: Ai(2)-Lathril v0.3.2 - Arena Mirror has lost because life total reached 0
Match Result: Ai(1)-Phelia Competitive Brawl MTGGoldfish 2026-08: 6 Ai(2)-Lathril v0.3.2 - Arena Mirror: 4

Game Result: Game 10 ended in 17818 ms. Ai(1)-Phelia Competitive Brawl MTGGoldfish 2026-08 has won!

Game Outcome: Turn 8
Game Outcome: Ai(1)-Phelia Competitive Brawl MTGGoldfish 2026-08 has won because all opponents have lost
Game Outcome: Ai(2)-Lathril v0.3.2 - Arena Mirror has lost because life total reached 0
Match Result: Ai(1)-Phelia Competitive Brawl MTGGoldfish 2026-08: 7 Ai(2)-Lathril v0.3.2 - Arena Mirror: 4

Game Result: Game 11 ended in 7875 ms. Ai(1)-Phelia Competitive Brawl MTGGoldfish 2026-08 has won!

[Ai(2)-Lathril v0.3.2 - Arena Mirror] AI failed to play Celestial Reunion (123) [Stack]
Default player choice logic.
Correcting zone for Wishclaw Talisman (193)
Default player choice logic.
Correcting zone for Wishclaw Talisman (193)
Game Outcome: Turn 9
Game Outcome: Ai(1)-Phelia Competitive Brawl MTGGoldfish 2026-08 has lost because life total reached 0
Game Outcome: Ai(2)-Lathril v0.3.2 - Arena Mirror has won because all opponents have lost
Match Result: Ai(1)-Phelia Competitive Brawl MTGGoldfish 2026-08: 7 Ai(2)-Lathril v0.3.2 - Arena Mirror: 5

Game Result: Game 12 ended in 8781 ms. Ai(2)-Lathril v0.3.2 - Arena Mirror has won!

Game Outcome: Turn 6
Game Outcome: Ai(1)-Phelia Competitive Brawl MTGGoldfish 2026-08 has won because all opponents have lost
Game Outcome: Ai(2)-Lathril v0.3.2 - Arena Mirror has lost because life total reached 0
Match Result: Ai(1)-Phelia Competitive Brawl MTGGoldfish 2026-08: 8 Ai(2)-Lathril v0.3.2 - Arena Mirror: 5

Game Result: Game 13 ended in 3794 ms. Ai(1)-Phelia Competitive Brawl MTGGoldfish 2026-08 has won!

Warning: default (ie. inherited from base class) implementation of chooseSingleCard is used by Samwise the Stouthearted for forge.ai.ability.AlwaysPlayAi. Consider declaring an overloaded method
Warning: default (ie. inherited from base class) implementation of chooseSingleCard is used by Samwise the Stouthearted for forge.ai.ability.AlwaysPlayAi. Consider declaring an overloaded method
Game Outcome: Turn 13
Game Outcome: Ai(1)-Phelia Competitive Brawl MTGGoldfish 2026-08 has won because all opponents have lost
Game Outcome: Ai(2)-Lathril v0.3.2 - Arena Mirror has lost because life total reached 0
Match Result: Ai(1)-Phelia Competitive Brawl MTGGoldfish 2026-08: 9 Ai(2)-Lathril v0.3.2 - Arena Mirror: 5

Game Result: Game 14 ended in 28643 ms. Ai(1)-Phelia Competitive Brawl MTGGoldfish 2026-08 has won!

Game Outcome: Turn 7
Game Outcome: Ai(1)-Phelia Competitive Brawl MTGGoldfish 2026-08 has won because all opponents have lost
Game Outcome: Ai(2)-Lathril v0.3.2 - Arena Mirror has lost because life total reached 0
Match Result: Ai(1)-Phelia Competitive Brawl MTGGoldfish 2026-08: 10 Ai(2)-Lathril v0.3.2 - Arena Mirror: 5

Game Result: Game 15 ended in 3093 ms. Ai(1)-Phelia Competitive Brawl MTGGoldfish 2026-08 has won!

Game Outcome: Turn 7
Game Outcome: Ai(1)-Phelia Competitive Brawl MTGGoldfish 2026-08 has won because all opponents have lost
Game Outcome: Ai(2)-Lathril v0.3.2 - Arena Mirror has lost because life total reached 0
Match Result: Ai(1)-Phelia Competitive Brawl MTGGoldfish 2026-08: 11 Ai(2)-Lathril v0.3.2 - Arena Mirror: 5

Game Result: Game 16 ended in 2051 ms. Ai(1)-Phelia Competitive Brawl MTGGoldfish 2026-08 has won!

Moving spell to Exile
Game Outcome: Turn 11
Game Outcome: Ai(1)-Phelia Competitive Brawl MTGGoldfish 2026-08 has won because all opponents have lost
Game Outcome: Ai(2)-Lathril v0.3.2 - Arena Mirror has lost because life total reached 0
Match Result: Ai(1)-Phelia Competitive Brawl MTGGoldfish 2026-08: 12 Ai(2)-Lathril v0.3.2 - Arena Mirror: 5

Game Result: Game 17 ended in 8443 ms. Ai(1)-Phelia Competitive Brawl MTGGoldfish 2026-08 has won!

Game Outcome: Turn 6
Game Outcome: Ai(1)-Phelia Competitive Brawl MTGGoldfish 2026-08 has won because all opponents have lost
Game Outcome: Ai(2)-Lathril v0.3.2 - Arena Mirror has lost because life total reached 0
Match Result: Ai(1)-Phelia Competitive Brawl MTGGoldfish 2026-08: 13 Ai(2)-Lathril v0.3.2 - Arena Mirror: 5

Game Result: Game 18 ended in 3890 ms. Ai(1)-Phelia Competitive Brawl MTGGoldfish 2026-08 has won!

[Ai(2)-Lathril v0.3.2 - Arena Mirror] AI failed to play Celestial Reunion (123) [Stack]
Game Outcome: Turn 8
Game Outcome: Ai(1)-Phelia Competitive Brawl MTGGoldfish 2026-08 has won because all opponents have lost
Game Outcome: Ai(2)-Lathril v0.3.2 - Arena Mirror has lost because life total reached 0
Match Result: Ai(1)-Phelia Competitive Brawl MTGGoldfish 2026-08: 14 Ai(2)-Lathril v0.3.2 - Arena Mirror: 5

Game Result: Game 19 ended in 1992 ms. Ai(1)-Phelia Competitive Brawl MTGGoldfish 2026-08 has won!

Game Outcome: Turn 8
Game Outcome: Ai(1)-Phelia Competitive Brawl MTGGoldfish 2026-08 has lost because life total reached 0
Game Outcome: Ai(2)-Lathril v0.3.2 - Arena Mirror has won because all opponents have lost
Match Result: Ai(1)-Phelia Competitive Brawl MTGGoldfish 2026-08: 14 Ai(2)-Lathril v0.3.2 - Arena Mirror: 6

Game Result: Game 20 ended in 4718 ms. Ai(2)-Lathril v0.3.2 - Arena Mirror has won!

Game Outcome: Turn 7
Game Outcome: Ai(1)-Phelia Competitive Brawl MTGGoldfish 2026-08 has won because all opponents have lost
Game Outcome: Ai(2)-Lathril v0.3.2 - Arena Mirror has lost because life total reached 0
Match Result: Ai(1)-Phelia Competitive Brawl MTGGoldfish 2026-08: 15 Ai(2)-Lathril v0.3.2 - Arena Mirror: 6

Game Result: Game 21 ended in 1978 ms. Ai(1)-Phelia Competitive Brawl MTGGoldfish 2026-08 has won!

Snow-Covered Plains Did not have activator set in SpellAbilityRestriction.canPlay()
Snow-Covered Plains Did not have activator set in SpellAbilityRestriction.canPlay()
Game Outcome: Turn 6
Game Outcome: Ai(1)-Phelia Competitive Brawl MTGGoldfish 2026-08 has won because all opponents have lost
Game Outcome: Ai(2)-Lathril v0.3.2 - Arena Mirror has lost because life total reached 0
Match Result: Ai(1)-Phelia Competitive Brawl MTGGoldfish 2026-08: 16 Ai(2)-Lathril v0.3.2 - Arena Mirror: 6

Game Result: Game 22 ended in 1583 ms. Ai(1)-Phelia Competitive Brawl MTGGoldfish 2026-08 has won!

Moving spell to Hand
Warning: default (ie. inherited from base class) implementation of chooseSingleCard is used by Samwise the Stouthearted for forge.ai.ability.AlwaysPlayAi. Consider declaring an overloaded method
Game Outcome: Turn 9
Game Outcome: Ai(1)-Phelia Competitive Brawl MTGGoldfish 2026-08 has won because all opponents have lost
Game Outcome: Ai(2)-Lathril v0.3.2 - Arena Mirror has lost because life total reached 0
Match Result: Ai(1)-Phelia Competitive Brawl MTGGoldfish 2026-08: 17 Ai(2)-Lathril v0.3.2 - Arena Mirror: 6

Game Result: Game 23 ended in 4257 ms. Ai(1)-Phelia Competitive Brawl MTGGoldfish 2026-08 has won!

Game Outcome: Turn 7
Game Outcome: Ai(1)-Phelia Competitive Brawl MTGGoldfish 2026-08 has won because all opponents have lost
Game Outcome: Ai(2)-Lathril v0.3.2 - Arena Mirror has lost because life total reached 0
Match Result: Ai(1)-Phelia Competitive Brawl MTGGoldfish 2026-08: 18 Ai(2)-Lathril v0.3.2 - Arena Mirror: 6

Game Result: Game 24 ended in 3430 ms. Ai(1)-Phelia Competitive Brawl MTGGoldfish 2026-08 has won!

Default player choice logic.
Correcting zone for Wishclaw Talisman (193)
Default player choice logic.
Correcting zone for Wishclaw Talisman (193)
Default player choice logic.
Correcting zone for Wishclaw Talisman (193)
Warning: default (ie. inherited from base class) implementation of chooseSingleCard is used by Samwise the Stouthearted for forge.ai.ability.AlwaysPlayAi. Consider declaring an overloaded method
Game Outcome: Turn 10
Game Outcome: Ai(1)-Phelia Competitive Brawl MTGGoldfish 2026-08 has won because all opponents have lost
Game Outcome: Ai(2)-Lathril v0.3.2 - Arena Mirror has lost because life total reached 0
Match Result: Ai(1)-Phelia Competitive Brawl MTGGoldfish 2026-08: 19 Ai(2)-Lathril v0.3.2 - Arena Mirror: 6

Game Result: Game 25 ended in 17343 ms. Ai(1)-Phelia Competitive Brawl MTGGoldfish 2026-08 has won!

Snow-Covered Plains Did not have activator set in SpellAbilityRestriction.canPlay()
Snow-Covered Plains Did not have activator set in SpellAbilityRestriction.canPlay()
Snow-Covered Plains Did not have activator set in SpellAbilityRestriction.canPlay()
Game Outcome: Turn 7
Game Outcome: Ai(1)-Phelia Competitive Brawl MTGGoldfish 2026-08 has won because all opponents have lost
Game Outcome: Ai(2)-Lathril v0.3.2 - Arena Mirror has lost because life total reached 0
Match Result: Ai(1)-Phelia Competitive Brawl MTGGoldfish 2026-08: 20 Ai(2)-Lathril v0.3.2 - Arena Mirror: 6

Game Result: Game 26 ended in 3007 ms. Ai(1)-Phelia Competitive Brawl MTGGoldfish 2026-08 has won!

Game Outcome: Turn 6
Game Outcome: Ai(1)-Phelia Competitive Brawl MTGGoldfish 2026-08 has won because all opponents have lost
Game Outcome: Ai(2)-Lathril v0.3.2 - Arena Mirror has lost because life total reached 0
Match Result: Ai(1)-Phelia Competitive Brawl MTGGoldfish 2026-08: 21 Ai(2)-Lathril v0.3.2 - Arena Mirror: 6

Game Result: Game 27 ended in 3649 ms. Ai(1)-Phelia Competitive Brawl MTGGoldfish 2026-08 has won!

Snow-Covered Plains Did not have activator set in SpellAbilityRestriction.canPlay()
Game Outcome: Turn 12
Game Outcome: Ai(1)-Phelia Competitive Brawl MTGGoldfish 2026-08 has won because all opponents have lost
Game Outcome: Ai(2)-Lathril v0.3.2 - Arena Mirror has lost because life total reached 0
Match Result: Ai(1)-Phelia Competitive Brawl MTGGoldfish 2026-08: 22 Ai(2)-Lathril v0.3.2 - Arena Mirror: 6

Game Result: Game 28 ended in 11579 ms. Ai(1)-Phelia Competitive Brawl MTGGoldfish 2026-08 has won!

Game Outcome: Turn 8
Game Outcome: Ai(1)-Phelia Competitive Brawl MTGGoldfish 2026-08 has lost because life total reached 0
Game Outcome: Ai(2)-Lathril v0.3.2 - Arena Mirror has won because all opponents have lost
Match Result: Ai(1)-Phelia Competitive Brawl MTGGoldfish 2026-08: 22 Ai(2)-Lathril v0.3.2 - Arena Mirror: 7

Game Result: Game 29 ended in 6577 ms. Ai(2)-Lathril v0.3.2 - Arena Mirror has won!

Game Outcome: Turn 8
Game Outcome: Ai(1)-Phelia Competitive Brawl MTGGoldfish 2026-08 has lost because life total reached 0
Game Outcome: Ai(2)-Lathril v0.3.2 - Arena Mirror has won because all opponents have lost
Match Result: Ai(1)-Phelia Competitive Brawl MTGGoldfish 2026-08: 22 Ai(2)-Lathril v0.3.2 - Arena Mirror: 8

Game Result: Game 30 ended in 9751 ms. Ai(2)-Lathril v0.3.2 - Arena Mirror has won!

Warning: default (ie. inherited from base class) implementation of chooseSingleCard is used by Samwise the Stouthearted for forge.ai.ability.AlwaysPlayAi. Consider declaring an overloaded method
Game Outcome: Turn 15
Game Outcome: Ai(1)-Phelia Competitive Brawl MTGGoldfish 2026-08 has lost because life total reached 0
Game Outcome: Ai(2)-Lathril v0.3.2 - Arena Mirror has won because all opponents have lost
Match Result: Ai(1)-Phelia Competitive Brawl MTGGoldfish 2026-08: 22 Ai(2)-Lathril v0.3.2 - Arena Mirror: 9

Game Result: Game 31 ended in 12891 ms. Ai(2)-Lathril v0.3.2 - Arena Mirror has won!

Game Outcome: Turn 7
Game Outcome: Ai(1)-Phelia Competitive Brawl MTGGoldfish 2026-08 has won because all opponents have lost
Game Outcome: Ai(2)-Lathril v0.3.2 - Arena Mirror has lost because life total reached 0
Match Result: Ai(1)-Phelia Competitive Brawl MTGGoldfish 2026-08: 23 Ai(2)-Lathril v0.3.2 - Arena Mirror: 9

Game Result: Game 32 ended in 3057 ms. Ai(1)-Phelia Competitive Brawl MTGGoldfish 2026-08 has won!

Game Outcome: Turn 10
Game Outcome: Ai(1)-Phelia Competitive Brawl MTGGoldfish 2026-08 has lost because life total reached 0
Game Outcome: Ai(2)-Lathril v0.3.2 - Arena Mirror has won because all opponents have lost
Match Result: Ai(1)-Phelia Competitive Brawl MTGGoldfish 2026-08: 23 Ai(2)-Lathril v0.3.2 - Arena Mirror: 10

Game Result: Game 33 ended in 8914 ms. Ai(2)-Lathril v0.3.2 - Arena Mirror has won!

Snow-Covered Plains Did not have activator set in SpellAbilityRestriction.canPlay()
Game Outcome: Turn 8
Game Outcome: Ai(1)-Phelia Competitive Brawl MTGGoldfish 2026-08 has won because all opponents have lost
Game Outcome: Ai(2)-Lathril v0.3.2 - Arena Mirror has lost because life total reached 0
Match Result: Ai(1)-Phelia Competitive Brawl MTGGoldfish 2026-08: 24 Ai(2)-Lathril v0.3.2 - Arena Mirror: 10

Game Result: Game 34 ended in 4297 ms. Ai(1)-Phelia Competitive Brawl MTGGoldfish 2026-08 has won!

Game Outcome: Turn 10
Game Outcome: Ai(1)-Phelia Competitive Brawl MTGGoldfish 2026-08 has won because all opponents have lost
Game Outcome: Ai(2)-Lathril v0.3.2 - Arena Mirror has lost because life total reached 0
Match Result: Ai(1)-Phelia Competitive Brawl MTGGoldfish 2026-08: 25 Ai(2)-Lathril v0.3.2 - Arena Mirror: 10

Game Result: Game 35 ended in 2954 ms. Ai(1)-Phelia Competitive Brawl MTGGoldfish 2026-08 has won!

Game Outcome: Turn 6
Game Outcome: Ai(1)-Phelia Competitive Brawl MTGGoldfish 2026-08 has won because all opponents have lost
Game Outcome: Ai(2)-Lathril v0.3.2 - Arena Mirror has lost because life total reached 0
Match Result: Ai(1)-Phelia Competitive Brawl MTGGoldfish 2026-08: 26 Ai(2)-Lathril v0.3.2 - Arena Mirror: 10

Game Result: Game 36 ended in 1548 ms. Ai(1)-Phelia Competitive Brawl MTGGoldfish 2026-08 has won!

Default player choice logic.
Correcting zone for Wishclaw Talisman (193)
Game Outcome: Turn 8
Game Outcome: Ai(1)-Phelia Competitive Brawl MTGGoldfish 2026-08 has won because all opponents have lost
Game Outcome: Ai(2)-Lathril v0.3.2 - Arena Mirror has lost because life total reached 0
Match Result: Ai(1)-Phelia Competitive Brawl MTGGoldfish 2026-08: 27 Ai(2)-Lathril v0.3.2 - Arena Mirror: 10

Game Result: Game 37 ended in 1934 ms. Ai(1)-Phelia Competitive Brawl MTGGoldfish 2026-08 has won!

[Ai(2)-Lathril v0.3.2 - Arena Mirror] AI failed to play Celestial Reunion (123) [Stack]
Game Outcome: Turn 9
Game Outcome: Ai(1)-Phelia Competitive Brawl MTGGoldfish 2026-08 has won because all opponents have lost
Game Outcome: Ai(2)-Lathril v0.3.2 - Arena Mirror has lost because life total reached 0
Match Result: Ai(1)-Phelia Competitive Brawl MTGGoldfish 2026-08: 28 Ai(2)-Lathril v0.3.2 - Arena Mirror: 10

Game Result: Game 38 ended in 2732 ms. Ai(1)-Phelia Competitive Brawl MTGGoldfish 2026-08 has won!

Game Outcome: Turn 9
Game Outcome: Ai(1)-Phelia Competitive Brawl MTGGoldfish 2026-08 has won because all opponents have lost
Game Outcome: Ai(2)-Lathril v0.3.2 - Arena Mirror has lost because life total reached 0
Match Result: Ai(1)-Phelia Competitive Brawl MTGGoldfish 2026-08: 29 Ai(2)-Lathril v0.3.2 - Arena Mirror: 10

Game Result: Game 39 ended in 3219 ms. Ai(1)-Phelia Competitive Brawl MTGGoldfish 2026-08 has won!

Game Outcome: Turn 9
Game Outcome: Ai(1)-Phelia Competitive Brawl MTGGoldfish 2026-08 has lost because life total reached 0
Game Outcome: Ai(2)-Lathril v0.3.2 - Arena Mirror has won because all opponents have lost
Match Result: Ai(1)-Phelia Competitive Brawl MTGGoldfish 2026-08: 29 Ai(2)-Lathril v0.3.2 - Arena Mirror: 11

Game Result: Game 40 ended in 3233 ms. Ai(2)-Lathril v0.3.2 - Arena Mirror has won!

[Ai(2)-Lathril v0.3.2 - Arena Mirror] AI failed to play Celestial Reunion (123) [Stack]
Game Outcome: Turn 9
Game Outcome: Ai(1)-Phelia Competitive Brawl MTGGoldfish 2026-08 has won because all opponents have lost
Game Outcome: Ai(2)-Lathril v0.3.2 - Arena Mirror has lost because life total reached 0
Match Result: Ai(1)-Phelia Competitive Brawl MTGGoldfish 2026-08: 30 Ai(2)-Lathril v0.3.2 - Arena Mirror: 11

Game Result: Game 41 ended in 6948 ms. Ai(1)-Phelia Competitive Brawl MTGGoldfish 2026-08 has won!

Game Outcome: Turn 11
Game Outcome: Ai(1)-Phelia Competitive Brawl MTGGoldfish 2026-08 has won because all opponents have lost
Game Outcome: Ai(2)-Lathril v0.3.2 - Arena Mirror has lost because life total reached 0
Match Result: Ai(1)-Phelia Competitive Brawl MTGGoldfish 2026-08: 31 Ai(2)-Lathril v0.3.2 - Arena Mirror: 11

Game Result: Game 42 ended in 36807 ms. Ai(1)-Phelia Competitive Brawl MTGGoldfish 2026-08 has won!

Default player choice logic.
Correcting zone for Wishclaw Talisman (193)
[Ai(2)-Lathril v0.3.2 - Arena Mirror] AI failed to play Celestial Reunion (123) [Stack]
Default player choice logic.
Correcting zone for Wishclaw Talisman (193)
Default player choice logic.
Correcting zone for Wishclaw Talisman (193)
Game Outcome: Turn 9
Game Outcome: Ai(1)-Phelia Competitive Brawl MTGGoldfish 2026-08 has won because all opponents have lost
Game Outcome: Ai(2)-Lathril v0.3.2 - Arena Mirror has lost because life total reached 0
Match Result: Ai(1)-Phelia Competitive Brawl MTGGoldfish 2026-08: 32 Ai(2)-Lathril v0.3.2 - Arena Mirror: 11

Game Result: Game 43 ended in 6959 ms. Ai(1)-Phelia Competitive Brawl MTGGoldfish 2026-08 has won!

Warning: default (ie. inherited from base class) implementation of chooseSingleCard is used by Samwise the Stouthearted for forge.ai.ability.AlwaysPlayAi. Consider declaring an overloaded method
Game Outcome: Turn 15
Game Outcome: Ai(1)-Phelia Competitive Brawl MTGGoldfish 2026-08 has lost because life total reached 0
Game Outcome: Ai(2)-Lathril v0.3.2 - Arena Mirror has won because all opponents have lost
Match Result: Ai(1)-Phelia Competitive Brawl MTGGoldfish 2026-08: 32 Ai(2)-Lathril v0.3.2 - Arena Mirror: 12

Game Result: Game 44 ended in 9585 ms. Ai(2)-Lathril v0.3.2 - Arena Mirror has won!

[Ai(2)-Lathril v0.3.2 - Arena Mirror] AI failed to play Celestial Reunion (123) [Stack]
Game Outcome: Turn 5
Game Outcome: Ai(1)-Phelia Competitive Brawl MTGGoldfish 2026-08 has won because all opponents have lost
Game Outcome: Ai(2)-Lathril v0.3.2 - Arena Mirror has lost because life total reached 0
Match Result: Ai(1)-Phelia Competitive Brawl MTGGoldfish 2026-08: 33 Ai(2)-Lathril v0.3.2 - Arena Mirror: 12

Game Result: Game 45 ended in 1954 ms. Ai(1)-Phelia Competitive Brawl MTGGoldfish 2026-08 has won!

Snow-Covered Plains Did not have activator set in SpellAbilityRestriction.canPlay()
Snow-Covered Plains Did not have activator set in SpellAbilityRestriction.canPlay()
Game Outcome: Turn 10
Game Outcome: Ai(1)-Phelia Competitive Brawl MTGGoldfish 2026-08 has won because all opponents have lost
Game Outcome: Ai(2)-Lathril v0.3.2 - Arena Mirror has lost because life total reached 0
Match Result: Ai(1)-Phelia Competitive Brawl MTGGoldfish 2026-08: 34 Ai(2)-Lathril v0.3.2 - Arena Mirror: 12

Game Result: Game 46 ended in 37181 ms. Ai(1)-Phelia Competitive Brawl MTGGoldfish 2026-08 has won!

Game Outcome: Turn 8
Game Outcome: Ai(1)-Phelia Competitive Brawl MTGGoldfish 2026-08 has lost because life total reached 0
Game Outcome: Ai(2)-Lathril v0.3.2 - Arena Mirror has won because all opponents have lost
Match Result: Ai(1)-Phelia Competitive Brawl MTGGoldfish 2026-08: 34 Ai(2)-Lathril v0.3.2 - Arena Mirror: 13

Game Result: Game 47 ended in 7499 ms. Ai(2)-Lathril v0.3.2 - Arena Mirror has won!

Game Outcome: Turn 11
Game Outcome: Ai(1)-Phelia Competitive Brawl MTGGoldfish 2026-08 has lost because life total reached 0
Game Outcome: Ai(2)-Lathril v0.3.2 - Arena Mirror has won because all opponents have lost
Match Result: Ai(1)-Phelia Competitive Brawl MTGGoldfish 2026-08: 34 Ai(2)-Lathril v0.3.2 - Arena Mirror: 14

Game Result: Game 48 ended in 7093 ms. Ai(2)-Lathril v0.3.2 - Arena Mirror has won!

Warning: default (ie. inherited from base class) implementation of chooseSingleCard is used by Samwise the Stouthearted for forge.ai.ability.AlwaysPlayAi. Consider declaring an overloaded method
Game Outcome: Turn 9
Game Outcome: Ai(1)-Phelia Competitive Brawl MTGGoldfish 2026-08 has lost because life total reached 0
Game Outcome: Ai(2)-Lathril v0.3.2 - Arena Mirror has won because all opponents have lost
Match Result: Ai(1)-Phelia Competitive Brawl MTGGoldfish 2026-08: 34 Ai(2)-Lathril v0.3.2 - Arena Mirror: 15

Game Result: Game 49 ended in 12070 ms. Ai(2)-Lathril v0.3.2 - Arena Mirror has won!

Game Outcome: Turn 8
Game Outcome: Ai(1)-Phelia Competitive Brawl MTGGoldfish 2026-08 has won because all opponents have lost
Game Outcome: Ai(2)-Lathril v0.3.2 - Arena Mirror has lost because life total reached 0
Match Result: Ai(1)-Phelia Competitive Brawl MTGGoldfish 2026-08: 35 Ai(2)-Lathril v0.3.2 - Arena Mirror: 15

Game Result: Game 50 ended in 27195 ms. Ai(1)-Phelia Competitive Brawl MTGGoldfish 2026-08 has won!
