Error handling registered!
17:11:05 [INFO ] GuiBase: ##########################################
17:11:05 [INFO ] GuiBase: APP: Forge v.2.0.14-SNAPSHOT-08.08
17:11:05 [INFO ] GuiBase: Java: 17.0.17 (Homebrew)
17:11:05 [INFO ] GuiBase: OS: Mac OS X 15.5 aarch64
17:11:05 [INFO ] GuiBase: RAM: 4096 MB max, 8 CPUs
17:11:05 [INFO ] GuiBase: ##########################################
Language 'en-US' loaded successfully.
(ThreadUtil first call): Running with priority 5
Read cards: 33617 archived files in 1 ms (25 parts) using thread pool
Upcoming set Star Trek (TRK) dated in the future. All `upcoming` cards will be added to this set with unknown rarity.
The card A-Alrund's Epiphany was not assigned to any set. Adding it to UNKNOWN set... to fix see res/editions/ folder.
The card A-Baba Lysaga, Night Witch was not assigned to any set. Adding it to UNKNOWN set... to fix see res/editions/ folder.
The card A-Divide by Zero was not assigned to any set. Adding it to UNKNOWN set... to fix see res/editions/ folder.
The card A-Esika's Chariot was not assigned to any set. Adding it to UNKNOWN set... to fix see res/editions/ folder.
The card A-Faceless Haven was not assigned to any set. Adding it to UNKNOWN set... to fix see res/editions/ folder.
The card A-Fires of Invention was not assigned to any set. Adding it to UNKNOWN set... to fix see res/editions/ folder.
The card A-Goldspan Dragon was not assigned to any set. Adding it to UNKNOWN set... to fix see res/editions/ folder.
The card A-Hullbreaker Horror was not assigned to any set. Adding it to UNKNOWN set... to fix see res/editions/ folder.
The card A-Kumano Faces Kakkazan was not assigned to any set. Adding it to UNKNOWN set... to fix see res/editions/ folder.
The card A-Luminarch Aspirant was not assigned to any set. Adding it to UNKNOWN set... to fix see res/editions/ folder.
The card A-Monster Manual was not assigned to any set. Adding it to UNKNOWN set... to fix see res/editions/ folder.
The card A-Omnath, Locus of Creation was not assigned to any set. Adding it to UNKNOWN set... to fix see res/editions/ folder.
The card A-The Meathook Massacre was not assigned to any set. Adding it to UNKNOWN set... to fix see res/editions/ folder.
The card A-Unholy Heat was not assigned to any set. Adding it to UNKNOWN set... to fix see res/editions/ folder.
The card Blinding Radiance was not assigned to any set. Adding it to UNKNOWN set... to fix see res/editions/ folder.
The card Goblin Bruiser was not assigned to any set. Adding it to UNKNOWN set... to fix see res/editions/ folder.
The card Ogre Painbringer was not assigned to any set. Adding it to UNKNOWN set... to fix see res/editions/ folder.
The card Titanic Pelagosaur was not assigned to any set. Adding it to UNKNOWN set... to fix see res/editions/ folder.
The card Treetop Recluse was not assigned to any set. Adding it to UNKNOWN set... to fix see res/editions/ folder.
Upcoming set Star Trek (TRK) dated in the future. All `upcoming` cards will be added to this set with unknown rarity.
Read cards: 836 files in 0 ms (8 parts) using thread pool
Simulation mode
Ai(1)-Rofellos, Llanowar Emissary Competitive Brawl BrawlREC 2026-07 vs Ai(2)-Lathril v0.3.2 - Arena Mirror - fifty  games of Brawl seed 32019
Game Outcome: Turn 9
Game Outcome: Ai(1)-Rofellos, Llanowar Emissary Competitive Brawl BrawlREC 2026-07 has won because all opponents have lost
Game Outcome: Ai(2)-Lathril v0.3.2 - Arena Mirror has lost because life total reached 0
Match Result: Ai(1)-Rofellos, Llanowar Emissary Competitive Brawl BrawlREC 2026-07: 1 Ai(2)-Lathril v0.3.2 - Arena Mirror: 0

Game Result: Game 1 ended in 20902 ms. Ai(1)-Rofellos, Llanowar Emissary Competitive Brawl BrawlREC 2026-07 has won!

Game Outcome: Turn 8
Game Outcome: Ai(1)-Rofellos, Llanowar Emissary Competitive Brawl BrawlREC 2026-07 has won because all opponents have lost
Game Outcome: Ai(2)-Lathril v0.3.2 - Arena Mirror has lost because life total reached 0
Match Result: Ai(1)-Rofellos, Llanowar Emissary Competitive Brawl BrawlREC 2026-07: 2 Ai(2)-Lathril v0.3.2 - Arena Mirror: 0

Game Result: Game 2 ended in 5447 ms. Ai(1)-Rofellos, Llanowar Emissary Competitive Brawl BrawlREC 2026-07 has won!

Game Outcome: Turn 5
Game Outcome: Ai(1)-Rofellos, Llanowar Emissary Competitive Brawl BrawlREC 2026-07 has won because all opponents have lost
Game Outcome: Ai(2)-Lathril v0.3.2 - Arena Mirror has lost because life total reached 0
Match Result: Ai(1)-Rofellos, Llanowar Emissary Competitive Brawl BrawlREC 2026-07: 3 Ai(2)-Lathril v0.3.2 - Arena Mirror: 0

Game Result: Game 3 ended in 2730 ms. Ai(1)-Rofellos, Llanowar Emissary Competitive Brawl BrawlREC 2026-07 has won!

Game Outcome: Turn 9
Game Outcome: Ai(1)-Rofellos, Llanowar Emissary Competitive Brawl BrawlREC 2026-07 has lost because life total reached 0
Game Outcome: Ai(2)-Lathril v0.3.2 - Arena Mirror has won because all opponents have lost
Match Result: Ai(1)-Rofellos, Llanowar Emissary Competitive Brawl BrawlREC 2026-07: 3 Ai(2)-Lathril v0.3.2 - Arena Mirror: 1

Game Result: Game 4 ended in 5530 ms. Ai(2)-Lathril v0.3.2 - Arena Mirror has won!

Game Outcome: Turn 9
Game Outcome: Ai(1)-Rofellos, Llanowar Emissary Competitive Brawl BrawlREC 2026-07 has won because all opponents have lost
Game Outcome: Ai(2)-Lathril v0.3.2 - Arena Mirror has lost because life total reached 0
Match Result: Ai(1)-Rofellos, Llanowar Emissary Competitive Brawl BrawlREC 2026-07: 4 Ai(2)-Lathril v0.3.2 - Arena Mirror: 1

Game Result: Game 5 ended in 11869 ms. Ai(1)-Rofellos, Llanowar Emissary Competitive Brawl BrawlREC 2026-07 has won!

Game Outcome: Turn 7
Game Outcome: Ai(1)-Rofellos, Llanowar Emissary Competitive Brawl BrawlREC 2026-07 has lost because life total reached 0
Game Outcome: Ai(2)-Lathril v0.3.2 - Arena Mirror has won because all opponents have lost
Match Result: Ai(1)-Rofellos, Llanowar Emissary Competitive Brawl BrawlREC 2026-07: 4 Ai(2)-Lathril v0.3.2 - Arena Mirror: 2

Game Result: Game 6 ended in 2185 ms. Ai(2)-Lathril v0.3.2 - Arena Mirror has won!

Game Outcome: Turn 7
Game Outcome: Ai(1)-Rofellos, Llanowar Emissary Competitive Brawl BrawlREC 2026-07 has won because all opponents have lost
Game Outcome: Ai(2)-Lathril v0.3.2 - Arena Mirror has lost because life total reached 0
Match Result: Ai(1)-Rofellos, Llanowar Emissary Competitive Brawl BrawlREC 2026-07: 5 Ai(2)-Lathril v0.3.2 - Arena Mirror: 2

Game Result: Game 7 ended in 6386 ms. Ai(1)-Rofellos, Llanowar Emissary Competitive Brawl BrawlREC 2026-07 has won!

Game Outcome: Turn 7
Game Outcome: Ai(1)-Rofellos, Llanowar Emissary Competitive Brawl BrawlREC 2026-07 has won because all opponents have lost
Game Outcome: Ai(2)-Lathril v0.3.2 - Arena Mirror has lost because life total reached 0
Match Result: Ai(1)-Rofellos, Llanowar Emissary Competitive Brawl BrawlREC 2026-07: 6 Ai(2)-Lathril v0.3.2 - Arena Mirror: 2

Game Result: Game 8 ended in 6165 ms. Ai(1)-Rofellos, Llanowar Emissary Competitive Brawl BrawlREC 2026-07 has won!

Moving spell to Library
Game Outcome: Turn 9
Game Outcome: Ai(1)-Rofellos, Llanowar Emissary Competitive Brawl BrawlREC 2026-07 has lost because life total reached 0
Game Outcome: Ai(2)-Lathril v0.3.2 - Arena Mirror has won because all opponents have lost
Match Result: Ai(1)-Rofellos, Llanowar Emissary Competitive Brawl BrawlREC 2026-07: 6 Ai(2)-Lathril v0.3.2 - Arena Mirror: 3

Game Result: Game 9 ended in 4513 ms. Ai(2)-Lathril v0.3.2 - Arena Mirror has won!

[Ai(2)-Lathril v0.3.2 - Arena Mirror] AI failed to play Celestial Reunion (123) [Stack]
Game Outcome: Turn 8
Game Outcome: Ai(1)-Rofellos, Llanowar Emissary Competitive Brawl BrawlREC 2026-07 has won because all opponents have lost
Game Outcome: Ai(2)-Lathril v0.3.2 - Arena Mirror has lost because life total reached 0
Match Result: Ai(1)-Rofellos, Llanowar Emissary Competitive Brawl BrawlREC 2026-07: 7 Ai(2)-Lathril v0.3.2 - Arena Mirror: 3

Game Result: Game 10 ended in 3999 ms. Ai(1)-Rofellos, Llanowar Emissary Competitive Brawl BrawlREC 2026-07 has won!

Game Outcome: Turn 8
Game Outcome: Ai(1)-Rofellos, Llanowar Emissary Competitive Brawl BrawlREC 2026-07 has won because all opponents have lost
Game Outcome: Ai(2)-Lathril v0.3.2 - Arena Mirror has lost because life total reached 0
Match Result: Ai(1)-Rofellos, Llanowar Emissary Competitive Brawl BrawlREC 2026-07: 8 Ai(2)-Lathril v0.3.2 - Arena Mirror: 3

Game Result: Game 11 ended in 4892 ms. Ai(1)-Rofellos, Llanowar Emissary Competitive Brawl BrawlREC 2026-07 has won!

[Ai(2)-Lathril v0.3.2 - Arena Mirror] AI failed to play Celestial Reunion (123) [Stack]
Game Outcome: Turn 13
Game Outcome: Ai(1)-Rofellos, Llanowar Emissary Competitive Brawl BrawlREC 2026-07 has lost because life total reached 0
Game Outcome: Ai(2)-Lathril v0.3.2 - Arena Mirror has won because all opponents have lost
Match Result: Ai(1)-Rofellos, Llanowar Emissary Competitive Brawl BrawlREC 2026-07: 8 Ai(2)-Lathril v0.3.2 - Arena Mirror: 4

Game Result: Game 12 ended in 23629 ms. Ai(2)-Lathril v0.3.2 - Arena Mirror has won!

Game Outcome: Turn 11
Game Outcome: Ai(1)-Rofellos, Llanowar Emissary Competitive Brawl BrawlREC 2026-07 has won because all opponents have lost
Game Outcome: Ai(2)-Lathril v0.3.2 - Arena Mirror has lost because life total reached 0
Match Result: Ai(1)-Rofellos, Llanowar Emissary Competitive Brawl BrawlREC 2026-07: 9 Ai(2)-Lathril v0.3.2 - Arena Mirror: 4

Game Result: Game 13 ended in 6166 ms. Ai(1)-Rofellos, Llanowar Emissary Competitive Brawl BrawlREC 2026-07 has won!

Moving spell to Library
Game Outcome: Turn 7
Game Outcome: Ai(1)-Rofellos, Llanowar Emissary Competitive Brawl BrawlREC 2026-07 has won because all opponents have lost
Game Outcome: Ai(2)-Lathril v0.3.2 - Arena Mirror has lost because life total reached 0
Match Result: Ai(1)-Rofellos, Llanowar Emissary Competitive Brawl BrawlREC 2026-07: 10 Ai(2)-Lathril v0.3.2 - Arena Mirror: 4

Game Result: Game 14 ended in 6342 ms. Ai(1)-Rofellos, Llanowar Emissary Competitive Brawl BrawlREC 2026-07 has won!

Moving spell to Library
Game Outcome: Turn 8
Game Outcome: Ai(1)-Rofellos, Llanowar Emissary Competitive Brawl BrawlREC 2026-07 has won because all opponents have lost
Game Outcome: Ai(2)-Lathril v0.3.2 - Arena Mirror has lost because life total reached 0
Match Result: Ai(1)-Rofellos, Llanowar Emissary Competitive Brawl BrawlREC 2026-07: 11 Ai(2)-Lathril v0.3.2 - Arena Mirror: 4

Game Result: Game 15 ended in 5187 ms. Ai(1)-Rofellos, Llanowar Emissary Competitive Brawl BrawlREC 2026-07 has won!

Game Outcome: Turn 6
Game Outcome: Ai(1)-Rofellos, Llanowar Emissary Competitive Brawl BrawlREC 2026-07 has lost because life total reached 0
Game Outcome: Ai(2)-Lathril v0.3.2 - Arena Mirror has won because all opponents have lost
Match Result: Ai(1)-Rofellos, Llanowar Emissary Competitive Brawl BrawlREC 2026-07: 11 Ai(2)-Lathril v0.3.2 - Arena Mirror: 5

Game Result: Game 16 ended in 1599 ms. Ai(2)-Lathril v0.3.2 - Arena Mirror has won!

Game Outcome: Turn 7
Game Outcome: Ai(1)-Rofellos, Llanowar Emissary Competitive Brawl BrawlREC 2026-07 has won because all opponents have lost
Game Outcome: Ai(2)-Lathril v0.3.2 - Arena Mirror has lost because life total reached 0
Match Result: Ai(1)-Rofellos, Llanowar Emissary Competitive Brawl BrawlREC 2026-07: 12 Ai(2)-Lathril v0.3.2 - Arena Mirror: 5

Game Result: Game 17 ended in 4195 ms. Ai(1)-Rofellos, Llanowar Emissary Competitive Brawl BrawlREC 2026-07 has won!

Game Outcome: Turn 7
Game Outcome: Ai(1)-Rofellos, Llanowar Emissary Competitive Brawl BrawlREC 2026-07 has won because all opponents have lost
Game Outcome: Ai(2)-Lathril v0.3.2 - Arena Mirror has lost because life total reached 0
Match Result: Ai(1)-Rofellos, Llanowar Emissary Competitive Brawl BrawlREC 2026-07: 13 Ai(2)-Lathril v0.3.2 - Arena Mirror: 5

Game Result: Game 18 ended in 3781 ms. Ai(1)-Rofellos, Llanowar Emissary Competitive Brawl BrawlREC 2026-07 has won!

Default player choice logic.
Correcting zone for Wishclaw Talisman (193)
Default player choice logic.
Correcting zone for Wishclaw Talisman (193)
Game Outcome: Turn 6
Game Outcome: Ai(1)-Rofellos, Llanowar Emissary Competitive Brawl BrawlREC 2026-07 has won because all opponents have lost
Game Outcome: Ai(2)-Lathril v0.3.2 - Arena Mirror has lost because life total reached 0
Match Result: Ai(1)-Rofellos, Llanowar Emissary Competitive Brawl BrawlREC 2026-07: 14 Ai(2)-Lathril v0.3.2 - Arena Mirror: 5

Game Result: Game 19 ended in 3620 ms. Ai(1)-Rofellos, Llanowar Emissary Competitive Brawl BrawlREC 2026-07 has won!

Game Outcome: Turn 4
Game Outcome: Ai(1)-Rofellos, Llanowar Emissary Competitive Brawl BrawlREC 2026-07 has won because all opponents have lost
Game Outcome: Ai(2)-Lathril v0.3.2 - Arena Mirror has lost because life total reached 0
Match Result: Ai(1)-Rofellos, Llanowar Emissary Competitive Brawl BrawlREC 2026-07: 15 Ai(2)-Lathril v0.3.2 - Arena Mirror: 5

Game Result: Game 20 ended in 2338 ms. Ai(1)-Rofellos, Llanowar Emissary Competitive Brawl BrawlREC 2026-07 has won!

Game Outcome: Turn 7
Game Outcome: Ai(1)-Rofellos, Llanowar Emissary Competitive Brawl BrawlREC 2026-07 has lost because life total reached 0
Game Outcome: Ai(2)-Lathril v0.3.2 - Arena Mirror has won because all opponents have lost
Match Result: Ai(1)-Rofellos, Llanowar Emissary Competitive Brawl BrawlREC 2026-07: 15 Ai(2)-Lathril v0.3.2 - Arena Mirror: 6

Game Result: Game 21 ended in 3840 ms. Ai(2)-Lathril v0.3.2 - Arena Mirror has won!

Game Outcome: Turn 7
Game Outcome: Ai(1)-Rofellos, Llanowar Emissary Competitive Brawl BrawlREC 2026-07 has lost because life total reached 0
Game Outcome: Ai(2)-Lathril v0.3.2 - Arena Mirror has won because all opponents have lost
Match Result: Ai(1)-Rofellos, Llanowar Emissary Competitive Brawl BrawlREC 2026-07: 15 Ai(2)-Lathril v0.3.2 - Arena Mirror: 7

Game Result: Game 22 ended in 1875 ms. Ai(2)-Lathril v0.3.2 - Arena Mirror has won!

Game Outcome: Turn 6
Game Outcome: Ai(1)-Rofellos, Llanowar Emissary Competitive Brawl BrawlREC 2026-07 has won because all opponents have lost
Game Outcome: Ai(2)-Lathril v0.3.2 - Arena Mirror has lost because life total reached 0
Match Result: Ai(1)-Rofellos, Llanowar Emissary Competitive Brawl BrawlREC 2026-07: 16 Ai(2)-Lathril v0.3.2 - Arena Mirror: 7

Game Result: Game 23 ended in 1525 ms. Ai(1)-Rofellos, Llanowar Emissary Competitive Brawl BrawlREC 2026-07 has won!

Undying Malice (186) - [Couldn't add to stack, failed to target] - Until end of turn, target creature gains "When this creature dies, return it to the battlefield tapped under its owner's control with a +1/+1 counter on it."[[]]
Game Outcome: Turn 9
Game Outcome: Ai(1)-Rofellos, Llanowar Emissary Competitive Brawl BrawlREC 2026-07 has won because all opponents have lost
Game Outcome: Ai(2)-Lathril v0.3.2 - Arena Mirror has lost because life total reached 0
Match Result: Ai(1)-Rofellos, Llanowar Emissary Competitive Brawl BrawlREC 2026-07: 17 Ai(2)-Lathril v0.3.2 - Arena Mirror: 7

Game Result: Game 24 ended in 4455 ms. Ai(1)-Rofellos, Llanowar Emissary Competitive Brawl BrawlREC 2026-07 has won!

Game Outcome: Turn 7
Game Outcome: Ai(1)-Rofellos, Llanowar Emissary Competitive Brawl BrawlREC 2026-07 has won because all opponents have lost
Game Outcome: Ai(2)-Lathril v0.3.2 - Arena Mirror has lost because life total reached 0
Match Result: Ai(1)-Rofellos, Llanowar Emissary Competitive Brawl BrawlREC 2026-07: 18 Ai(2)-Lathril v0.3.2 - Arena Mirror: 7

Game Result: Game 25 ended in 7303 ms. Ai(1)-Rofellos, Llanowar Emissary Competitive Brawl BrawlREC 2026-07 has won!

Moving spell to Library
Game Outcome: Turn 6
Game Outcome: Ai(1)-Rofellos, Llanowar Emissary Competitive Brawl BrawlREC 2026-07 has won because all opponents have lost
Game Outcome: Ai(2)-Lathril v0.3.2 - Arena Mirror has lost because life total reached 0
Match Result: Ai(1)-Rofellos, Llanowar Emissary Competitive Brawl BrawlREC 2026-07: 19 Ai(2)-Lathril v0.3.2 - Arena Mirror: 7

Game Result: Game 26 ended in 1949 ms. Ai(1)-Rofellos, Llanowar Emissary Competitive Brawl BrawlREC 2026-07 has won!

Moving spell to Library
Game Outcome: Turn 8
Game Outcome: Ai(1)-Rofellos, Llanowar Emissary Competitive Brawl BrawlREC 2026-07 has won because all opponents have lost
Game Outcome: Ai(2)-Lathril v0.3.2 - Arena Mirror has lost because life total reached 0
Match Result: Ai(1)-Rofellos, Llanowar Emissary Competitive Brawl BrawlREC 2026-07: 20 Ai(2)-Lathril v0.3.2 - Arena Mirror: 7

Game Result: Game 27 ended in 3779 ms. Ai(1)-Rofellos, Llanowar Emissary Competitive Brawl BrawlREC 2026-07 has won!

Game Outcome: Turn 8
Game Outcome: Ai(1)-Rofellos, Llanowar Emissary Competitive Brawl BrawlREC 2026-07 has lost because life total reached 0
Game Outcome: Ai(2)-Lathril v0.3.2 - Arena Mirror has won because all opponents have lost
Match Result: Ai(1)-Rofellos, Llanowar Emissary Competitive Brawl BrawlREC 2026-07: 20 Ai(2)-Lathril v0.3.2 - Arena Mirror: 8

Game Result: Game 28 ended in 3206 ms. Ai(2)-Lathril v0.3.2 - Arena Mirror has won!

Game Outcome: Turn 6
Game Outcome: Ai(1)-Rofellos, Llanowar Emissary Competitive Brawl BrawlREC 2026-07 has lost because life total reached 0
Game Outcome: Ai(2)-Lathril v0.3.2 - Arena Mirror has won because all opponents have lost
Match Result: Ai(1)-Rofellos, Llanowar Emissary Competitive Brawl BrawlREC 2026-07: 20 Ai(2)-Lathril v0.3.2 - Arena Mirror: 9

Game Result: Game 29 ended in 1344 ms. Ai(2)-Lathril v0.3.2 - Arena Mirror has won!

Game Outcome: Turn 9
Game Outcome: Ai(1)-Rofellos, Llanowar Emissary Competitive Brawl BrawlREC 2026-07 has won because all opponents have lost
Game Outcome: Ai(2)-Lathril v0.3.2 - Arena Mirror has lost because life total reached 0
Match Result: Ai(1)-Rofellos, Llanowar Emissary Competitive Brawl BrawlREC 2026-07: 21 Ai(2)-Lathril v0.3.2 - Arena Mirror: 9

Game Result: Game 30 ended in 4965 ms. Ai(1)-Rofellos, Llanowar Emissary Competitive Brawl BrawlREC 2026-07 has won!

Game Outcome: Turn 7
Game Outcome: Ai(1)-Rofellos, Llanowar Emissary Competitive Brawl BrawlREC 2026-07 has won because all opponents have lost
Game Outcome: Ai(2)-Lathril v0.3.2 - Arena Mirror has lost because life total reached 0
Match Result: Ai(1)-Rofellos, Llanowar Emissary Competitive Brawl BrawlREC 2026-07: 22 Ai(2)-Lathril v0.3.2 - Arena Mirror: 9

Game Result: Game 31 ended in 5667 ms. Ai(1)-Rofellos, Llanowar Emissary Competitive Brawl BrawlREC 2026-07 has won!

Moving spell to Library
Game Outcome: Turn 9
Game Outcome: Ai(1)-Rofellos, Llanowar Emissary Competitive Brawl BrawlREC 2026-07 has won because all opponents have lost
Game Outcome: Ai(2)-Lathril v0.3.2 - Arena Mirror has lost because life total reached 0
Match Result: Ai(1)-Rofellos, Llanowar Emissary Competitive Brawl BrawlREC 2026-07: 23 Ai(2)-Lathril v0.3.2 - Arena Mirror: 9

Game Result: Game 32 ended in 11878 ms. Ai(1)-Rofellos, Llanowar Emissary Competitive Brawl BrawlREC 2026-07 has won!

Default player choice logic.
Correcting zone for Wishclaw Talisman (193)
Default player choice logic.
Correcting zone for Wishclaw Talisman (193)
Default player choice logic.
Correcting zone for Wishclaw Talisman (193)
Game Outcome: Turn 7
Game Outcome: Ai(1)-Rofellos, Llanowar Emissary Competitive Brawl BrawlREC 2026-07 has won because all opponents have lost
Game Outcome: Ai(2)-Lathril v0.3.2 - Arena Mirror has lost because life total reached 0
Match Result: Ai(1)-Rofellos, Llanowar Emissary Competitive Brawl BrawlREC 2026-07: 24 Ai(2)-Lathril v0.3.2 - Arena Mirror: 9

Game Result: Game 33 ended in 3307 ms. Ai(1)-Rofellos, Llanowar Emissary Competitive Brawl BrawlREC 2026-07 has won!

Game Outcome: Turn 9
Game Outcome: Ai(1)-Rofellos, Llanowar Emissary Competitive Brawl BrawlREC 2026-07 has won because all opponents have lost
Game Outcome: Ai(2)-Lathril v0.3.2 - Arena Mirror has lost because life total reached 0
Match Result: Ai(1)-Rofellos, Llanowar Emissary Competitive Brawl BrawlREC 2026-07: 25 Ai(2)-Lathril v0.3.2 - Arena Mirror: 9

Game Result: Game 34 ended in 12692 ms. Ai(1)-Rofellos, Llanowar Emissary Competitive Brawl BrawlREC 2026-07 has won!

Moving spell to Library
Game Outcome: Turn 7
Game Outcome: Ai(1)-Rofellos, Llanowar Emissary Competitive Brawl BrawlREC 2026-07 has won because all opponents have lost
Game Outcome: Ai(2)-Lathril v0.3.2 - Arena Mirror has lost because life total reached 0
Match Result: Ai(1)-Rofellos, Llanowar Emissary Competitive Brawl BrawlREC 2026-07: 26 Ai(2)-Lathril v0.3.2 - Arena Mirror: 9

Game Result: Game 35 ended in 9376 ms. Ai(1)-Rofellos, Llanowar Emissary Competitive Brawl BrawlREC 2026-07 has won!

Game Outcome: Turn 5
Game Outcome: Ai(1)-Rofellos, Llanowar Emissary Competitive Brawl BrawlREC 2026-07 has won because all opponents have lost
Game Outcome: Ai(2)-Lathril v0.3.2 - Arena Mirror has lost because life total reached 0
Match Result: Ai(1)-Rofellos, Llanowar Emissary Competitive Brawl BrawlREC 2026-07: 27 Ai(2)-Lathril v0.3.2 - Arena Mirror: 9

Game Result: Game 36 ended in 2181 ms. Ai(1)-Rofellos, Llanowar Emissary Competitive Brawl BrawlREC 2026-07 has won!

Game Outcome: Turn 8
Game Outcome: Ai(1)-Rofellos, Llanowar Emissary Competitive Brawl BrawlREC 2026-07 has won because all opponents have lost
Game Outcome: Ai(2)-Lathril v0.3.2 - Arena Mirror has lost because life total reached 0
Match Result: Ai(1)-Rofellos, Llanowar Emissary Competitive Brawl BrawlREC 2026-07: 28 Ai(2)-Lathril v0.3.2 - Arena Mirror: 9

Game Result: Game 37 ended in 6103 ms. Ai(1)-Rofellos, Llanowar Emissary Competitive Brawl BrawlREC 2026-07 has won!

Game Outcome: Turn 8
Game Outcome: Ai(1)-Rofellos, Llanowar Emissary Competitive Brawl BrawlREC 2026-07 has won because all opponents have lost
Game Outcome: Ai(2)-Lathril v0.3.2 - Arena Mirror has lost because life total reached 0
Match Result: Ai(1)-Rofellos, Llanowar Emissary Competitive Brawl BrawlREC 2026-07: 29 Ai(2)-Lathril v0.3.2 - Arena Mirror: 9

Game Result: Game 38 ended in 4617 ms. Ai(1)-Rofellos, Llanowar Emissary Competitive Brawl BrawlREC 2026-07 has won!

Game Outcome: Turn 6
Game Outcome: Ai(1)-Rofellos, Llanowar Emissary Competitive Brawl BrawlREC 2026-07 has won because all opponents have lost
Game Outcome: Ai(2)-Lathril v0.3.2 - Arena Mirror has lost because life total reached 0
Match Result: Ai(1)-Rofellos, Llanowar Emissary Competitive Brawl BrawlREC 2026-07: 30 Ai(2)-Lathril v0.3.2 - Arena Mirror: 9

Game Result: Game 39 ended in 3470 ms. Ai(1)-Rofellos, Llanowar Emissary Competitive Brawl BrawlREC 2026-07 has won!

Game Outcome: Turn 6
Game Outcome: Ai(1)-Rofellos, Llanowar Emissary Competitive Brawl BrawlREC 2026-07 has won because all opponents have lost
Game Outcome: Ai(2)-Lathril v0.3.2 - Arena Mirror has lost because life total reached 0
Match Result: Ai(1)-Rofellos, Llanowar Emissary Competitive Brawl BrawlREC 2026-07: 31 Ai(2)-Lathril v0.3.2 - Arena Mirror: 9

Game Result: Game 40 ended in 3336 ms. Ai(1)-Rofellos, Llanowar Emissary Competitive Brawl BrawlREC 2026-07 has won!

[Ai(2)-Lathril v0.3.2 - Arena Mirror] AI failed to play Celestial Reunion (123) [Stack]
Game Outcome: Turn 6
Game Outcome: Ai(1)-Rofellos, Llanowar Emissary Competitive Brawl BrawlREC 2026-07 has won because all opponents have lost
Game Outcome: Ai(2)-Lathril v0.3.2 - Arena Mirror has lost because life total reached 0
Match Result: Ai(1)-Rofellos, Llanowar Emissary Competitive Brawl BrawlREC 2026-07: 32 Ai(2)-Lathril v0.3.2 - Arena Mirror: 9

Game Result: Game 41 ended in 3225 ms. Ai(1)-Rofellos, Llanowar Emissary Competitive Brawl BrawlREC 2026-07 has won!

Default player choice logic.
Correcting zone for Wishclaw Talisman (193)
Game Outcome: Turn 7
Game Outcome: Ai(1)-Rofellos, Llanowar Emissary Competitive Brawl BrawlREC 2026-07 has won because all opponents have lost
Game Outcome: Ai(2)-Lathril v0.3.2 - Arena Mirror has lost because life total reached 0
Match Result: Ai(1)-Rofellos, Llanowar Emissary Competitive Brawl BrawlREC 2026-07: 33 Ai(2)-Lathril v0.3.2 - Arena Mirror: 9

Game Result: Game 42 ended in 3334 ms. Ai(1)-Rofellos, Llanowar Emissary Competitive Brawl BrawlREC 2026-07 has won!

Game Outcome: Turn 6
Game Outcome: Ai(1)-Rofellos, Llanowar Emissary Competitive Brawl BrawlREC 2026-07 has lost because life total reached 0
Game Outcome: Ai(2)-Lathril v0.3.2 - Arena Mirror has won because all opponents have lost
Match Result: Ai(1)-Rofellos, Llanowar Emissary Competitive Brawl BrawlREC 2026-07: 33 Ai(2)-Lathril v0.3.2 - Arena Mirror: 10

Game Result: Game 43 ended in 1615 ms. Ai(2)-Lathril v0.3.2 - Arena Mirror has won!

Game Outcome: Turn 8
Game Outcome: Ai(1)-Rofellos, Llanowar Emissary Competitive Brawl BrawlREC 2026-07 has won because all opponents have lost
Game Outcome: Ai(2)-Lathril v0.3.2 - Arena Mirror has lost because life total reached 0
Match Result: Ai(1)-Rofellos, Llanowar Emissary Competitive Brawl BrawlREC 2026-07: 34 Ai(2)-Lathril v0.3.2 - Arena Mirror: 10

Game Result: Game 44 ended in 2213 ms. Ai(1)-Rofellos, Llanowar Emissary Competitive Brawl BrawlREC 2026-07 has won!

Game Outcome: Turn 7
Game Outcome: Ai(1)-Rofellos, Llanowar Emissary Competitive Brawl BrawlREC 2026-07 has won because all opponents have lost
Game Outcome: Ai(2)-Lathril v0.3.2 - Arena Mirror has lost because life total reached 0
Match Result: Ai(1)-Rofellos, Llanowar Emissary Competitive Brawl BrawlREC 2026-07: 35 Ai(2)-Lathril v0.3.2 - Arena Mirror: 10

Game Result: Game 45 ended in 5081 ms. Ai(1)-Rofellos, Llanowar Emissary Competitive Brawl BrawlREC 2026-07 has won!

Game Outcome: Turn 8
Game Outcome: Ai(1)-Rofellos, Llanowar Emissary Competitive Brawl BrawlREC 2026-07 has won because all opponents have lost
Game Outcome: Ai(2)-Lathril v0.3.2 - Arena Mirror has lost because life total reached 0
Match Result: Ai(1)-Rofellos, Llanowar Emissary Competitive Brawl BrawlREC 2026-07: 36 Ai(2)-Lathril v0.3.2 - Arena Mirror: 10

Game Result: Game 46 ended in 4940 ms. Ai(1)-Rofellos, Llanowar Emissary Competitive Brawl BrawlREC 2026-07 has won!

Game Outcome: Turn 8
Game Outcome: Ai(1)-Rofellos, Llanowar Emissary Competitive Brawl BrawlREC 2026-07 has won because all opponents have lost
Game Outcome: Ai(2)-Lathril v0.3.2 - Arena Mirror has lost because life total reached 0
Match Result: Ai(1)-Rofellos, Llanowar Emissary Competitive Brawl BrawlREC 2026-07: 37 Ai(2)-Lathril v0.3.2 - Arena Mirror: 10

Game Result: Game 47 ended in 8022 ms. Ai(1)-Rofellos, Llanowar Emissary Competitive Brawl BrawlREC 2026-07 has won!

Game Outcome: Turn 7
Game Outcome: Ai(1)-Rofellos, Llanowar Emissary Competitive Brawl BrawlREC 2026-07 has lost because life total reached 0
Game Outcome: Ai(2)-Lathril v0.3.2 - Arena Mirror has won because all opponents have lost
Match Result: Ai(1)-Rofellos, Llanowar Emissary Competitive Brawl BrawlREC 2026-07: 37 Ai(2)-Lathril v0.3.2 - Arena Mirror: 11

Game Result: Game 48 ended in 2204 ms. Ai(2)-Lathril v0.3.2 - Arena Mirror has won!

Default player choice logic.
Correcting zone for Wishclaw Talisman (193)
Default player choice logic.
Correcting zone for Wishclaw Talisman (193)
Default player choice logic.
Correcting zone for Wishclaw Talisman (193)
Game Outcome: Turn 11
Game Outcome: Ai(1)-Rofellos, Llanowar Emissary Competitive Brawl BrawlREC 2026-07 has won because all opponents have lost
Game Outcome: Ai(2)-Lathril v0.3.2 - Arena Mirror has lost because life total reached 0
Match Result: Ai(1)-Rofellos, Llanowar Emissary Competitive Brawl BrawlREC 2026-07: 38 Ai(2)-Lathril v0.3.2 - Arena Mirror: 11

Game Result: Game 49 ended in 7148 ms. Ai(1)-Rofellos, Llanowar Emissary Competitive Brawl BrawlREC 2026-07 has won!

Game Outcome: Turn 8
Game Outcome: Ai(1)-Rofellos, Llanowar Emissary Competitive Brawl BrawlREC 2026-07 has won because all opponents have lost
Game Outcome: Ai(2)-Lathril v0.3.2 - Arena Mirror has lost because life total reached 0
Match Result: Ai(1)-Rofellos, Llanowar Emissary Competitive Brawl BrawlREC 2026-07: 39 Ai(2)-Lathril v0.3.2 - Arena Mirror: 11

Game Result: Game 50 ended in 3789 ms. Ai(1)-Rofellos, Llanowar Emissary Competitive Brawl BrawlREC 2026-07 has won!
