Error handling registered!
16:13:26 [INFO ] GuiBase: ##########################################
16:13:26 [INFO ] GuiBase: APP: Forge v.2.0.14-SNAPSHOT-08.08
16:13:26 [INFO ] GuiBase: Java: 17.0.17 (Homebrew)
16:13:26 [INFO ] GuiBase: OS: Mac OS X 15.5 aarch64
16:13:26 [INFO ] GuiBase: RAM: 4096 MB max, 8 CPUs
16:13:26 [INFO ] GuiBase: ##########################################
Language 'en-US' loaded successfully.
(ThreadUtil first call): Running with priority 5
Read cards: 33617 archived files in 0 ms (25 parts) using thread pool
Upcoming set Star Trek (TRK) dated in the future. All `upcoming` cards will be added to this set with unknown rarity.
The card A-Alrund's Epiphany was not assigned to any set. Adding it to UNKNOWN set... to fix see res/editions/ folder.
The card A-Baba Lysaga, Night Witch was not assigned to any set. Adding it to UNKNOWN set... to fix see res/editions/ folder.
The card A-Divide by Zero was not assigned to any set. Adding it to UNKNOWN set... to fix see res/editions/ folder.
The card A-Esika's Chariot was not assigned to any set. Adding it to UNKNOWN set... to fix see res/editions/ folder.
The card A-Faceless Haven was not assigned to any set. Adding it to UNKNOWN set... to fix see res/editions/ folder.
The card A-Fires of Invention was not assigned to any set. Adding it to UNKNOWN set... to fix see res/editions/ folder.
The card A-Goldspan Dragon was not assigned to any set. Adding it to UNKNOWN set... to fix see res/editions/ folder.
The card A-Hullbreaker Horror was not assigned to any set. Adding it to UNKNOWN set... to fix see res/editions/ folder.
The card A-Kumano Faces Kakkazan was not assigned to any set. Adding it to UNKNOWN set... to fix see res/editions/ folder.
The card A-Luminarch Aspirant was not assigned to any set. Adding it to UNKNOWN set... to fix see res/editions/ folder.
The card A-Monster Manual was not assigned to any set. Adding it to UNKNOWN set... to fix see res/editions/ folder.
The card A-Omnath, Locus of Creation was not assigned to any set. Adding it to UNKNOWN set... to fix see res/editions/ folder.
The card A-The Meathook Massacre was not assigned to any set. Adding it to UNKNOWN set... to fix see res/editions/ folder.
The card A-Unholy Heat was not assigned to any set. Adding it to UNKNOWN set... to fix see res/editions/ folder.
The card Blinding Radiance was not assigned to any set. Adding it to UNKNOWN set... to fix see res/editions/ folder.
The card Goblin Bruiser was not assigned to any set. Adding it to UNKNOWN set... to fix see res/editions/ folder.
The card Ogre Painbringer was not assigned to any set. Adding it to UNKNOWN set... to fix see res/editions/ folder.
The card Titanic Pelagosaur was not assigned to any set. Adding it to UNKNOWN set... to fix see res/editions/ folder.
The card Treetop Recluse was not assigned to any set. Adding it to UNKNOWN set... to fix see res/editions/ folder.
Upcoming set Star Trek (TRK) dated in the future. All `upcoming` cards will be added to this set with unknown rarity.
Read cards: 836 files in 0 ms (8 parts) using thread pool
Simulation mode
Ai(1)-Lathril v0.3.2 - Arena Mirror vs Ai(2)-Grist Competitive Brawl AetherHub 2026-09 - fifty  games of Brawl seed 32003
[Ai(1)-Lathril v0.3.2 - Arena Mirror] AI failed to play Celestial Reunion (24) [Stack]
Game Outcome: Turn 8
Game Outcome: Ai(1)-Lathril v0.3.2 - Arena Mirror has won because all opponents have lost
Game Outcome: Ai(2)-Grist Competitive Brawl AetherHub 2026-09 has lost because life total reached 0
Match Result: Ai(1)-Lathril v0.3.2 - Arena Mirror: 1 Ai(2)-Grist Competitive Brawl AetherHub 2026-09: 0

Game Result: Game 1 ended in 15496 ms. Ai(1)-Lathril v0.3.2 - Arena Mirror has won!

[Ai(1)-Lathril v0.3.2 - Arena Mirror] AI failed to play Celestial Reunion (24) [Stack]
Game Outcome: Turn 9
Game Outcome: Ai(1)-Lathril v0.3.2 - Arena Mirror has lost because life total reached 0
Game Outcome: Ai(2)-Grist Competitive Brawl AetherHub 2026-09 has won because all opponents have lost
Match Result: Ai(1)-Lathril v0.3.2 - Arena Mirror: 1 Ai(2)-Grist Competitive Brawl AetherHub 2026-09: 1

Game Result: Game 2 ended in 20258 ms. Ai(2)-Grist Competitive Brawl AetherHub 2026-09 has won!

[Ai(1)-Lathril v0.3.2 - Arena Mirror] AI failed to play Celestial Reunion (24) [Stack]
Default player choice logic.
Correcting zone for Wishclaw Talisman (94)
Default player choice logic.
Correcting zone for Wishclaw Talisman (94)
Game Outcome: Turn 7
Game Outcome: Ai(1)-Lathril v0.3.2 - Arena Mirror has lost because life total reached 0
Game Outcome: Ai(2)-Grist Competitive Brawl AetherHub 2026-09 has won because all opponents have lost
Match Result: Ai(1)-Lathril v0.3.2 - Arena Mirror: 1 Ai(2)-Grist Competitive Brawl AetherHub 2026-09: 2

Game Result: Game 3 ended in 13776 ms. Ai(2)-Grist Competitive Brawl AetherHub 2026-09 has won!

Game Outcome: Turn 9
Game Outcome: Ai(1)-Lathril v0.3.2 - Arena Mirror has lost because life total reached 0
Game Outcome: Ai(2)-Grist Competitive Brawl AetherHub 2026-09 has won because all opponents have lost
Match Result: Ai(1)-Lathril v0.3.2 - Arena Mirror: 1 Ai(2)-Grist Competitive Brawl AetherHub 2026-09: 3

Game Result: Game 4 ended in 16210 ms. Ai(2)-Grist Competitive Brawl AetherHub 2026-09 has won!

[Ai(1)-Lathril v0.3.2 - Arena Mirror] AI failed to play Celestial Reunion (24) [Stack]
Game Outcome: Turn 7
Game Outcome: Ai(1)-Lathril v0.3.2 - Arena Mirror has lost because life total reached 0
Game Outcome: Ai(2)-Grist Competitive Brawl AetherHub 2026-09 has won because all opponents have lost
Match Result: Ai(1)-Lathril v0.3.2 - Arena Mirror: 1 Ai(2)-Grist Competitive Brawl AetherHub 2026-09: 4

Game Result: Game 5 ended in 9542 ms. Ai(2)-Grist Competitive Brawl AetherHub 2026-09 has won!

Game Outcome: Turn 6
Game Outcome: Ai(1)-Lathril v0.3.2 - Arena Mirror has lost because life total reached 0
Game Outcome: Ai(2)-Grist Competitive Brawl AetherHub 2026-09 has won because all opponents have lost
Match Result: Ai(1)-Lathril v0.3.2 - Arena Mirror: 1 Ai(2)-Grist Competitive Brawl AetherHub 2026-09: 5

Game Result: Game 6 ended in 3430 ms. Ai(2)-Grist Competitive Brawl AetherHub 2026-09 has won!

[Ai(1)-Lathril v0.3.2 - Arena Mirror] AI failed to play Celestial Reunion (24) [Stack]
Game Outcome: Turn 10
Game Outcome: Ai(1)-Lathril v0.3.2 - Arena Mirror has won because all opponents have lost
Game Outcome: Ai(2)-Grist Competitive Brawl AetherHub 2026-09 has lost because life total reached 0
Match Result: Ai(1)-Lathril v0.3.2 - Arena Mirror: 2 Ai(2)-Grist Competitive Brawl AetherHub 2026-09: 5

Game Result: Game 7 ended in 7285 ms. Ai(1)-Lathril v0.3.2 - Arena Mirror has won!

[Ai(1)-Lathril v0.3.2 - Arena Mirror] AI failed to play Celestial Reunion (24) [Stack]
Game Outcome: Turn 10
Game Outcome: Ai(1)-Lathril v0.3.2 - Arena Mirror has lost because life total reached 0
Game Outcome: Ai(2)-Grist Competitive Brawl AetherHub 2026-09 has won because all opponents have lost
Match Result: Ai(1)-Lathril v0.3.2 - Arena Mirror: 2 Ai(2)-Grist Competitive Brawl AetherHub 2026-09: 6

Game Result: Game 8 ended in 7548 ms. Ai(2)-Grist Competitive Brawl AetherHub 2026-09 has won!

[Ai(1)-Lathril v0.3.2 - Arena Mirror] AI failed to play Celestial Reunion (24) [Stack]
Default player choice logic.
Correcting zone for Wishclaw Talisman (94)
Default player choice logic.
Correcting zone for Wishclaw Talisman (94)
Default player choice logic.
Correcting zone for Wishclaw Talisman (94)
Game Outcome: Turn 10
Game Outcome: Ai(1)-Lathril v0.3.2 - Arena Mirror has lost because life total reached 0
Game Outcome: Ai(2)-Grist Competitive Brawl AetherHub 2026-09 has won because all opponents have lost
Match Result: Ai(1)-Lathril v0.3.2 - Arena Mirror: 2 Ai(2)-Grist Competitive Brawl AetherHub 2026-09: 7

Game Result: Game 9 ended in 18322 ms. Ai(2)-Grist Competitive Brawl AetherHub 2026-09 has won!

Game Outcome: Turn 7
Game Outcome: Ai(1)-Lathril v0.3.2 - Arena Mirror has won because all opponents have lost
Game Outcome: Ai(2)-Grist Competitive Brawl AetherHub 2026-09 has lost because life total reached 0
Match Result: Ai(1)-Lathril v0.3.2 - Arena Mirror: 3 Ai(2)-Grist Competitive Brawl AetherHub 2026-09: 7

Game Result: Game 10 ended in 3656 ms. Ai(1)-Lathril v0.3.2 - Arena Mirror has won!

[Ai(1)-Lathril v0.3.2 - Arena Mirror] AI failed to play Celestial Reunion (24) [Stack]
java.util.concurrent.TimeoutException
	at java.base/java.util.concurrent.FutureTask.get(FutureTask.java:204)
	at forge.ai.AiController.chooseSpellAbilityToPlayFromList(AiController.java:1696)
	at forge.ai.AiController.getSpellAbilityToPlay(AiController.java:1583)
	at forge.ai.AiController.chooseSpellAbilityToPlay(AiController.java:1403)
	at forge.ai.PlayerControllerAi.chooseSpellAbilityToPlay(PlayerControllerAi.java:832)
	at forge.game.phase.PhaseHandler.mainLoopStep(PhaseHandler.java:1056)
	at forge.game.phase.PhaseHandler.mainGameLoop(PhaseHandler.java:1035)
	at forge.game.phase.PhaseHandler.startFirstTurn(PhaseHandler.java:1029)
	at forge.game.GameAction.startGame(GameAction.java:2373)
	at forge.game.Match.startGame(Match.java:92)
	at forge.game.Match.startGame(Match.java:77)
	at forge.view.SimulateMatch.lambda$simulateSingleMatch$0(SimulateMatch.java:213)
	at forge.view.TimeLimitedCodeBlock.lambda$runWithTimeout$0(TimeLimitedCodeBlock.java:18)
	at java.base/java.util.concurrent.FutureTask.run(FutureTask.java:264)
	at java.base/java.util.concurrent.ThreadPoolExecutor.runWorker(ThreadPoolExecutor.java:1136)
	at java.base/java.util.concurrent.ThreadPoolExecutor$Worker.run(ThreadPoolExecutor.java:635)
	at java.base/java.lang.Thread.run(Thread.java:840)
AI eval thread at timeout:
	at app//forge.game.keyword.KeywordCollection.applyReplacementEffect(KeywordCollection.java:200)
	at app//forge.game.card.Card.updateReplacementEffects(Card.java:7069)
	at app//forge.game.card.CardState.getReplacementEffects(CardState.java:754)
	at app//forge.game.card.CardState.getReplacementEffects(CardState.java:723)
	at app//forge.game.card.Card.getReplacementEffects(Card.java:7055)
	at app//forge.game.replacement.ReplacementHandler.lambda$getReplacementList$0(ReplacementHandler.java:134)
	at app//forge.game.replacement.ReplacementHandler$$Lambda$438/0x000000e001266208.visit(Unknown Source)
	at app//forge.util.Visitor.visitAll(Visitor.java:16)
	at app//forge.game.Game.forEachCardInGame(Game.java:757)
	at app//forge.game.replacement.ReplacementHandler.getReplacementList(ReplacementHandler.java:102)
	at app//forge.game.replacement.ReplacementHandler.cantHappenCheck(ReplacementHandler.java:174)
	at app//forge.game.card.Card.canTap(Card.java:4696)
	at app//forge.game.card.Card.canTap(Card.java:4688)
	at app//forge.game.cost.CostTap.canPay(CostTap.java:69)
	at app//forge.game.cost.Cost.canPay(Cost.java:1085)
	at app//forge.game.cost.CostPayment.canPayAdditionalCosts(CostPayment.java:104)
	at app//forge.game.cost.CostPayment.canPayAdditionalCosts(CostPayment.java:96)
	at app//forge.game.spellability.AbilityActivated.canPlay(AbilityActivated.java:103)
	at app//forge.ai.ComputerUtilMana.getAvailableManaEstimate(ComputerUtilMana.java:1305)
	at app//forge.ai.AiAttackController.getOpponentCreatures(AiAttackController.java:138)
	at app//forge.ai.AiAttackController.<init>(AiAttackController.java:109)
	at app//forge.ai.ComputerUtilCard.doesSpecifiedCreatureAttackAI(ComputerUtilCard.java:818)
	at app//forge.ai.ComputerUtilCard.shouldPumpCard(ComputerUtilCard.java:1557)
	at app//forge.ai.ability.PumpAiBase.lambda$getPumpCreatures$2(PumpAiBase.java:376)
	at app//forge.ai.ability.PumpAiBase$$Lambda$643/0x000000e0012d2660.test(Unknown Source)
	at java.base@17.0.17/java.util.stream.ReferencePipeline$2$1.accept(ReferencePipeline.java:178)
	at java.base@17.0.17/java.util.Spliterators$IteratorSpliterator.tryAdvance(Spliterators.java:1856)
	at java.base@17.0.17/java.util.stream.StreamSpliterators$WrappingSpliterator.lambda$initPartialTraversalState$0(StreamSpliterators.java:292)
	at java.base@17.0.17/java.util.stream.StreamSpliterators$WrappingSpliterator$$Lambda$380/0x000000e0011fb700.getAsBoolean(Unknown Source)
	at java.base@17.0.17/java.util.stream.StreamSpliterators$AbstractWrappingSpliterator.fillBuffer(StreamSpliterators.java:206)
java.util.concurrent.TimeoutException
	at java.base/java.util.concurrent.FutureTask.get(FutureTask.java:204)
	at forge.ai.AiController.chooseSpellAbilityToPlayFromList(AiController.java:1696)
	at forge.ai.AiController.getSpellAbilityToPlay(AiController.java:1583)
	at forge.ai.AiController.chooseSpellAbilityToPlay(AiController.java:1403)
	at forge.ai.PlayerControllerAi.chooseSpellAbilityToPlay(PlayerControllerAi.java:832)
	at forge.game.phase.PhaseHandler.mainLoopStep(PhaseHandler.java:1056)
	at forge.game.phase.PhaseHandler.mainGameLoop(PhaseHandler.java:1035)
	at forge.game.phase.PhaseHandler.startFirstTurn(PhaseHandler.java:1029)
	at forge.game.GameAction.startGame(GameAction.java:2373)
	at forge.game.Match.startGame(Match.java:92)
	at forge.game.Match.startGame(Match.java:77)
	at forge.view.SimulateMatch.lambda$simulateSingleMatch$0(SimulateMatch.java:213)
	at forge.view.TimeLimitedCodeBlock.lambda$runWithTimeout$0(TimeLimitedCodeBlock.java:18)
	at java.base/java.util.concurrent.FutureTask.run(FutureTask.java:264)
	at java.base/java.util.concurrent.ThreadPoolExecutor.runWorker(ThreadPoolExecutor.java:1136)
	at java.base/java.util.concurrent.ThreadPoolExecutor$Worker.run(ThreadPoolExecutor.java:635)
	at java.base/java.lang.Thread.run(Thread.java:840)
AI eval thread at timeout:
	at app//forge.util.collect.FCollection.add(FCollection.java:274)
	at app//forge.util.collect.FCollection.addAll(FCollection.java:346)
	at app//forge.util.collect.FCollection.addAll(FCollection.java:325)
	at app//forge.game.player.PlayerCollection.getCardsIn(PlayerCollection.java:33)
	at app//forge.game.Game.getCardsIn(Game.java:610)
	at app//forge.game.Game.getCardsIn(Game.java:628)
	at app//forge.game.staticability.StaticAbilityTurnPhaseReversed.anyTurnPhaseReversed(StaticAbilityTurnPhaseReversed.java:20)
	at app//forge.game.staticability.StaticAbilityTurnPhaseReversed.isTurnReversed(StaticAbilityTurnPhaseReversed.java:10)
	at app//forge.game.player.Player.isTurnOrderReversed(Player.java:2458)
	at app//forge.game.Game.getTurnOrder(Game.java:522)
	at app//forge.game.Game.getPlayersInTurnOrder(Game.java:408)
	at app//forge.game.Game.getPlayersInTurnOrder(Game.java:417)
	at app//forge.game.player.Player.getOpponents(Player.java:311)
	at app//forge.game.CardTraitBase.meetsCommonRequirements(CardTraitBase.java:417)
	at app//forge.game.trigger.Trigger.requirementsCheck(Trigger.java:340)
	at app//forge.ai.ComputerUtilCombat.combatTriggerWillTrigger(ComputerUtilCombat.java:751)
	at app//forge.ai.ComputerUtilCombat.combatTriggerWillTrigger(ComputerUtilCombat.java:734)
	at app//forge.ai.ComputerUtilCombat.predictToughnessBonusOfAttacker(ComputerUtilCombat.java:1401)
	at app//forge.ai.ComputerUtilCombat.predictToughnessBonusOfAttacker(ComputerUtilCombat.java:1341)
	at app//forge.ai.ComputerUtilCombat.canDestroyAttackerBeforeFirstStrike(ComputerUtilCombat.java:1557)
	at app//forge.ai.ComputerUtilCombat.canDestroyAttacker(ComputerUtilCombat.java:1651)
	at app//forge.ai.AiBlockController.getKillingBlockers(AiBlockController.java:120)
	at app//forge.ai.AiBlockController.makeGoodBlocks(AiBlockController.java:239)
	at app//forge.ai.AiBlockController.assignBlockers(AiBlockController.java:1083)
	at app//forge.ai.AiBlockController.assignBlockersGivenAttackers(AiBlockController.java:1041)
	at app//forge.ai.ComputerUtilCard.canBeBlockedProfitably(ComputerUtilCard.java:881)
	at app//forge.ai.AiAttackController$SpellAbilityFactors.calculate(AiAttackController.java:1445)
	at app//forge.ai.AiAttackController.shouldAttack(AiAttackController.java:1493)
	at app//forge.ai.AiAttackController.declareAttackers(AiAttackController.java:1300)
	at app//forge.ai.ComputerUtilCard.doesSpecifiedCreatureAttackAI(ComputerUtilCard.java:820)
Game Outcome: Turn 13
Game Outcome: Ai(1)-Lathril v0.3.2 - Arena Mirror has won because all opponents have lost
Game Outcome: Ai(2)-Grist Competitive Brawl AetherHub 2026-09 has lost because life total reached 0
Match Result: Ai(1)-Lathril v0.3.2 - Arena Mirror: 4 Ai(2)-Grist Competitive Brawl AetherHub 2026-09: 7

Game Result: Game 11 ended in 47036 ms. Ai(1)-Lathril v0.3.2 - Arena Mirror has won!

java.util.concurrent.TimeoutException
	at java.base/java.util.concurrent.FutureTask.get(FutureTask.java:204)
	at forge.ai.AiController.chooseSpellAbilityToPlayFromList(AiController.java:1696)
	at forge.ai.AiController.getSpellAbilityToPlay(AiController.java:1583)
	at forge.ai.AiController.chooseSpellAbilityToPlay(AiController.java:1403)
	at forge.ai.PlayerControllerAi.chooseSpellAbilityToPlay(PlayerControllerAi.java:832)
	at forge.game.phase.PhaseHandler.mainLoopStep(PhaseHandler.java:1056)
	at forge.game.phase.PhaseHandler.mainGameLoop(PhaseHandler.java:1035)
	at forge.game.phase.PhaseHandler.startFirstTurn(PhaseHandler.java:1029)
	at forge.game.GameAction.startGame(GameAction.java:2373)
	at forge.game.Match.startGame(Match.java:92)
	at forge.game.Match.startGame(Match.java:77)
	at forge.view.SimulateMatch.lambda$simulateSingleMatch$0(SimulateMatch.java:213)
	at forge.view.TimeLimitedCodeBlock.lambda$runWithTimeout$0(TimeLimitedCodeBlock.java:18)
	at java.base/java.util.concurrent.FutureTask.run(FutureTask.java:264)
	at java.base/java.util.concurrent.ThreadPoolExecutor.runWorker(ThreadPoolExecutor.java:1136)
	at java.base/java.util.concurrent.ThreadPoolExecutor$Worker.run(ThreadPoolExecutor.java:635)
	at java.base/java.lang.Thread.run(Thread.java:840)
AI eval thread at timeout:
	at java.base@17.0.17/java.util.HashMap.put(HashMap.java:610)
	at java.base@17.0.17/java.util.HashSet.add(HashSet.java:221)
	at java.base@17.0.17/java.util.AbstractCollection.addAll(AbstractCollection.java:336)
	at java.base@17.0.17/java.util.HashSet.<init>(HashSet.java:121)
	at app//forge.util.collect.FCollection.hashed(FCollection.java:58)
	at app//forge.util.collect.FCollection.add(FCollection.java:269)
	at app//forge.util.collect.FCollection.addAll(FCollection.java:346)
	at app//forge.util.collect.FCollection.addAll(FCollection.java:325)
	at app//forge.game.Game.getCardsIn(Game.java:628)
	at app//forge.game.combat.CombatUtil.getBlockCost(CombatUtil.java:338)
	at app//forge.game.combat.CombatUtil.mustBlockAnAttacker(CombatUtil.java:756)
	at app//forge.game.combat.CombatUtil.canBlock(CombatUtil.java:953)
	at app//forge.ai.AiBlockController.getPossibleBlockers(AiBlockController.java:87)
	at app//forge.ai.AiBlockController.makeGoodBlocks(AiBlockController.java:196)
	at app//forge.ai.AiBlockController.assignBlockers(AiBlockController.java:1083)
	at app//forge.ai.AiBlockController.assignBlockersForCombat(AiBlockController.java:1014)
	at app//forge.ai.ComputerUtil.predictNextCombatsRemainingLife(ComputerUtil.java:3214)
	at app//forge.ai.ComputerUtil.predictNextCombatsRemainingLife(ComputerUtil.java:3179)
	at app//forge.ai.AiAttackController.notNeededAsBlockers(AiAttackController.java:426)
	at app//forge.ai.AiAttackController.declareAttackers(AiAttackController.java:1279)
	at app//forge.ai.ComputerUtilCard.doesSpecifiedCreatureAttackAI(ComputerUtilCard.java:820)
	at app//forge.ai.ComputerUtilCard.shouldPumpCard(ComputerUtilCard.java:1557)
	at app//forge.ai.ComputerUtilCard.shouldPumpCard(ComputerUtilCard.java:1446)
	at app//forge.ai.ability.CountersPutAi.checkApiLogic(CountersPutAi.java:539)
	at app//forge.ai.SpellAbilityAi.canPlayWithoutRestrict(SpellAbilityAi.java:98)
	at app//forge.ai.SpellAbilityAi.canPlay(SpellAbilityAi.java:76)
	at app//forge.ai.SpellAbilityAi.canPlayWithSubs(SpellAbilityAi.java:55)
	at app//forge.ai.AiController.canPlaySa(AiController.java:909)
	at app//forge.ai.AiController.canPlayAndPayForFace(AiController.java:855)
	at app//forge.ai.AiController.canPlayAndPayFor(AiController.java:833)
java.util.concurrent.TimeoutException
	at java.base/java.util.concurrent.FutureTask.get(FutureTask.java:204)
	at forge.ai.AiController.chooseSpellAbilityToPlayFromList(AiController.java:1696)
	at forge.ai.AiController.getSpellAbilityToPlay(AiController.java:1583)
	at forge.ai.AiController.chooseSpellAbilityToPlay(AiController.java:1403)
	at forge.ai.PlayerControllerAi.chooseSpellAbilityToPlay(PlayerControllerAi.java:832)
	at forge.game.phase.PhaseHandler.mainLoopStep(PhaseHandler.java:1056)
	at forge.game.phase.PhaseHandler.mainGameLoop(PhaseHandler.java:1035)
	at forge.game.phase.PhaseHandler.startFirstTurn(PhaseHandler.java:1029)
	at forge.game.GameAction.startGame(GameAction.java:2373)
	at forge.game.Match.startGame(Match.java:92)
	at forge.game.Match.startGame(Match.java:77)
	at forge.view.SimulateMatch.lambda$simulateSingleMatch$0(SimulateMatch.java:213)
	at forge.view.TimeLimitedCodeBlock.lambda$runWithTimeout$0(TimeLimitedCodeBlock.java:18)
	at java.base/java.util.concurrent.FutureTask.run(FutureTask.java:264)
	at java.base/java.util.concurrent.ThreadPoolExecutor.runWorker(ThreadPoolExecutor.java:1136)
	at java.base/java.util.concurrent.ThreadPoolExecutor$Worker.run(ThreadPoolExecutor.java:635)
	at java.base/java.lang.Thread.run(Thread.java:840)
AI eval thread at timeout:
	at app//forge.game.zone.PlayerZoneBattlefield.getCards(PlayerZoneBattlefield.java:89)
	at app//forge.game.player.Player.getCardsIn(Player.java:1338)
	at app//forge.game.player.Player.getCardsIn(Player.java:1317)
	at app//forge.game.player.PlayerCollection.getCardsIn(PlayerCollection.java:33)
	at app//forge.game.Game.getCardsIn(Game.java:610)
	at app//forge.game.Game.getCardsIn(Game.java:628)
	at app//forge.game.combat.CombatUtil.getBlockCost(CombatUtil.java:338)
	at app//forge.game.combat.CombatUtil.mustBlockAnAttacker(CombatUtil.java:756)
	at app//forge.game.combat.CombatUtil.canBlock(CombatUtil.java:953)
	at app//forge.ai.AiBlockController.getPossibleBlockers(AiBlockController.java:87)
	at app//forge.ai.AiBlockController.makeGoodBlocks(AiBlockController.java:196)
	at app//forge.ai.AiBlockController.assignBlockers(AiBlockController.java:1083)
	at app//forge.ai.AiBlockController.assignBlockersForCombat(AiBlockController.java:1014)
	at app//forge.ai.ComputerUtil.predictNextCombatsRemainingLife(ComputerUtil.java:3214)
	at app//forge.ai.ComputerUtil.predictNextCombatsRemainingLife(ComputerUtil.java:3179)
	at app//forge.ai.AiAttackController.notNeededAsBlockers(AiAttackController.java:426)
	at app//forge.ai.AiAttackController.declareAttackers(AiAttackController.java:1279)
	at app//forge.ai.ComputerUtilCard.doesSpecifiedCreatureAttackAI(ComputerUtilCard.java:820)
	at app//forge.ai.ComputerUtilCard.shouldPumpCard(ComputerUtilCard.java:1557)
	at app//forge.ai.ComputerUtilCard.shouldPumpCard(ComputerUtilCard.java:1446)
	at app//forge.ai.ability.CountersPutAi.checkApiLogic(CountersPutAi.java:539)
	at app//forge.ai.SpellAbilityAi.canPlayWithoutRestrict(SpellAbilityAi.java:98)
	at app//forge.ai.SpellAbilityAi.canPlay(SpellAbilityAi.java:76)
	at app//forge.ai.SpellAbilityAi.canPlayWithSubs(SpellAbilityAi.java:55)
	at app//forge.ai.AiController.canPlaySa(AiController.java:909)
	at app//forge.ai.AiController.canPlayAndPayForFace(AiController.java:855)
	at app//forge.ai.AiController.canPlayAndPayFor(AiController.java:833)
	at app//forge.ai.AiController.lambda$chooseSpellAbilityToPlayFromList$9(AiController.java:1675)
	at app//forge.ai.AiController$$Lambda$482/0x000000e001284068.call(Unknown Source)
	at java.base@17.0.17/java.util.concurrent.FutureTask.run(FutureTask.java:264)
java.util.concurrent.TimeoutException
	at java.base/java.util.concurrent.FutureTask.get(FutureTask.java:204)
	at forge.ai.AiController.chooseSpellAbilityToPlayFromList(AiController.java:1696)
	at forge.ai.AiController.getSpellAbilityToPlay(AiController.java:1583)
	at forge.ai.AiController.chooseSpellAbilityToPlay(AiController.java:1403)
	at forge.ai.PlayerControllerAi.chooseSpellAbilityToPlay(PlayerControllerAi.java:832)
	at forge.game.phase.PhaseHandler.mainLoopStep(PhaseHandler.java:1056)
	at forge.game.phase.PhaseHandler.mainGameLoop(PhaseHandler.java:1035)
	at forge.game.phase.PhaseHandler.startFirstTurn(PhaseHandler.java:1029)
	at forge.game.GameAction.startGame(GameAction.java:2373)
	at forge.game.Match.startGame(Match.java:92)
	at forge.game.Match.startGame(Match.java:77)
	at forge.view.SimulateMatch.lambda$simulateSingleMatch$0(SimulateMatch.java:213)
	at forge.view.TimeLimitedCodeBlock.lambda$runWithTimeout$0(TimeLimitedCodeBlock.java:18)
	at java.base/java.util.concurrent.FutureTask.run(FutureTask.java:264)
	at java.base/java.util.concurrent.ThreadPoolExecutor.runWorker(ThreadPoolExecutor.java:1136)
	at java.base/java.util.concurrent.ThreadPoolExecutor$Worker.run(ThreadPoolExecutor.java:635)
	at java.base/java.lang.Thread.run(Thread.java:840)
AI eval thread at timeout:
	at app//forge.game.card.Card.updateTriggers(Card.java:7047)
	at app//forge.game.card.CardState.getTriggers(CardState.java:683)
	at app//forge.game.card.Card.getTriggers(Card.java:7031)
	at app//forge.ai.ComputerUtilCombat.predictPowerBonusOfAttacker(ComputerUtilCombat.java:1154)
	at app//forge.ai.ComputerUtilCombat.predictPowerBonusOfAttacker(ComputerUtilCombat.java:1139)
	at app//forge.ai.ComputerUtilCombat.damageIfUnblocked(ComputerUtilCombat.java:184)
	at app//forge.ai.ComputerUtilCombat.sumDamageIfUnblocked(ComputerUtilCombat.java:249)
	at app//forge.ai.ComputerUtilCombat.sumDamageIfUnblocked(ComputerUtilCombat.java:240)
	at app//forge.ai.ComputerUtilCombat.lifeThatWouldRemain(ComputerUtilCombat.java:318)
	at app//forge.ai.ComputerUtilCombat.lifeInSeriousDanger(ComputerUtilCombat.java:496)
	at app//forge.ai.ComputerUtil.predictNextCombatsRemainingLife(ComputerUtil.java:3220)
	at app//forge.ai.ComputerUtil.predictNextCombatsRemainingLife(ComputerUtil.java:3179)
	at app//forge.ai.AiAttackController.notNeededAsBlockers(AiAttackController.java:426)
	at app//forge.ai.AiAttackController.declareAttackers(AiAttackController.java:1279)
	at app//forge.ai.ComputerUtilCard.doesSpecifiedCreatureAttackAI(ComputerUtilCard.java:820)
	at app//forge.ai.ComputerUtilCard.shouldPumpCard(ComputerUtilCard.java:1557)
	at app//forge.ai.ComputerUtilCard.shouldPumpCard(ComputerUtilCard.java:1446)
	at app//forge.ai.ability.CountersPutAi.checkApiLogic(CountersPutAi.java:539)
	at app//forge.ai.SpellAbilityAi.canPlayWithoutRestrict(SpellAbilityAi.java:98)
	at app//forge.ai.SpellAbilityAi.canPlay(SpellAbilityAi.java:76)
	at app//forge.ai.SpellAbilityAi.canPlayWithSubs(SpellAbilityAi.java:55)
	at app//forge.ai.AiController.canPlaySa(AiController.java:909)
	at app//forge.ai.AiController.canPlayAndPayForFace(AiController.java:855)
	at app//forge.ai.AiController.canPlayAndPayFor(AiController.java:833)
	at app//forge.ai.AiController.lambda$chooseSpellAbilityToPlayFromList$9(AiController.java:1675)
	at app//forge.ai.AiController$$Lambda$482/0x000000e001284068.call(Unknown Source)
	at java.base@17.0.17/java.util.concurrent.FutureTask.run(FutureTask.java:264)
	at java.base@17.0.17/java.lang.Thread.run(Thread.java:840)
java.util.concurrent.TimeoutException
	at java.base/java.util.concurrent.FutureTask.get(FutureTask.java:204)
	at forge.ai.AiController.chooseSpellAbilityToPlayFromList(AiController.java:1696)
	at forge.ai.AiController.getSpellAbilityToPlay(AiController.java:1583)
	at forge.ai.AiController.chooseSpellAbilityToPlay(AiController.java:1403)
	at forge.ai.PlayerControllerAi.chooseSpellAbilityToPlay(PlayerControllerAi.java:832)
	at forge.game.phase.PhaseHandler.mainLoopStep(PhaseHandler.java:1056)
	at forge.game.phase.PhaseHandler.mainGameLoop(PhaseHandler.java:1035)
	at forge.game.phase.PhaseHandler.startFirstTurn(PhaseHandler.java:1029)
	at forge.game.GameAction.startGame(GameAction.java:2373)
	at forge.game.Match.startGame(Match.java:92)
	at forge.game.Match.startGame(Match.java:77)
	at forge.view.SimulateMatch.lambda$simulateSingleMatch$0(SimulateMatch.java:213)
	at forge.view.TimeLimitedCodeBlock.lambda$runWithTimeout$0(TimeLimitedCodeBlock.java:18)
	at java.base/java.util.concurrent.FutureTask.run(FutureTask.java:264)
	at java.base/java.util.concurrent.ThreadPoolExecutor.runWorker(ThreadPoolExecutor.java:1136)
	at java.base/java.util.concurrent.ThreadPoolExecutor$Worker.run(ThreadPoolExecutor.java:635)
	at java.base/java.lang.Thread.run(Thread.java:840)
AI eval thread at timeout:
	at java.base@17.0.17/java.util.ArrayList.addAll(ArrayList.java:670)
	at app//forge.util.collect.FCollection.<init>(FCollection.java:100)
	at app//forge.game.card.CardState.getStaticAbilities(CardState.java:705)
	at app//forge.game.card.Card.getStaticAbilities(Card.java:6993)
	at app//forge.game.staticability.StaticAbilityCantPreventDamage.cantPreventDamage(StaticAbilityCantPreventDamage.java:13)
	at app//forge.game.card.Card.canDamagePrevented(Card.java:6160)
	at app//forge.ai.ComputerUtilCombat.isCombatDamagePrevented(ComputerUtilCombat.java:2336)
	at app//forge.ai.ComputerUtilCombat.canDestroyBlocker(ComputerUtilCombat.java:1927)
	at app//forge.ai.AiBlockController.getSafeBlockers(AiBlockController.java:106)
	at app//forge.ai.AiBlockController.makeGoodBlocks(AiBlockController.java:198)
	at app//forge.ai.AiBlockController.assignBlockers(AiBlockController.java:1083)
	at app//forge.ai.AiBlockController.assignBlockersForCombat(AiBlockController.java:1014)
	at app//forge.ai.ComputerUtil.predictNextCombatsRemainingLife(ComputerUtil.java:3214)
	at app//forge.ai.ComputerUtil.predictNextCombatsRemainingLife(ComputerUtil.java:3179)
	at app//forge.ai.AiAttackController.notNeededAsBlockers(AiAttackController.java:426)
	at app//forge.ai.AiAttackController.declareAttackers(AiAttackController.java:1279)
	at app//forge.ai.ComputerUtilCard.doesSpecifiedCreatureAttackAI(ComputerUtilCard.java:820)
	at app//forge.ai.ComputerUtilCard.shouldPumpCard(ComputerUtilCard.java:1557)
	at app//forge.ai.ComputerUtilCard.shouldPumpCard(ComputerUtilCard.java:1446)
	at app//forge.ai.ability.CountersPutAi.checkApiLogic(CountersPutAi.java:539)
	at app//forge.ai.SpellAbilityAi.canPlayWithoutRestrict(SpellAbilityAi.java:98)
	at app//forge.ai.SpellAbilityAi.canPlay(SpellAbilityAi.java:76)
	at app//forge.ai.SpellAbilityAi.canPlayWithSubs(SpellAbilityAi.java:55)
	at app//forge.ai.AiController.canPlaySa(AiController.java:909)
	at app//forge.ai.AiController.canPlayAndPayForFace(AiController.java:855)
	at app//forge.ai.AiController.canPlayAndPayFor(AiController.java:833)
	at app//forge.ai.AiController.lambda$chooseSpellAbilityToPlayFromList$9(AiController.java:1675)
	at app//forge.ai.AiController$$Lambda$482/0x000000e001284068.call(Unknown Source)
	at java.base@17.0.17/java.util.concurrent.FutureTask.run(FutureTask.java:264)
	at java.base@17.0.17/java.lang.Thread.run(Thread.java:840)
java.util.concurrent.TimeoutException
	at java.base/java.util.concurrent.FutureTask.get(FutureTask.java:204)
	at forge.ai.AiController.chooseSpellAbilityToPlayFromList(AiController.java:1696)
	at forge.ai.AiController.getSpellAbilityToPlay(AiController.java:1583)
	at forge.ai.AiController.chooseSpellAbilityToPlay(AiController.java:1403)
	at forge.ai.PlayerControllerAi.chooseSpellAbilityToPlay(PlayerControllerAi.java:832)
	at forge.game.phase.PhaseHandler.mainLoopStep(PhaseHandler.java:1056)
	at forge.game.phase.PhaseHandler.mainGameLoop(PhaseHandler.java:1035)
	at forge.game.phase.PhaseHandler.startFirstTurn(PhaseHandler.java:1029)
	at forge.game.GameAction.startGame(GameAction.java:2373)
	at forge.game.Match.startGame(Match.java:92)
	at forge.game.Match.startGame(Match.java:77)
	at forge.view.SimulateMatch.lambda$simulateSingleMatch$0(SimulateMatch.java:213)
	at forge.view.TimeLimitedCodeBlock.lambda$runWithTimeout$0(TimeLimitedCodeBlock.java:18)
	at java.base/java.util.concurrent.FutureTask.run(FutureTask.java:264)
	at java.base/java.util.concurrent.ThreadPoolExecutor.runWorker(ThreadPoolExecutor.java:1136)
	at java.base/java.util.concurrent.ThreadPoolExecutor$Worker.run(ThreadPoolExecutor.java:635)
	at java.base/java.lang.Thread.run(Thread.java:840)
AI eval thread at timeout:
	at java.base@17.0.17/java.util.ArrayList.addAll(ArrayList.java:670)
	at app//forge.util.collect.FCollection.<init>(FCollection.java:100)
	at app//forge.game.card.CardState.getReplacementEffects(CardState.java:726)
	at app//forge.game.card.CardState.getReplacementEffects(CardState.java:723)
	at app//forge.game.card.Card.getReplacementEffects(Card.java:7055)
	at app//forge.game.replacement.ReplacementHandler.lambda$getReplacementList$0(ReplacementHandler.java:134)
	at app//forge.game.replacement.ReplacementHandler$$Lambda$438/0x000000e001266208.visit(Unknown Source)
	at app//forge.util.Visitor.visitAll(Visitor.java:16)
	at app//forge.game.Game.forEachCardInGame(Game.java:757)
	at app//forge.game.replacement.ReplacementHandler.getReplacementList(ReplacementHandler.java:102)
	at app//forge.ai.ComputerUtilCombat.isCombatDamagePrevented(ComputerUtilCombat.java:2348)
	at app//forge.ai.ComputerUtilCombat.canDestroyBlocker(ComputerUtilCombat.java:1927)
	at app//forge.ai.AiBlockController.getSafeBlockers(AiBlockController.java:106)
	at app//forge.ai.AiBlockController.makeGoodBlocks(AiBlockController.java:198)
	at app//forge.ai.AiBlockController.assignBlockers(AiBlockController.java:1083)
	at app//forge.ai.AiBlockController.assignBlockersForCombat(AiBlockController.java:1014)
	at app//forge.ai.ComputerUtil.predictNextCombatsRemainingLife(ComputerUtil.java:3214)
	at app//forge.ai.ComputerUtil.predictNextCombatsRemainingLife(ComputerUtil.java:3179)
	at app//forge.ai.AiAttackController.notNeededAsBlockers(AiAttackController.java:426)
	at app//forge.ai.AiAttackController.declareAttackers(AiAttackController.java:1279)
	at app//forge.ai.ComputerUtilCard.doesSpecifiedCreatureAttackAI(ComputerUtilCard.java:820)
	at app//forge.ai.ComputerUtilCard.shouldPumpCard(ComputerUtilCard.java:1557)
	at app//forge.ai.ComputerUtilCard.shouldPumpCard(ComputerUtilCard.java:1446)
	at app//forge.ai.ability.CountersPutAi.checkApiLogic(CountersPutAi.java:539)
	at app//forge.ai.SpellAbilityAi.canPlayWithoutRestrict(SpellAbilityAi.java:98)
	at app//forge.ai.SpellAbilityAi.canPlay(SpellAbilityAi.java:76)
	at app//forge.ai.SpellAbilityAi.canPlayWithSubs(SpellAbilityAi.java:55)
	at app//forge.ai.AiController.canPlaySa(AiController.java:909)
	at app//forge.ai.AiController.canPlayAndPayForFace(AiController.java:855)
	at app//forge.ai.AiController.canPlayAndPayFor(AiController.java:833)
java.util.concurrent.TimeoutException
	at java.base/java.util.concurrent.FutureTask.get(FutureTask.java:204)
	at forge.ai.AiController.chooseSpellAbilityToPlayFromList(AiController.java:1696)
	at forge.ai.AiController.getSpellAbilityToPlay(AiController.java:1583)
	at forge.ai.AiController.chooseSpellAbilityToPlay(AiController.java:1403)
	at forge.ai.PlayerControllerAi.chooseSpellAbilityToPlay(PlayerControllerAi.java:832)
	at forge.game.phase.PhaseHandler.mainLoopStep(PhaseHandler.java:1056)
	at forge.game.phase.PhaseHandler.mainGameLoop(PhaseHandler.java:1035)
	at forge.game.phase.PhaseHandler.startFirstTurn(PhaseHandler.java:1029)
	at forge.game.GameAction.startGame(GameAction.java:2373)
	at forge.game.Match.startGame(Match.java:92)
	at forge.game.Match.startGame(Match.java:77)
	at forge.view.SimulateMatch.lambda$simulateSingleMatch$0(SimulateMatch.java:213)
	at forge.view.TimeLimitedCodeBlock.lambda$runWithTimeout$0(TimeLimitedCodeBlock.java:18)
	at java.base/java.util.concurrent.FutureTask.run(FutureTask.java:264)
	at java.base/java.util.concurrent.ThreadPoolExecutor.runWorker(ThreadPoolExecutor.java:1136)
	at java.base/java.util.concurrent.ThreadPoolExecutor$Worker.run(ThreadPoolExecutor.java:635)
	at java.base/java.lang.Thread.run(Thread.java:840)
AI eval thread at timeout:
	at app//com.google.common.collect.AbstractMultimap$Values.iterator(AbstractMultimap.java:184)
	at app//forge.game.keyword.KeywordCollection.applyStaticAbility(KeywordCollection.java:207)
	at app//forge.game.card.Card.updateStaticAbilities(Card.java:7014)
	at app//forge.game.card.CardState.getStaticAbilities(CardState.java:712)
	at app//forge.game.card.Card.getStaticAbilities(Card.java:6993)
	at app//forge.game.staticability.StaticAbilityTurnPhaseReversed.anyTurnPhaseReversed(StaticAbilityTurnPhaseReversed.java:21)
	at app//forge.game.staticability.StaticAbilityTurnPhaseReversed.isTurnReversed(StaticAbilityTurnPhaseReversed.java:10)
	at app//forge.game.player.Player.isTurnOrderReversed(Player.java:2458)
	at app//forge.game.Game.getTurnOrder(Game.java:522)
	at app//forge.game.Game.getPlayersInTurnOrder(Game.java:408)
	at app//forge.game.Game.getPlayersInTurnOrder(Game.java:417)
	at app//forge.game.player.Player.getOpponents(Player.java:311)
	at app//forge.game.combat.CombatUtil.getAllPossibleDefenders(CombatUtil.java:62)
	at app//forge.game.combat.CombatUtil.canAttack(CombatUtil.java:160)
	at app//forge.ai.ComputerUtil.possibleNonCombatDamage(ComputerUtil.java:1585)
	at app//forge.ai.AiAttackController.doAssault(AiAttackController.java:744)
	at app//forge.ai.AiAttackController.declareAttackers(AiAttackController.java:819)
	at app//forge.ai.ComputerUtilCard.doesSpecifiedCreatureAttackAI(ComputerUtilCard.java:820)
	at app//forge.ai.ComputerUtilCard.shouldPumpCard(ComputerUtilCard.java:1557)
	at app//forge.ai.ComputerUtilCard.shouldPumpCard(ComputerUtilCard.java:1446)
	at app//forge.ai.ability.CountersPutAi.checkApiLogic(CountersPutAi.java:539)
	at app//forge.ai.SpellAbilityAi.canPlayWithoutRestrict(SpellAbilityAi.java:98)
	at app//forge.ai.SpellAbilityAi.canPlay(SpellAbilityAi.java:76)
	at app//forge.ai.SpellAbilityAi.canPlayWithSubs(SpellAbilityAi.java:55)
	at app//forge.ai.AiController.canPlaySa(AiController.java:909)
	at app//forge.ai.AiController.canPlayAndPayForFace(AiController.java:855)
	at app//forge.ai.AiController.canPlayAndPayFor(AiController.java:833)
	at app//forge.ai.AiController.lambda$chooseSpellAbilityToPlayFromList$9(AiController.java:1675)
	at app//forge.ai.AiController$$Lambda$482/0x000000e001284068.call(Unknown Source)
	at java.base@17.0.17/java.util.concurrent.FutureTask.run(FutureTask.java:264)
java.util.concurrent.TimeoutException
	at java.base/java.util.concurrent.FutureTask.get(FutureTask.java:204)
	at forge.ai.AiController.chooseSpellAbilityToPlayFromList(AiController.java:1696)
	at forge.ai.AiController.getSpellAbilityToPlay(AiController.java:1583)
	at forge.ai.AiController.chooseSpellAbilityToPlay(AiController.java:1403)
	at forge.ai.PlayerControllerAi.chooseSpellAbilityToPlay(PlayerControllerAi.java:832)
	at forge.game.phase.PhaseHandler.mainLoopStep(PhaseHandler.java:1056)
	at forge.game.phase.PhaseHandler.mainGameLoop(PhaseHandler.java:1035)
	at forge.game.phase.PhaseHandler.startFirstTurn(PhaseHandler.java:1029)
	at forge.game.GameAction.startGame(GameAction.java:2373)
	at forge.game.Match.startGame(Match.java:92)
	at forge.game.Match.startGame(Match.java:77)
	at forge.view.SimulateMatch.lambda$simulateSingleMatch$0(SimulateMatch.java:213)
	at forge.view.TimeLimitedCodeBlock.lambda$runWithTimeout$0(TimeLimitedCodeBlock.java:18)
	at java.base/java.util.concurrent.FutureTask.run(FutureTask.java:264)
	at java.base/java.util.concurrent.ThreadPoolExecutor.runWorker(ThreadPoolExecutor.java:1136)
	at java.base/java.util.concurrent.ThreadPoolExecutor$Worker.run(ThreadPoolExecutor.java:635)
	at java.base/java.lang.Thread.run(Thread.java:840)
AI eval thread at timeout:
	at app//com.google.common.collect.StandardTable$CellIterator.<init>(StandardTable.java:242)
	at app//com.google.common.collect.StandardTable.cellIterator(StandardTable.java:239)
	at app//com.google.common.collect.AbstractTable$CellSet.iterator(AbstractTable.java:164)
	at app//com.google.common.collect.AbstractTable.valuesIterator(AbstractTable.java:186)
	at app//com.google.common.collect.AbstractTable$Values.iterator(AbstractTable.java:199)
	at app//forge.game.card.Card.getName(Card.java:967)
	at app//forge.game.card.Card.getName(Card.java:962)
	at app//forge.game.player.Player.staticReplaceDamage(Player.java:732)
	at app//forge.ai.ComputerUtilCombat.predictDamageTo(ComputerUtilCombat.java:2230)
	at app//forge.ai.ComputerUtilCombat.predictDamageTo(ComputerUtilCombat.java:2207)
	at app//forge.ai.ComputerUtilCombat.predictExtraPoisonWithDamage(ComputerUtilCombat.java:2512)
	at app//forge.ai.ComputerUtilCombat.poisonIfUnblocked(ComputerUtilCombat.java:223)
	at app//forge.ai.ComputerUtilCombat.sumPoisonIfUnblocked(ComputerUtilCombat.java:268)
	at app//forge.ai.ComputerUtilCombat.resultingPoison(ComputerUtilCombat.java:362)
	at app//forge.ai.ComputerUtilCombat.lifeInSeriousDanger(ComputerUtilCombat.java:492)
	at app//forge.ai.ComputerUtil.predictNextCombatsRemainingLife(ComputerUtil.java:3220)
	at app//forge.ai.ComputerUtil.predictNextCombatsRemainingLife(ComputerUtil.java:3179)
	at app//forge.ai.AiAttackController.notNeededAsBlockers(AiAttackController.java:426)
	at app//forge.ai.AiAttackController.declareAttackers(AiAttackController.java:1279)
	at app//forge.ai.ComputerUtilCard.doesSpecifiedCreatureAttackAI(ComputerUtilCard.java:820)
	at app//forge.ai.ComputerUtilCard.shouldPumpCard(ComputerUtilCard.java:1557)
	at app//forge.ai.ComputerUtilCard.shouldPumpCard(ComputerUtilCard.java:1446)
	at app//forge.ai.ability.CountersPutAi.checkApiLogic(CountersPutAi.java:539)
	at app//forge.ai.SpellAbilityAi.canPlayWithoutRestrict(SpellAbilityAi.java:98)
	at app//forge.ai.SpellAbilityAi.canPlay(SpellAbilityAi.java:76)
	at app//forge.ai.SpellAbilityAi.canPlayWithSubs(SpellAbilityAi.java:55)
	at app//forge.ai.AiController.canPlaySa(AiController.java:909)
	at app//forge.ai.AiController.canPlayAndPayForFace(AiController.java:855)
	at app//forge.ai.AiController.canPlayAndPayFor(AiController.java:833)
	at app//forge.ai.AiController.lambda$chooseSpellAbilityToPlayFromList$9(AiController.java:1675)
java.util.concurrent.TimeoutException
	at java.base/java.util.concurrent.FutureTask.get(FutureTask.java:204)
	at forge.ai.AiController.chooseSpellAbilityToPlayFromList(AiController.java:1696)
	at forge.ai.AiController.getSpellAbilityToPlay(AiController.java:1583)
	at forge.ai.AiController.chooseSpellAbilityToPlay(AiController.java:1403)
	at forge.ai.PlayerControllerAi.chooseSpellAbilityToPlay(PlayerControllerAi.java:832)
	at forge.game.phase.PhaseHandler.mainLoopStep(PhaseHandler.java:1056)
	at forge.game.phase.PhaseHandler.mainGameLoop(PhaseHandler.java:1035)
	at forge.game.phase.PhaseHandler.startFirstTurn(PhaseHandler.java:1029)
	at forge.game.GameAction.startGame(GameAction.java:2373)
	at forge.game.Match.startGame(Match.java:92)
	at forge.game.Match.startGame(Match.java:77)
	at forge.view.SimulateMatch.lambda$simulateSingleMatch$0(SimulateMatch.java:213)
	at forge.view.TimeLimitedCodeBlock.lambda$runWithTimeout$0(TimeLimitedCodeBlock.java:18)
	at java.base/java.util.concurrent.FutureTask.run(FutureTask.java:264)
	at java.base/java.util.concurrent.ThreadPoolExecutor.runWorker(ThreadPoolExecutor.java:1136)
	at java.base/java.util.concurrent.ThreadPoolExecutor$Worker.run(ThreadPoolExecutor.java:635)
	at java.base/java.lang.Thread.run(Thread.java:840)
AI eval thread at timeout:
	at java.base@17.0.17/java.util.HashMap.put(HashMap.java:610)
	at java.base@17.0.17/java.util.HashSet.add(HashSet.java:221)
	at app//forge.util.collect.FCollection.add(FCollection.java:273)
	at app//forge.util.collect.FCollection.addAll(FCollection.java:346)
	at app//forge.util.collect.FCollection.addAll(FCollection.java:325)
	at app//forge.game.player.PlayerCollection.getCardsIn(PlayerCollection.java:33)
	at app//forge.game.Game.getCardsIn(Game.java:610)
	at app//forge.game.Game.getCardsIn(Game.java:628)
	at app//forge.game.staticability.StaticAbilityAssignNoCombatDamage.assignNoCombatDamage(StaticAbilityAssignNoCombatDamage.java:10)
	at app//forge.game.card.Card.assignNoCombatDamage(Card.java:4581)
	at app//forge.game.card.Card.getNetCombatDamage(Card.java:4586)
	at app//forge.game.card.CardLists$$Lambda$394/0x000000e0012523c8.applyAsInt(Unknown Source)
	at java.base@17.0.17/java.util.Comparator.lambda$comparingInt$7b0bb60$1(Comparator.java:494)
	at java.base@17.0.17/java.util.Comparator$$Lambda$345/0x000000e0011759c0.compare(Unknown Source)
	at java.base@17.0.17/java.util.Arrays.mergeSort(Arrays.java:1339)
	at java.base@17.0.17/java.util.Arrays.mergeSort(Arrays.java:1350)
	at java.base@17.0.17/java.util.Arrays.mergeSort(Arrays.java:1351)
	at java.base@17.0.17/java.util.Arrays.legacyMergeSort(Arrays.java:1318)
	at java.base@17.0.17/java.util.Arrays.sort(Arrays.java:1305)
	at java.base@17.0.17/java.util.ArrayList.sort(ArrayList.java:1721)
	at app//forge.game.card.CardLists.sortByPowerAsc(CardLists.java:125)
	at app//forge.ai.AiBlockController.assignBlockers(AiBlockController.java:1080)
	at app//forge.ai.AiBlockController.assignBlockersGivenAttackers(AiBlockController.java:1041)
	at app//forge.ai.ComputerUtilCard.canBeBlockedProfitably(ComputerUtilCard.java:881)
	at app//forge.ai.AiAttackController$SpellAbilityFactors.calculate(AiAttackController.java:1445)
	at app//forge.ai.AiAttackController.shouldAttack(AiAttackController.java:1493)
	at app//forge.ai.AiAttackController.declareAttackers(AiAttackController.java:1300)
	at app//forge.ai.AiController.getPredictedCombat(AiController.java:145)
	at app//forge.ai.ComputerUtilCard.doesCreatureAttackAI(ComputerUtilCard.java:806)
	at app//forge.ai.ComputerUtilCard.shouldPumpCard(ComputerUtilCard.java:1557)
java.util.concurrent.TimeoutException
	at java.base/java.util.concurrent.FutureTask.get(FutureTask.java:204)
	at forge.ai.AiController.chooseSpellAbilityToPlayFromList(AiController.java:1696)
	at forge.ai.AiController.getSpellAbilityToPlay(AiController.java:1583)
	at forge.ai.AiController.chooseSpellAbilityToPlay(AiController.java:1403)
	at forge.ai.PlayerControllerAi.chooseSpellAbilityToPlay(PlayerControllerAi.java:832)
	at forge.game.phase.PhaseHandler.mainLoopStep(PhaseHandler.java:1056)
	at forge.game.phase.PhaseHandler.mainGameLoop(PhaseHandler.java:1035)
	at forge.game.phase.PhaseHandler.startFirstTurn(PhaseHandler.java:1029)
	at forge.game.GameAction.startGame(GameAction.java:2373)
	at forge.game.Match.startGame(Match.java:92)
	at forge.game.Match.startGame(Match.java:77)
	at forge.view.SimulateMatch.lambda$simulateSingleMatch$0(SimulateMatch.java:213)
	at forge.view.TimeLimitedCodeBlock.lambda$runWithTimeout$0(TimeLimitedCodeBlock.java:18)
	at java.base/java.util.concurrent.FutureTask.run(FutureTask.java:264)
	at java.base/java.util.concurrent.ThreadPoolExecutor.runWorker(ThreadPoolExecutor.java:1136)
	at java.base/java.util.concurrent.ThreadPoolExecutor$Worker.run(ThreadPoolExecutor.java:635)
	at java.base/java.lang.Thread.run(Thread.java:840)
AI eval thread at timeout:
	at app//forge.util.collect.FCollection.add(FCollection.java:274)
	at app//forge.util.collect.FCollection.addAll(FCollection.java:346)
	at app//forge.util.collect.FCollection.addAll(FCollection.java:325)
	at app//forge.game.player.PlayerCollection.getCardsIn(PlayerCollection.java:33)
	at app//forge.game.Game.getCardsIn(Game.java:610)
	at app//forge.game.Game.getCardsIn(Game.java:628)
	at app//forge.game.staticability.StaticAbilityCantAttackBlock.cantBlock(StaticAbilityCantAttackBlock.java:160)
	at app//forge.game.combat.CombatUtil.canBlock(CombatUtil.java:486)
	at app//forge.game.combat.CombatUtil.canBlock(CombatUtil.java:993)
	at app//forge.game.combat.CombatUtil.canBlock(CombatUtil.java:973)
	at app//forge.game.combat.CombatUtil.canBlock(CombatUtil.java:957)
	at app//forge.ai.AiBlockController.getPossibleBlockers(AiBlockController.java:87)
	at app//forge.ai.AiBlockController.makeGoodBlocks(AiBlockController.java:196)
	at app//forge.ai.AiBlockController.assignBlockers(AiBlockController.java:1083)
	at app//forge.ai.AiBlockController.assignBlockersForCombat(AiBlockController.java:1014)
	at app//forge.ai.ComputerUtil.predictNextCombatsRemainingLife(ComputerUtil.java:3214)
	at app//forge.ai.ComputerUtil.predictNextCombatsRemainingLife(ComputerUtil.java:3179)
	at app//forge.ai.AiAttackController.notNeededAsBlockers(AiAttackController.java:426)
	at app//forge.ai.AiAttackController.declareAttackers(AiAttackController.java:1279)
	at app//forge.ai.ComputerUtilCard.doesSpecifiedCreatureAttackAI(ComputerUtilCard.java:820)
	at app//forge.ai.ComputerUtilCard.shouldPumpCard(ComputerUtilCard.java:1557)
	at app//forge.ai.ComputerUtilCard.shouldPumpCard(ComputerUtilCard.java:1446)
	at app//forge.ai.ability.CountersPutAi.checkApiLogic(CountersPutAi.java:539)
	at app//forge.ai.SpellAbilityAi.canPlayWithoutRestrict(SpellAbilityAi.java:98)
	at app//forge.ai.SpellAbilityAi.canPlay(SpellAbilityAi.java:76)
	at app//forge.ai.SpellAbilityAi.canPlayWithSubs(SpellAbilityAi.java:55)
	at app//forge.ai.AiController.canPlaySa(AiController.java:909)
	at app//forge.ai.AiController.canPlayAndPayForFace(AiController.java:855)
	at app//forge.ai.AiController.canPlayAndPayFor(AiController.java:833)
	at app//forge.ai.AiController.lambda$chooseSpellAbilityToPlayFromList$9(AiController.java:1675)
java.util.concurrent.TimeoutException
	at java.base/java.util.concurrent.FutureTask.get(FutureTask.java:204)
	at forge.ai.AiController.chooseSpellAbilityToPlayFromList(AiController.java:1696)
	at forge.ai.AiController.getSpellAbilityToPlay(AiController.java:1583)
	at forge.ai.AiController.chooseSpellAbilityToPlay(AiController.java:1403)
	at forge.ai.PlayerControllerAi.chooseSpellAbilityToPlay(PlayerControllerAi.java:832)
	at forge.game.phase.PhaseHandler.mainLoopStep(PhaseHandler.java:1056)
	at forge.game.phase.PhaseHandler.mainGameLoop(PhaseHandler.java:1035)
	at forge.game.phase.PhaseHandler.startFirstTurn(PhaseHandler.java:1029)
	at forge.game.GameAction.startGame(GameAction.java:2373)
	at forge.game.Match.startGame(Match.java:92)
	at forge.game.Match.startGame(Match.java:77)
	at forge.view.SimulateMatch.lambda$simulateSingleMatch$0(SimulateMatch.java:213)
	at forge.view.TimeLimitedCodeBlock.lambda$runWithTimeout$0(TimeLimitedCodeBlock.java:18)
	at java.base/java.util.concurrent.FutureTask.run(FutureTask.java:264)
	at java.base/java.util.concurrent.ThreadPoolExecutor.runWorker(ThreadPoolExecutor.java:1136)
	at java.base/java.util.concurrent.ThreadPoolExecutor$Worker.run(ThreadPoolExecutor.java:635)
	at java.base/java.lang.Thread.run(Thread.java:840)
AI eval thread at timeout:
	at app//forge.game.card.CardState.getStaticAbilities(CardState.java:705)
	at app//forge.game.card.Card.getStaticAbilities(Card.java:6993)
	at app//forge.game.staticability.StaticAbilityAssignNoCombatDamage.assignNoCombatDamage(StaticAbilityAssignNoCombatDamage.java:13)
	at app//forge.game.card.Card.assignNoCombatDamage(Card.java:4581)
	at app//forge.game.card.Card.getNetCombatDamage(Card.java:4586)
	at app//forge.ai.AiAttackController.declareAttackers(AiAttackController.java:1106)
	at app//forge.ai.ComputerUtilCard.doesSpecifiedCreatureAttackAI(ComputerUtilCard.java:820)
	at app//forge.ai.ComputerUtilCard.shouldPumpCard(ComputerUtilCard.java:1557)
	at app//forge.ai.ComputerUtilCard.shouldPumpCard(ComputerUtilCard.java:1446)
	at app//forge.ai.ability.CountersPutAi.checkApiLogic(CountersPutAi.java:539)
	at app//forge.ai.SpellAbilityAi.canPlayWithoutRestrict(SpellAbilityAi.java:98)
	at app//forge.ai.SpellAbilityAi.canPlay(SpellAbilityAi.java:76)
	at app//forge.ai.SpellAbilityAi.canPlayWithSubs(SpellAbilityAi.java:55)
	at app//forge.ai.AiController.canPlaySa(AiController.java:909)
	at app//forge.ai.AiController.canPlayAndPayForFace(AiController.java:855)
	at app//forge.ai.AiController.canPlayAndPayFor(AiController.java:833)
	at app//forge.ai.AiController.lambda$chooseSpellAbilityToPlayFromList$9(AiController.java:1675)
	at app//forge.ai.AiController$$Lambda$482/0x000000e001284068.call(Unknown Source)
	at java.base@17.0.17/java.util.concurrent.FutureTask.run(FutureTask.java:264)
	at java.base@17.0.17/java.lang.Thread.run(Thread.java:840)
java.lang.InterruptedException
Stopping slow match as draw
	at java.base/java.util.concurrent.FutureTask.awaitDone(FutureTask.java:418)
	at java.base/java.util.concurrent.FutureTask.get(FutureTask.java:203)
	at forge.ai.AiController.chooseSpellAbilityToPlayFromList(AiController.java:1696)
	at forge.ai.AiController.getSpellAbilityToPlay(AiController.java:1583)
	at forge.ai.AiController.chooseSpellAbilityToPlay(AiController.java:1403)
	at forge.ai.PlayerControllerAi.chooseSpellAbilityToPlay(PlayerControllerAi.java:832)
	at forge.game.phase.PhaseHandler.mainLoopStep(PhaseHandler.java:1056)
	at forge.game.phase.PhaseHandler.mainGameLoop(PhaseHandler.java:1035)
	at forge.game.phase.PhaseHandler.startFirstTurn(PhaseHandler.java:1029)
	at forge.game.GameAction.startGame(GameAction.java:2373)
	at forge.game.Match.startGame(Match.java:92)
	at forge.game.Match.startGame(Match.java:77)
	at forge.view.SimulateMatch.lambda$simulateSingleMatch$0(SimulateMatch.java:213)
	at forge.view.TimeLimitedCodeBlock.lambda$runWithTimeout$0(TimeLimitedCodeBlock.java:18)
	at java.base/java.util.concurrent.FutureTask.run(FutureTask.java:264)
	at java.base/java.util.concurrent.ThreadPoolExecutor.runWorker(ThreadPoolExecutor.java:1136)
	at java.base/java.util.concurrent.ThreadPoolExecutor$Worker.run(ThreadPoolExecutor.java:635)
	at java.base/java.lang.Thread.run(Thread.java:840)
Game Outcome: Turn 12
Game Outcome: Ai(1)-Lathril v0.3.2 - Arena Mirror has won because all opponents have lost
Game Outcome: Ai(2)-Grist Competitive Brawl AetherHub 2026-09 has won because all opponents have lost
Match Result: Ai(1)-Lathril v0.3.2 - Arena Mirror: 4 Ai(2)-Grist Competitive Brawl AetherHub 2026-09: 8

Game Result: Game 12 ended in 120007 ms. Ai(2)-Grist Competitive Brawl AetherHub 2026-09 has won!

Game Outcome: Turn 8
Game Outcome: Ai(1)-Lathril v0.3.2 - Arena Mirror has lost because life total reached 0
Game Outcome: Ai(2)-Grist Competitive Brawl AetherHub 2026-09 has won because all opponents have lost
Match Result: Ai(1)-Lathril v0.3.2 - Arena Mirror: 4 Ai(2)-Grist Competitive Brawl AetherHub 2026-09: 9

Game Result: Game 13 ended in 11787 ms. Ai(2)-Grist Competitive Brawl AetherHub 2026-09 has won!

Game Outcome: Turn 7
Game Outcome: Ai(1)-Lathril v0.3.2 - Arena Mirror has won because all opponents have lost
Game Outcome: Ai(2)-Grist Competitive Brawl AetherHub 2026-09 has lost because life total reached 0
Match Result: Ai(1)-Lathril v0.3.2 - Arena Mirror: 5 Ai(2)-Grist Competitive Brawl AetherHub 2026-09: 9

Game Result: Game 14 ended in 3986 ms. Ai(1)-Lathril v0.3.2 - Arena Mirror has won!

Game Outcome: Turn 8
Game Outcome: Ai(1)-Lathril v0.3.2 - Arena Mirror has lost because life total reached 0
Game Outcome: Ai(2)-Grist Competitive Brawl AetherHub 2026-09 has won because all opponents have lost
Match Result: Ai(1)-Lathril v0.3.2 - Arena Mirror: 5 Ai(2)-Grist Competitive Brawl AetherHub 2026-09: 10

Game Result: Game 15 ended in 12477 ms. Ai(2)-Grist Competitive Brawl AetherHub 2026-09 has won!

[Ai(1)-Lathril v0.3.2 - Arena Mirror] AI failed to play Celestial Reunion (24) [Stack]
Game Outcome: Turn 9
Game Outcome: Ai(1)-Lathril v0.3.2 - Arena Mirror has lost because life total reached 0
Game Outcome: Ai(2)-Grist Competitive Brawl AetherHub 2026-09 has won because all opponents have lost
Match Result: Ai(1)-Lathril v0.3.2 - Arena Mirror: 5 Ai(2)-Grist Competitive Brawl AetherHub 2026-09: 11

Game Result: Game 16 ended in 12322 ms. Ai(2)-Grist Competitive Brawl AetherHub 2026-09 has won!

Game Outcome: Turn 9
Game Outcome: Ai(1)-Lathril v0.3.2 - Arena Mirror has won because all opponents have lost
Game Outcome: Ai(2)-Grist Competitive Brawl AetherHub 2026-09 has lost because life total reached 0
Match Result: Ai(1)-Lathril v0.3.2 - Arena Mirror: 6 Ai(2)-Grist Competitive Brawl AetherHub 2026-09: 11

Game Result: Game 17 ended in 13238 ms. Ai(1)-Lathril v0.3.2 - Arena Mirror has won!

Game Outcome: Turn 10
Game Outcome: Ai(1)-Lathril v0.3.2 - Arena Mirror has lost because life total reached 0
Game Outcome: Ai(2)-Grist Competitive Brawl AetherHub 2026-09 has won because all opponents have lost
Match Result: Ai(1)-Lathril v0.3.2 - Arena Mirror: 6 Ai(2)-Grist Competitive Brawl AetherHub 2026-09: 12

Game Result: Game 18 ended in 13951 ms. Ai(2)-Grist Competitive Brawl AetherHub 2026-09 has won!

[Ai(1)-Lathril v0.3.2 - Arena Mirror] AI failed to play Celestial Reunion (24) [Stack]
Game Outcome: Turn 9
Game Outcome: Ai(1)-Lathril v0.3.2 - Arena Mirror has lost because life total reached 0
Game Outcome: Ai(2)-Grist Competitive Brawl AetherHub 2026-09 has won because all opponents have lost
Match Result: Ai(1)-Lathril v0.3.2 - Arena Mirror: 6 Ai(2)-Grist Competitive Brawl AetherHub 2026-09: 13

Game Result: Game 19 ended in 3487 ms. Ai(2)-Grist Competitive Brawl AetherHub 2026-09 has won!

Default player choice logic.
Correcting zone for Wishclaw Talisman (94)
Default player choice logic.
Correcting zone for Wishclaw Talisman (94)
Default player choice logic.
Correcting zone for Wishclaw Talisman (94)
Game Outcome: Turn 8
Game Outcome: Ai(1)-Lathril v0.3.2 - Arena Mirror has lost because life total reached 0
Game Outcome: Ai(2)-Grist Competitive Brawl AetherHub 2026-09 has won because all opponents have lost
Match Result: Ai(1)-Lathril v0.3.2 - Arena Mirror: 6 Ai(2)-Grist Competitive Brawl AetherHub 2026-09: 14

Game Result: Game 20 ended in 2247 ms. Ai(2)-Grist Competitive Brawl AetherHub 2026-09 has won!

Default player choice logic.
Correcting zone for Wishclaw Talisman (94)
Default player choice logic.
Correcting zone for Wishclaw Talisman (94)
Default player choice logic.
Correcting zone for Wishclaw Talisman (94)
Game Outcome: Turn 9
Game Outcome: Ai(1)-Lathril v0.3.2 - Arena Mirror has lost because life total reached 0
Game Outcome: Ai(2)-Grist Competitive Brawl AetherHub 2026-09 has won because all opponents have lost
Match Result: Ai(1)-Lathril v0.3.2 - Arena Mirror: 6 Ai(2)-Grist Competitive Brawl AetherHub 2026-09: 15

Game Result: Game 21 ended in 14095 ms. Ai(2)-Grist Competitive Brawl AetherHub 2026-09 has won!

Game Outcome: Turn 10
Game Outcome: Ai(1)-Lathril v0.3.2 - Arena Mirror has lost because life total reached 0
Game Outcome: Ai(2)-Grist Competitive Brawl AetherHub 2026-09 has won because all opponents have lost
Match Result: Ai(1)-Lathril v0.3.2 - Arena Mirror: 6 Ai(2)-Grist Competitive Brawl AetherHub 2026-09: 16

Game Result: Game 22 ended in 21209 ms. Ai(2)-Grist Competitive Brawl AetherHub 2026-09 has won!

Game Outcome: Turn 11
Game Outcome: Ai(1)-Lathril v0.3.2 - Arena Mirror has won because all opponents have lost
Game Outcome: Ai(2)-Grist Competitive Brawl AetherHub 2026-09 has lost because life total reached 0
Match Result: Ai(1)-Lathril v0.3.2 - Arena Mirror: 7 Ai(2)-Grist Competitive Brawl AetherHub 2026-09: 16

Game Result: Game 23 ended in 5170 ms. Ai(1)-Lathril v0.3.2 - Arena Mirror has won!

Game Outcome: Turn 8
Game Outcome: Ai(1)-Lathril v0.3.2 - Arena Mirror has lost because life total reached 0
Game Outcome: Ai(2)-Grist Competitive Brawl AetherHub 2026-09 has won because all opponents have lost
Match Result: Ai(1)-Lathril v0.3.2 - Arena Mirror: 7 Ai(2)-Grist Competitive Brawl AetherHub 2026-09: 17

Game Result: Game 24 ended in 4371 ms. Ai(2)-Grist Competitive Brawl AetherHub 2026-09 has won!

Game Outcome: Turn 10
Game Outcome: Ai(1)-Lathril v0.3.2 - Arena Mirror has lost because life total reached 0
Game Outcome: Ai(2)-Grist Competitive Brawl AetherHub 2026-09 has won because all opponents have lost
Match Result: Ai(1)-Lathril v0.3.2 - Arena Mirror: 7 Ai(2)-Grist Competitive Brawl AetherHub 2026-09: 18

Game Result: Game 25 ended in 3907 ms. Ai(2)-Grist Competitive Brawl AetherHub 2026-09 has won!

Game Outcome: Turn 7
Game Outcome: Ai(1)-Lathril v0.3.2 - Arena Mirror has lost because life total reached 0
Game Outcome: Ai(2)-Grist Competitive Brawl AetherHub 2026-09 has won because all opponents have lost
Match Result: Ai(1)-Lathril v0.3.2 - Arena Mirror: 7 Ai(2)-Grist Competitive Brawl AetherHub 2026-09: 19

Game Result: Game 26 ended in 1541 ms. Ai(2)-Grist Competitive Brawl AetherHub 2026-09 has won!

[Ai(1)-Lathril v0.3.2 - Arena Mirror] AI failed to play Celestial Reunion (24) [Stack]
Game Outcome: Turn 8
Game Outcome: Ai(1)-Lathril v0.3.2 - Arena Mirror has lost because life total reached 0
Game Outcome: Ai(2)-Grist Competitive Brawl AetherHub 2026-09 has won because all opponents have lost
Match Result: Ai(1)-Lathril v0.3.2 - Arena Mirror: 7 Ai(2)-Grist Competitive Brawl AetherHub 2026-09: 20

Game Result: Game 27 ended in 2154 ms. Ai(2)-Grist Competitive Brawl AetherHub 2026-09 has won!

Default player choice logic.
Correcting zone for Wishclaw Talisman (94)
Default player choice logic.
Correcting zone for Wishclaw Talisman (94)
Default player choice logic.
Correcting zone for Wishclaw Talisman (94)
Game Outcome: Turn 11
Game Outcome: Ai(1)-Lathril v0.3.2 - Arena Mirror has won because all opponents have lost
Game Outcome: Ai(2)-Grist Competitive Brawl AetherHub 2026-09 has lost because life total reached 0
Match Result: Ai(1)-Lathril v0.3.2 - Arena Mirror: 8 Ai(2)-Grist Competitive Brawl AetherHub 2026-09: 20

Game Result: Game 28 ended in 2827 ms. Ai(1)-Lathril v0.3.2 - Arena Mirror has won!

Game Outcome: Turn 9
Game Outcome: Ai(1)-Lathril v0.3.2 - Arena Mirror has won because all opponents have lost
Game Outcome: Ai(2)-Grist Competitive Brawl AetherHub 2026-09 has lost because life total reached 0
Match Result: Ai(1)-Lathril v0.3.2 - Arena Mirror: 9 Ai(2)-Grist Competitive Brawl AetherHub 2026-09: 20

Game Result: Game 29 ended in 3270 ms. Ai(1)-Lathril v0.3.2 - Arena Mirror has won!

[Ai(1)-Lathril v0.3.2 - Arena Mirror] AI failed to play Celestial Reunion (24) [Stack]
Game Outcome: Turn 8
Game Outcome: Ai(1)-Lathril v0.3.2 - Arena Mirror has lost because life total reached 0
Game Outcome: Ai(2)-Grist Competitive Brawl AetherHub 2026-09 has won because all opponents have lost
Match Result: Ai(1)-Lathril v0.3.2 - Arena Mirror: 9 Ai(2)-Grist Competitive Brawl AetherHub 2026-09: 21

Game Result: Game 30 ended in 4736 ms. Ai(2)-Grist Competitive Brawl AetherHub 2026-09 has won!

Game Outcome: Turn 11
Game Outcome: Ai(1)-Lathril v0.3.2 - Arena Mirror has won because all opponents have lost
Game Outcome: Ai(2)-Grist Competitive Brawl AetherHub 2026-09 has lost because life total reached 0
Match Result: Ai(1)-Lathril v0.3.2 - Arena Mirror: 10 Ai(2)-Grist Competitive Brawl AetherHub 2026-09: 21

Game Result: Game 31 ended in 8789 ms. Ai(1)-Lathril v0.3.2 - Arena Mirror has won!

Game Outcome: Turn 7
Game Outcome: Ai(1)-Lathril v0.3.2 - Arena Mirror has won because all opponents have lost
Game Outcome: Ai(2)-Grist Competitive Brawl AetherHub 2026-09 has lost because life total reached 0
Match Result: Ai(1)-Lathril v0.3.2 - Arena Mirror: 11 Ai(2)-Grist Competitive Brawl AetherHub 2026-09: 21

Game Result: Game 32 ended in 2690 ms. Ai(1)-Lathril v0.3.2 - Arena Mirror has won!

Default player choice logic.
Correcting zone for Wishclaw Talisman (94)
Game Outcome: Turn 8
Game Outcome: Ai(1)-Lathril v0.3.2 - Arena Mirror has lost because life total reached 0
Game Outcome: Ai(2)-Grist Competitive Brawl AetherHub 2026-09 has won because all opponents have lost
Match Result: Ai(1)-Lathril v0.3.2 - Arena Mirror: 11 Ai(2)-Grist Competitive Brawl AetherHub 2026-09: 22

Game Result: Game 33 ended in 4393 ms. Ai(2)-Grist Competitive Brawl AetherHub 2026-09 has won!

Game Outcome: Turn 8
Game Outcome: Ai(1)-Lathril v0.3.2 - Arena Mirror has lost because life total reached 0
Game Outcome: Ai(2)-Grist Competitive Brawl AetherHub 2026-09 has won because all opponents have lost
Match Result: Ai(1)-Lathril v0.3.2 - Arena Mirror: 11 Ai(2)-Grist Competitive Brawl AetherHub 2026-09: 23

Game Result: Game 34 ended in 3241 ms. Ai(2)-Grist Competitive Brawl AetherHub 2026-09 has won!

[Ai(1)-Lathril v0.3.2 - Arena Mirror] AI failed to play Celestial Reunion (24) [Stack]
Default player choice logic.
Correcting zone for Wishclaw Talisman (94)
Default player choice logic.
Correcting zone for Wishclaw Talisman (94)
Game Outcome: Turn 11
Game Outcome: Ai(1)-Lathril v0.3.2 - Arena Mirror has lost because life total reached 0
Game Outcome: Ai(2)-Grist Competitive Brawl AetherHub 2026-09 has won because all opponents have lost
Match Result: Ai(1)-Lathril v0.3.2 - Arena Mirror: 11 Ai(2)-Grist Competitive Brawl AetherHub 2026-09: 24

Game Result: Game 35 ended in 6879 ms. Ai(2)-Grist Competitive Brawl AetherHub 2026-09 has won!

Game Outcome: Turn 9
Game Outcome: Ai(1)-Lathril v0.3.2 - Arena Mirror has lost because life total reached 0
Game Outcome: Ai(2)-Grist Competitive Brawl AetherHub 2026-09 has won because all opponents have lost
Match Result: Ai(1)-Lathril v0.3.2 - Arena Mirror: 11 Ai(2)-Grist Competitive Brawl AetherHub 2026-09: 25

Game Result: Game 36 ended in 4207 ms. Ai(2)-Grist Competitive Brawl AetherHub 2026-09 has won!

Game Outcome: Turn 8
Game Outcome: Ai(1)-Lathril v0.3.2 - Arena Mirror has won because all opponents have lost
Game Outcome: Ai(2)-Grist Competitive Brawl AetherHub 2026-09 has lost because life total reached 0
Match Result: Ai(1)-Lathril v0.3.2 - Arena Mirror: 12 Ai(2)-Grist Competitive Brawl AetherHub 2026-09: 25

Game Result: Game 37 ended in 2118 ms. Ai(1)-Lathril v0.3.2 - Arena Mirror has won!

Game Outcome: Turn 9
Game Outcome: Ai(1)-Lathril v0.3.2 - Arena Mirror has lost because life total reached 0
Game Outcome: Ai(2)-Grist Competitive Brawl AetherHub 2026-09 has won because all opponents have lost
Match Result: Ai(1)-Lathril v0.3.2 - Arena Mirror: 12 Ai(2)-Grist Competitive Brawl AetherHub 2026-09: 26

Game Result: Game 38 ended in 2217 ms. Ai(2)-Grist Competitive Brawl AetherHub 2026-09 has won!

Default player choice logic.
Correcting zone for Wishclaw Talisman (94)
Default player choice logic.
Correcting zone for Wishclaw Talisman (94)
Default player choice logic.
Correcting zone for Wishclaw Talisman (94)
Game Outcome: Turn 15
Game Outcome: Ai(1)-Lathril v0.3.2 - Arena Mirror has lost because life total reached 0
Game Outcome: Ai(2)-Grist Competitive Brawl AetherHub 2026-09 has won because all opponents have lost
Match Result: Ai(1)-Lathril v0.3.2 - Arena Mirror: 12 Ai(2)-Grist Competitive Brawl AetherHub 2026-09: 27

Game Result: Game 39 ended in 7084 ms. Ai(2)-Grist Competitive Brawl AetherHub 2026-09 has won!

Game Outcome: Turn 8
Game Outcome: Ai(1)-Lathril v0.3.2 - Arena Mirror has won because all opponents have lost
Game Outcome: Ai(2)-Grist Competitive Brawl AetherHub 2026-09 has lost because life total reached 0
Match Result: Ai(1)-Lathril v0.3.2 - Arena Mirror: 13 Ai(2)-Grist Competitive Brawl AetherHub 2026-09: 27

Game Result: Game 40 ended in 1282 ms. Ai(1)-Lathril v0.3.2 - Arena Mirror has won!

Game Outcome: Turn 7
Game Outcome: Ai(1)-Lathril v0.3.2 - Arena Mirror has won because all opponents have lost
Game Outcome: Ai(2)-Grist Competitive Brawl AetherHub 2026-09 has lost because life total reached 0
Match Result: Ai(1)-Lathril v0.3.2 - Arena Mirror: 14 Ai(2)-Grist Competitive Brawl AetherHub 2026-09: 27

Game Result: Game 41 ended in 1541 ms. Ai(1)-Lathril v0.3.2 - Arena Mirror has won!

Game Outcome: Turn 10
Game Outcome: Ai(1)-Lathril v0.3.2 - Arena Mirror has lost because life total reached 0
Game Outcome: Ai(2)-Grist Competitive Brawl AetherHub 2026-09 has won because all opponents have lost
Match Result: Ai(1)-Lathril v0.3.2 - Arena Mirror: 14 Ai(2)-Grist Competitive Brawl AetherHub 2026-09: 28

Game Result: Game 42 ended in 2954 ms. Ai(2)-Grist Competitive Brawl AetherHub 2026-09 has won!

Game Outcome: Turn 7
Game Outcome: Ai(1)-Lathril v0.3.2 - Arena Mirror has lost because life total reached 0
Game Outcome: Ai(2)-Grist Competitive Brawl AetherHub 2026-09 has won because all opponents have lost
Match Result: Ai(1)-Lathril v0.3.2 - Arena Mirror: 14 Ai(2)-Grist Competitive Brawl AetherHub 2026-09: 29

Game Result: Game 43 ended in 1742 ms. Ai(2)-Grist Competitive Brawl AetherHub 2026-09 has won!

Game Outcome: Turn 11
Game Outcome: Ai(1)-Lathril v0.3.2 - Arena Mirror has lost because life total reached 0
Game Outcome: Ai(2)-Grist Competitive Brawl AetherHub 2026-09 has won because all opponents have lost
Match Result: Ai(1)-Lathril v0.3.2 - Arena Mirror: 14 Ai(2)-Grist Competitive Brawl AetherHub 2026-09: 30

Game Result: Game 44 ended in 6941 ms. Ai(2)-Grist Competitive Brawl AetherHub 2026-09 has won!

Game Outcome: Turn 7
Game Outcome: Ai(1)-Lathril v0.3.2 - Arena Mirror has won because all opponents have lost
Game Outcome: Ai(2)-Grist Competitive Brawl AetherHub 2026-09 has lost because life total reached 0
Match Result: Ai(1)-Lathril v0.3.2 - Arena Mirror: 15 Ai(2)-Grist Competitive Brawl AetherHub 2026-09: 30

Game Result: Game 45 ended in 1204 ms. Ai(1)-Lathril v0.3.2 - Arena Mirror has won!

Game Outcome: Turn 8
Game Outcome: Ai(1)-Lathril v0.3.2 - Arena Mirror has won because all opponents have lost
Game Outcome: Ai(2)-Grist Competitive Brawl AetherHub 2026-09 has lost because life total reached 0
Match Result: Ai(1)-Lathril v0.3.2 - Arena Mirror: 16 Ai(2)-Grist Competitive Brawl AetherHub 2026-09: 30

Game Result: Game 46 ended in 1430 ms. Ai(1)-Lathril v0.3.2 - Arena Mirror has won!

Default player choice logic.
Correcting zone for Wishclaw Talisman (94)
Default player choice logic.
Correcting zone for Wishclaw Talisman (94)
Default player choice logic.
Correcting zone for Wishclaw Talisman (94)
Game Outcome: Turn 12
Game Outcome: Ai(1)-Lathril v0.3.2 - Arena Mirror has won because all opponents have lost
Game Outcome: Ai(2)-Grist Competitive Brawl AetherHub 2026-09 has lost because life total reached 0
Match Result: Ai(1)-Lathril v0.3.2 - Arena Mirror: 17 Ai(2)-Grist Competitive Brawl AetherHub 2026-09: 30

Game Result: Game 47 ended in 20323 ms. Ai(1)-Lathril v0.3.2 - Arena Mirror has won!

Game Outcome: Turn 8
Game Outcome: Ai(1)-Lathril v0.3.2 - Arena Mirror has lost because life total reached 0
Game Outcome: Ai(2)-Grist Competitive Brawl AetherHub 2026-09 has won because all opponents have lost
Match Result: Ai(1)-Lathril v0.3.2 - Arena Mirror: 17 Ai(2)-Grist Competitive Brawl AetherHub 2026-09: 31

Game Result: Game 48 ended in 15583 ms. Ai(2)-Grist Competitive Brawl AetherHub 2026-09 has won!

Game Outcome: Turn 10
Game Outcome: Ai(1)-Lathril v0.3.2 - Arena Mirror has lost because life total reached 0
Game Outcome: Ai(2)-Grist Competitive Brawl AetherHub 2026-09 has won because all opponents have lost
Match Result: Ai(1)-Lathril v0.3.2 - Arena Mirror: 17 Ai(2)-Grist Competitive Brawl AetherHub 2026-09: 32

Game Result: Game 49 ended in 14353 ms. Ai(2)-Grist Competitive Brawl AetherHub 2026-09 has won!

Game Outcome: Turn 8
Game Outcome: Ai(1)-Lathril v0.3.2 - Arena Mirror has lost because life total reached 0
Game Outcome: Ai(2)-Grist Competitive Brawl AetherHub 2026-09 has won because all opponents have lost
Match Result: Ai(1)-Lathril v0.3.2 - Arena Mirror: 17 Ai(2)-Grist Competitive Brawl AetherHub 2026-09: 33

Game Result: Game 50 ended in 6397 ms. Ai(2)-Grist Competitive Brawl AetherHub 2026-09 has won!
