Error handling registered!
16:52:46 [INFO ] GuiBase: ##########################################
16:52:46 [INFO ] GuiBase: APP: Forge v.2.0.14-SNAPSHOT-08.08
16:52:46 [INFO ] GuiBase: Java: 17.0.17 (Homebrew)
16:52:46 [INFO ] GuiBase: OS: Mac OS X 15.5 aarch64
16:52:46 [INFO ] GuiBase: RAM: 4096 MB max, 8 CPUs
16:52:46 [INFO ] GuiBase: ##########################################
Language 'en-US' loaded successfully.
(ThreadUtil first call): Running with priority 5
Read cards: 33617 archived files in 1 ms (25 parts) using thread pool
Upcoming set Star Trek (TRK) dated in the future. All `upcoming` cards will be added to this set with unknown rarity.
The card A-Alrund's Epiphany was not assigned to any set. Adding it to UNKNOWN set... to fix see res/editions/ folder.
The card A-Baba Lysaga, Night Witch was not assigned to any set. Adding it to UNKNOWN set... to fix see res/editions/ folder.
The card A-Divide by Zero was not assigned to any set. Adding it to UNKNOWN set... to fix see res/editions/ folder.
The card A-Esika's Chariot was not assigned to any set. Adding it to UNKNOWN set... to fix see res/editions/ folder.
The card A-Faceless Haven was not assigned to any set. Adding it to UNKNOWN set... to fix see res/editions/ folder.
The card A-Fires of Invention was not assigned to any set. Adding it to UNKNOWN set... to fix see res/editions/ folder.
The card A-Goldspan Dragon was not assigned to any set. Adding it to UNKNOWN set... to fix see res/editions/ folder.
The card A-Hullbreaker Horror was not assigned to any set. Adding it to UNKNOWN set... to fix see res/editions/ folder.
The card A-Kumano Faces Kakkazan was not assigned to any set. Adding it to UNKNOWN set... to fix see res/editions/ folder.
The card A-Luminarch Aspirant was not assigned to any set. Adding it to UNKNOWN set... to fix see res/editions/ folder.
The card A-Monster Manual was not assigned to any set. Adding it to UNKNOWN set... to fix see res/editions/ folder.
The card A-Omnath, Locus of Creation was not assigned to any set. Adding it to UNKNOWN set... to fix see res/editions/ folder.
The card A-The Meathook Massacre was not assigned to any set. Adding it to UNKNOWN set... to fix see res/editions/ folder.
The card A-Unholy Heat was not assigned to any set. Adding it to UNKNOWN set... to fix see res/editions/ folder.
The card Blinding Radiance was not assigned to any set. Adding it to UNKNOWN set... to fix see res/editions/ folder.
The card Goblin Bruiser was not assigned to any set. Adding it to UNKNOWN set... to fix see res/editions/ folder.
The card Ogre Painbringer was not assigned to any set. Adding it to UNKNOWN set... to fix see res/editions/ folder.
The card Titanic Pelagosaur was not assigned to any set. Adding it to UNKNOWN set... to fix see res/editions/ folder.
The card Treetop Recluse was not assigned to any set. Adding it to UNKNOWN set... to fix see res/editions/ folder.
Upcoming set Star Trek (TRK) dated in the future. All `upcoming` cards will be added to this set with unknown rarity.
Read cards: 836 files in 0 ms (8 parts) using thread pool
Simulation mode
Ai(1)-Lathril v0.3.2 - Arena Mirror vs Ai(2)-Rofellos, Llanowar Emissary Competitive Brawl BrawlREC 2026-07 - fifty  games of Brawl seed 32012
Game Outcome: Turn 9
Game Outcome: Ai(1)-Lathril v0.3.2 - Arena Mirror has lost because life total reached 0
Game Outcome: Ai(2)-Rofellos, Llanowar Emissary Competitive Brawl BrawlREC 2026-07 has won because all opponents have lost
Match Result: Ai(1)-Lathril v0.3.2 - Arena Mirror: 0 Ai(2)-Rofellos, Llanowar Emissary Competitive Brawl BrawlREC 2026-07: 1

Game Result: Game 1 ended in 9027 ms. Ai(2)-Rofellos, Llanowar Emissary Competitive Brawl BrawlREC 2026-07 has won!

Game Outcome: Turn 6
Game Outcome: Ai(1)-Lathril v0.3.2 - Arena Mirror has lost because life total reached 0
Game Outcome: Ai(2)-Rofellos, Llanowar Emissary Competitive Brawl BrawlREC 2026-07 has won because all opponents have lost
Match Result: Ai(1)-Lathril v0.3.2 - Arena Mirror: 0 Ai(2)-Rofellos, Llanowar Emissary Competitive Brawl BrawlREC 2026-07: 2

Game Result: Game 2 ended in 4374 ms. Ai(2)-Rofellos, Llanowar Emissary Competitive Brawl BrawlREC 2026-07 has won!

[Ai(1)-Lathril v0.3.2 - Arena Mirror] AI failed to play Celestial Reunion (24) [Stack]
Game Outcome: Turn 8
Game Outcome: Ai(1)-Lathril v0.3.2 - Arena Mirror has won because all opponents have lost
Game Outcome: Ai(2)-Rofellos, Llanowar Emissary Competitive Brawl BrawlREC 2026-07 has lost because life total reached 0
Match Result: Ai(1)-Lathril v0.3.2 - Arena Mirror: 1 Ai(2)-Rofellos, Llanowar Emissary Competitive Brawl BrawlREC 2026-07: 2

Game Result: Game 3 ended in 5073 ms. Ai(1)-Lathril v0.3.2 - Arena Mirror has won!

Default player choice logic.
Correcting zone for Wishclaw Talisman (94)
Default player choice logic.
Correcting zone for Wishclaw Talisman (94)
Game Outcome: Turn 8
Game Outcome: Ai(1)-Lathril v0.3.2 - Arena Mirror has lost because life total reached 0
Game Outcome: Ai(2)-Rofellos, Llanowar Emissary Competitive Brawl BrawlREC 2026-07 has won because all opponents have lost
Match Result: Ai(1)-Lathril v0.3.2 - Arena Mirror: 1 Ai(2)-Rofellos, Llanowar Emissary Competitive Brawl BrawlREC 2026-07: 3

Game Result: Game 4 ended in 5717 ms. Ai(2)-Rofellos, Llanowar Emissary Competitive Brawl BrawlREC 2026-07 has won!

Moving spell to Library
Game Outcome: Turn 6
Game Outcome: Ai(1)-Lathril v0.3.2 - Arena Mirror has lost because life total reached 0
Game Outcome: Ai(2)-Rofellos, Llanowar Emissary Competitive Brawl BrawlREC 2026-07 has won because all opponents have lost
Match Result: Ai(1)-Lathril v0.3.2 - Arena Mirror: 1 Ai(2)-Rofellos, Llanowar Emissary Competitive Brawl BrawlREC 2026-07: 4

Game Result: Game 5 ended in 3703 ms. Ai(2)-Rofellos, Llanowar Emissary Competitive Brawl BrawlREC 2026-07 has won!

Game Outcome: Turn 6
Game Outcome: Ai(1)-Lathril v0.3.2 - Arena Mirror has won because all opponents have lost
Game Outcome: Ai(2)-Rofellos, Llanowar Emissary Competitive Brawl BrawlREC 2026-07 has lost because life total reached 0
Match Result: Ai(1)-Lathril v0.3.2 - Arena Mirror: 2 Ai(2)-Rofellos, Llanowar Emissary Competitive Brawl BrawlREC 2026-07: 4

Game Result: Game 6 ended in 3614 ms. Ai(1)-Lathril v0.3.2 - Arena Mirror has won!

Game Outcome: Turn 12
Game Outcome: Ai(1)-Lathril v0.3.2 - Arena Mirror has lost because life total reached 0
Game Outcome: Ai(2)-Rofellos, Llanowar Emissary Competitive Brawl BrawlREC 2026-07 has won because all opponents have lost
Match Result: Ai(1)-Lathril v0.3.2 - Arena Mirror: 2 Ai(2)-Rofellos, Llanowar Emissary Competitive Brawl BrawlREC 2026-07: 5

Game Result: Game 7 ended in 17793 ms. Ai(2)-Rofellos, Llanowar Emissary Competitive Brawl BrawlREC 2026-07 has won!

Game Outcome: Turn 7
Game Outcome: Ai(1)-Lathril v0.3.2 - Arena Mirror has lost because life total reached 0
Game Outcome: Ai(2)-Rofellos, Llanowar Emissary Competitive Brawl BrawlREC 2026-07 has won because all opponents have lost
Match Result: Ai(1)-Lathril v0.3.2 - Arena Mirror: 2 Ai(2)-Rofellos, Llanowar Emissary Competitive Brawl BrawlREC 2026-07: 6

Game Result: Game 8 ended in 2242 ms. Ai(2)-Rofellos, Llanowar Emissary Competitive Brawl BrawlREC 2026-07 has won!

Game Outcome: Turn 6
Game Outcome: Ai(1)-Lathril v0.3.2 - Arena Mirror has won because all opponents have lost
Game Outcome: Ai(2)-Rofellos, Llanowar Emissary Competitive Brawl BrawlREC 2026-07 has lost because life total reached 0
Match Result: Ai(1)-Lathril v0.3.2 - Arena Mirror: 3 Ai(2)-Rofellos, Llanowar Emissary Competitive Brawl BrawlREC 2026-07: 6

Game Result: Game 9 ended in 1729 ms. Ai(1)-Lathril v0.3.2 - Arena Mirror has won!

Default player choice logic.
Correcting zone for Wishclaw Talisman (94)
Game Outcome: Turn 7
Game Outcome: Ai(1)-Lathril v0.3.2 - Arena Mirror has lost because life total reached 0
Game Outcome: Ai(2)-Rofellos, Llanowar Emissary Competitive Brawl BrawlREC 2026-07 has won because all opponents have lost
Match Result: Ai(1)-Lathril v0.3.2 - Arena Mirror: 3 Ai(2)-Rofellos, Llanowar Emissary Competitive Brawl BrawlREC 2026-07: 7

Game Result: Game 10 ended in 3388 ms. Ai(2)-Rofellos, Llanowar Emissary Competitive Brawl BrawlREC 2026-07 has won!

Game Outcome: Turn 9
Game Outcome: Ai(1)-Lathril v0.3.2 - Arena Mirror has lost because life total reached 0
Game Outcome: Ai(2)-Rofellos, Llanowar Emissary Competitive Brawl BrawlREC 2026-07 has won because all opponents have lost
Match Result: Ai(1)-Lathril v0.3.2 - Arena Mirror: 3 Ai(2)-Rofellos, Llanowar Emissary Competitive Brawl BrawlREC 2026-07: 8

Game Result: Game 11 ended in 9136 ms. Ai(2)-Rofellos, Llanowar Emissary Competitive Brawl BrawlREC 2026-07 has won!

[Ai(1)-Lathril v0.3.2 - Arena Mirror] AI failed to play Celestial Reunion (24) [Stack]
Game Outcome: Turn 7
Game Outcome: Ai(1)-Lathril v0.3.2 - Arena Mirror has lost because life total reached 0
Game Outcome: Ai(2)-Rofellos, Llanowar Emissary Competitive Brawl BrawlREC 2026-07 has won because all opponents have lost
Match Result: Ai(1)-Lathril v0.3.2 - Arena Mirror: 3 Ai(2)-Rofellos, Llanowar Emissary Competitive Brawl BrawlREC 2026-07: 9

Game Result: Game 12 ended in 7243 ms. Ai(2)-Rofellos, Llanowar Emissary Competitive Brawl BrawlREC 2026-07 has won!

Game Outcome: Turn 7
Game Outcome: Ai(1)-Lathril v0.3.2 - Arena Mirror has lost because life total reached 0
Game Outcome: Ai(2)-Rofellos, Llanowar Emissary Competitive Brawl BrawlREC 2026-07 has won because all opponents have lost
Match Result: Ai(1)-Lathril v0.3.2 - Arena Mirror: 3 Ai(2)-Rofellos, Llanowar Emissary Competitive Brawl BrawlREC 2026-07: 10

Game Result: Game 13 ended in 3758 ms. Ai(2)-Rofellos, Llanowar Emissary Competitive Brawl BrawlREC 2026-07 has won!

Game Outcome: Turn 8
Game Outcome: Ai(1)-Lathril v0.3.2 - Arena Mirror has lost because life total reached 0
Game Outcome: Ai(2)-Rofellos, Llanowar Emissary Competitive Brawl BrawlREC 2026-07 has won because all opponents have lost
Match Result: Ai(1)-Lathril v0.3.2 - Arena Mirror: 3 Ai(2)-Rofellos, Llanowar Emissary Competitive Brawl BrawlREC 2026-07: 11

Game Result: Game 14 ended in 6182 ms. Ai(2)-Rofellos, Llanowar Emissary Competitive Brawl BrawlREC 2026-07 has won!

Game Outcome: Turn 9
Game Outcome: Ai(1)-Lathril v0.3.2 - Arena Mirror has won because all opponents have lost
Game Outcome: Ai(2)-Rofellos, Llanowar Emissary Competitive Brawl BrawlREC 2026-07 has lost because life total reached 0
Match Result: Ai(1)-Lathril v0.3.2 - Arena Mirror: 4 Ai(2)-Rofellos, Llanowar Emissary Competitive Brawl BrawlREC 2026-07: 11

Game Result: Game 15 ended in 2801 ms. Ai(1)-Lathril v0.3.2 - Arena Mirror has won!

Game Outcome: Turn 9
Game Outcome: Ai(1)-Lathril v0.3.2 - Arena Mirror has lost because life total reached 0
Game Outcome: Ai(2)-Rofellos, Llanowar Emissary Competitive Brawl BrawlREC 2026-07 has won because all opponents have lost
Match Result: Ai(1)-Lathril v0.3.2 - Arena Mirror: 4 Ai(2)-Rofellos, Llanowar Emissary Competitive Brawl BrawlREC 2026-07: 12

Game Result: Game 16 ended in 5016 ms. Ai(2)-Rofellos, Llanowar Emissary Competitive Brawl BrawlREC 2026-07 has won!

Game Outcome: Turn 5
Game Outcome: Ai(1)-Lathril v0.3.2 - Arena Mirror has lost because life total reached 0
Game Outcome: Ai(2)-Rofellos, Llanowar Emissary Competitive Brawl BrawlREC 2026-07 has won because all opponents have lost
Match Result: Ai(1)-Lathril v0.3.2 - Arena Mirror: 4 Ai(2)-Rofellos, Llanowar Emissary Competitive Brawl BrawlREC 2026-07: 13

Game Result: Game 17 ended in 4856 ms. Ai(2)-Rofellos, Llanowar Emissary Competitive Brawl BrawlREC 2026-07 has won!

Default player choice logic.
Correcting zone for Wishclaw Talisman (94)
Game Outcome: Turn 6
Game Outcome: Ai(1)-Lathril v0.3.2 - Arena Mirror has lost because life total reached 0
Game Outcome: Ai(2)-Rofellos, Llanowar Emissary Competitive Brawl BrawlREC 2026-07 has won because all opponents have lost
Match Result: Ai(1)-Lathril v0.3.2 - Arena Mirror: 4 Ai(2)-Rofellos, Llanowar Emissary Competitive Brawl BrawlREC 2026-07: 14

Game Result: Game 18 ended in 3169 ms. Ai(2)-Rofellos, Llanowar Emissary Competitive Brawl BrawlREC 2026-07 has won!

Game Outcome: Turn 7
Game Outcome: Ai(1)-Lathril v0.3.2 - Arena Mirror has lost because life total reached 0
Game Outcome: Ai(2)-Rofellos, Llanowar Emissary Competitive Brawl BrawlREC 2026-07 has won because all opponents have lost
Match Result: Ai(1)-Lathril v0.3.2 - Arena Mirror: 4 Ai(2)-Rofellos, Llanowar Emissary Competitive Brawl BrawlREC 2026-07: 15

Game Result: Game 19 ended in 4824 ms. Ai(2)-Rofellos, Llanowar Emissary Competitive Brawl BrawlREC 2026-07 has won!

Game Outcome: Turn 6
Game Outcome: Ai(1)-Lathril v0.3.2 - Arena Mirror has lost because life total reached 0
Game Outcome: Ai(2)-Rofellos, Llanowar Emissary Competitive Brawl BrawlREC 2026-07 has won because all opponents have lost
Match Result: Ai(1)-Lathril v0.3.2 - Arena Mirror: 4 Ai(2)-Rofellos, Llanowar Emissary Competitive Brawl BrawlREC 2026-07: 16

Game Result: Game 20 ended in 11265 ms. Ai(2)-Rofellos, Llanowar Emissary Competitive Brawl BrawlREC 2026-07 has won!

Game Outcome: Turn 6
Game Outcome: Ai(1)-Lathril v0.3.2 - Arena Mirror has won because all opponents have lost
Game Outcome: Ai(2)-Rofellos, Llanowar Emissary Competitive Brawl BrawlREC 2026-07 has lost because life total reached 0
Match Result: Ai(1)-Lathril v0.3.2 - Arena Mirror: 5 Ai(2)-Rofellos, Llanowar Emissary Competitive Brawl BrawlREC 2026-07: 16

Game Result: Game 21 ended in 2763 ms. Ai(1)-Lathril v0.3.2 - Arena Mirror has won!

Game Outcome: Turn 7
Game Outcome: Ai(1)-Lathril v0.3.2 - Arena Mirror has lost because life total reached 0
Game Outcome: Ai(2)-Rofellos, Llanowar Emissary Competitive Brawl BrawlREC 2026-07 has won because all opponents have lost
Match Result: Ai(1)-Lathril v0.3.2 - Arena Mirror: 5 Ai(2)-Rofellos, Llanowar Emissary Competitive Brawl BrawlREC 2026-07: 17

Game Result: Game 22 ended in 5110 ms. Ai(2)-Rofellos, Llanowar Emissary Competitive Brawl BrawlREC 2026-07 has won!

Game Outcome: Turn 6
Game Outcome: Ai(1)-Lathril v0.3.2 - Arena Mirror has won because all opponents have lost
Game Outcome: Ai(2)-Rofellos, Llanowar Emissary Competitive Brawl BrawlREC 2026-07 has lost because life total reached 0
Match Result: Ai(1)-Lathril v0.3.2 - Arena Mirror: 6 Ai(2)-Rofellos, Llanowar Emissary Competitive Brawl BrawlREC 2026-07: 17

Game Result: Game 23 ended in 2171 ms. Ai(1)-Lathril v0.3.2 - Arena Mirror has won!

Game Outcome: Turn 5
Game Outcome: Ai(1)-Lathril v0.3.2 - Arena Mirror has lost because life total reached 0
Game Outcome: Ai(2)-Rofellos, Llanowar Emissary Competitive Brawl BrawlREC 2026-07 has won because all opponents have lost
Match Result: Ai(1)-Lathril v0.3.2 - Arena Mirror: 6 Ai(2)-Rofellos, Llanowar Emissary Competitive Brawl BrawlREC 2026-07: 18

Game Result: Game 24 ended in 1039 ms. Ai(2)-Rofellos, Llanowar Emissary Competitive Brawl BrawlREC 2026-07 has won!

Game Outcome: Turn 8
Game Outcome: Ai(1)-Lathril v0.3.2 - Arena Mirror has won because all opponents have lost
Game Outcome: Ai(2)-Rofellos, Llanowar Emissary Competitive Brawl BrawlREC 2026-07 has lost because life total reached 0
Match Result: Ai(1)-Lathril v0.3.2 - Arena Mirror: 7 Ai(2)-Rofellos, Llanowar Emissary Competitive Brawl BrawlREC 2026-07: 18

Game Result: Game 25 ended in 2530 ms. Ai(1)-Lathril v0.3.2 - Arena Mirror has won!

Game Outcome: Turn 10
Game Outcome: Ai(1)-Lathril v0.3.2 - Arena Mirror has lost because life total reached 0
Game Outcome: Ai(2)-Rofellos, Llanowar Emissary Competitive Brawl BrawlREC 2026-07 has won because all opponents have lost
Match Result: Ai(1)-Lathril v0.3.2 - Arena Mirror: 7 Ai(2)-Rofellos, Llanowar Emissary Competitive Brawl BrawlREC 2026-07: 19

Game Result: Game 26 ended in 3487 ms. Ai(2)-Rofellos, Llanowar Emissary Competitive Brawl BrawlREC 2026-07 has won!

Game Outcome: Turn 8
Game Outcome: Ai(1)-Lathril v0.3.2 - Arena Mirror has won because all opponents have lost
Game Outcome: Ai(2)-Rofellos, Llanowar Emissary Competitive Brawl BrawlREC 2026-07 has lost because life total reached 0
Match Result: Ai(1)-Lathril v0.3.2 - Arena Mirror: 8 Ai(2)-Rofellos, Llanowar Emissary Competitive Brawl BrawlREC 2026-07: 19

Game Result: Game 27 ended in 4888 ms. Ai(1)-Lathril v0.3.2 - Arena Mirror has won!

Moving spell to Library
Game Outcome: Turn 6
Game Outcome: Ai(1)-Lathril v0.3.2 - Arena Mirror has lost because life total reached 0
Game Outcome: Ai(2)-Rofellos, Llanowar Emissary Competitive Brawl BrawlREC 2026-07 has won because all opponents have lost
Match Result: Ai(1)-Lathril v0.3.2 - Arena Mirror: 8 Ai(2)-Rofellos, Llanowar Emissary Competitive Brawl BrawlREC 2026-07: 20

Game Result: Game 28 ended in 1495 ms. Ai(2)-Rofellos, Llanowar Emissary Competitive Brawl BrawlREC 2026-07 has won!

Game Outcome: Turn 8
Game Outcome: Ai(1)-Lathril v0.3.2 - Arena Mirror has lost because life total reached 0
Game Outcome: Ai(2)-Rofellos, Llanowar Emissary Competitive Brawl BrawlREC 2026-07 has won because all opponents have lost
Match Result: Ai(1)-Lathril v0.3.2 - Arena Mirror: 8 Ai(2)-Rofellos, Llanowar Emissary Competitive Brawl BrawlREC 2026-07: 21

Game Result: Game 29 ended in 3677 ms. Ai(2)-Rofellos, Llanowar Emissary Competitive Brawl BrawlREC 2026-07 has won!

Game Outcome: Turn 6
Game Outcome: Ai(1)-Lathril v0.3.2 - Arena Mirror has won because all opponents have lost
Game Outcome: Ai(2)-Rofellos, Llanowar Emissary Competitive Brawl BrawlREC 2026-07 has lost because life total reached 0
Match Result: Ai(1)-Lathril v0.3.2 - Arena Mirror: 9 Ai(2)-Rofellos, Llanowar Emissary Competitive Brawl BrawlREC 2026-07: 21

Game Result: Game 30 ended in 2364 ms. Ai(1)-Lathril v0.3.2 - Arena Mirror has won!

Default player choice logic.
Correcting zone for Wishclaw Talisman (94)
Default player choice logic.
Correcting zone for Wishclaw Talisman (94)
Default player choice logic.
Correcting zone for Wishclaw Talisman (94)
Game Outcome: Turn 8
Game Outcome: Ai(1)-Lathril v0.3.2 - Arena Mirror has lost because life total reached 0
Game Outcome: Ai(2)-Rofellos, Llanowar Emissary Competitive Brawl BrawlREC 2026-07 has won because all opponents have lost
Match Result: Ai(1)-Lathril v0.3.2 - Arena Mirror: 9 Ai(2)-Rofellos, Llanowar Emissary Competitive Brawl BrawlREC 2026-07: 22

Game Result: Game 31 ended in 3236 ms. Ai(2)-Rofellos, Llanowar Emissary Competitive Brawl BrawlREC 2026-07 has won!

Default player choice logic.
Correcting zone for Wishclaw Talisman (94)
Default player choice logic.
Correcting zone for Wishclaw Talisman (94)
Default player choice logic.
Correcting zone for Wishclaw Talisman (94)
Game Outcome: Turn 9
Game Outcome: Ai(1)-Lathril v0.3.2 - Arena Mirror has lost because life total reached 0
Game Outcome: Ai(2)-Rofellos, Llanowar Emissary Competitive Brawl BrawlREC 2026-07 has won because all opponents have lost
Match Result: Ai(1)-Lathril v0.3.2 - Arena Mirror: 9 Ai(2)-Rofellos, Llanowar Emissary Competitive Brawl BrawlREC 2026-07: 23

Game Result: Game 32 ended in 20236 ms. Ai(2)-Rofellos, Llanowar Emissary Competitive Brawl BrawlREC 2026-07 has won!

Game Outcome: Turn 8
Game Outcome: Ai(1)-Lathril v0.3.2 - Arena Mirror has lost because life total reached 0
Game Outcome: Ai(2)-Rofellos, Llanowar Emissary Competitive Brawl BrawlREC 2026-07 has won because all opponents have lost
Match Result: Ai(1)-Lathril v0.3.2 - Arena Mirror: 9 Ai(2)-Rofellos, Llanowar Emissary Competitive Brawl BrawlREC 2026-07: 24

Game Result: Game 33 ended in 10295 ms. Ai(2)-Rofellos, Llanowar Emissary Competitive Brawl BrawlREC 2026-07 has won!

Game Outcome: Turn 5
Game Outcome: Ai(1)-Lathril v0.3.2 - Arena Mirror has lost because life total reached 0
Game Outcome: Ai(2)-Rofellos, Llanowar Emissary Competitive Brawl BrawlREC 2026-07 has won because all opponents have lost
Match Result: Ai(1)-Lathril v0.3.2 - Arena Mirror: 9 Ai(2)-Rofellos, Llanowar Emissary Competitive Brawl BrawlREC 2026-07: 25

Game Result: Game 34 ended in 2215 ms. Ai(2)-Rofellos, Llanowar Emissary Competitive Brawl BrawlREC 2026-07 has won!

Game Outcome: Turn 7
Game Outcome: Ai(1)-Lathril v0.3.2 - Arena Mirror has lost because life total reached 0
Game Outcome: Ai(2)-Rofellos, Llanowar Emissary Competitive Brawl BrawlREC 2026-07 has won because all opponents have lost
Match Result: Ai(1)-Lathril v0.3.2 - Arena Mirror: 9 Ai(2)-Rofellos, Llanowar Emissary Competitive Brawl BrawlREC 2026-07: 26

Game Result: Game 35 ended in 7586 ms. Ai(2)-Rofellos, Llanowar Emissary Competitive Brawl BrawlREC 2026-07 has won!

Moving spell to Library
Default player choice logic.
Correcting zone for Wishclaw Talisman (94)
Default player choice logic.
Correcting zone for Wishclaw Talisman (94)
Game Outcome: Turn 10
Game Outcome: Ai(1)-Lathril v0.3.2 - Arena Mirror has won because all opponents have lost
Game Outcome: Ai(2)-Rofellos, Llanowar Emissary Competitive Brawl BrawlREC 2026-07 has lost because life total reached 0
Match Result: Ai(1)-Lathril v0.3.2 - Arena Mirror: 10 Ai(2)-Rofellos, Llanowar Emissary Competitive Brawl BrawlREC 2026-07: 26

Game Result: Game 36 ended in 3974 ms. Ai(1)-Lathril v0.3.2 - Arena Mirror has won!

Game Outcome: Turn 8
Game Outcome: Ai(1)-Lathril v0.3.2 - Arena Mirror has lost because life total reached 0
Game Outcome: Ai(2)-Rofellos, Llanowar Emissary Competitive Brawl BrawlREC 2026-07 has won because all opponents have lost
Match Result: Ai(1)-Lathril v0.3.2 - Arena Mirror: 10 Ai(2)-Rofellos, Llanowar Emissary Competitive Brawl BrawlREC 2026-07: 27

Game Result: Game 37 ended in 3243 ms. Ai(2)-Rofellos, Llanowar Emissary Competitive Brawl BrawlREC 2026-07 has won!

[Ai(1)-Lathril v0.3.2 - Arena Mirror] AI failed to play Celestial Reunion (24) [Stack]
Game Outcome: Turn 10
Game Outcome: Ai(1)-Lathril v0.3.2 - Arena Mirror has lost because life total reached 0
Game Outcome: Ai(2)-Rofellos, Llanowar Emissary Competitive Brawl BrawlREC 2026-07 has won because all opponents have lost
Match Result: Ai(1)-Lathril v0.3.2 - Arena Mirror: 10 Ai(2)-Rofellos, Llanowar Emissary Competitive Brawl BrawlREC 2026-07: 28

Game Result: Game 38 ended in 5617 ms. Ai(2)-Rofellos, Llanowar Emissary Competitive Brawl BrawlREC 2026-07 has won!

Moving spell to Library
Game Outcome: Turn 7
Game Outcome: Ai(1)-Lathril v0.3.2 - Arena Mirror has lost because life total reached 0
Game Outcome: Ai(2)-Rofellos, Llanowar Emissary Competitive Brawl BrawlREC 2026-07 has won because all opponents have lost
Match Result: Ai(1)-Lathril v0.3.2 - Arena Mirror: 10 Ai(2)-Rofellos, Llanowar Emissary Competitive Brawl BrawlREC 2026-07: 29

Game Result: Game 39 ended in 3610 ms. Ai(2)-Rofellos, Llanowar Emissary Competitive Brawl BrawlREC 2026-07 has won!

Moving spell to Library
Game Outcome: Turn 8
Game Outcome: Ai(1)-Lathril v0.3.2 - Arena Mirror has lost because life total reached 0
Game Outcome: Ai(2)-Rofellos, Llanowar Emissary Competitive Brawl BrawlREC 2026-07 has won because all opponents have lost
Match Result: Ai(1)-Lathril v0.3.2 - Arena Mirror: 10 Ai(2)-Rofellos, Llanowar Emissary Competitive Brawl BrawlREC 2026-07: 30

Game Result: Game 40 ended in 4029 ms. Ai(2)-Rofellos, Llanowar Emissary Competitive Brawl BrawlREC 2026-07 has won!

Game Outcome: Turn 9
Game Outcome: Ai(1)-Lathril v0.3.2 - Arena Mirror has won because all opponents have lost
Game Outcome: Ai(2)-Rofellos, Llanowar Emissary Competitive Brawl BrawlREC 2026-07 has lost because life total reached 0
Match Result: Ai(1)-Lathril v0.3.2 - Arena Mirror: 11 Ai(2)-Rofellos, Llanowar Emissary Competitive Brawl BrawlREC 2026-07: 30

Game Result: Game 41 ended in 2427 ms. Ai(1)-Lathril v0.3.2 - Arena Mirror has won!

Moving spell to Library
Game Outcome: Turn 7
Game Outcome: Ai(1)-Lathril v0.3.2 - Arena Mirror has lost because life total reached 0
Game Outcome: Ai(2)-Rofellos, Llanowar Emissary Competitive Brawl BrawlREC 2026-07 has won because all opponents have lost
Match Result: Ai(1)-Lathril v0.3.2 - Arena Mirror: 11 Ai(2)-Rofellos, Llanowar Emissary Competitive Brawl BrawlREC 2026-07: 31

Game Result: Game 42 ended in 2538 ms. Ai(2)-Rofellos, Llanowar Emissary Competitive Brawl BrawlREC 2026-07 has won!

Game Outcome: Turn 6
Game Outcome: Ai(1)-Lathril v0.3.2 - Arena Mirror has lost because life total reached 0
Game Outcome: Ai(2)-Rofellos, Llanowar Emissary Competitive Brawl BrawlREC 2026-07 has won because all opponents have lost
Match Result: Ai(1)-Lathril v0.3.2 - Arena Mirror: 11 Ai(2)-Rofellos, Llanowar Emissary Competitive Brawl BrawlREC 2026-07: 32

Game Result: Game 43 ended in 1830 ms. Ai(2)-Rofellos, Llanowar Emissary Competitive Brawl BrawlREC 2026-07 has won!

Game Outcome: Turn 9
Game Outcome: Ai(1)-Lathril v0.3.2 - Arena Mirror has won because all opponents have lost
Game Outcome: Ai(2)-Rofellos, Llanowar Emissary Competitive Brawl BrawlREC 2026-07 has lost because life total reached 0
Match Result: Ai(1)-Lathril v0.3.2 - Arena Mirror: 12 Ai(2)-Rofellos, Llanowar Emissary Competitive Brawl BrawlREC 2026-07: 32

Game Result: Game 44 ended in 3293 ms. Ai(1)-Lathril v0.3.2 - Arena Mirror has won!

Game Outcome: Turn 6
Game Outcome: Ai(1)-Lathril v0.3.2 - Arena Mirror has won because all opponents have lost
Game Outcome: Ai(2)-Rofellos, Llanowar Emissary Competitive Brawl BrawlREC 2026-07 has lost because life total reached 0
Match Result: Ai(1)-Lathril v0.3.2 - Arena Mirror: 13 Ai(2)-Rofellos, Llanowar Emissary Competitive Brawl BrawlREC 2026-07: 32

Game Result: Game 45 ended in 1327 ms. Ai(1)-Lathril v0.3.2 - Arena Mirror has won!

Game Outcome: Turn 7
Game Outcome: Ai(1)-Lathril v0.3.2 - Arena Mirror has won because all opponents have lost
Game Outcome: Ai(2)-Rofellos, Llanowar Emissary Competitive Brawl BrawlREC 2026-07 has lost because life total reached 0
Match Result: Ai(1)-Lathril v0.3.2 - Arena Mirror: 14 Ai(2)-Rofellos, Llanowar Emissary Competitive Brawl BrawlREC 2026-07: 32

Game Result: Game 46 ended in 2244 ms. Ai(1)-Lathril v0.3.2 - Arena Mirror has won!

java.util.concurrent.TimeoutException
	at java.base/java.util.concurrent.FutureTask.get(FutureTask.java:204)
	at forge.ai.AiController.chooseSpellAbilityToPlayFromList(AiController.java:1696)
	at forge.ai.AiController.getSpellAbilityToPlay(AiController.java:1583)
	at forge.ai.AiController.chooseSpellAbilityToPlay(AiController.java:1403)
	at forge.ai.PlayerControllerAi.chooseSpellAbilityToPlay(PlayerControllerAi.java:832)
	at forge.game.phase.PhaseHandler.mainLoopStep(PhaseHandler.java:1056)
	at forge.game.phase.PhaseHandler.mainGameLoop(PhaseHandler.java:1035)
	at forge.game.phase.PhaseHandler.startFirstTurn(PhaseHandler.java:1029)
	at forge.game.GameAction.startGame(GameAction.java:2373)
	at forge.game.Match.startGame(Match.java:92)
	at forge.game.Match.startGame(Match.java:77)
	at forge.view.SimulateMatch.lambda$simulateSingleMatch$0(SimulateMatch.java:213)
	at forge.view.TimeLimitedCodeBlock.lambda$runWithTimeout$0(TimeLimitedCodeBlock.java:18)
	at java.base/java.util.concurrent.FutureTask.run(FutureTask.java:264)
	at java.base/java.util.concurrent.ThreadPoolExecutor.runWorker(ThreadPoolExecutor.java:1136)
	at java.base/java.util.concurrent.ThreadPoolExecutor$Worker.run(ThreadPoolExecutor.java:635)
	at java.base/java.lang.Thread.run(Thread.java:840)
AI eval thread at timeout:
	at java.base@17.0.17/java.util.HashMap.resize(HashMap.java:705)
	at java.base@17.0.17/java.util.HashMap.putVal(HashMap.java:661)
	at java.base@17.0.17/java.util.HashMap.put(HashMap.java:610)
	at java.base@17.0.17/java.util.HashSet.add(HashSet.java:221)
	at app//forge.util.collect.FCollection.add(FCollection.java:273)
	at app//forge.util.collect.FCollection.addAll(FCollection.java:346)
	at app//forge.util.collect.FCollection.addAll(FCollection.java:325)
	at app//forge.game.player.PlayerCollection.getCardsIn(PlayerCollection.java:33)
	at app//forge.game.Game.getCardsIn(Game.java:610)
	at app//forge.game.Game.getCardsIn(Game.java:628)
	at app//forge.game.staticability.StaticAbilityCombatDamageToughness.combatDamageToughness(StaticAbilityCombatDamageToughness.java:11)
	at app//forge.game.card.Card.toughnessAssignsDamage(Card.java:4577)
	at app//forge.game.card.Card.getNetCombatDamage(Card.java:4586)
	at app//forge.ai.AiAttackController.declareAttackers(AiAttackController.java:1106)
	at app//forge.ai.ComputerUtilCard.doesSpecifiedCreatureAttackAI(ComputerUtilCard.java:820)
	at app//forge.ai.ComputerUtilCard.shouldPumpCard(ComputerUtilCard.java:1557)
	at app//forge.ai.ability.PumpAiBase.lambda$getPumpCreatures$2(PumpAiBase.java:376)
	at app//forge.ai.ability.PumpAiBase$$Lambda$642/0x00000008012de258.test(Unknown Source)
	at java.base@17.0.17/java.util.stream.ReferencePipeline$2$1.accept(ReferencePipeline.java:178)
	at java.base@17.0.17/java.util.Spliterators$IteratorSpliterator.tryAdvance(Spliterators.java:1856)
	at java.base@17.0.17/java.util.stream.StreamSpliterators$WrappingSpliterator.lambda$initPartialTraversalState$0(StreamSpliterators.java:292)
	at java.base@17.0.17/java.util.stream.StreamSpliterators$WrappingSpliterator$$Lambda$370/0x000000080117c4a0.getAsBoolean(Unknown Source)
	at java.base@17.0.17/java.util.stream.StreamSpliterators$AbstractWrappingSpliterator.fillBuffer(StreamSpliterators.java:206)
	at java.base@17.0.17/java.util.stream.StreamSpliterators$AbstractWrappingSpliterator.doAdvance(StreamSpliterators.java:161)
	at java.base@17.0.17/java.util.stream.StreamSpliterators$WrappingSpliterator.tryAdvance(StreamSpliterators.java:298)
	at java.base@17.0.17/java.util.Spliterators$1Adapter.hasNext(Spliterators.java:681)
	at app//forge.util.collect.FCollection.addAll(FCollection.java:345)
	at app//forge.util.collect.FCollection.<init>(FCollection.java:103)
	at app//forge.game.card.CardCollection.<init>(CardCollection.java:118)
	at app//forge.game.card.CardLists.filter(CardLists.java:331)
Stopping slow match as draw
Game Outcome: Turn 9
Game Outcome: Ai(1)-Lathril v0.3.2 - Arena Mirror has won because all opponents have lost
Game Outcome: Ai(2)-Rofellos, Llanowar Emissary Competitive Brawl BrawlREC 2026-07 has won because all opponents have lost
Match Result: Ai(1)-Lathril v0.3.2 - Arena Mirror: 14 Ai(2)-Rofellos, Llanowar Emissary Competitive Brawl BrawlREC 2026-07: 33

Game Result: Game 47 ended in 120008 ms. Ai(2)-Rofellos, Llanowar Emissary Competitive Brawl BrawlREC 2026-07 has won!

Game Outcome: Turn 7
Game Outcome: Ai(1)-Lathril v0.3.2 - Arena Mirror has lost because life total reached 0
Game Outcome: Ai(2)-Rofellos, Llanowar Emissary Competitive Brawl BrawlREC 2026-07 has won because all opponents have lost
Match Result: Ai(1)-Lathril v0.3.2 - Arena Mirror: 14 Ai(2)-Rofellos, Llanowar Emissary Competitive Brawl BrawlREC 2026-07: 34

Game Result: Game 48 ended in 4391 ms. Ai(2)-Rofellos, Llanowar Emissary Competitive Brawl BrawlREC 2026-07 has won!

Game Outcome: Turn 8
Game Outcome: Ai(1)-Lathril v0.3.2 - Arena Mirror has lost because life total reached 0
Game Outcome: Ai(2)-Rofellos, Llanowar Emissary Competitive Brawl BrawlREC 2026-07 has won because all opponents have lost
Match Result: Ai(1)-Lathril v0.3.2 - Arena Mirror: 14 Ai(2)-Rofellos, Llanowar Emissary Competitive Brawl BrawlREC 2026-07: 35

Game Result: Game 49 ended in 2437 ms. Ai(2)-Rofellos, Llanowar Emissary Competitive Brawl BrawlREC 2026-07 has won!

Moving spell to Library
Game Outcome: Turn 7
Game Outcome: Ai(1)-Lathril v0.3.2 - Arena Mirror has lost because life total reached 0
Game Outcome: Ai(2)-Rofellos, Llanowar Emissary Competitive Brawl BrawlREC 2026-07 has won because all opponents have lost
Match Result: Ai(1)-Lathril v0.3.2 - Arena Mirror: 14 Ai(2)-Rofellos, Llanowar Emissary Competitive Brawl BrawlREC 2026-07: 36

Game Result: Game 50 ended in 3832 ms. Ai(2)-Rofellos, Llanowar Emissary Competitive Brawl BrawlREC 2026-07 has won!
