Error handling registered!
19:06:17 [INFO ] GuiBase: ##########################################
19:06:17 [INFO ] GuiBase: APP: Forge v.2.0.14-SNAPSHOT-08.08
19:06:17 [INFO ] GuiBase: Java: 17.0.17 (Homebrew)
19:06:17 [INFO ] GuiBase: OS: Mac OS X 15.5 aarch64
19:06:17 [INFO ] GuiBase: RAM: 4096 MB max, 8 CPUs
19:06:17 [INFO ] GuiBase: ##########################################
Language 'en-US' loaded successfully.
(ThreadUtil first call): Running with priority 5
Read cards: 33617 archived files in 0 ms (25 parts) using thread pool
Upcoming set Star Trek (TRK) dated in the future. All `upcoming` cards will be added to this set with unknown rarity.
The card A-Alrund's Epiphany was not assigned to any set. Adding it to UNKNOWN set... to fix see res/editions/ folder.
The card A-Baba Lysaga, Night Witch was not assigned to any set. Adding it to UNKNOWN set... to fix see res/editions/ folder.
The card A-Divide by Zero was not assigned to any set. Adding it to UNKNOWN set... to fix see res/editions/ folder.
The card A-Esika's Chariot was not assigned to any set. Adding it to UNKNOWN set... to fix see res/editions/ folder.
The card A-Faceless Haven was not assigned to any set. Adding it to UNKNOWN set... to fix see res/editions/ folder.
The card A-Fires of Invention was not assigned to any set. Adding it to UNKNOWN set... to fix see res/editions/ folder.
The card A-Goldspan Dragon was not assigned to any set. Adding it to UNKNOWN set... to fix see res/editions/ folder.
The card A-Hullbreaker Horror was not assigned to any set. Adding it to UNKNOWN set... to fix see res/editions/ folder.
The card A-Kumano Faces Kakkazan was not assigned to any set. Adding it to UNKNOWN set... to fix see res/editions/ folder.
The card A-Luminarch Aspirant was not assigned to any set. Adding it to UNKNOWN set... to fix see res/editions/ folder.
The card A-Monster Manual was not assigned to any set. Adding it to UNKNOWN set... to fix see res/editions/ folder.
The card A-Omnath, Locus of Creation was not assigned to any set. Adding it to UNKNOWN set... to fix see res/editions/ folder.
The card A-The Meathook Massacre was not assigned to any set. Adding it to UNKNOWN set... to fix see res/editions/ folder.
The card A-Unholy Heat was not assigned to any set. Adding it to UNKNOWN set... to fix see res/editions/ folder.
The card Blinding Radiance was not assigned to any set. Adding it to UNKNOWN set... to fix see res/editions/ folder.
The card Goblin Bruiser was not assigned to any set. Adding it to UNKNOWN set... to fix see res/editions/ folder.
The card Ogre Painbringer was not assigned to any set. Adding it to UNKNOWN set... to fix see res/editions/ folder.
The card Titanic Pelagosaur was not assigned to any set. Adding it to UNKNOWN set... to fix see res/editions/ folder.
The card Treetop Recluse was not assigned to any set. Adding it to UNKNOWN set... to fix see res/editions/ folder.
Upcoming set Star Trek (TRK) dated in the future. All `upcoming` cards will be added to this set with unknown rarity.
Read cards: 836 files in 0 ms (8 parts) using thread pool
Simulation mode
Ai(1)-Spider-Man 2099 Competitive Brawl MTGDecks 2026-07 vs Ai(2)-Lathril Alternate Supplied - fifty  games of Brawl seed 33040
Petty Theft Did not have activator set in SpellAbilityRestriction.canPlay()
Game Outcome: Turn 9
Game Outcome: Ai(1)-Spider-Man 2099 Competitive Brawl MTGDecks 2026-07 has lost because life total reached 0
Game Outcome: Ai(2)-Lathril Alternate Supplied has won because all opponents have lost
Match Result: Ai(1)-Spider-Man 2099 Competitive Brawl MTGDecks 2026-07: 0 Ai(2)-Lathril Alternate Supplied: 1

Game Result: Game 1 ended in 3453 ms. Ai(2)-Lathril Alternate Supplied has won!

Game Outcome: Turn 7
Game Outcome: Ai(1)-Spider-Man 2099 Competitive Brawl MTGDecks 2026-07 has lost because life total reached 0
Game Outcome: Ai(2)-Lathril Alternate Supplied has won because all opponents have lost
Match Result: Ai(1)-Spider-Man 2099 Competitive Brawl MTGDecks 2026-07: 0 Ai(2)-Lathril Alternate Supplied: 2

Game Result: Game 2 ended in 1975 ms. Ai(2)-Lathril Alternate Supplied has won!

Game Outcome: Turn 8
Game Outcome: Ai(1)-Spider-Man 2099 Competitive Brawl MTGDecks 2026-07 has lost because life total reached 0
Game Outcome: Ai(2)-Lathril Alternate Supplied has won because all opponents have lost
Match Result: Ai(1)-Spider-Man 2099 Competitive Brawl MTGDecks 2026-07: 0 Ai(2)-Lathril Alternate Supplied: 3

Game Result: Game 3 ended in 1396 ms. Ai(2)-Lathril Alternate Supplied has won!

Moving spell to Library
[Ai(1)-Spider-Man 2099 Competitive Brawl MTGDecks 2026-07] AI failed to play Detective's Phoenix (79) [Stack]
Game Outcome: Turn 7
Game Outcome: Ai(1)-Spider-Man 2099 Competitive Brawl MTGDecks 2026-07 has lost because life total reached 0
Game Outcome: Ai(2)-Lathril Alternate Supplied has won because all opponents have lost
Match Result: Ai(1)-Spider-Man 2099 Competitive Brawl MTGDecks 2026-07: 0 Ai(2)-Lathril Alternate Supplied: 4

Game Result: Game 4 ended in 2111 ms. Ai(2)-Lathril Alternate Supplied has won!

Petty Theft Did not have activator set in SpellAbilityRestriction.canPlay()
Game Outcome: Turn 11
Game Outcome: Ai(1)-Spider-Man 2099 Competitive Brawl MTGDecks 2026-07 has lost because life total reached 0
Game Outcome: Ai(2)-Lathril Alternate Supplied has won because all opponents have lost
Match Result: Ai(1)-Spider-Man 2099 Competitive Brawl MTGDecks 2026-07: 0 Ai(2)-Lathril Alternate Supplied: 5

Game Result: Game 5 ended in 2281 ms. Ai(2)-Lathril Alternate Supplied has won!

Moving spell to Library
Game Outcome: Turn 9
Game Outcome: Ai(1)-Spider-Man 2099 Competitive Brawl MTGDecks 2026-07 has won because all opponents have lost
Game Outcome: Ai(2)-Lathril Alternate Supplied has lost because life total reached 0
Match Result: Ai(1)-Spider-Man 2099 Competitive Brawl MTGDecks 2026-07: 1 Ai(2)-Lathril Alternate Supplied: 5

Game Result: Game 6 ended in 1368 ms. Ai(1)-Spider-Man 2099 Competitive Brawl MTGDecks 2026-07 has won!

Game Outcome: Turn 9
Game Outcome: Ai(1)-Spider-Man 2099 Competitive Brawl MTGDecks 2026-07 has won because all opponents have lost
Game Outcome: Ai(2)-Lathril Alternate Supplied has lost because life total reached 0
Match Result: Ai(1)-Spider-Man 2099 Competitive Brawl MTGDecks 2026-07: 2 Ai(2)-Lathril Alternate Supplied: 5

Game Result: Game 7 ended in 1556 ms. Ai(1)-Spider-Man 2099 Competitive Brawl MTGDecks 2026-07 has won!

Game Outcome: Turn 10
Game Outcome: Ai(1)-Spider-Man 2099 Competitive Brawl MTGDecks 2026-07 has won because all opponents have lost
Game Outcome: Ai(2)-Lathril Alternate Supplied has lost because life total reached 0
Match Result: Ai(1)-Spider-Man 2099 Competitive Brawl MTGDecks 2026-07: 3 Ai(2)-Lathril Alternate Supplied: 5

Game Result: Game 8 ended in 3600 ms. Ai(1)-Spider-Man 2099 Competitive Brawl MTGDecks 2026-07 has won!

Correcting zone for Citanul Stalwart (116)
Game Outcome: Turn 8
Game Outcome: Ai(1)-Spider-Man 2099 Competitive Brawl MTGDecks 2026-07 has won because all opponents have lost
Game Outcome: Ai(2)-Lathril Alternate Supplied has lost because life total reached 0
Match Result: Ai(1)-Spider-Man 2099 Competitive Brawl MTGDecks 2026-07: 4 Ai(2)-Lathril Alternate Supplied: 5

Game Result: Game 9 ended in 1621 ms. Ai(1)-Spider-Man 2099 Competitive Brawl MTGDecks 2026-07 has won!

Petty Theft Did not have activator set in SpellAbilityRestriction.canPlay()
[Ai(1)-Spider-Man 2099 Competitive Brawl MTGDecks 2026-07] AI failed to play Detective's Phoenix (79) [Stack]
Game Outcome: Turn 11
Game Outcome: Ai(1)-Spider-Man 2099 Competitive Brawl MTGDecks 2026-07 has won because all opponents have lost
Game Outcome: Ai(2)-Lathril Alternate Supplied has lost because life total reached 0
Match Result: Ai(1)-Spider-Man 2099 Competitive Brawl MTGDecks 2026-07: 5 Ai(2)-Lathril Alternate Supplied: 5

Game Result: Game 10 ended in 2799 ms. Ai(1)-Spider-Man 2099 Competitive Brawl MTGDecks 2026-07 has won!

Game Outcome: Turn 9
Game Outcome: Ai(1)-Spider-Man 2099 Competitive Brawl MTGDecks 2026-07 has lost because life total reached 0
Game Outcome: Ai(2)-Lathril Alternate Supplied has won because all opponents have lost
Match Result: Ai(1)-Spider-Man 2099 Competitive Brawl MTGDecks 2026-07: 5 Ai(2)-Lathril Alternate Supplied: 6

Game Result: Game 11 ended in 908 ms. Ai(2)-Lathril Alternate Supplied has won!

Game Outcome: Turn 7
Game Outcome: Ai(1)-Spider-Man 2099 Competitive Brawl MTGDecks 2026-07 has lost because life total reached 0
Game Outcome: Ai(2)-Lathril Alternate Supplied has won because all opponents have lost
Match Result: Ai(1)-Spider-Man 2099 Competitive Brawl MTGDecks 2026-07: 5 Ai(2)-Lathril Alternate Supplied: 7

Game Result: Game 12 ended in 837 ms. Ai(2)-Lathril Alternate Supplied has won!

Game Outcome: Turn 11
Game Outcome: Ai(1)-Spider-Man 2099 Competitive Brawl MTGDecks 2026-07 has won because all opponents have lost
Game Outcome: Ai(2)-Lathril Alternate Supplied has lost because life total reached 0
Match Result: Ai(1)-Spider-Man 2099 Competitive Brawl MTGDecks 2026-07: 6 Ai(2)-Lathril Alternate Supplied: 7

Game Result: Game 13 ended in 1634 ms. Ai(1)-Spider-Man 2099 Competitive Brawl MTGDecks 2026-07 has won!

Game Outcome: Turn 7
Game Outcome: Ai(1)-Spider-Man 2099 Competitive Brawl MTGDecks 2026-07 has lost because life total reached 0
Game Outcome: Ai(2)-Lathril Alternate Supplied has won because all opponents have lost
Match Result: Ai(1)-Spider-Man 2099 Competitive Brawl MTGDecks 2026-07: 6 Ai(2)-Lathril Alternate Supplied: 8

Game Result: Game 14 ended in 1768 ms. Ai(2)-Lathril Alternate Supplied has won!

Game Outcome: Turn 11
Game Outcome: Ai(1)-Spider-Man 2099 Competitive Brawl MTGDecks 2026-07 has won because all opponents have lost
Game Outcome: Ai(2)-Lathril Alternate Supplied has lost because life total reached 0
Match Result: Ai(1)-Spider-Man 2099 Competitive Brawl MTGDecks 2026-07: 7 Ai(2)-Lathril Alternate Supplied: 8

Game Result: Game 15 ended in 1519 ms. Ai(1)-Spider-Man 2099 Competitive Brawl MTGDecks 2026-07 has won!

Game Outcome: Turn 13
Game Outcome: Ai(1)-Spider-Man 2099 Competitive Brawl MTGDecks 2026-07 has won because all opponents have lost
Game Outcome: Ai(2)-Lathril Alternate Supplied has lost because life total reached 0
Match Result: Ai(1)-Spider-Man 2099 Competitive Brawl MTGDecks 2026-07: 8 Ai(2)-Lathril Alternate Supplied: 8

Game Result: Game 16 ended in 2255 ms. Ai(1)-Spider-Man 2099 Competitive Brawl MTGDecks 2026-07 has won!

Game Outcome: Turn 5
Game Outcome: Ai(1)-Spider-Man 2099 Competitive Brawl MTGDecks 2026-07 has lost because life total reached 0
Game Outcome: Ai(2)-Lathril Alternate Supplied has won because all opponents have lost
Match Result: Ai(1)-Spider-Man 2099 Competitive Brawl MTGDecks 2026-07: 8 Ai(2)-Lathril Alternate Supplied: 9

Game Result: Game 17 ended in 685 ms. Ai(2)-Lathril Alternate Supplied has won!

Game Outcome: Turn 8
Game Outcome: Ai(1)-Spider-Man 2099 Competitive Brawl MTGDecks 2026-07 has lost because life total reached 0
Game Outcome: Ai(2)-Lathril Alternate Supplied has won because all opponents have lost
Match Result: Ai(1)-Spider-Man 2099 Competitive Brawl MTGDecks 2026-07: 8 Ai(2)-Lathril Alternate Supplied: 10

Game Result: Game 18 ended in 792 ms. Ai(2)-Lathril Alternate Supplied has won!

Game Outcome: Turn 8
Game Outcome: Ai(1)-Spider-Man 2099 Competitive Brawl MTGDecks 2026-07 has lost because life total reached 0
Game Outcome: Ai(2)-Lathril Alternate Supplied has won because all opponents have lost
Match Result: Ai(1)-Spider-Man 2099 Competitive Brawl MTGDecks 2026-07: 8 Ai(2)-Lathril Alternate Supplied: 11

Game Result: Game 19 ended in 750 ms. Ai(2)-Lathril Alternate Supplied has won!

Game Outcome: Turn 6
Game Outcome: Ai(1)-Spider-Man 2099 Competitive Brawl MTGDecks 2026-07 has lost because life total reached 0
Game Outcome: Ai(2)-Lathril Alternate Supplied has won because all opponents have lost
Match Result: Ai(1)-Spider-Man 2099 Competitive Brawl MTGDecks 2026-07: 8 Ai(2)-Lathril Alternate Supplied: 12

Game Result: Game 20 ended in 587 ms. Ai(2)-Lathril Alternate Supplied has won!

Game Outcome: Turn 12
Game Outcome: Ai(1)-Spider-Man 2099 Competitive Brawl MTGDecks 2026-07 has won because all opponents have lost
Game Outcome: Ai(2)-Lathril Alternate Supplied has lost because life total reached 0
Match Result: Ai(1)-Spider-Man 2099 Competitive Brawl MTGDecks 2026-07: 9 Ai(2)-Lathril Alternate Supplied: 12

Game Result: Game 21 ended in 2731 ms. Ai(1)-Spider-Man 2099 Competitive Brawl MTGDecks 2026-07 has won!

Game Outcome: Turn 5
Game Outcome: Ai(1)-Spider-Man 2099 Competitive Brawl MTGDecks 2026-07 has lost because life total reached 0
Game Outcome: Ai(2)-Lathril Alternate Supplied has won because all opponents have lost
Match Result: Ai(1)-Spider-Man 2099 Competitive Brawl MTGDecks 2026-07: 9 Ai(2)-Lathril Alternate Supplied: 13

Game Result: Game 22 ended in 846 ms. Ai(2)-Lathril Alternate Supplied has won!

Game Outcome: Turn 9
Game Outcome: Ai(1)-Spider-Man 2099 Competitive Brawl MTGDecks 2026-07 has lost because life total reached 0
Game Outcome: Ai(2)-Lathril Alternate Supplied has won because all opponents have lost
Match Result: Ai(1)-Spider-Man 2099 Competitive Brawl MTGDecks 2026-07: 9 Ai(2)-Lathril Alternate Supplied: 14

Game Result: Game 23 ended in 2057 ms. Ai(2)-Lathril Alternate Supplied has won!

Game Outcome: Turn 10
Game Outcome: Ai(1)-Spider-Man 2099 Competitive Brawl MTGDecks 2026-07 has lost because life total reached 0
Game Outcome: Ai(2)-Lathril Alternate Supplied has won because all opponents have lost
Match Result: Ai(1)-Spider-Man 2099 Competitive Brawl MTGDecks 2026-07: 9 Ai(2)-Lathril Alternate Supplied: 15

Game Result: Game 24 ended in 1207 ms. Ai(2)-Lathril Alternate Supplied has won!

Game Outcome: Turn 12
Game Outcome: Ai(1)-Spider-Man 2099 Competitive Brawl MTGDecks 2026-07 has won because all opponents have lost
Game Outcome: Ai(2)-Lathril Alternate Supplied has lost because life total reached 0
Match Result: Ai(1)-Spider-Man 2099 Competitive Brawl MTGDecks 2026-07: 10 Ai(2)-Lathril Alternate Supplied: 15

Game Result: Game 25 ended in 3029 ms. Ai(1)-Spider-Man 2099 Competitive Brawl MTGDecks 2026-07 has won!

Moving spell to Library
Game Outcome: Turn 13
Game Outcome: Ai(1)-Spider-Man 2099 Competitive Brawl MTGDecks 2026-07 has lost because life total reached 0
Game Outcome: Ai(2)-Lathril Alternate Supplied has won because all opponents have lost
Match Result: Ai(1)-Spider-Man 2099 Competitive Brawl MTGDecks 2026-07: 10 Ai(2)-Lathril Alternate Supplied: 16

Game Result: Game 26 ended in 3435 ms. Ai(2)-Lathril Alternate Supplied has won!

Game Outcome: Turn 6
Game Outcome: Ai(1)-Spider-Man 2099 Competitive Brawl MTGDecks 2026-07 has lost because life total reached 0
Game Outcome: Ai(2)-Lathril Alternate Supplied has won because all opponents have lost
Match Result: Ai(1)-Spider-Man 2099 Competitive Brawl MTGDecks 2026-07: 10 Ai(2)-Lathril Alternate Supplied: 17

Game Result: Game 27 ended in 1096 ms. Ai(2)-Lathril Alternate Supplied has won!

Game Outcome: Turn 8
Game Outcome: Ai(1)-Spider-Man 2099 Competitive Brawl MTGDecks 2026-07 has lost because life total reached 0
Game Outcome: Ai(2)-Lathril Alternate Supplied has won because all opponents have lost
Match Result: Ai(1)-Spider-Man 2099 Competitive Brawl MTGDecks 2026-07: 10 Ai(2)-Lathril Alternate Supplied: 18

Game Result: Game 28 ended in 1373 ms. Ai(2)-Lathril Alternate Supplied has won!

Game Outcome: Turn 8
Game Outcome: Ai(1)-Spider-Man 2099 Competitive Brawl MTGDecks 2026-07 has won because all opponents have lost
Game Outcome: Ai(2)-Lathril Alternate Supplied has lost because life total reached 0
Match Result: Ai(1)-Spider-Man 2099 Competitive Brawl MTGDecks 2026-07: 11 Ai(2)-Lathril Alternate Supplied: 18

Game Result: Game 29 ended in 2148 ms. Ai(1)-Spider-Man 2099 Competitive Brawl MTGDecks 2026-07 has won!

Game Outcome: Turn 6
Game Outcome: Ai(1)-Spider-Man 2099 Competitive Brawl MTGDecks 2026-07 has lost because life total reached 0
Game Outcome: Ai(2)-Lathril Alternate Supplied has won because all opponents have lost
Match Result: Ai(1)-Spider-Man 2099 Competitive Brawl MTGDecks 2026-07: 11 Ai(2)-Lathril Alternate Supplied: 19

Game Result: Game 30 ended in 872 ms. Ai(2)-Lathril Alternate Supplied has won!

Game Outcome: Turn 7
Game Outcome: Ai(1)-Spider-Man 2099 Competitive Brawl MTGDecks 2026-07 has lost because life total reached 0
Game Outcome: Ai(2)-Lathril Alternate Supplied has won because all opponents have lost
Match Result: Ai(1)-Spider-Man 2099 Competitive Brawl MTGDecks 2026-07: 11 Ai(2)-Lathril Alternate Supplied: 20

Game Result: Game 31 ended in 910 ms. Ai(2)-Lathril Alternate Supplied has won!

Game Outcome: Turn 8
Game Outcome: Ai(1)-Spider-Man 2099 Competitive Brawl MTGDecks 2026-07 has lost because life total reached 0
Game Outcome: Ai(2)-Lathril Alternate Supplied has won because all opponents have lost
Match Result: Ai(1)-Spider-Man 2099 Competitive Brawl MTGDecks 2026-07: 11 Ai(2)-Lathril Alternate Supplied: 21

Game Result: Game 32 ended in 1109 ms. Ai(2)-Lathril Alternate Supplied has won!

Correcting zone for Elvish Mystic (109)
Moving spell to Library
Game Outcome: Turn 9
Game Outcome: Ai(1)-Spider-Man 2099 Competitive Brawl MTGDecks 2026-07 has won because all opponents have lost
Game Outcome: Ai(2)-Lathril Alternate Supplied has lost because life total reached 0
Match Result: Ai(1)-Spider-Man 2099 Competitive Brawl MTGDecks 2026-07: 12 Ai(2)-Lathril Alternate Supplied: 21

Game Result: Game 33 ended in 1808 ms. Ai(1)-Spider-Man 2099 Competitive Brawl MTGDecks 2026-07 has won!

Game Outcome: Turn 12
Game Outcome: Ai(1)-Spider-Man 2099 Competitive Brawl MTGDecks 2026-07 has won because all opponents have lost
Game Outcome: Ai(2)-Lathril Alternate Supplied has lost because life total reached 0
Match Result: Ai(1)-Spider-Man 2099 Competitive Brawl MTGDecks 2026-07: 13 Ai(2)-Lathril Alternate Supplied: 21

Game Result: Game 34 ended in 1690 ms. Ai(1)-Spider-Man 2099 Competitive Brawl MTGDecks 2026-07 has won!

Game Outcome: Turn 11
Game Outcome: Ai(1)-Spider-Man 2099 Competitive Brawl MTGDecks 2026-07 has won because all opponents have lost
Game Outcome: Ai(2)-Lathril Alternate Supplied has lost because life total reached 0
Match Result: Ai(1)-Spider-Man 2099 Competitive Brawl MTGDecks 2026-07: 14 Ai(2)-Lathril Alternate Supplied: 21

Game Result: Game 35 ended in 2176 ms. Ai(1)-Spider-Man 2099 Competitive Brawl MTGDecks 2026-07 has won!

Game Outcome: Turn 7
Game Outcome: Ai(1)-Spider-Man 2099 Competitive Brawl MTGDecks 2026-07 has lost because life total reached 0
Game Outcome: Ai(2)-Lathril Alternate Supplied has won because all opponents have lost
Match Result: Ai(1)-Spider-Man 2099 Competitive Brawl MTGDecks 2026-07: 14 Ai(2)-Lathril Alternate Supplied: 22

Game Result: Game 36 ended in 920 ms. Ai(2)-Lathril Alternate Supplied has won!

Game Outcome: Turn 9
Game Outcome: Ai(1)-Spider-Man 2099 Competitive Brawl MTGDecks 2026-07 has won because all opponents have lost
Game Outcome: Ai(2)-Lathril Alternate Supplied has lost because life total reached 0
Match Result: Ai(1)-Spider-Man 2099 Competitive Brawl MTGDecks 2026-07: 15 Ai(2)-Lathril Alternate Supplied: 22

Game Result: Game 37 ended in 1416 ms. Ai(1)-Spider-Man 2099 Competitive Brawl MTGDecks 2026-07 has won!

Game Outcome: Turn 7
Game Outcome: Ai(1)-Spider-Man 2099 Competitive Brawl MTGDecks 2026-07 has lost because life total reached 0
Game Outcome: Ai(2)-Lathril Alternate Supplied has won because all opponents have lost
Match Result: Ai(1)-Spider-Man 2099 Competitive Brawl MTGDecks 2026-07: 15 Ai(2)-Lathril Alternate Supplied: 23

Game Result: Game 38 ended in 1068 ms. Ai(2)-Lathril Alternate Supplied has won!

Moving spell to Library
Game Outcome: Turn 12
Game Outcome: Ai(1)-Spider-Man 2099 Competitive Brawl MTGDecks 2026-07 has won because all opponents have lost
Game Outcome: Ai(2)-Lathril Alternate Supplied has lost because life total reached 0
Match Result: Ai(1)-Spider-Man 2099 Competitive Brawl MTGDecks 2026-07: 16 Ai(2)-Lathril Alternate Supplied: 23

Game Result: Game 39 ended in 2371 ms. Ai(1)-Spider-Man 2099 Competitive Brawl MTGDecks 2026-07 has won!

Game Outcome: Turn 8
Game Outcome: Ai(1)-Spider-Man 2099 Competitive Brawl MTGDecks 2026-07 has lost because life total reached 0
Game Outcome: Ai(2)-Lathril Alternate Supplied has won because all opponents have lost
Match Result: Ai(1)-Spider-Man 2099 Competitive Brawl MTGDecks 2026-07: 16 Ai(2)-Lathril Alternate Supplied: 24

Game Result: Game 40 ended in 1537 ms. Ai(2)-Lathril Alternate Supplied has won!

Moving spell to Library
Game Outcome: Turn 17
Game Outcome: Ai(1)-Spider-Man 2099 Competitive Brawl MTGDecks 2026-07 has lost because life total reached 0
Game Outcome: Ai(2)-Lathril Alternate Supplied has won because all opponents have lost
Match Result: Ai(1)-Spider-Man 2099 Competitive Brawl MTGDecks 2026-07: 16 Ai(2)-Lathril Alternate Supplied: 25

Game Result: Game 41 ended in 5058 ms. Ai(2)-Lathril Alternate Supplied has won!

Game Outcome: Turn 8
Game Outcome: Ai(1)-Spider-Man 2099 Competitive Brawl MTGDecks 2026-07 has lost because life total reached 0
Game Outcome: Ai(2)-Lathril Alternate Supplied has won because all opponents have lost
Match Result: Ai(1)-Spider-Man 2099 Competitive Brawl MTGDecks 2026-07: 16 Ai(2)-Lathril Alternate Supplied: 26

Game Result: Game 42 ended in 1825 ms. Ai(2)-Lathril Alternate Supplied has won!

Game Outcome: Turn 10
Game Outcome: Ai(1)-Spider-Man 2099 Competitive Brawl MTGDecks 2026-07 has won because all opponents have lost
Game Outcome: Ai(2)-Lathril Alternate Supplied has lost because life total reached 0
Match Result: Ai(1)-Spider-Man 2099 Competitive Brawl MTGDecks 2026-07: 17 Ai(2)-Lathril Alternate Supplied: 26

Game Result: Game 43 ended in 2149 ms. Ai(1)-Spider-Man 2099 Competitive Brawl MTGDecks 2026-07 has won!

Game Outcome: Turn 10
Game Outcome: Ai(1)-Spider-Man 2099 Competitive Brawl MTGDecks 2026-07 has lost because life total reached 0
Game Outcome: Ai(2)-Lathril Alternate Supplied has won because all opponents have lost
Match Result: Ai(1)-Spider-Man 2099 Competitive Brawl MTGDecks 2026-07: 17 Ai(2)-Lathril Alternate Supplied: 27

Game Result: Game 44 ended in 1553 ms. Ai(2)-Lathril Alternate Supplied has won!

Moving spell to Library
Game Outcome: Turn 7
Game Outcome: Ai(1)-Spider-Man 2099 Competitive Brawl MTGDecks 2026-07 has lost because life total reached 0
Game Outcome: Ai(2)-Lathril Alternate Supplied has won because all opponents have lost
Match Result: Ai(1)-Spider-Man 2099 Competitive Brawl MTGDecks 2026-07: 17 Ai(2)-Lathril Alternate Supplied: 28

Game Result: Game 45 ended in 1097 ms. Ai(2)-Lathril Alternate Supplied has won!

Game Outcome: Turn 7
Game Outcome: Ai(1)-Spider-Man 2099 Competitive Brawl MTGDecks 2026-07 has lost because life total reached 0
Game Outcome: Ai(2)-Lathril Alternate Supplied has won because all opponents have lost
Match Result: Ai(1)-Spider-Man 2099 Competitive Brawl MTGDecks 2026-07: 17 Ai(2)-Lathril Alternate Supplied: 29

Game Result: Game 46 ended in 779 ms. Ai(2)-Lathril Alternate Supplied has won!

Game Outcome: Turn 6
Game Outcome: Ai(1)-Spider-Man 2099 Competitive Brawl MTGDecks 2026-07 has lost because life total reached 0
Game Outcome: Ai(2)-Lathril Alternate Supplied has won because all opponents have lost
Match Result: Ai(1)-Spider-Man 2099 Competitive Brawl MTGDecks 2026-07: 17 Ai(2)-Lathril Alternate Supplied: 30

Game Result: Game 47 ended in 809 ms. Ai(2)-Lathril Alternate Supplied has won!

Soporific Springs Did not have activator set in SpellAbilityRestriction.canPlay()
Game Outcome: Turn 10
Game Outcome: Ai(1)-Spider-Man 2099 Competitive Brawl MTGDecks 2026-07 has lost because life total reached 0
Game Outcome: Ai(2)-Lathril Alternate Supplied has won because all opponents have lost
Match Result: Ai(1)-Spider-Man 2099 Competitive Brawl MTGDecks 2026-07: 17 Ai(2)-Lathril Alternate Supplied: 31

Game Result: Game 48 ended in 1306 ms. Ai(2)-Lathril Alternate Supplied has won!

Game Outcome: Turn 8
Game Outcome: Ai(1)-Spider-Man 2099 Competitive Brawl MTGDecks 2026-07 has lost because life total reached 0
Game Outcome: Ai(2)-Lathril Alternate Supplied has won because all opponents have lost
Match Result: Ai(1)-Spider-Man 2099 Competitive Brawl MTGDecks 2026-07: 17 Ai(2)-Lathril Alternate Supplied: 32

Game Result: Game 49 ended in 1672 ms. Ai(2)-Lathril Alternate Supplied has won!

Game Outcome: Turn 11
Game Outcome: Ai(1)-Spider-Man 2099 Competitive Brawl MTGDecks 2026-07 has won because all opponents have lost
Game Outcome: Ai(2)-Lathril Alternate Supplied has lost because life total reached 0
Match Result: Ai(1)-Spider-Man 2099 Competitive Brawl MTGDecks 2026-07: 18 Ai(2)-Lathril Alternate Supplied: 32

Game Result: Game 50 ended in 1329 ms. Ai(1)-Spider-Man 2099 Competitive Brawl MTGDecks 2026-07 has won!
