Error handling registered!
17:57:06 [INFO ] GuiBase: ##########################################
17:57:06 [INFO ] GuiBase: APP: Forge v.2.0.14-SNAPSHOT-08.08
17:57:06 [INFO ] GuiBase: Java: 17.0.17 (Homebrew)
17:57:06 [INFO ] GuiBase: OS: Mac OS X 15.5 aarch64
17:57:06 [INFO ] GuiBase: RAM: 4096 MB max, 8 CPUs
17:57:06 [INFO ] GuiBase: ##########################################
Language 'en-US' loaded successfully.
(ThreadUtil first call): Running with priority 5
Read cards: 33617 archived files in 1 ms (25 parts) using thread pool
Upcoming set Star Trek (TRK) dated in the future. All `upcoming` cards will be added to this set with unknown rarity.
The card A-Alrund's Epiphany was not assigned to any set. Adding it to UNKNOWN set... to fix see res/editions/ folder.
The card A-Baba Lysaga, Night Witch was not assigned to any set. Adding it to UNKNOWN set... to fix see res/editions/ folder.
The card A-Divide by Zero was not assigned to any set. Adding it to UNKNOWN set... to fix see res/editions/ folder.
The card A-Esika's Chariot was not assigned to any set. Adding it to UNKNOWN set... to fix see res/editions/ folder.
The card A-Faceless Haven was not assigned to any set. Adding it to UNKNOWN set... to fix see res/editions/ folder.
The card A-Fires of Invention was not assigned to any set. Adding it to UNKNOWN set... to fix see res/editions/ folder.
The card A-Goldspan Dragon was not assigned to any set. Adding it to UNKNOWN set... to fix see res/editions/ folder.
The card A-Hullbreaker Horror was not assigned to any set. Adding it to UNKNOWN set... to fix see res/editions/ folder.
The card A-Kumano Faces Kakkazan was not assigned to any set. Adding it to UNKNOWN set... to fix see res/editions/ folder.
The card A-Luminarch Aspirant was not assigned to any set. Adding it to UNKNOWN set... to fix see res/editions/ folder.
The card A-Monster Manual was not assigned to any set. Adding it to UNKNOWN set... to fix see res/editions/ folder.
The card A-Omnath, Locus of Creation was not assigned to any set. Adding it to UNKNOWN set... to fix see res/editions/ folder.
The card A-The Meathook Massacre was not assigned to any set. Adding it to UNKNOWN set... to fix see res/editions/ folder.
The card A-Unholy Heat was not assigned to any set. Adding it to UNKNOWN set... to fix see res/editions/ folder.
The card Blinding Radiance was not assigned to any set. Adding it to UNKNOWN set... to fix see res/editions/ folder.
The card Goblin Bruiser was not assigned to any set. Adding it to UNKNOWN set... to fix see res/editions/ folder.
The card Ogre Painbringer was not assigned to any set. Adding it to UNKNOWN set... to fix see res/editions/ folder.
The card Titanic Pelagosaur was not assigned to any set. Adding it to UNKNOWN set... to fix see res/editions/ folder.
The card Treetop Recluse was not assigned to any set. Adding it to UNKNOWN set... to fix see res/editions/ folder.
Upcoming set Star Trek (TRK) dated in the future. All `upcoming` cards will be added to this set with unknown rarity.
Read cards: 836 files in 0 ms (8 parts) using thread pool
Simulation mode
Ai(1)-Sephiroth Sacrifice Supplied vs Ai(2)-Grist Competitive Brawl AetherHub 2026-09 - fifty  games of Brawl seed 33005
Game Outcome: Turn 9
Game Outcome: Ai(1)-Sephiroth Sacrifice Supplied has lost because life total reached 0
Game Outcome: Ai(2)-Grist Competitive Brawl AetherHub 2026-09 has won because all opponents have lost
Match Result: Ai(1)-Sephiroth Sacrifice Supplied: 0 Ai(2)-Grist Competitive Brawl AetherHub 2026-09: 1

Game Result: Game 1 ended in 21868 ms. Ai(2)-Grist Competitive Brawl AetherHub 2026-09 has won!

Game Outcome: Turn 11
Game Outcome: Ai(1)-Sephiroth Sacrifice Supplied has lost because life total reached 0
Game Outcome: Ai(2)-Grist Competitive Brawl AetherHub 2026-09 has won because all opponents have lost
Match Result: Ai(1)-Sephiroth Sacrifice Supplied: 0 Ai(2)-Grist Competitive Brawl AetherHub 2026-09: 2

Game Result: Game 2 ended in 16040 ms. Ai(2)-Grist Competitive Brawl AetherHub 2026-09 has won!

Game Outcome: Turn 9
Game Outcome: Ai(1)-Sephiroth Sacrifice Supplied has lost because life total reached 0
Game Outcome: Ai(2)-Grist Competitive Brawl AetherHub 2026-09 has won because all opponents have lost
Match Result: Ai(1)-Sephiroth Sacrifice Supplied: 0 Ai(2)-Grist Competitive Brawl AetherHub 2026-09: 3

Game Result: Game 3 ended in 8293 ms. Ai(2)-Grist Competitive Brawl AetherHub 2026-09 has won!

Game Outcome: Turn 10
Game Outcome: Ai(1)-Sephiroth Sacrifice Supplied has lost because life total reached 0
Game Outcome: Ai(2)-Grist Competitive Brawl AetherHub 2026-09 has won because all opponents have lost
Match Result: Ai(1)-Sephiroth Sacrifice Supplied: 0 Ai(2)-Grist Competitive Brawl AetherHub 2026-09: 4

Game Result: Game 4 ended in 16825 ms. Ai(2)-Grist Competitive Brawl AetherHub 2026-09 has won!

Game Outcome: Turn 11
Game Outcome: Ai(1)-Sephiroth Sacrifice Supplied has lost because life total reached 0
Game Outcome: Ai(2)-Grist Competitive Brawl AetherHub 2026-09 has won because all opponents have lost
Match Result: Ai(1)-Sephiroth Sacrifice Supplied: 0 Ai(2)-Grist Competitive Brawl AetherHub 2026-09: 5

Game Result: Game 5 ended in 27002 ms. Ai(2)-Grist Competitive Brawl AetherHub 2026-09 has won!

Game Outcome: Turn 6
Game Outcome: Ai(1)-Sephiroth Sacrifice Supplied has lost because life total reached 0
Game Outcome: Ai(2)-Grist Competitive Brawl AetherHub 2026-09 has won because all opponents have lost
Match Result: Ai(1)-Sephiroth Sacrifice Supplied: 0 Ai(2)-Grist Competitive Brawl AetherHub 2026-09: 6

Game Result: Game 6 ended in 2261 ms. Ai(2)-Grist Competitive Brawl AetherHub 2026-09 has won!

Game Outcome: Turn 11
Game Outcome: Ai(1)-Sephiroth Sacrifice Supplied has won because all opponents have lost
Game Outcome: Ai(2)-Grist Competitive Brawl AetherHub 2026-09 has lost because life total reached 0
Match Result: Ai(1)-Sephiroth Sacrifice Supplied: 1 Ai(2)-Grist Competitive Brawl AetherHub 2026-09: 6

Game Result: Game 7 ended in 12538 ms. Ai(1)-Sephiroth Sacrifice Supplied has won!

Game Outcome: Turn 9
Game Outcome: Ai(1)-Sephiroth Sacrifice Supplied has lost because life total reached 0
Game Outcome: Ai(2)-Grist Competitive Brawl AetherHub 2026-09 has won because all opponents have lost
Match Result: Ai(1)-Sephiroth Sacrifice Supplied: 1 Ai(2)-Grist Competitive Brawl AetherHub 2026-09: 7

Game Result: Game 8 ended in 7961 ms. Ai(2)-Grist Competitive Brawl AetherHub 2026-09 has won!

Game Outcome: Turn 8
Game Outcome: Ai(1)-Sephiroth Sacrifice Supplied has lost because life total reached 0
Game Outcome: Ai(2)-Grist Competitive Brawl AetherHub 2026-09 has won because all opponents have lost
Match Result: Ai(1)-Sephiroth Sacrifice Supplied: 1 Ai(2)-Grist Competitive Brawl AetherHub 2026-09: 8

Game Result: Game 9 ended in 4029 ms. Ai(2)-Grist Competitive Brawl AetherHub 2026-09 has won!

Game Outcome: Turn 6
Game Outcome: Ai(1)-Sephiroth Sacrifice Supplied has lost because life total reached 0
Game Outcome: Ai(2)-Grist Competitive Brawl AetherHub 2026-09 has won because all opponents have lost
Match Result: Ai(1)-Sephiroth Sacrifice Supplied: 1 Ai(2)-Grist Competitive Brawl AetherHub 2026-09: 9

Game Result: Game 10 ended in 2795 ms. Ai(2)-Grist Competitive Brawl AetherHub 2026-09 has won!

Game Outcome: Turn 13
Game Outcome: Ai(1)-Sephiroth Sacrifice Supplied has won because all opponents have lost
Game Outcome: Ai(2)-Grist Competitive Brawl AetherHub 2026-09 has lost because life total reached 0
Match Result: Ai(1)-Sephiroth Sacrifice Supplied: 2 Ai(2)-Grist Competitive Brawl AetherHub 2026-09: 9

Game Result: Game 11 ended in 35737 ms. Ai(1)-Sephiroth Sacrifice Supplied has won!

Game Outcome: Turn 9
Game Outcome: Ai(1)-Sephiroth Sacrifice Supplied has won because all opponents have lost
Game Outcome: Ai(2)-Grist Competitive Brawl AetherHub 2026-09 has lost because life total reached 0
Match Result: Ai(1)-Sephiroth Sacrifice Supplied: 3 Ai(2)-Grist Competitive Brawl AetherHub 2026-09: 9

Game Result: Game 12 ended in 6550 ms. Ai(1)-Sephiroth Sacrifice Supplied has won!

Game Outcome: Turn 8
Game Outcome: Ai(1)-Sephiroth Sacrifice Supplied has won because all opponents have lost
Game Outcome: Ai(2)-Grist Competitive Brawl AetherHub 2026-09 has lost because life total reached 0
Match Result: Ai(1)-Sephiroth Sacrifice Supplied: 4 Ai(2)-Grist Competitive Brawl AetherHub 2026-09: 9

Game Result: Game 13 ended in 8529 ms. Ai(1)-Sephiroth Sacrifice Supplied has won!

Game Outcome: Turn 7
Game Outcome: Ai(1)-Sephiroth Sacrifice Supplied has won because all opponents have lost
Game Outcome: Ai(2)-Grist Competitive Brawl AetherHub 2026-09 has lost because life total reached 0
Match Result: Ai(1)-Sephiroth Sacrifice Supplied: 5 Ai(2)-Grist Competitive Brawl AetherHub 2026-09: 9

Game Result: Game 14 ended in 5294 ms. Ai(1)-Sephiroth Sacrifice Supplied has won!

Game Outcome: Turn 9
Game Outcome: Ai(1)-Sephiroth Sacrifice Supplied has won because all opponents have lost
Game Outcome: Ai(2)-Grist Competitive Brawl AetherHub 2026-09 has lost because life total reached 0
Match Result: Ai(1)-Sephiroth Sacrifice Supplied: 6 Ai(2)-Grist Competitive Brawl AetherHub 2026-09: 9

Game Result: Game 15 ended in 12837 ms. Ai(1)-Sephiroth Sacrifice Supplied has won!

Game Outcome: Turn 7
Game Outcome: Ai(1)-Sephiroth Sacrifice Supplied has won because all opponents have lost
Game Outcome: Ai(2)-Grist Competitive Brawl AetherHub 2026-09 has lost because life total reached 0
Match Result: Ai(1)-Sephiroth Sacrifice Supplied: 7 Ai(2)-Grist Competitive Brawl AetherHub 2026-09: 9

Game Result: Game 16 ended in 4057 ms. Ai(1)-Sephiroth Sacrifice Supplied has won!

Game Outcome: Turn 6
Game Outcome: Ai(1)-Sephiroth Sacrifice Supplied has lost because life total reached 0
Game Outcome: Ai(2)-Grist Competitive Brawl AetherHub 2026-09 has won because all opponents have lost
Match Result: Ai(1)-Sephiroth Sacrifice Supplied: 7 Ai(2)-Grist Competitive Brawl AetherHub 2026-09: 10

Game Result: Game 17 ended in 5722 ms. Ai(2)-Grist Competitive Brawl AetherHub 2026-09 has won!

Game Outcome: Turn 13
Game Outcome: Ai(1)-Sephiroth Sacrifice Supplied has lost because life total reached 0
Game Outcome: Ai(2)-Grist Competitive Brawl AetherHub 2026-09 has won because all opponents have lost
Match Result: Ai(1)-Sephiroth Sacrifice Supplied: 7 Ai(2)-Grist Competitive Brawl AetherHub 2026-09: 11

Game Result: Game 18 ended in 21520 ms. Ai(2)-Grist Competitive Brawl AetherHub 2026-09 has won!

Game Outcome: Turn 6
Game Outcome: Ai(1)-Sephiroth Sacrifice Supplied has lost because life total reached 0
Game Outcome: Ai(2)-Grist Competitive Brawl AetherHub 2026-09 has won because all opponents have lost
Match Result: Ai(1)-Sephiroth Sacrifice Supplied: 7 Ai(2)-Grist Competitive Brawl AetherHub 2026-09: 12

Game Result: Game 19 ended in 3507 ms. Ai(2)-Grist Competitive Brawl AetherHub 2026-09 has won!

Game Outcome: Turn 13
Game Outcome: Ai(1)-Sephiroth Sacrifice Supplied has lost because life total reached 0
Game Outcome: Ai(2)-Grist Competitive Brawl AetherHub 2026-09 has won because all opponents have lost
Match Result: Ai(1)-Sephiroth Sacrifice Supplied: 7 Ai(2)-Grist Competitive Brawl AetherHub 2026-09: 13

Game Result: Game 20 ended in 19963 ms. Ai(2)-Grist Competitive Brawl AetherHub 2026-09 has won!

Game Outcome: Turn 9
Game Outcome: Ai(1)-Sephiroth Sacrifice Supplied has lost because life total reached 0
Game Outcome: Ai(2)-Grist Competitive Brawl AetherHub 2026-09 has won because all opponents have lost
Match Result: Ai(1)-Sephiroth Sacrifice Supplied: 7 Ai(2)-Grist Competitive Brawl AetherHub 2026-09: 14

Game Result: Game 21 ended in 8897 ms. Ai(2)-Grist Competitive Brawl AetherHub 2026-09 has won!

Game Outcome: Turn 9
Game Outcome: Ai(1)-Sephiroth Sacrifice Supplied has won because all opponents have lost
Game Outcome: Ai(2)-Grist Competitive Brawl AetherHub 2026-09 has lost because life total reached 0
Match Result: Ai(1)-Sephiroth Sacrifice Supplied: 8 Ai(2)-Grist Competitive Brawl AetherHub 2026-09: 14

Game Result: Game 22 ended in 9337 ms. Ai(1)-Sephiroth Sacrifice Supplied has won!

Game Outcome: Turn 9
Game Outcome: Ai(1)-Sephiroth Sacrifice Supplied has won because all opponents have lost
Game Outcome: Ai(2)-Grist Competitive Brawl AetherHub 2026-09 has lost because life total reached 0
Match Result: Ai(1)-Sephiroth Sacrifice Supplied: 9 Ai(2)-Grist Competitive Brawl AetherHub 2026-09: 14

Game Result: Game 23 ended in 4523 ms. Ai(1)-Sephiroth Sacrifice Supplied has won!

Game Outcome: Turn 10
Game Outcome: Ai(1)-Sephiroth Sacrifice Supplied has lost because life total reached 0
Game Outcome: Ai(2)-Grist Competitive Brawl AetherHub 2026-09 has won because all opponents have lost
Match Result: Ai(1)-Sephiroth Sacrifice Supplied: 9 Ai(2)-Grist Competitive Brawl AetherHub 2026-09: 15

Game Result: Game 24 ended in 9302 ms. Ai(2)-Grist Competitive Brawl AetherHub 2026-09 has won!

Game Outcome: Turn 8
Game Outcome: Ai(1)-Sephiroth Sacrifice Supplied has lost because life total reached 0
Game Outcome: Ai(2)-Grist Competitive Brawl AetherHub 2026-09 has won because all opponents have lost
Match Result: Ai(1)-Sephiroth Sacrifice Supplied: 9 Ai(2)-Grist Competitive Brawl AetherHub 2026-09: 16

Game Result: Game 25 ended in 4331 ms. Ai(2)-Grist Competitive Brawl AetherHub 2026-09 has won!

Game Outcome: Turn 9
Game Outcome: Ai(1)-Sephiroth Sacrifice Supplied has lost because life total reached 0
Game Outcome: Ai(2)-Grist Competitive Brawl AetherHub 2026-09 has won because all opponents have lost
Match Result: Ai(1)-Sephiroth Sacrifice Supplied: 9 Ai(2)-Grist Competitive Brawl AetherHub 2026-09: 17

Game Result: Game 26 ended in 3555 ms. Ai(2)-Grist Competitive Brawl AetherHub 2026-09 has won!

Game Outcome: Turn 8
Game Outcome: Ai(1)-Sephiroth Sacrifice Supplied has lost because life total reached 0
Game Outcome: Ai(2)-Grist Competitive Brawl AetherHub 2026-09 has won because all opponents have lost
Match Result: Ai(1)-Sephiroth Sacrifice Supplied: 9 Ai(2)-Grist Competitive Brawl AetherHub 2026-09: 18

Game Result: Game 27 ended in 1908 ms. Ai(2)-Grist Competitive Brawl AetherHub 2026-09 has won!

Game Outcome: Turn 7
Game Outcome: Ai(1)-Sephiroth Sacrifice Supplied has lost because life total reached 0
Game Outcome: Ai(2)-Grist Competitive Brawl AetherHub 2026-09 has won because all opponents have lost
Match Result: Ai(1)-Sephiroth Sacrifice Supplied: 9 Ai(2)-Grist Competitive Brawl AetherHub 2026-09: 19

Game Result: Game 28 ended in 3797 ms. Ai(2)-Grist Competitive Brawl AetherHub 2026-09 has won!

Game Outcome: Turn 9
Game Outcome: Ai(1)-Sephiroth Sacrifice Supplied has lost because life total reached 0
Game Outcome: Ai(2)-Grist Competitive Brawl AetherHub 2026-09 has won because all opponents have lost
Match Result: Ai(1)-Sephiroth Sacrifice Supplied: 9 Ai(2)-Grist Competitive Brawl AetherHub 2026-09: 20

Game Result: Game 29 ended in 8735 ms. Ai(2)-Grist Competitive Brawl AetherHub 2026-09 has won!

Game Outcome: Turn 9
Game Outcome: Ai(1)-Sephiroth Sacrifice Supplied has lost because life total reached 0
Game Outcome: Ai(2)-Grist Competitive Brawl AetherHub 2026-09 has won because all opponents have lost
Match Result: Ai(1)-Sephiroth Sacrifice Supplied: 9 Ai(2)-Grist Competitive Brawl AetherHub 2026-09: 21

Game Result: Game 30 ended in 11466 ms. Ai(2)-Grist Competitive Brawl AetherHub 2026-09 has won!

Game Outcome: Turn 10
Game Outcome: Ai(1)-Sephiroth Sacrifice Supplied has lost because life total reached 0
Game Outcome: Ai(2)-Grist Competitive Brawl AetherHub 2026-09 has won because all opponents have lost
Match Result: Ai(1)-Sephiroth Sacrifice Supplied: 9 Ai(2)-Grist Competitive Brawl AetherHub 2026-09: 22

Game Result: Game 31 ended in 6598 ms. Ai(2)-Grist Competitive Brawl AetherHub 2026-09 has won!

Game Outcome: Turn 5
Game Outcome: Ai(1)-Sephiroth Sacrifice Supplied has won because all opponents have lost
Game Outcome: Ai(2)-Grist Competitive Brawl AetherHub 2026-09 has lost because life total reached 0
Match Result: Ai(1)-Sephiroth Sacrifice Supplied: 10 Ai(2)-Grist Competitive Brawl AetherHub 2026-09: 22

Game Result: Game 32 ended in 2063 ms. Ai(1)-Sephiroth Sacrifice Supplied has won!

Game Outcome: Turn 7
Game Outcome: Ai(1)-Sephiroth Sacrifice Supplied has lost because life total reached 0
Game Outcome: Ai(2)-Grist Competitive Brawl AetherHub 2026-09 has won because all opponents have lost
Match Result: Ai(1)-Sephiroth Sacrifice Supplied: 10 Ai(2)-Grist Competitive Brawl AetherHub 2026-09: 23

Game Result: Game 33 ended in 5246 ms. Ai(2)-Grist Competitive Brawl AetherHub 2026-09 has won!

Game Outcome: Turn 7
Game Outcome: Ai(1)-Sephiroth Sacrifice Supplied has won because all opponents have lost
Game Outcome: Ai(2)-Grist Competitive Brawl AetherHub 2026-09 has lost because life total reached 0
Match Result: Ai(1)-Sephiroth Sacrifice Supplied: 11 Ai(2)-Grist Competitive Brawl AetherHub 2026-09: 23

Game Result: Game 34 ended in 2235 ms. Ai(1)-Sephiroth Sacrifice Supplied has won!

Game Outcome: Turn 14
Game Outcome: Ai(1)-Sephiroth Sacrifice Supplied has lost because life total reached 0
Game Outcome: Ai(2)-Grist Competitive Brawl AetherHub 2026-09 has won because all opponents have lost
Match Result: Ai(1)-Sephiroth Sacrifice Supplied: 11 Ai(2)-Grist Competitive Brawl AetherHub 2026-09: 24

Game Result: Game 35 ended in 17826 ms. Ai(2)-Grist Competitive Brawl AetherHub 2026-09 has won!

Game Outcome: Turn 7
Game Outcome: Ai(1)-Sephiroth Sacrifice Supplied has won because all opponents have lost
Game Outcome: Ai(2)-Grist Competitive Brawl AetherHub 2026-09 has lost because life total reached 0
Match Result: Ai(1)-Sephiroth Sacrifice Supplied: 12 Ai(2)-Grist Competitive Brawl AetherHub 2026-09: 24

Game Result: Game 36 ended in 1437 ms. Ai(1)-Sephiroth Sacrifice Supplied has won!

Game Outcome: Turn 15
Game Outcome: Ai(1)-Sephiroth Sacrifice Supplied has lost because life total reached 0
Game Outcome: Ai(2)-Grist Competitive Brawl AetherHub 2026-09 has won because all opponents have lost
Match Result: Ai(1)-Sephiroth Sacrifice Supplied: 12 Ai(2)-Grist Competitive Brawl AetherHub 2026-09: 25

Game Result: Game 37 ended in 7416 ms. Ai(2)-Grist Competitive Brawl AetherHub 2026-09 has won!

Game Outcome: Turn 7
Game Outcome: Ai(1)-Sephiroth Sacrifice Supplied has won because all opponents have lost
Game Outcome: Ai(2)-Grist Competitive Brawl AetherHub 2026-09 has lost because life total reached 0
Match Result: Ai(1)-Sephiroth Sacrifice Supplied: 13 Ai(2)-Grist Competitive Brawl AetherHub 2026-09: 25

Game Result: Game 38 ended in 1135 ms. Ai(1)-Sephiroth Sacrifice Supplied has won!

Game Outcome: Turn 8
Game Outcome: Ai(1)-Sephiroth Sacrifice Supplied has lost because life total reached 0
Game Outcome: Ai(2)-Grist Competitive Brawl AetherHub 2026-09 has won because all opponents have lost
Match Result: Ai(1)-Sephiroth Sacrifice Supplied: 13 Ai(2)-Grist Competitive Brawl AetherHub 2026-09: 26

Game Result: Game 39 ended in 2849 ms. Ai(2)-Grist Competitive Brawl AetherHub 2026-09 has won!

Game Outcome: Turn 6
Game Outcome: Ai(1)-Sephiroth Sacrifice Supplied has lost because life total reached 0
Game Outcome: Ai(2)-Grist Competitive Brawl AetherHub 2026-09 has won because all opponents have lost
Match Result: Ai(1)-Sephiroth Sacrifice Supplied: 13 Ai(2)-Grist Competitive Brawl AetherHub 2026-09: 27

Game Result: Game 40 ended in 1308 ms. Ai(2)-Grist Competitive Brawl AetherHub 2026-09 has won!

Game Outcome: Turn 6
Game Outcome: Ai(1)-Sephiroth Sacrifice Supplied has lost because life total reached 0
Game Outcome: Ai(2)-Grist Competitive Brawl AetherHub 2026-09 has won because all opponents have lost
Match Result: Ai(1)-Sephiroth Sacrifice Supplied: 13 Ai(2)-Grist Competitive Brawl AetherHub 2026-09: 28

Game Result: Game 41 ended in 1550 ms. Ai(2)-Grist Competitive Brawl AetherHub 2026-09 has won!

Game Outcome: Turn 9
Game Outcome: Ai(1)-Sephiroth Sacrifice Supplied has lost because life total reached 0
Game Outcome: Ai(2)-Grist Competitive Brawl AetherHub 2026-09 has won because all opponents have lost
Match Result: Ai(1)-Sephiroth Sacrifice Supplied: 13 Ai(2)-Grist Competitive Brawl AetherHub 2026-09: 29

Game Result: Game 42 ended in 15487 ms. Ai(2)-Grist Competitive Brawl AetherHub 2026-09 has won!

Game Outcome: Turn 9
Game Outcome: Ai(1)-Sephiroth Sacrifice Supplied has lost because life total reached 0
Game Outcome: Ai(2)-Grist Competitive Brawl AetherHub 2026-09 has won because all opponents have lost
Match Result: Ai(1)-Sephiroth Sacrifice Supplied: 13 Ai(2)-Grist Competitive Brawl AetherHub 2026-09: 30

Game Result: Game 43 ended in 2139 ms. Ai(2)-Grist Competitive Brawl AetherHub 2026-09 has won!

Game Outcome: Turn 10
Game Outcome: Ai(1)-Sephiroth Sacrifice Supplied has lost because life total reached 0
Game Outcome: Ai(2)-Grist Competitive Brawl AetherHub 2026-09 has won because all opponents have lost
Match Result: Ai(1)-Sephiroth Sacrifice Supplied: 13 Ai(2)-Grist Competitive Brawl AetherHub 2026-09: 31

Game Result: Game 44 ended in 7666 ms. Ai(2)-Grist Competitive Brawl AetherHub 2026-09 has won!

Game Outcome: Turn 12
Game Outcome: Ai(1)-Sephiroth Sacrifice Supplied has won because all opponents have lost
Game Outcome: Ai(2)-Grist Competitive Brawl AetherHub 2026-09 has lost because life total reached 0
Match Result: Ai(1)-Sephiroth Sacrifice Supplied: 14 Ai(2)-Grist Competitive Brawl AetherHub 2026-09: 31

Game Result: Game 45 ended in 3496 ms. Ai(1)-Sephiroth Sacrifice Supplied has won!

Game Outcome: Turn 9
Game Outcome: Ai(1)-Sephiroth Sacrifice Supplied has lost because life total reached 0
Game Outcome: Ai(2)-Grist Competitive Brawl AetherHub 2026-09 has won because all opponents have lost
Match Result: Ai(1)-Sephiroth Sacrifice Supplied: 14 Ai(2)-Grist Competitive Brawl AetherHub 2026-09: 32

Game Result: Game 46 ended in 3804 ms. Ai(2)-Grist Competitive Brawl AetherHub 2026-09 has won!

Game Outcome: Turn 6
Game Outcome: Ai(1)-Sephiroth Sacrifice Supplied has won because all opponents have lost
Game Outcome: Ai(2)-Grist Competitive Brawl AetherHub 2026-09 has lost because life total reached 0
Match Result: Ai(1)-Sephiroth Sacrifice Supplied: 15 Ai(2)-Grist Competitive Brawl AetherHub 2026-09: 32

Game Result: Game 47 ended in 2233 ms. Ai(1)-Sephiroth Sacrifice Supplied has won!

Game Outcome: Turn 11
Game Outcome: Ai(1)-Sephiroth Sacrifice Supplied has won because all opponents have lost
Game Outcome: Ai(2)-Grist Competitive Brawl AetherHub 2026-09 has lost because life total reached 0
Match Result: Ai(1)-Sephiroth Sacrifice Supplied: 16 Ai(2)-Grist Competitive Brawl AetherHub 2026-09: 32

Game Result: Game 48 ended in 4571 ms. Ai(1)-Sephiroth Sacrifice Supplied has won!

Game Outcome: Turn 8
Game Outcome: Ai(1)-Sephiroth Sacrifice Supplied has lost because life total reached 0
Game Outcome: Ai(2)-Grist Competitive Brawl AetherHub 2026-09 has won because all opponents have lost
Match Result: Ai(1)-Sephiroth Sacrifice Supplied: 16 Ai(2)-Grist Competitive Brawl AetherHub 2026-09: 33

Game Result: Game 49 ended in 3364 ms. Ai(2)-Grist Competitive Brawl AetherHub 2026-09 has won!

Game Outcome: Turn 11
Game Outcome: Ai(1)-Sephiroth Sacrifice Supplied has lost because life total reached 0
Game Outcome: Ai(2)-Grist Competitive Brawl AetherHub 2026-09 has won because all opponents have lost
Match Result: Ai(1)-Sephiroth Sacrifice Supplied: 16 Ai(2)-Grist Competitive Brawl AetherHub 2026-09: 34

Game Result: Game 50 ended in 3073 ms. Ai(2)-Grist Competitive Brawl AetherHub 2026-09 has won!
