Error handling registered!
19:02:19 [INFO ] GuiBase: ##########################################
19:02:19 [INFO ] GuiBase: APP: Forge v.2.0.14-SNAPSHOT-08.08
19:02:19 [INFO ] GuiBase: Java: 17.0.17 (Homebrew)
19:02:19 [INFO ] GuiBase: OS: Mac OS X 15.5 aarch64
19:02:19 [INFO ] GuiBase: RAM: 4096 MB max, 8 CPUs
19:02:19 [INFO ] GuiBase: ##########################################
Language 'en-US' loaded successfully.
(ThreadUtil first call): Running with priority 5
Read cards: 33617 archived files in 1 ms (25 parts) using thread pool
Upcoming set Star Trek (TRK) dated in the future. All `upcoming` cards will be added to this set with unknown rarity.
The card A-Alrund's Epiphany was not assigned to any set. Adding it to UNKNOWN set... to fix see res/editions/ folder.
The card A-Baba Lysaga, Night Witch was not assigned to any set. Adding it to UNKNOWN set... to fix see res/editions/ folder.
The card A-Divide by Zero was not assigned to any set. Adding it to UNKNOWN set... to fix see res/editions/ folder.
The card A-Esika's Chariot was not assigned to any set. Adding it to UNKNOWN set... to fix see res/editions/ folder.
The card A-Faceless Haven was not assigned to any set. Adding it to UNKNOWN set... to fix see res/editions/ folder.
The card A-Fires of Invention was not assigned to any set. Adding it to UNKNOWN set... to fix see res/editions/ folder.
The card A-Goldspan Dragon was not assigned to any set. Adding it to UNKNOWN set... to fix see res/editions/ folder.
The card A-Hullbreaker Horror was not assigned to any set. Adding it to UNKNOWN set... to fix see res/editions/ folder.
The card A-Kumano Faces Kakkazan was not assigned to any set. Adding it to UNKNOWN set... to fix see res/editions/ folder.
The card A-Luminarch Aspirant was not assigned to any set. Adding it to UNKNOWN set... to fix see res/editions/ folder.
The card A-Monster Manual was not assigned to any set. Adding it to UNKNOWN set... to fix see res/editions/ folder.
The card A-Omnath, Locus of Creation was not assigned to any set. Adding it to UNKNOWN set... to fix see res/editions/ folder.
The card A-The Meathook Massacre was not assigned to any set. Adding it to UNKNOWN set... to fix see res/editions/ folder.
The card A-Unholy Heat was not assigned to any set. Adding it to UNKNOWN set... to fix see res/editions/ folder.
The card Blinding Radiance was not assigned to any set. Adding it to UNKNOWN set... to fix see res/editions/ folder.
The card Goblin Bruiser was not assigned to any set. Adding it to UNKNOWN set... to fix see res/editions/ folder.
The card Ogre Painbringer was not assigned to any set. Adding it to UNKNOWN set... to fix see res/editions/ folder.
The card Titanic Pelagosaur was not assigned to any set. Adding it to UNKNOWN set... to fix see res/editions/ folder.
The card Treetop Recluse was not assigned to any set. Adding it to UNKNOWN set... to fix see res/editions/ folder.
Upcoming set Star Trek (TRK) dated in the future. All `upcoming` cards will be added to this set with unknown rarity.
Read cards: 836 files in 0 ms (8 parts) using thread pool
Simulation mode
Ai(1)-Rofellos, Llanowar Emissary Competitive Brawl BrawlREC 2026-07 vs Ai(2)-Lathril Alternate Supplied - fifty  games of Brawl seed 33038
Game Outcome: Turn 7
Game Outcome: Ai(1)-Rofellos, Llanowar Emissary Competitive Brawl BrawlREC 2026-07 has lost because life total reached 0
Game Outcome: Ai(2)-Lathril Alternate Supplied has won because all opponents have lost
Match Result: Ai(1)-Rofellos, Llanowar Emissary Competitive Brawl BrawlREC 2026-07: 0 Ai(2)-Lathril Alternate Supplied: 1

Game Result: Game 1 ended in 14750 ms. Ai(2)-Lathril Alternate Supplied has won!

Game Outcome: Turn 6
Game Outcome: Ai(1)-Rofellos, Llanowar Emissary Competitive Brawl BrawlREC 2026-07 has lost because life total reached 0
Game Outcome: Ai(2)-Lathril Alternate Supplied has won because all opponents have lost
Match Result: Ai(1)-Rofellos, Llanowar Emissary Competitive Brawl BrawlREC 2026-07: 0 Ai(2)-Lathril Alternate Supplied: 2

Game Result: Game 2 ended in 2812 ms. Ai(2)-Lathril Alternate Supplied has won!

Game Outcome: Turn 6
Game Outcome: Ai(1)-Rofellos, Llanowar Emissary Competitive Brawl BrawlREC 2026-07 has won because all opponents have lost
Game Outcome: Ai(2)-Lathril Alternate Supplied has lost because life total reached 0
Match Result: Ai(1)-Rofellos, Llanowar Emissary Competitive Brawl BrawlREC 2026-07: 1 Ai(2)-Lathril Alternate Supplied: 2

Game Result: Game 3 ended in 2794 ms. Ai(1)-Rofellos, Llanowar Emissary Competitive Brawl BrawlREC 2026-07 has won!

Game Outcome: Turn 7
Game Outcome: Ai(1)-Rofellos, Llanowar Emissary Competitive Brawl BrawlREC 2026-07 has won because all opponents have lost
Game Outcome: Ai(2)-Lathril Alternate Supplied has lost because life total reached 0
Match Result: Ai(1)-Rofellos, Llanowar Emissary Competitive Brawl BrawlREC 2026-07: 2 Ai(2)-Lathril Alternate Supplied: 2

Game Result: Game 4 ended in 3461 ms. Ai(1)-Rofellos, Llanowar Emissary Competitive Brawl BrawlREC 2026-07 has won!

Game Outcome: Turn 12
Game Outcome: Ai(1)-Rofellos, Llanowar Emissary Competitive Brawl BrawlREC 2026-07 has lost because life total reached 0
Game Outcome: Ai(2)-Lathril Alternate Supplied has won because all opponents have lost
Match Result: Ai(1)-Rofellos, Llanowar Emissary Competitive Brawl BrawlREC 2026-07: 2 Ai(2)-Lathril Alternate Supplied: 3

Game Result: Game 5 ended in 8091 ms. Ai(2)-Lathril Alternate Supplied has won!

Game Outcome: Turn 9
Game Outcome: Ai(1)-Rofellos, Llanowar Emissary Competitive Brawl BrawlREC 2026-07 has won because all opponents have lost
Game Outcome: Ai(2)-Lathril Alternate Supplied has lost because life total reached 0
Match Result: Ai(1)-Rofellos, Llanowar Emissary Competitive Brawl BrawlREC 2026-07: 3 Ai(2)-Lathril Alternate Supplied: 3

Game Result: Game 6 ended in 4818 ms. Ai(1)-Rofellos, Llanowar Emissary Competitive Brawl BrawlREC 2026-07 has won!

Game Outcome: Turn 6
Game Outcome: Ai(1)-Rofellos, Llanowar Emissary Competitive Brawl BrawlREC 2026-07 has won because all opponents have lost
Game Outcome: Ai(2)-Lathril Alternate Supplied has lost because life total reached 0
Match Result: Ai(1)-Rofellos, Llanowar Emissary Competitive Brawl BrawlREC 2026-07: 4 Ai(2)-Lathril Alternate Supplied: 3

Game Result: Game 7 ended in 1639 ms. Ai(1)-Rofellos, Llanowar Emissary Competitive Brawl BrawlREC 2026-07 has won!

Game Outcome: Turn 5
Game Outcome: Ai(1)-Rofellos, Llanowar Emissary Competitive Brawl BrawlREC 2026-07 has won because all opponents have lost
Game Outcome: Ai(2)-Lathril Alternate Supplied has lost because life total reached 0
Match Result: Ai(1)-Rofellos, Llanowar Emissary Competitive Brawl BrawlREC 2026-07: 5 Ai(2)-Lathril Alternate Supplied: 3

Game Result: Game 8 ended in 1921 ms. Ai(1)-Rofellos, Llanowar Emissary Competitive Brawl BrawlREC 2026-07 has won!

Game Outcome: Turn 8
Game Outcome: Ai(1)-Rofellos, Llanowar Emissary Competitive Brawl BrawlREC 2026-07 has won because all opponents have lost
Game Outcome: Ai(2)-Lathril Alternate Supplied has lost because life total reached 0
Match Result: Ai(1)-Rofellos, Llanowar Emissary Competitive Brawl BrawlREC 2026-07: 6 Ai(2)-Lathril Alternate Supplied: 3

Game Result: Game 9 ended in 2366 ms. Ai(1)-Rofellos, Llanowar Emissary Competitive Brawl BrawlREC 2026-07 has won!

Game Outcome: Turn 9
Game Outcome: Ai(1)-Rofellos, Llanowar Emissary Competitive Brawl BrawlREC 2026-07 has lost because life total reached 0
Game Outcome: Ai(2)-Lathril Alternate Supplied has won because all opponents have lost
Match Result: Ai(1)-Rofellos, Llanowar Emissary Competitive Brawl BrawlREC 2026-07: 6 Ai(2)-Lathril Alternate Supplied: 4

Game Result: Game 10 ended in 4417 ms. Ai(2)-Lathril Alternate Supplied has won!

Game Outcome: Turn 6
Game Outcome: Ai(1)-Rofellos, Llanowar Emissary Competitive Brawl BrawlREC 2026-07 has won because all opponents have lost
Game Outcome: Ai(2)-Lathril Alternate Supplied has lost because life total reached 0
Match Result: Ai(1)-Rofellos, Llanowar Emissary Competitive Brawl BrawlREC 2026-07: 7 Ai(2)-Lathril Alternate Supplied: 4

Game Result: Game 11 ended in 2391 ms. Ai(1)-Rofellos, Llanowar Emissary Competitive Brawl BrawlREC 2026-07 has won!

Game Outcome: Turn 7
Game Outcome: Ai(1)-Rofellos, Llanowar Emissary Competitive Brawl BrawlREC 2026-07 has lost because life total reached 0
Game Outcome: Ai(2)-Lathril Alternate Supplied has won because all opponents have lost
Match Result: Ai(1)-Rofellos, Llanowar Emissary Competitive Brawl BrawlREC 2026-07: 7 Ai(2)-Lathril Alternate Supplied: 5

Game Result: Game 12 ended in 1348 ms. Ai(2)-Lathril Alternate Supplied has won!

Game Outcome: Turn 7
Game Outcome: Ai(1)-Rofellos, Llanowar Emissary Competitive Brawl BrawlREC 2026-07 has lost because life total reached 0
Game Outcome: Ai(2)-Lathril Alternate Supplied has won because all opponents have lost
Match Result: Ai(1)-Rofellos, Llanowar Emissary Competitive Brawl BrawlREC 2026-07: 7 Ai(2)-Lathril Alternate Supplied: 6

Game Result: Game 13 ended in 2801 ms. Ai(2)-Lathril Alternate Supplied has won!

Game Outcome: Turn 7
Game Outcome: Ai(1)-Rofellos, Llanowar Emissary Competitive Brawl BrawlREC 2026-07 has won because all opponents have lost
Game Outcome: Ai(2)-Lathril Alternate Supplied has lost because life total reached 0
Match Result: Ai(1)-Rofellos, Llanowar Emissary Competitive Brawl BrawlREC 2026-07: 8 Ai(2)-Lathril Alternate Supplied: 6

Game Result: Game 14 ended in 4313 ms. Ai(1)-Rofellos, Llanowar Emissary Competitive Brawl BrawlREC 2026-07 has won!

Game Outcome: Turn 6
Game Outcome: Ai(1)-Rofellos, Llanowar Emissary Competitive Brawl BrawlREC 2026-07 has won because all opponents have lost
Game Outcome: Ai(2)-Lathril Alternate Supplied has lost because life total reached 0
Match Result: Ai(1)-Rofellos, Llanowar Emissary Competitive Brawl BrawlREC 2026-07: 9 Ai(2)-Lathril Alternate Supplied: 6

Game Result: Game 15 ended in 1783 ms. Ai(1)-Rofellos, Llanowar Emissary Competitive Brawl BrawlREC 2026-07 has won!

Game Outcome: Turn 8
Game Outcome: Ai(1)-Rofellos, Llanowar Emissary Competitive Brawl BrawlREC 2026-07 has won because all opponents have lost
Game Outcome: Ai(2)-Lathril Alternate Supplied has lost because life total reached 0
Match Result: Ai(1)-Rofellos, Llanowar Emissary Competitive Brawl BrawlREC 2026-07: 10 Ai(2)-Lathril Alternate Supplied: 6

Game Result: Game 16 ended in 17554 ms. Ai(1)-Rofellos, Llanowar Emissary Competitive Brawl BrawlREC 2026-07 has won!

Game Outcome: Turn 7
Game Outcome: Ai(1)-Rofellos, Llanowar Emissary Competitive Brawl BrawlREC 2026-07 has won because all opponents have lost
Game Outcome: Ai(2)-Lathril Alternate Supplied has lost because life total reached 0
Match Result: Ai(1)-Rofellos, Llanowar Emissary Competitive Brawl BrawlREC 2026-07: 11 Ai(2)-Lathril Alternate Supplied: 6

Game Result: Game 17 ended in 2569 ms. Ai(1)-Rofellos, Llanowar Emissary Competitive Brawl BrawlREC 2026-07 has won!

Game Outcome: Turn 9
Game Outcome: Ai(1)-Rofellos, Llanowar Emissary Competitive Brawl BrawlREC 2026-07 has won because all opponents have lost
Game Outcome: Ai(2)-Lathril Alternate Supplied has lost because life total reached 0
Match Result: Ai(1)-Rofellos, Llanowar Emissary Competitive Brawl BrawlREC 2026-07: 12 Ai(2)-Lathril Alternate Supplied: 6

Game Result: Game 18 ended in 11823 ms. Ai(1)-Rofellos, Llanowar Emissary Competitive Brawl BrawlREC 2026-07 has won!

Game Outcome: Turn 6
Game Outcome: Ai(1)-Rofellos, Llanowar Emissary Competitive Brawl BrawlREC 2026-07 has lost because life total reached 0
Game Outcome: Ai(2)-Lathril Alternate Supplied has won because all opponents have lost
Match Result: Ai(1)-Rofellos, Llanowar Emissary Competitive Brawl BrawlREC 2026-07: 12 Ai(2)-Lathril Alternate Supplied: 7

Game Result: Game 19 ended in 1357 ms. Ai(2)-Lathril Alternate Supplied has won!

Game Outcome: Turn 6
Game Outcome: Ai(1)-Rofellos, Llanowar Emissary Competitive Brawl BrawlREC 2026-07 has lost because life total reached 0
Game Outcome: Ai(2)-Lathril Alternate Supplied has won because all opponents have lost
Match Result: Ai(1)-Rofellos, Llanowar Emissary Competitive Brawl BrawlREC 2026-07: 12 Ai(2)-Lathril Alternate Supplied: 8

Game Result: Game 20 ended in 1735 ms. Ai(2)-Lathril Alternate Supplied has won!

Game Outcome: Turn 7
Game Outcome: Ai(1)-Rofellos, Llanowar Emissary Competitive Brawl BrawlREC 2026-07 has won because all opponents have lost
Game Outcome: Ai(2)-Lathril Alternate Supplied has lost because life total reached 0
Match Result: Ai(1)-Rofellos, Llanowar Emissary Competitive Brawl BrawlREC 2026-07: 13 Ai(2)-Lathril Alternate Supplied: 8

Game Result: Game 21 ended in 6783 ms. Ai(1)-Rofellos, Llanowar Emissary Competitive Brawl BrawlREC 2026-07 has won!

Game Outcome: Turn 8
Game Outcome: Ai(1)-Rofellos, Llanowar Emissary Competitive Brawl BrawlREC 2026-07 has won because all opponents have lost
Game Outcome: Ai(2)-Lathril Alternate Supplied has lost because life total reached 0
Match Result: Ai(1)-Rofellos, Llanowar Emissary Competitive Brawl BrawlREC 2026-07: 14 Ai(2)-Lathril Alternate Supplied: 8

Game Result: Game 22 ended in 11290 ms. Ai(1)-Rofellos, Llanowar Emissary Competitive Brawl BrawlREC 2026-07 has won!

Game Outcome: Turn 7
Game Outcome: Ai(1)-Rofellos, Llanowar Emissary Competitive Brawl BrawlREC 2026-07 has won because all opponents have lost
Game Outcome: Ai(2)-Lathril Alternate Supplied has lost because life total reached 0
Match Result: Ai(1)-Rofellos, Llanowar Emissary Competitive Brawl BrawlREC 2026-07: 15 Ai(2)-Lathril Alternate Supplied: 8

Game Result: Game 23 ended in 4232 ms. Ai(1)-Rofellos, Llanowar Emissary Competitive Brawl BrawlREC 2026-07 has won!

Game Outcome: Turn 7
Game Outcome: Ai(1)-Rofellos, Llanowar Emissary Competitive Brawl BrawlREC 2026-07 has won because all opponents have lost
Game Outcome: Ai(2)-Lathril Alternate Supplied has lost because life total reached 0
Match Result: Ai(1)-Rofellos, Llanowar Emissary Competitive Brawl BrawlREC 2026-07: 16 Ai(2)-Lathril Alternate Supplied: 8

Game Result: Game 24 ended in 1753 ms. Ai(1)-Rofellos, Llanowar Emissary Competitive Brawl BrawlREC 2026-07 has won!

Game Outcome: Turn 6
Game Outcome: Ai(1)-Rofellos, Llanowar Emissary Competitive Brawl BrawlREC 2026-07 has won because all opponents have lost
Game Outcome: Ai(2)-Lathril Alternate Supplied has lost because life total reached 0
Match Result: Ai(1)-Rofellos, Llanowar Emissary Competitive Brawl BrawlREC 2026-07: 17 Ai(2)-Lathril Alternate Supplied: 8

Game Result: Game 25 ended in 21075 ms. Ai(1)-Rofellos, Llanowar Emissary Competitive Brawl BrawlREC 2026-07 has won!

Game Outcome: Turn 9
Game Outcome: Ai(1)-Rofellos, Llanowar Emissary Competitive Brawl BrawlREC 2026-07 has won because all opponents have lost
Game Outcome: Ai(2)-Lathril Alternate Supplied has lost because life total reached 0
Match Result: Ai(1)-Rofellos, Llanowar Emissary Competitive Brawl BrawlREC 2026-07: 18 Ai(2)-Lathril Alternate Supplied: 8

Game Result: Game 26 ended in 4774 ms. Ai(1)-Rofellos, Llanowar Emissary Competitive Brawl BrawlREC 2026-07 has won!

Moving spell to Library
Game Outcome: Turn 7
Game Outcome: Ai(1)-Rofellos, Llanowar Emissary Competitive Brawl BrawlREC 2026-07 has lost because life total reached 0
Game Outcome: Ai(2)-Lathril Alternate Supplied has won because all opponents have lost
Match Result: Ai(1)-Rofellos, Llanowar Emissary Competitive Brawl BrawlREC 2026-07: 18 Ai(2)-Lathril Alternate Supplied: 9

Game Result: Game 27 ended in 1160 ms. Ai(2)-Lathril Alternate Supplied has won!

Game Outcome: Turn 6
Game Outcome: Ai(1)-Rofellos, Llanowar Emissary Competitive Brawl BrawlREC 2026-07 has won because all opponents have lost
Game Outcome: Ai(2)-Lathril Alternate Supplied has lost because life total reached 0
Match Result: Ai(1)-Rofellos, Llanowar Emissary Competitive Brawl BrawlREC 2026-07: 19 Ai(2)-Lathril Alternate Supplied: 9

Game Result: Game 28 ended in 1190 ms. Ai(1)-Rofellos, Llanowar Emissary Competitive Brawl BrawlREC 2026-07 has won!

Moving spell to Library
Game Outcome: Turn 6
Game Outcome: Ai(1)-Rofellos, Llanowar Emissary Competitive Brawl BrawlREC 2026-07 has won because all opponents have lost
Game Outcome: Ai(2)-Lathril Alternate Supplied has lost because life total reached 0
Match Result: Ai(1)-Rofellos, Llanowar Emissary Competitive Brawl BrawlREC 2026-07: 20 Ai(2)-Lathril Alternate Supplied: 9

Game Result: Game 29 ended in 2066 ms. Ai(1)-Rofellos, Llanowar Emissary Competitive Brawl BrawlREC 2026-07 has won!

Game Outcome: Turn 6
Game Outcome: Ai(1)-Rofellos, Llanowar Emissary Competitive Brawl BrawlREC 2026-07 has won because all opponents have lost
Game Outcome: Ai(2)-Lathril Alternate Supplied has lost because life total reached 0
Match Result: Ai(1)-Rofellos, Llanowar Emissary Competitive Brawl BrawlREC 2026-07: 21 Ai(2)-Lathril Alternate Supplied: 9

Game Result: Game 30 ended in 2077 ms. Ai(1)-Rofellos, Llanowar Emissary Competitive Brawl BrawlREC 2026-07 has won!

Game Outcome: Turn 7
Game Outcome: Ai(1)-Rofellos, Llanowar Emissary Competitive Brawl BrawlREC 2026-07 has won because all opponents have lost
Game Outcome: Ai(2)-Lathril Alternate Supplied has lost because life total reached 0
Match Result: Ai(1)-Rofellos, Llanowar Emissary Competitive Brawl BrawlREC 2026-07: 22 Ai(2)-Lathril Alternate Supplied: 9

Game Result: Game 31 ended in 1926 ms. Ai(1)-Rofellos, Llanowar Emissary Competitive Brawl BrawlREC 2026-07 has won!

Game Outcome: Turn 9
Game Outcome: Ai(1)-Rofellos, Llanowar Emissary Competitive Brawl BrawlREC 2026-07 has won because all opponents have lost
Game Outcome: Ai(2)-Lathril Alternate Supplied has lost because life total reached 0
Match Result: Ai(1)-Rofellos, Llanowar Emissary Competitive Brawl BrawlREC 2026-07: 23 Ai(2)-Lathril Alternate Supplied: 9

Game Result: Game 32 ended in 12803 ms. Ai(1)-Rofellos, Llanowar Emissary Competitive Brawl BrawlREC 2026-07 has won!

Game Outcome: Turn 6
Game Outcome: Ai(1)-Rofellos, Llanowar Emissary Competitive Brawl BrawlREC 2026-07 has won because all opponents have lost
Game Outcome: Ai(2)-Lathril Alternate Supplied has lost because life total reached 0
Match Result: Ai(1)-Rofellos, Llanowar Emissary Competitive Brawl BrawlREC 2026-07: 24 Ai(2)-Lathril Alternate Supplied: 9

Game Result: Game 33 ended in 1077 ms. Ai(1)-Rofellos, Llanowar Emissary Competitive Brawl BrawlREC 2026-07 has won!

Game Outcome: Turn 8
Game Outcome: Ai(1)-Rofellos, Llanowar Emissary Competitive Brawl BrawlREC 2026-07 has lost because life total reached 0
Game Outcome: Ai(2)-Lathril Alternate Supplied has won because all opponents have lost
Match Result: Ai(1)-Rofellos, Llanowar Emissary Competitive Brawl BrawlREC 2026-07: 24 Ai(2)-Lathril Alternate Supplied: 10

Game Result: Game 34 ended in 2147 ms. Ai(2)-Lathril Alternate Supplied has won!

Game Outcome: Turn 6
Game Outcome: Ai(1)-Rofellos, Llanowar Emissary Competitive Brawl BrawlREC 2026-07 has lost because life total reached 0
Game Outcome: Ai(2)-Lathril Alternate Supplied has won because all opponents have lost
Match Result: Ai(1)-Rofellos, Llanowar Emissary Competitive Brawl BrawlREC 2026-07: 24 Ai(2)-Lathril Alternate Supplied: 11

Game Result: Game 35 ended in 3106 ms. Ai(2)-Lathril Alternate Supplied has won!

Game Outcome: Turn 8
Game Outcome: Ai(1)-Rofellos, Llanowar Emissary Competitive Brawl BrawlREC 2026-07 has lost because life total reached 0
Game Outcome: Ai(2)-Lathril Alternate Supplied has won because all opponents have lost
Match Result: Ai(1)-Rofellos, Llanowar Emissary Competitive Brawl BrawlREC 2026-07: 24 Ai(2)-Lathril Alternate Supplied: 12

Game Result: Game 36 ended in 6365 ms. Ai(2)-Lathril Alternate Supplied has won!

Moving spell to Library
Game Outcome: Turn 9
Game Outcome: Ai(1)-Rofellos, Llanowar Emissary Competitive Brawl BrawlREC 2026-07 has won because all opponents have lost
Game Outcome: Ai(2)-Lathril Alternate Supplied has lost because life total reached 0
Match Result: Ai(1)-Rofellos, Llanowar Emissary Competitive Brawl BrawlREC 2026-07: 25 Ai(2)-Lathril Alternate Supplied: 12

Game Result: Game 37 ended in 4006 ms. Ai(1)-Rofellos, Llanowar Emissary Competitive Brawl BrawlREC 2026-07 has won!

Game Outcome: Turn 7
Game Outcome: Ai(1)-Rofellos, Llanowar Emissary Competitive Brawl BrawlREC 2026-07 has lost because life total reached 0
Game Outcome: Ai(2)-Lathril Alternate Supplied has won because all opponents have lost
Match Result: Ai(1)-Rofellos, Llanowar Emissary Competitive Brawl BrawlREC 2026-07: 25 Ai(2)-Lathril Alternate Supplied: 13

Game Result: Game 38 ended in 1719 ms. Ai(2)-Lathril Alternate Supplied has won!

Moving spell to Library
Game Outcome: Turn 9
Game Outcome: Ai(1)-Rofellos, Llanowar Emissary Competitive Brawl BrawlREC 2026-07 has won because all opponents have lost
Game Outcome: Ai(2)-Lathril Alternate Supplied has lost because life total reached 0
Match Result: Ai(1)-Rofellos, Llanowar Emissary Competitive Brawl BrawlREC 2026-07: 26 Ai(2)-Lathril Alternate Supplied: 13

Game Result: Game 39 ended in 2408 ms. Ai(1)-Rofellos, Llanowar Emissary Competitive Brawl BrawlREC 2026-07 has won!

Game Outcome: Turn 6
Game Outcome: Ai(1)-Rofellos, Llanowar Emissary Competitive Brawl BrawlREC 2026-07 has won because all opponents have lost
Game Outcome: Ai(2)-Lathril Alternate Supplied has lost because life total reached 0
Match Result: Ai(1)-Rofellos, Llanowar Emissary Competitive Brawl BrawlREC 2026-07: 27 Ai(2)-Lathril Alternate Supplied: 13

Game Result: Game 40 ended in 1228 ms. Ai(1)-Rofellos, Llanowar Emissary Competitive Brawl BrawlREC 2026-07 has won!

Game Outcome: Turn 6
Game Outcome: Ai(1)-Rofellos, Llanowar Emissary Competitive Brawl BrawlREC 2026-07 has lost because life total reached 0
Game Outcome: Ai(2)-Lathril Alternate Supplied has won because all opponents have lost
Match Result: Ai(1)-Rofellos, Llanowar Emissary Competitive Brawl BrawlREC 2026-07: 27 Ai(2)-Lathril Alternate Supplied: 14

Game Result: Game 41 ended in 810 ms. Ai(2)-Lathril Alternate Supplied has won!

Game Outcome: Turn 8
Game Outcome: Ai(1)-Rofellos, Llanowar Emissary Competitive Brawl BrawlREC 2026-07 has won because all opponents have lost
Game Outcome: Ai(2)-Lathril Alternate Supplied has lost because life total reached 0
Match Result: Ai(1)-Rofellos, Llanowar Emissary Competitive Brawl BrawlREC 2026-07: 28 Ai(2)-Lathril Alternate Supplied: 14

Game Result: Game 42 ended in 1617 ms. Ai(1)-Rofellos, Llanowar Emissary Competitive Brawl BrawlREC 2026-07 has won!

Game Outcome: Turn 8
Game Outcome: Ai(1)-Rofellos, Llanowar Emissary Competitive Brawl BrawlREC 2026-07 has won because all opponents have lost
Game Outcome: Ai(2)-Lathril Alternate Supplied has lost because life total reached 0
Match Result: Ai(1)-Rofellos, Llanowar Emissary Competitive Brawl BrawlREC 2026-07: 29 Ai(2)-Lathril Alternate Supplied: 14

Game Result: Game 43 ended in 3012 ms. Ai(1)-Rofellos, Llanowar Emissary Competitive Brawl BrawlREC 2026-07 has won!

Game Outcome: Turn 7
Game Outcome: Ai(1)-Rofellos, Llanowar Emissary Competitive Brawl BrawlREC 2026-07 has won because all opponents have lost
Game Outcome: Ai(2)-Lathril Alternate Supplied has lost because life total reached 0
Match Result: Ai(1)-Rofellos, Llanowar Emissary Competitive Brawl BrawlREC 2026-07: 30 Ai(2)-Lathril Alternate Supplied: 14

Game Result: Game 44 ended in 9639 ms. Ai(1)-Rofellos, Llanowar Emissary Competitive Brawl BrawlREC 2026-07 has won!

Game Outcome: Turn 9
Game Outcome: Ai(1)-Rofellos, Llanowar Emissary Competitive Brawl BrawlREC 2026-07 has lost because life total reached 0
Game Outcome: Ai(2)-Lathril Alternate Supplied has won because all opponents have lost
Match Result: Ai(1)-Rofellos, Llanowar Emissary Competitive Brawl BrawlREC 2026-07: 30 Ai(2)-Lathril Alternate Supplied: 15

Game Result: Game 45 ended in 1093 ms. Ai(2)-Lathril Alternate Supplied has won!

Moving spell to Library
Game Outcome: Turn 9
Game Outcome: Ai(1)-Rofellos, Llanowar Emissary Competitive Brawl BrawlREC 2026-07 has lost because life total reached 0
Game Outcome: Ai(2)-Lathril Alternate Supplied has won because all opponents have lost
Match Result: Ai(1)-Rofellos, Llanowar Emissary Competitive Brawl BrawlREC 2026-07: 30 Ai(2)-Lathril Alternate Supplied: 16

Game Result: Game 46 ended in 3911 ms. Ai(2)-Lathril Alternate Supplied has won!

Game Outcome: Turn 7
Game Outcome: Ai(1)-Rofellos, Llanowar Emissary Competitive Brawl BrawlREC 2026-07 has lost because life total reached 0
Game Outcome: Ai(2)-Lathril Alternate Supplied has won because all opponents have lost
Match Result: Ai(1)-Rofellos, Llanowar Emissary Competitive Brawl BrawlREC 2026-07: 30 Ai(2)-Lathril Alternate Supplied: 17

Game Result: Game 47 ended in 1045 ms. Ai(2)-Lathril Alternate Supplied has won!

Game Outcome: Turn 8
Game Outcome: Ai(1)-Rofellos, Llanowar Emissary Competitive Brawl BrawlREC 2026-07 has won because all opponents have lost
Game Outcome: Ai(2)-Lathril Alternate Supplied has lost because life total reached 0
Match Result: Ai(1)-Rofellos, Llanowar Emissary Competitive Brawl BrawlREC 2026-07: 31 Ai(2)-Lathril Alternate Supplied: 17

Game Result: Game 48 ended in 2310 ms. Ai(1)-Rofellos, Llanowar Emissary Competitive Brawl BrawlREC 2026-07 has won!

Game Outcome: Turn 7
Game Outcome: Ai(1)-Rofellos, Llanowar Emissary Competitive Brawl BrawlREC 2026-07 has lost because life total reached 0
Game Outcome: Ai(2)-Lathril Alternate Supplied has won because all opponents have lost
Match Result: Ai(1)-Rofellos, Llanowar Emissary Competitive Brawl BrawlREC 2026-07: 31 Ai(2)-Lathril Alternate Supplied: 18

Game Result: Game 49 ended in 1173 ms. Ai(2)-Lathril Alternate Supplied has won!

Game Outcome: Turn 8
Game Outcome: Ai(1)-Rofellos, Llanowar Emissary Competitive Brawl BrawlREC 2026-07 has lost because life total reached 0
Game Outcome: Ai(2)-Lathril Alternate Supplied has won because all opponents have lost
Match Result: Ai(1)-Rofellos, Llanowar Emissary Competitive Brawl BrawlREC 2026-07: 31 Ai(2)-Lathril Alternate Supplied: 19

Game Result: Game 50 ended in 1476 ms. Ai(2)-Lathril Alternate Supplied has won!
