Error handling registered!
18:48:16 [INFO ] GuiBase: ##########################################
18:48:16 [INFO ] GuiBase: APP: Forge v.2.0.14-SNAPSHOT-08.08
18:48:16 [INFO ] GuiBase: Java: 17.0.17 (Homebrew)
18:48:16 [INFO ] GuiBase: OS: Mac OS X 15.5 aarch64
18:48:16 [INFO ] GuiBase: RAM: 4096 MB max, 8 CPUs
18:48:16 [INFO ] GuiBase: ##########################################
Language 'en-US' loaded successfully.
(ThreadUtil first call): Running with priority 5
Read cards: 33617 archived files in 2 ms (25 parts) using thread pool
Upcoming set Star Trek (TRK) dated in the future. All `upcoming` cards will be added to this set with unknown rarity.
The card A-Alrund's Epiphany was not assigned to any set. Adding it to UNKNOWN set... to fix see res/editions/ folder.
The card A-Baba Lysaga, Night Witch was not assigned to any set. Adding it to UNKNOWN set... to fix see res/editions/ folder.
The card A-Divide by Zero was not assigned to any set. Adding it to UNKNOWN set... to fix see res/editions/ folder.
The card A-Esika's Chariot was not assigned to any set. Adding it to UNKNOWN set... to fix see res/editions/ folder.
The card A-Faceless Haven was not assigned to any set. Adding it to UNKNOWN set... to fix see res/editions/ folder.
The card A-Fires of Invention was not assigned to any set. Adding it to UNKNOWN set... to fix see res/editions/ folder.
The card A-Goldspan Dragon was not assigned to any set. Adding it to UNKNOWN set... to fix see res/editions/ folder.
The card A-Hullbreaker Horror was not assigned to any set. Adding it to UNKNOWN set... to fix see res/editions/ folder.
The card A-Kumano Faces Kakkazan was not assigned to any set. Adding it to UNKNOWN set... to fix see res/editions/ folder.
The card A-Luminarch Aspirant was not assigned to any set. Adding it to UNKNOWN set... to fix see res/editions/ folder.
The card A-Monster Manual was not assigned to any set. Adding it to UNKNOWN set... to fix see res/editions/ folder.
The card A-Omnath, Locus of Creation was not assigned to any set. Adding it to UNKNOWN set... to fix see res/editions/ folder.
The card A-The Meathook Massacre was not assigned to any set. Adding it to UNKNOWN set... to fix see res/editions/ folder.
The card A-Unholy Heat was not assigned to any set. Adding it to UNKNOWN set... to fix see res/editions/ folder.
The card Blinding Radiance was not assigned to any set. Adding it to UNKNOWN set... to fix see res/editions/ folder.
The card Goblin Bruiser was not assigned to any set. Adding it to UNKNOWN set... to fix see res/editions/ folder.
The card Ogre Painbringer was not assigned to any set. Adding it to UNKNOWN set... to fix see res/editions/ folder.
The card Titanic Pelagosaur was not assigned to any set. Adding it to UNKNOWN set... to fix see res/editions/ folder.
The card Treetop Recluse was not assigned to any set. Adding it to UNKNOWN set... to fix see res/editions/ folder.
Upcoming set Star Trek (TRK) dated in the future. All `upcoming` cards will be added to this set with unknown rarity.
Read cards: 836 files in 0 ms (8 parts) using thread pool
Simulation mode
Ai(1)-Merry, Esquire of Rohan Competitive Brawl BrawlREC 2026-07 vs Ai(2)-Lathril Alternate Supplied - fifty  games of Brawl seed 33032
Game Outcome: Turn 7
Game Outcome: Ai(1)-Merry, Esquire of Rohan Competitive Brawl BrawlREC 2026-07 has won because all opponents have lost
Game Outcome: Ai(2)-Lathril Alternate Supplied has lost because life total reached 0
Match Result: Ai(1)-Merry, Esquire of Rohan Competitive Brawl BrawlREC 2026-07: 1 Ai(2)-Lathril Alternate Supplied: 0

Game Result: Game 1 ended in 30844 ms. Ai(1)-Merry, Esquire of Rohan Competitive Brawl BrawlREC 2026-07 has won!

Game Outcome: Turn 8
Game Outcome: Ai(1)-Merry, Esquire of Rohan Competitive Brawl BrawlREC 2026-07 has lost because life total reached 0
Game Outcome: Ai(2)-Lathril Alternate Supplied has won because all opponents have lost
Match Result: Ai(1)-Merry, Esquire of Rohan Competitive Brawl BrawlREC 2026-07: 1 Ai(2)-Lathril Alternate Supplied: 1

Game Result: Game 2 ended in 11844 ms. Ai(2)-Lathril Alternate Supplied has won!

Game Outcome: Turn 8
Game Outcome: Ai(1)-Merry, Esquire of Rohan Competitive Brawl BrawlREC 2026-07 has lost because life total reached 0
Game Outcome: Ai(2)-Lathril Alternate Supplied has won because all opponents have lost
Match Result: Ai(1)-Merry, Esquire of Rohan Competitive Brawl BrawlREC 2026-07: 1 Ai(2)-Lathril Alternate Supplied: 2

Game Result: Game 3 ended in 10958 ms. Ai(2)-Lathril Alternate Supplied has won!

Game Outcome: Turn 6
Game Outcome: Ai(1)-Merry, Esquire of Rohan Competitive Brawl BrawlREC 2026-07 has lost because life total reached 0
Game Outcome: Ai(2)-Lathril Alternate Supplied has won because all opponents have lost
Match Result: Ai(1)-Merry, Esquire of Rohan Competitive Brawl BrawlREC 2026-07: 1 Ai(2)-Lathril Alternate Supplied: 3

Game Result: Game 4 ended in 11793 ms. Ai(2)-Lathril Alternate Supplied has won!

Game Outcome: Turn 9
Game Outcome: Ai(1)-Merry, Esquire of Rohan Competitive Brawl BrawlREC 2026-07 has lost because life total reached 0
Game Outcome: Ai(2)-Lathril Alternate Supplied has won because all opponents have lost
Match Result: Ai(1)-Merry, Esquire of Rohan Competitive Brawl BrawlREC 2026-07: 1 Ai(2)-Lathril Alternate Supplied: 4

Game Result: Game 5 ended in 23911 ms. Ai(2)-Lathril Alternate Supplied has won!

Game Outcome: Turn 10
Game Outcome: Ai(1)-Merry, Esquire of Rohan Competitive Brawl BrawlREC 2026-07 has won because all opponents have lost
Game Outcome: Ai(2)-Lathril Alternate Supplied has lost because life total reached 0
Match Result: Ai(1)-Merry, Esquire of Rohan Competitive Brawl BrawlREC 2026-07: 2 Ai(2)-Lathril Alternate Supplied: 4

Game Result: Game 6 ended in 27275 ms. Ai(1)-Merry, Esquire of Rohan Competitive Brawl BrawlREC 2026-07 has won!

Game Outcome: Turn 10
Game Outcome: Ai(1)-Merry, Esquire of Rohan Competitive Brawl BrawlREC 2026-07 has lost because life total reached 0
Game Outcome: Ai(2)-Lathril Alternate Supplied has won because all opponents have lost
Match Result: Ai(1)-Merry, Esquire of Rohan Competitive Brawl BrawlREC 2026-07: 2 Ai(2)-Lathril Alternate Supplied: 5

Game Result: Game 7 ended in 8317 ms. Ai(2)-Lathril Alternate Supplied has won!

Game Outcome: Turn 7
Game Outcome: Ai(1)-Merry, Esquire of Rohan Competitive Brawl BrawlREC 2026-07 has lost because life total reached 0
Game Outcome: Ai(2)-Lathril Alternate Supplied has won because all opponents have lost
Match Result: Ai(1)-Merry, Esquire of Rohan Competitive Brawl BrawlREC 2026-07: 2 Ai(2)-Lathril Alternate Supplied: 6

Game Result: Game 8 ended in 4849 ms. Ai(2)-Lathril Alternate Supplied has won!

Game Outcome: Turn 8
Game Outcome: Ai(1)-Merry, Esquire of Rohan Competitive Brawl BrawlREC 2026-07 has lost because life total reached 0
Game Outcome: Ai(2)-Lathril Alternate Supplied has won because all opponents have lost
Match Result: Ai(1)-Merry, Esquire of Rohan Competitive Brawl BrawlREC 2026-07: 2 Ai(2)-Lathril Alternate Supplied: 7

Game Result: Game 9 ended in 5411 ms. Ai(2)-Lathril Alternate Supplied has won!

Game Outcome: Turn 10
Game Outcome: Ai(1)-Merry, Esquire of Rohan Competitive Brawl BrawlREC 2026-07 has lost because life total reached 0
Game Outcome: Ai(2)-Lathril Alternate Supplied has won because all opponents have lost
Match Result: Ai(1)-Merry, Esquire of Rohan Competitive Brawl BrawlREC 2026-07: 2 Ai(2)-Lathril Alternate Supplied: 8

Game Result: Game 10 ended in 5354 ms. Ai(2)-Lathril Alternate Supplied has won!

Game Outcome: Turn 7
Game Outcome: Ai(1)-Merry, Esquire of Rohan Competitive Brawl BrawlREC 2026-07 has won because all opponents have lost
Game Outcome: Ai(2)-Lathril Alternate Supplied has lost because life total reached 0
Match Result: Ai(1)-Merry, Esquire of Rohan Competitive Brawl BrawlREC 2026-07: 3 Ai(2)-Lathril Alternate Supplied: 8

Game Result: Game 11 ended in 2528 ms. Ai(1)-Merry, Esquire of Rohan Competitive Brawl BrawlREC 2026-07 has won!

SVar 'X' not found in ability, fallback to Card (Maddening Hex). Ability is (   )
SVar 'X' not defined in Card (Maddening Hex)
SVar 'X' not found in ability, fallback to Card (Maddening Hex). Ability is (   )
SVar 'X' not defined in Card (Maddening Hex)
Game Outcome: Turn 7
Game Outcome: Ai(1)-Merry, Esquire of Rohan Competitive Brawl BrawlREC 2026-07 has won because all opponents have lost
Game Outcome: Ai(2)-Lathril Alternate Supplied has lost because life total reached 0
Match Result: Ai(1)-Merry, Esquire of Rohan Competitive Brawl BrawlREC 2026-07: 4 Ai(2)-Lathril Alternate Supplied: 8

Game Result: Game 12 ended in 3346 ms. Ai(1)-Merry, Esquire of Rohan Competitive Brawl BrawlREC 2026-07 has won!

Game Outcome: Turn 8
Game Outcome: Ai(1)-Merry, Esquire of Rohan Competitive Brawl BrawlREC 2026-07 has won because all opponents have lost
Game Outcome: Ai(2)-Lathril Alternate Supplied has lost because life total reached 0
Match Result: Ai(1)-Merry, Esquire of Rohan Competitive Brawl BrawlREC 2026-07: 5 Ai(2)-Lathril Alternate Supplied: 8

Game Result: Game 13 ended in 3724 ms. Ai(1)-Merry, Esquire of Rohan Competitive Brawl BrawlREC 2026-07 has won!

Game Outcome: Turn 11
Game Outcome: Ai(1)-Merry, Esquire of Rohan Competitive Brawl BrawlREC 2026-07 has lost because life total reached 0
Game Outcome: Ai(2)-Lathril Alternate Supplied has won because all opponents have lost
Match Result: Ai(1)-Merry, Esquire of Rohan Competitive Brawl BrawlREC 2026-07: 5 Ai(2)-Lathril Alternate Supplied: 9

Game Result: Game 14 ended in 4115 ms. Ai(2)-Lathril Alternate Supplied has won!

Game Outcome: Turn 14
Game Outcome: Ai(1)-Merry, Esquire of Rohan Competitive Brawl BrawlREC 2026-07 has won because all opponents have lost
Game Outcome: Ai(2)-Lathril Alternate Supplied has lost because life total reached 0
Match Result: Ai(1)-Merry, Esquire of Rohan Competitive Brawl BrawlREC 2026-07: 6 Ai(2)-Lathril Alternate Supplied: 9

Game Result: Game 15 ended in 7272 ms. Ai(1)-Merry, Esquire of Rohan Competitive Brawl BrawlREC 2026-07 has won!

Game Outcome: Turn 9
Game Outcome: Ai(1)-Merry, Esquire of Rohan Competitive Brawl BrawlREC 2026-07 has lost because life total reached 0
Game Outcome: Ai(2)-Lathril Alternate Supplied has won because all opponents have lost
Match Result: Ai(1)-Merry, Esquire of Rohan Competitive Brawl BrawlREC 2026-07: 6 Ai(2)-Lathril Alternate Supplied: 10

Game Result: Game 16 ended in 3641 ms. Ai(2)-Lathril Alternate Supplied has won!

Game Outcome: Turn 8
Game Outcome: Ai(1)-Merry, Esquire of Rohan Competitive Brawl BrawlREC 2026-07 has lost because life total reached 0
Game Outcome: Ai(2)-Lathril Alternate Supplied has won because all opponents have lost
Match Result: Ai(1)-Merry, Esquire of Rohan Competitive Brawl BrawlREC 2026-07: 6 Ai(2)-Lathril Alternate Supplied: 11

Game Result: Game 17 ended in 2062 ms. Ai(2)-Lathril Alternate Supplied has won!

Game Outcome: Turn 6
Game Outcome: Ai(1)-Merry, Esquire of Rohan Competitive Brawl BrawlREC 2026-07 has lost because life total reached 0
Game Outcome: Ai(2)-Lathril Alternate Supplied has won because all opponents have lost
Match Result: Ai(1)-Merry, Esquire of Rohan Competitive Brawl BrawlREC 2026-07: 6 Ai(2)-Lathril Alternate Supplied: 12

Game Result: Game 18 ended in 2240 ms. Ai(2)-Lathril Alternate Supplied has won!

java.util.concurrent.TimeoutException
	at java.base/java.util.concurrent.FutureTask.get(FutureTask.java:204)
	at forge.ai.AiController.chooseSpellAbilityToPlayFromList(AiController.java:1696)
	at forge.ai.AiController.getSpellAbilityToPlay(AiController.java:1583)
	at forge.ai.AiController.chooseSpellAbilityToPlay(AiController.java:1403)
	at forge.ai.PlayerControllerAi.chooseSpellAbilityToPlay(PlayerControllerAi.java:832)
	at forge.game.phase.PhaseHandler.mainLoopStep(PhaseHandler.java:1056)
	at forge.game.phase.PhaseHandler.mainGameLoop(PhaseHandler.java:1035)
	at forge.game.phase.PhaseHandler.startFirstTurn(PhaseHandler.java:1029)
	at forge.game.GameAction.startGame(GameAction.java:2373)
	at forge.game.Match.startGame(Match.java:92)
	at forge.game.Match.startGame(Match.java:77)
	at forge.view.SimulateMatch.lambda$simulateSingleMatch$0(SimulateMatch.java:213)
	at forge.view.TimeLimitedCodeBlock.lambda$runWithTimeout$0(TimeLimitedCodeBlock.java:18)
	at java.base/java.util.concurrent.FutureTask.run(FutureTask.java:264)
	at java.base/java.util.concurrent.ThreadPoolExecutor.runWorker(ThreadPoolExecutor.java:1136)
	at java.base/java.util.concurrent.ThreadPoolExecutor$Worker.run(ThreadPoolExecutor.java:635)
	at java.base/java.lang.Thread.run(Thread.java:840)
AI eval thread at timeout:
	at app//com.google.common.collect.AbstractMultimap$Values.iterator(AbstractMultimap.java:184)
	at app//forge.game.keyword.KeywordCollection.applyReplacementEffect(KeywordCollection.java:200)
	at app//forge.game.card.Card.updateReplacementEffects(Card.java:7069)
	at app//forge.game.card.CardState.getReplacementEffects(CardState.java:754)
	at app//forge.game.card.CardState.getReplacementEffects(CardState.java:723)
	at app//forge.game.card.Card.getReplacementEffects(Card.java:7055)
	at app//forge.game.replacement.ReplacementHandler.lambda$getReplacementList$0(ReplacementHandler.java:134)
	at app//forge.game.replacement.ReplacementHandler$$Lambda$431/0x000000780129cb80.visit(Unknown Source)
	at app//forge.util.Visitor.visitAll(Visitor.java:16)
	at app//forge.game.Game.forEachCardInGame(Game.java:757)
	at app//forge.game.replacement.ReplacementHandler.getReplacementList(ReplacementHandler.java:102)
	at app//forge.game.replacement.ReplacementHandler.cantHappenCheck(ReplacementHandler.java:174)
	at app//forge.game.card.Card.canUntap(Card.java:4745)
	at app//forge.game.spellability.SpellAbility.calculateScoreForManaAbility(SpellAbility.java:2413)
	at app//forge.game.spellability.SpellAbility.compareTo(SpellAbility.java:2383)
	at app//forge.ai.ComputerUtilMana.lambda$sortManaAbilities$6(ComputerUtilMana.java:218)
	at app//forge.ai.ComputerUtilMana$$Lambda$501/0x00000078012d5268.compare(Unknown Source)
	at java.base@17.0.17/java.util.Arrays.mergeSort(Arrays.java:1339)
	at java.base@17.0.17/java.util.Arrays.mergeSort(Arrays.java:1351)
	at java.base@17.0.17/java.util.Arrays.legacyMergeSort(Arrays.java:1318)
	at java.base@17.0.17/java.util.Arrays.sort(Arrays.java:1305)
	at java.base@17.0.17/java.util.ArrayList.sort(ArrayList.java:1721)
	at app//forge.ai.ComputerUtilMana.sortManaAbilities(ComputerUtilMana.java:181)
	at app//forge.ai.ComputerUtilMana.getSourcesForShards(ComputerUtilMana.java:858)
	at app//forge.ai.ComputerUtilMana.payManaCost(ComputerUtilMana.java:638)
	at app//forge.ai.ComputerUtilMana.payManaCost(ComputerUtilMana.java:74)
	at app//forge.ai.ComputerUtilMana.canPayManaCost(ComputerUtilMana.java:63)
	at app//forge.ai.ComputerUtilCost.canPayCost(ComputerUtilCost.java:634)
	at app//forge.ai.ComputerUtilCost.canPayCost(ComputerUtilCost.java:530)
	at app//forge.ai.ComputerUtilCombat.canGainKeyword(ComputerUtilCombat.java:2290)
Game Outcome: Turn 6
Game Outcome: Ai(1)-Merry, Esquire of Rohan Competitive Brawl BrawlREC 2026-07 has lost because life total reached 0
Game Outcome: Ai(2)-Lathril Alternate Supplied has won because all opponents have lost
Match Result: Ai(1)-Merry, Esquire of Rohan Competitive Brawl BrawlREC 2026-07: 6 Ai(2)-Lathril Alternate Supplied: 13

Game Result: Game 19 ended in 18662 ms. Ai(2)-Lathril Alternate Supplied has won!

Game Outcome: Turn 4
Game Outcome: Ai(1)-Merry, Esquire of Rohan Competitive Brawl BrawlREC 2026-07 has won because all opponents have lost
Game Outcome: Ai(2)-Lathril Alternate Supplied has lost because life total reached 0
Match Result: Ai(1)-Merry, Esquire of Rohan Competitive Brawl BrawlREC 2026-07: 7 Ai(2)-Lathril Alternate Supplied: 13

Game Result: Game 20 ended in 1831 ms. Ai(1)-Merry, Esquire of Rohan Competitive Brawl BrawlREC 2026-07 has won!

Game Outcome: Turn 8
Game Outcome: Ai(1)-Merry, Esquire of Rohan Competitive Brawl BrawlREC 2026-07 has lost because life total reached 0
Game Outcome: Ai(2)-Lathril Alternate Supplied has won because all opponents have lost
Match Result: Ai(1)-Merry, Esquire of Rohan Competitive Brawl BrawlREC 2026-07: 7 Ai(2)-Lathril Alternate Supplied: 14

Game Result: Game 21 ended in 8750 ms. Ai(2)-Lathril Alternate Supplied has won!

Game Outcome: Turn 5
Game Outcome: Ai(1)-Merry, Esquire of Rohan Competitive Brawl BrawlREC 2026-07 has won because all opponents have lost
Game Outcome: Ai(2)-Lathril Alternate Supplied has lost because life total reached 0
Match Result: Ai(1)-Merry, Esquire of Rohan Competitive Brawl BrawlREC 2026-07: 8 Ai(2)-Lathril Alternate Supplied: 14

Game Result: Game 22 ended in 1069 ms. Ai(1)-Merry, Esquire of Rohan Competitive Brawl BrawlREC 2026-07 has won!

Game Outcome: Turn 7
Game Outcome: Ai(1)-Merry, Esquire of Rohan Competitive Brawl BrawlREC 2026-07 has won because all opponents have lost
Game Outcome: Ai(2)-Lathril Alternate Supplied has lost because life total reached 0
Match Result: Ai(1)-Merry, Esquire of Rohan Competitive Brawl BrawlREC 2026-07: 9 Ai(2)-Lathril Alternate Supplied: 14

Game Result: Game 23 ended in 1407 ms. Ai(1)-Merry, Esquire of Rohan Competitive Brawl BrawlREC 2026-07 has won!

Game Outcome: Turn 6
Game Outcome: Ai(1)-Merry, Esquire of Rohan Competitive Brawl BrawlREC 2026-07 has won because all opponents have lost
Game Outcome: Ai(2)-Lathril Alternate Supplied has lost because life total reached 0
Match Result: Ai(1)-Merry, Esquire of Rohan Competitive Brawl BrawlREC 2026-07: 10 Ai(2)-Lathril Alternate Supplied: 14

Game Result: Game 24 ended in 1938 ms. Ai(1)-Merry, Esquire of Rohan Competitive Brawl BrawlREC 2026-07 has won!

Game Outcome: Turn 8
Game Outcome: Ai(1)-Merry, Esquire of Rohan Competitive Brawl BrawlREC 2026-07 has lost because life total reached 0
Game Outcome: Ai(2)-Lathril Alternate Supplied has won because all opponents have lost
Match Result: Ai(1)-Merry, Esquire of Rohan Competitive Brawl BrawlREC 2026-07: 10 Ai(2)-Lathril Alternate Supplied: 15

Game Result: Game 25 ended in 5099 ms. Ai(2)-Lathril Alternate Supplied has won!

Game Outcome: Turn 5
Game Outcome: Ai(1)-Merry, Esquire of Rohan Competitive Brawl BrawlREC 2026-07 has won because all opponents have lost
Game Outcome: Ai(2)-Lathril Alternate Supplied has lost because life total reached 0
Match Result: Ai(1)-Merry, Esquire of Rohan Competitive Brawl BrawlREC 2026-07: 11 Ai(2)-Lathril Alternate Supplied: 15

Game Result: Game 26 ended in 1206 ms. Ai(1)-Merry, Esquire of Rohan Competitive Brawl BrawlREC 2026-07 has won!

Game Outcome: Turn 14
Game Outcome: Ai(1)-Merry, Esquire of Rohan Competitive Brawl BrawlREC 2026-07 has lost because life total reached 0
Game Outcome: Ai(2)-Lathril Alternate Supplied has won because all opponents have lost
Match Result: Ai(1)-Merry, Esquire of Rohan Competitive Brawl BrawlREC 2026-07: 11 Ai(2)-Lathril Alternate Supplied: 16

Game Result: Game 27 ended in 15118 ms. Ai(2)-Lathril Alternate Supplied has won!

SVar 'X' not found in ability, fallback to Card (Maddening Hex). Ability is (   )
SVar 'X' not defined in Card (Maddening Hex)
SVar 'X' not found in ability, fallback to Card (Maddening Hex). Ability is (   )
SVar 'X' not defined in Card (Maddening Hex)
java.util.concurrent.TimeoutException
	at java.base/java.util.concurrent.FutureTask.get(FutureTask.java:204)
	at forge.ai.AiController.chooseSpellAbilityToPlayFromList(AiController.java:1696)
	at forge.ai.AiController.getSpellAbilityToPlay(AiController.java:1583)
	at forge.ai.AiController.chooseSpellAbilityToPlay(AiController.java:1403)
	at forge.ai.PlayerControllerAi.chooseSpellAbilityToPlay(PlayerControllerAi.java:832)
	at forge.game.phase.PhaseHandler.mainLoopStep(PhaseHandler.java:1056)
	at forge.game.phase.PhaseHandler.mainGameLoop(PhaseHandler.java:1035)
	at forge.game.phase.PhaseHandler.startFirstTurn(PhaseHandler.java:1029)
	at forge.game.GameAction.startGame(GameAction.java:2373)
	at forge.game.Match.startGame(Match.java:92)
	at forge.game.Match.startGame(Match.java:77)
	at forge.view.SimulateMatch.lambda$simulateSingleMatch$0(SimulateMatch.java:213)
	at forge.view.TimeLimitedCodeBlock.lambda$runWithTimeout$0(TimeLimitedCodeBlock.java:18)
	at java.base/java.util.concurrent.FutureTask.run(FutureTask.java:264)
	at java.base/java.util.concurrent.ThreadPoolExecutor.runWorker(ThreadPoolExecutor.java:1136)
	at java.base/java.util.concurrent.ThreadPoolExecutor$Worker.run(ThreadPoolExecutor.java:635)
	at java.base/java.lang.Thread.run(Thread.java:840)
AI eval thread at timeout:
	at app//forge.game.keyword.KeywordCollection.applyReplacementEffect(KeywordCollection.java:200)
	at app//forge.game.card.Card.updateReplacementEffects(Card.java:7069)
	at app//forge.game.card.CardState.getReplacementEffects(CardState.java:754)
	at app//forge.game.card.CardState.getReplacementEffects(CardState.java:723)
	at app//forge.game.card.Card.getReplacementEffects(Card.java:7055)
	at app//forge.game.replacement.ReplacementHandler.lambda$getReplacementList$0(ReplacementHandler.java:134)
	at app//forge.game.replacement.ReplacementHandler$$Lambda$431/0x000000780129cb80.visit(Unknown Source)
	at app//forge.util.Visitor.visitAll(Visitor.java:16)
	at app//forge.game.Game.forEachCardInGame(Game.java:757)
	at app//forge.game.replacement.ReplacementHandler.getReplacementList(ReplacementHandler.java:102)
	at app//forge.game.replacement.ReplacementHandler.cantHappenCheck(ReplacementHandler.java:174)
	at app//forge.game.card.Card.canTap(Card.java:4696)
	at app//forge.game.card.Card.canTap(Card.java:4688)
	at app//forge.game.cost.CostTap.canPay(CostTap.java:69)
	at app//forge.game.cost.Cost.canPay(Cost.java:1085)
	at app//forge.game.cost.CostPayment.canPayAdditionalCosts(CostPayment.java:104)
	at app//forge.game.cost.CostPayment.canPayAdditionalCosts(CostPayment.java:96)
	at app//forge.game.spellability.AbilityActivated.canPlay(AbilityActivated.java:103)
	at app//forge.ai.ComputerUtilMana.lambda$getAvailableManaSources$16(ComputerUtilMana.java:1341)
	at app//forge.ai.ComputerUtilMana$$Lambda$496/0x00000078012d4700.test(Unknown Source)
	at java.base@17.0.17/java.util.stream.ReferencePipeline$2$1.accept(ReferencePipeline.java:178)
	at java.base@17.0.17/java.util.Spliterators$IteratorSpliterator.tryAdvance(Spliterators.java:1856)
	at java.base@17.0.17/java.util.stream.StreamSpliterators$WrappingSpliterator.lambda$initPartialTraversalState$0(StreamSpliterators.java:292)
	at java.base@17.0.17/java.util.stream.StreamSpliterators$WrappingSpliterator$$Lambda$362/0x0000007801241980.getAsBoolean(Unknown Source)
	at java.base@17.0.17/java.util.stream.StreamSpliterators$AbstractWrappingSpliterator.fillBuffer(StreamSpliterators.java:206)
	at java.base@17.0.17/java.util.stream.StreamSpliterators$AbstractWrappingSpliterator.doAdvance(StreamSpliterators.java:169)
	at java.base@17.0.17/java.util.stream.StreamSpliterators$WrappingSpliterator.tryAdvance(StreamSpliterators.java:298)
	at java.base@17.0.17/java.util.Spliterators$1Adapter.hasNext(Spliterators.java:681)
	at app//forge.util.collect.FCollection.addAll(FCollection.java:345)
	at app//forge.util.collect.FCollection.<init>(FCollection.java:103)
java.util.concurrent.TimeoutException
	at java.base/java.util.concurrent.FutureTask.get(FutureTask.java:204)
	at forge.ai.AiController.chooseSpellAbilityToPlayFromList(AiController.java:1696)
	at forge.ai.AiController.getSpellAbilityToPlay(AiController.java:1583)
	at forge.ai.AiController.chooseSpellAbilityToPlay(AiController.java:1403)
	at forge.ai.PlayerControllerAi.chooseSpellAbilityToPlay(PlayerControllerAi.java:832)
	at forge.game.phase.PhaseHandler.mainLoopStep(PhaseHandler.java:1056)
	at forge.game.phase.PhaseHandler.mainGameLoop(PhaseHandler.java:1035)
	at forge.game.phase.PhaseHandler.startFirstTurn(PhaseHandler.java:1029)
	at forge.game.GameAction.startGame(GameAction.java:2373)
	at forge.game.Match.startGame(Match.java:92)
	at forge.game.Match.startGame(Match.java:77)
	at forge.view.SimulateMatch.lambda$simulateSingleMatch$0(SimulateMatch.java:213)
	at forge.view.TimeLimitedCodeBlock.lambda$runWithTimeout$0(TimeLimitedCodeBlock.java:18)
	at java.base/java.util.concurrent.FutureTask.run(FutureTask.java:264)
	at java.base/java.util.concurrent.ThreadPoolExecutor.runWorker(ThreadPoolExecutor.java:1136)
	at java.base/java.util.concurrent.ThreadPoolExecutor$Worker.run(ThreadPoolExecutor.java:635)
	at java.base/java.lang.Thread.run(Thread.java:840)
AI eval thread at timeout:
	at java.base@17.0.17/java.util.ArrayList.addAll(ArrayList.java:670)
	at app//forge.util.collect.FCollection.<init>(FCollection.java:100)
	at app//forge.game.card.CardState.getStaticAbilities(CardState.java:705)
	at app//forge.game.card.Card.getStaticAbilities(Card.java:6993)
	at app//forge.game.cost.CostAdjustment.adjust(CostAdjustment.java:75)
	at app//forge.game.cost.CostPayment.canPayAdditionalCosts(CostPayment.java:103)
	at app//forge.game.cost.CostPayment.canPayAdditionalCosts(CostPayment.java:96)
	at app//forge.ai.ComputerUtilMana.getAvailableManaSources(ComputerUtilMana.java:1423)
	at app//forge.ai.ComputerUtilMana.groupSourcesByManaColor(ComputerUtilMana.java:1496)
	at app//forge.ai.ComputerUtilMana.getSourcesForShards(ComputerUtilMana.java:831)
	at app//forge.ai.ComputerUtilMana.payManaCost(ComputerUtilMana.java:638)
	at app//forge.ai.ComputerUtilMana.payManaCost(ComputerUtilMana.java:74)
	at app//forge.ai.ComputerUtilMana.canPayManaCost(ComputerUtilMana.java:63)
	at app//forge.ai.ComputerUtilCost.canPayCost(ComputerUtilCost.java:634)
	at app//forge.ai.ComputerUtilCost.canPayCost(ComputerUtilCost.java:530)
	at app//forge.ai.ComputerUtilCombat.canGainKeyword(ComputerUtilCombat.java:2290)
	at app//forge.ai.ComputerUtilCombat.dealsFirstStrikeDamage(ComputerUtilCombat.java:2251)
	at app//forge.ai.ComputerUtilCombat.predictPowerBonusOfAttacker(ComputerUtilCombat.java:1162)
	at app//forge.ai.ComputerUtilCombat.canDestroyAttacker(ComputerUtilCombat.java:1709)
	at app//forge.ai.AiBlockController.getKillingBlockers(AiBlockController.java:120)
	at app//forge.ai.AiBlockController.makeGoodBlocks(AiBlockController.java:239)
	at app//forge.ai.AiBlockController.assignBlockers(AiBlockController.java:1083)
	at app//forge.ai.AiBlockController.assignBlockersForCombat(AiBlockController.java:1014)
	at app//forge.ai.ComputerUtil.predictNextCombatsRemainingLife(ComputerUtil.java:3214)
	at app//forge.ai.ComputerUtil.predictNextCombatsRemainingLife(ComputerUtil.java:3179)
	at app//forge.ai.AiAttackController.notNeededAsBlockers(AiAttackController.java:426)
	at app//forge.ai.AiAttackController.declareAttackers(AiAttackController.java:1279)
	at app//forge.ai.ComputerUtilCard.doesSpecifiedCreatureAttackAI(ComputerUtilCard.java:820)
	at app//forge.ai.ComputerUtilCard.shouldPumpCard(ComputerUtilCard.java:1557)
	at app//forge.ai.ComputerUtilCard.shouldPumpCard(ComputerUtilCard.java:1446)
java.util.concurrent.TimeoutException
	at java.base/java.util.concurrent.FutureTask.get(FutureTask.java:204)
	at forge.ai.AiController.chooseSpellAbilityToPlayFromList(AiController.java:1696)
	at forge.ai.AiController.getSpellAbilityToPlay(AiController.java:1583)
	at forge.ai.AiController.chooseSpellAbilityToPlay(AiController.java:1403)
	at forge.ai.PlayerControllerAi.chooseSpellAbilityToPlay(PlayerControllerAi.java:832)
	at forge.game.phase.PhaseHandler.mainLoopStep(PhaseHandler.java:1056)
	at forge.game.phase.PhaseHandler.mainGameLoop(PhaseHandler.java:1035)
	at forge.game.phase.PhaseHandler.startFirstTurn(PhaseHandler.java:1029)
	at forge.game.GameAction.startGame(GameAction.java:2373)
	at forge.game.Match.startGame(Match.java:92)
	at forge.game.Match.startGame(Match.java:77)
	at forge.view.SimulateMatch.lambda$simulateSingleMatch$0(SimulateMatch.java:213)
	at forge.view.TimeLimitedCodeBlock.lambda$runWithTimeout$0(TimeLimitedCodeBlock.java:18)
	at java.base/java.util.concurrent.FutureTask.run(FutureTask.java:264)
	at java.base/java.util.concurrent.ThreadPoolExecutor.runWorker(ThreadPoolExecutor.java:1136)
	at java.base/java.util.concurrent.ThreadPoolExecutor$Worker.run(ThreadPoolExecutor.java:635)
	at java.base/java.lang.Thread.run(Thread.java:840)
AI eval thread at timeout:
	at java.base@17.0.17/java.util.ArrayList.addAll(ArrayList.java:670)
	at app//forge.util.collect.FCollection.<init>(FCollection.java:100)
	at app//forge.game.card.CardState.getReplacementEffects(CardState.java:726)
	at app//forge.game.card.CardState.getReplacementEffects(CardState.java:723)
	at app//forge.game.card.Card.getReplacementEffects(Card.java:7055)
	at app//forge.game.replacement.ReplacementHandler.lambda$getReplacementList$0(ReplacementHandler.java:134)
	at app//forge.game.replacement.ReplacementHandler$$Lambda$431/0x000000780129cb80.visit(Unknown Source)
	at app//forge.util.Visitor.visitAll(Visitor.java:16)
	at app//forge.game.Game.forEachCardInGame(Game.java:757)
	at app//forge.game.replacement.ReplacementHandler.getReplacementList(ReplacementHandler.java:102)
	at app//forge.game.replacement.ReplacementHandler.cantHappenCheck(ReplacementHandler.java:174)
	at app//forge.game.card.Card.canTap(Card.java:4696)
	at app//forge.game.card.Card.canTap(Card.java:4688)
	at app//forge.game.cost.CostTap.canPay(CostTap.java:69)
	at app//forge.game.cost.Cost.canPay(Cost.java:1085)
	at app//forge.game.cost.CostPayment.canPayAdditionalCosts(CostPayment.java:104)
	at app//forge.game.cost.CostPayment.canPayAdditionalCosts(CostPayment.java:96)
	at app//forge.game.spellability.AbilityActivated.canPlay(AbilityActivated.java:103)
	at app//forge.ai.ComputerUtilMana.groupSourcesByManaColor(ComputerUtilMana.java:1505)
	at app//forge.ai.ComputerUtilMana.getSourcesForShards(ComputerUtilMana.java:831)
	at app//forge.ai.ComputerUtilMana.payManaCost(ComputerUtilMana.java:638)
	at app//forge.ai.ComputerUtilMana.payManaCost(ComputerUtilMana.java:74)
	at app//forge.ai.ComputerUtilMana.canPayManaCost(ComputerUtilMana.java:63)
	at app//forge.ai.ComputerUtilCost.canPayCost(ComputerUtilCost.java:634)
	at app//forge.ai.ComputerUtilCost.canPayCost(ComputerUtilCost.java:530)
	at app//forge.ai.ComputerUtilCombat.canGainKeyword(ComputerUtilCombat.java:2290)
	at app//forge.ai.ComputerUtilCombat.dealsFirstStrikeDamage(ComputerUtilCombat.java:2251)
	at app//forge.ai.ComputerUtilCombat.predictPowerBonusOfBlocker(ComputerUtilCombat.java:880)
	at app//forge.ai.ComputerUtilCombat.canDestroyBlocker(ComputerUtilCombat.java:1905)
	at app//forge.ai.AiBlockController.getSafeBlockers(AiBlockController.java:106)
java.util.concurrent.TimeoutException
	at java.base/java.util.concurrent.FutureTask.get(FutureTask.java:204)
	at forge.ai.AiController.chooseSpellAbilityToPlayFromList(AiController.java:1696)
	at forge.ai.AiController.getSpellAbilityToPlay(AiController.java:1583)
	at forge.ai.AiController.chooseSpellAbilityToPlay(AiController.java:1403)
	at forge.ai.PlayerControllerAi.chooseSpellAbilityToPlay(PlayerControllerAi.java:832)
	at forge.game.phase.PhaseHandler.mainLoopStep(PhaseHandler.java:1056)
	at forge.game.phase.PhaseHandler.mainGameLoop(PhaseHandler.java:1035)
	at forge.game.phase.PhaseHandler.startFirstTurn(PhaseHandler.java:1029)
	at forge.game.GameAction.startGame(GameAction.java:2373)
	at forge.game.Match.startGame(Match.java:92)
	at forge.game.Match.startGame(Match.java:77)
	at forge.view.SimulateMatch.lambda$simulateSingleMatch$0(SimulateMatch.java:213)
	at forge.view.TimeLimitedCodeBlock.lambda$runWithTimeout$0(TimeLimitedCodeBlock.java:18)
	at java.base/java.util.concurrent.FutureTask.run(FutureTask.java:264)
	at java.base/java.util.concurrent.ThreadPoolExecutor.runWorker(ThreadPoolExecutor.java:1136)
	at java.base/java.util.concurrent.ThreadPoolExecutor$Worker.run(ThreadPoolExecutor.java:635)
	at java.base/java.lang.Thread.run(Thread.java:840)
AI eval thread at timeout:
	at java.base@17.0.17/java.util.ArrayList.addAll(ArrayList.java:670)
	at app//forge.util.collect.FCollection.<init>(FCollection.java:100)
	at app//forge.game.card.CardState.getTriggers(CardState.java:676)
	at app//forge.game.card.Card.getTriggers(Card.java:7031)
	at app//forge.ai.ComputerUtilCombat.canDestroyAttackerBeforeFirstStrike(ComputerUtilCombat.java:1564)
	at app//forge.ai.ComputerUtilCombat.canDestroyAttacker(ComputerUtilCombat.java:1651)
	at app//forge.ai.AiBlockController.getKillingBlockers(AiBlockController.java:120)
	at app//forge.ai.AiBlockController.makeTradeBlocks(AiBlockController.java:618)
	at app//forge.ai.AiBlockController.assignBlockers(AiBlockController.java:1115)
	at app//forge.ai.AiBlockController.assignBlockersForCombat(AiBlockController.java:1014)
	at app//forge.ai.ComputerUtil.predictNextCombatsRemainingLife(ComputerUtil.java:3214)
	at app//forge.ai.ComputerUtil.predictNextCombatsRemainingLife(ComputerUtil.java:3179)
	at app//forge.ai.AiAttackController.notNeededAsBlockers(AiAttackController.java:426)
	at app//forge.ai.AiAttackController.declareAttackers(AiAttackController.java:1279)
	at app//forge.ai.ComputerUtilCard.doesSpecifiedCreatureAttackAI(ComputerUtilCard.java:820)
	at app//forge.ai.ComputerUtilCard.shouldPumpCard(ComputerUtilCard.java:1557)
	at app//forge.ai.ComputerUtilCard.shouldPumpCard(ComputerUtilCard.java:1446)
	at app//forge.ai.ability.PumpAllAi.lambda$checkApiLogic$2(PumpAllAi.java:132)
	at app//forge.ai.ability.PumpAllAi$$Lambda$585/0x00000078012f36d0.test(Unknown Source)
	at java.base@17.0.17/java.util.stream.MatchOps$1MatchSink.accept(MatchOps.java:90)
	at java.base@17.0.17/java.util.ArrayList$ArrayListSpliterator.tryAdvance(ArrayList.java:1602)
	at java.base@17.0.17/java.util.stream.ReferencePipeline.forEachWithCancel(ReferencePipeline.java:129)
	at java.base@17.0.17/java.util.stream.AbstractPipeline.copyIntoWithCancel(AbstractPipeline.java:527)
	at java.base@17.0.17/java.util.stream.AbstractPipeline.copyInto(AbstractPipeline.java:513)
	at java.base@17.0.17/java.util.stream.AbstractPipeline.wrapAndCopyInto(AbstractPipeline.java:499)
	at java.base@17.0.17/java.util.stream.MatchOps$MatchOp.evaluateSequential(MatchOps.java:230)
	at java.base@17.0.17/java.util.stream.MatchOps$MatchOp.evaluateSequential(MatchOps.java:196)
	at java.base@17.0.17/java.util.stream.AbstractPipeline.evaluate(AbstractPipeline.java:234)
	at java.base@17.0.17/java.util.stream.ReferencePipeline.anyMatch(ReferencePipeline.java:632)
	at app//forge.util.collect.FCollection.anyMatch(FCollection.java:622)
java.util.concurrent.TimeoutException
	at java.base/java.util.concurrent.FutureTask.get(FutureTask.java:204)
	at forge.ai.AiController.chooseSpellAbilityToPlayFromList(AiController.java:1696)
	at forge.ai.AiController.getSpellAbilityToPlay(AiController.java:1583)
	at forge.ai.AiController.chooseSpellAbilityToPlay(AiController.java:1403)
	at forge.ai.PlayerControllerAi.chooseSpellAbilityToPlay(PlayerControllerAi.java:832)
	at forge.game.phase.PhaseHandler.mainLoopStep(PhaseHandler.java:1056)
	at forge.game.phase.PhaseHandler.mainGameLoop(PhaseHandler.java:1035)
	at forge.game.phase.PhaseHandler.startFirstTurn(PhaseHandler.java:1029)
	at forge.game.GameAction.startGame(GameAction.java:2373)
	at forge.game.Match.startGame(Match.java:92)
	at forge.game.Match.startGame(Match.java:77)
	at forge.view.SimulateMatch.lambda$simulateSingleMatch$0(SimulateMatch.java:213)
	at forge.view.TimeLimitedCodeBlock.lambda$runWithTimeout$0(TimeLimitedCodeBlock.java:18)
	at java.base/java.util.concurrent.FutureTask.run(FutureTask.java:264)
	at java.base/java.util.concurrent.ThreadPoolExecutor.runWorker(ThreadPoolExecutor.java:1136)
	at java.base/java.util.concurrent.ThreadPoolExecutor$Worker.run(ThreadPoolExecutor.java:635)
	at java.base/java.lang.Thread.run(Thread.java:840)
AI eval thread at timeout:
	at app//forge.game.card.CardState$LandTraitChanges.applyReplacementEffect(CardState.java:580)
	at app//forge.game.card.Card.updateReplacementEffects(Card.java:7065)
	at app//forge.game.card.CardState.getReplacementEffects(CardState.java:754)
	at app//forge.game.card.CardState.getReplacementEffects(CardState.java:723)
	at app//forge.game.card.Card.getReplacementEffects(Card.java:7055)
	at app//forge.game.replacement.ReplacementHandler.lambda$getReplacementList$0(ReplacementHandler.java:134)
	at app//forge.game.replacement.ReplacementHandler$$Lambda$431/0x000000780129cb80.visit(Unknown Source)
	at app//forge.util.Visitor.visitAll(Visitor.java:16)
	at app//forge.game.Game.forEachCardInGame(Game.java:757)
	at app//forge.game.replacement.ReplacementHandler.getReplacementList(ReplacementHandler.java:102)
	at app//forge.game.replacement.ReplacementHandler.cantHappenCheck(ReplacementHandler.java:174)
	at app//forge.game.card.Card.canTap(Card.java:4696)
	at app//forge.game.card.Card.canTap(Card.java:4688)
	at app//forge.game.cost.CostTap.canPay(CostTap.java:69)
	at app//forge.game.cost.Cost.canPay(Cost.java:1085)
	at app//forge.game.cost.CostPayment.canPayAdditionalCosts(CostPayment.java:104)
	at app//forge.game.cost.CostPayment.canPayAdditionalCosts(CostPayment.java:96)
	at app//forge.game.spellability.AbilityActivated.canPlay(AbilityActivated.java:103)
	at app//forge.ai.ComputerUtilMana.groupSourcesByManaColor(ComputerUtilMana.java:1505)
	at app//forge.ai.ComputerUtilMana.getSourcesForShards(ComputerUtilMana.java:831)
	at app//forge.ai.ComputerUtilMana.payManaCost(ComputerUtilMana.java:638)
	at app//forge.ai.ComputerUtilMana.payManaCost(ComputerUtilMana.java:74)
	at app//forge.ai.ComputerUtilMana.canPayManaCost(ComputerUtilMana.java:63)
	at app//forge.ai.ComputerUtilCost.canPayCost(ComputerUtilCost.java:634)
	at app//forge.ai.ComputerUtilCost.canPayCost(ComputerUtilCost.java:530)
	at app//forge.ai.ComputerUtilCombat.canGainKeyword(ComputerUtilCombat.java:2290)
	at app//forge.ai.ComputerUtilCombat.dealsFirstStrikeDamage(ComputerUtilCombat.java:2251)
	at app//forge.ai.ComputerUtilCombat.predictPowerBonusOfAttacker(ComputerUtilCombat.java:1162)
	at app//forge.ai.ComputerUtilCombat.canDestroyBlocker(ComputerUtilCombat.java:1912)
	at app//forge.ai.AiBlockController.getSafeBlockers(AiBlockController.java:106)
Game Outcome: Turn 12
Game Outcome: Ai(1)-Merry, Esquire of Rohan Competitive Brawl BrawlREC 2026-07 has lost because life total reached 0
Game Outcome: Ai(2)-Lathril Alternate Supplied has won because all opponents have lost
Match Result: Ai(1)-Merry, Esquire of Rohan Competitive Brawl BrawlREC 2026-07: 11 Ai(2)-Lathril Alternate Supplied: 17

Game Result: Game 28 ended in 57845 ms. Ai(2)-Lathril Alternate Supplied has won!

Game Outcome: Turn 9
Game Outcome: Ai(1)-Merry, Esquire of Rohan Competitive Brawl BrawlREC 2026-07 has won because all opponents have lost
Game Outcome: Ai(2)-Lathril Alternate Supplied has lost because life total reached 0
Match Result: Ai(1)-Merry, Esquire of Rohan Competitive Brawl BrawlREC 2026-07: 12 Ai(2)-Lathril Alternate Supplied: 17

Game Result: Game 29 ended in 8363 ms. Ai(1)-Merry, Esquire of Rohan Competitive Brawl BrawlREC 2026-07 has won!

Game Outcome: Turn 10
Game Outcome: Ai(1)-Merry, Esquire of Rohan Competitive Brawl BrawlREC 2026-07 has won because all opponents have lost
Game Outcome: Ai(2)-Lathril Alternate Supplied has lost because life total reached 0
Match Result: Ai(1)-Merry, Esquire of Rohan Competitive Brawl BrawlREC 2026-07: 13 Ai(2)-Lathril Alternate Supplied: 17

Game Result: Game 30 ended in 5019 ms. Ai(1)-Merry, Esquire of Rohan Competitive Brawl BrawlREC 2026-07 has won!

Game Outcome: Turn 6
Game Outcome: Ai(1)-Merry, Esquire of Rohan Competitive Brawl BrawlREC 2026-07 has lost because life total reached 0
Game Outcome: Ai(2)-Lathril Alternate Supplied has won because all opponents have lost
Match Result: Ai(1)-Merry, Esquire of Rohan Competitive Brawl BrawlREC 2026-07: 13 Ai(2)-Lathril Alternate Supplied: 18

Game Result: Game 31 ended in 4596 ms. Ai(2)-Lathril Alternate Supplied has won!

SVar 'X' not found in ability, fallback to Card (Maddening Hex). Ability is (   )
SVar 'X' not defined in Card (Maddening Hex)
SVar 'X' not found in ability, fallback to Card (Maddening Hex). Ability is (   )
SVar 'X' not defined in Card (Maddening Hex)
Game Outcome: Turn 7
Game Outcome: Ai(1)-Merry, Esquire of Rohan Competitive Brawl BrawlREC 2026-07 has lost because life total reached 0
Game Outcome: Ai(2)-Lathril Alternate Supplied has won because all opponents have lost
Match Result: Ai(1)-Merry, Esquire of Rohan Competitive Brawl BrawlREC 2026-07: 13 Ai(2)-Lathril Alternate Supplied: 19

Game Result: Game 32 ended in 2513 ms. Ai(2)-Lathril Alternate Supplied has won!

Game Outcome: Turn 6
Game Outcome: Ai(1)-Merry, Esquire of Rohan Competitive Brawl BrawlREC 2026-07 has lost because life total reached 0
Game Outcome: Ai(2)-Lathril Alternate Supplied has won because all opponents have lost
Match Result: Ai(1)-Merry, Esquire of Rohan Competitive Brawl BrawlREC 2026-07: 13 Ai(2)-Lathril Alternate Supplied: 20

Game Result: Game 33 ended in 10557 ms. Ai(2)-Lathril Alternate Supplied has won!

Game Outcome: Turn 7
Game Outcome: Ai(1)-Merry, Esquire of Rohan Competitive Brawl BrawlREC 2026-07 has lost because life total reached 0
Game Outcome: Ai(2)-Lathril Alternate Supplied has won because all opponents have lost
Match Result: Ai(1)-Merry, Esquire of Rohan Competitive Brawl BrawlREC 2026-07: 13 Ai(2)-Lathril Alternate Supplied: 21

Game Result: Game 34 ended in 3593 ms. Ai(2)-Lathril Alternate Supplied has won!

Game Outcome: Turn 5
Game Outcome: Ai(1)-Merry, Esquire of Rohan Competitive Brawl BrawlREC 2026-07 has won because all opponents have lost
Game Outcome: Ai(2)-Lathril Alternate Supplied has lost because life total reached 0
Match Result: Ai(1)-Merry, Esquire of Rohan Competitive Brawl BrawlREC 2026-07: 14 Ai(2)-Lathril Alternate Supplied: 21

Game Result: Game 35 ended in 1733 ms. Ai(1)-Merry, Esquire of Rohan Competitive Brawl BrawlREC 2026-07 has won!

Game Outcome: Turn 7
Game Outcome: Ai(1)-Merry, Esquire of Rohan Competitive Brawl BrawlREC 2026-07 has lost because life total reached 0
Game Outcome: Ai(2)-Lathril Alternate Supplied has won because all opponents have lost
Match Result: Ai(1)-Merry, Esquire of Rohan Competitive Brawl BrawlREC 2026-07: 14 Ai(2)-Lathril Alternate Supplied: 22

Game Result: Game 36 ended in 2718 ms. Ai(2)-Lathril Alternate Supplied has won!

Game Outcome: Turn 6
Game Outcome: Ai(1)-Merry, Esquire of Rohan Competitive Brawl BrawlREC 2026-07 has won because all opponents have lost
Game Outcome: Ai(2)-Lathril Alternate Supplied has lost because life total reached 0
Match Result: Ai(1)-Merry, Esquire of Rohan Competitive Brawl BrawlREC 2026-07: 15 Ai(2)-Lathril Alternate Supplied: 22

Game Result: Game 37 ended in 2097 ms. Ai(1)-Merry, Esquire of Rohan Competitive Brawl BrawlREC 2026-07 has won!

Game Outcome: Turn 5
Game Outcome: Ai(1)-Merry, Esquire of Rohan Competitive Brawl BrawlREC 2026-07 has won because all opponents have lost
Game Outcome: Ai(2)-Lathril Alternate Supplied has lost because life total reached 0
Match Result: Ai(1)-Merry, Esquire of Rohan Competitive Brawl BrawlREC 2026-07: 16 Ai(2)-Lathril Alternate Supplied: 22

Game Result: Game 38 ended in 1899 ms. Ai(1)-Merry, Esquire of Rohan Competitive Brawl BrawlREC 2026-07 has won!

Game Outcome: Turn 5
Game Outcome: Ai(1)-Merry, Esquire of Rohan Competitive Brawl BrawlREC 2026-07 has won because all opponents have lost
Game Outcome: Ai(2)-Lathril Alternate Supplied has lost because life total reached 0
Match Result: Ai(1)-Merry, Esquire of Rohan Competitive Brawl BrawlREC 2026-07: 17 Ai(2)-Lathril Alternate Supplied: 22

Game Result: Game 39 ended in 2689 ms. Ai(1)-Merry, Esquire of Rohan Competitive Brawl BrawlREC 2026-07 has won!

Plains Did not have activator set in SpellAbilityRestriction.canPlay()
SVar 'X' not found in ability, fallback to Card (Maddening Hex). Ability is (   )
SVar 'X' not defined in Card (Maddening Hex)
SVar 'X' not found in ability, fallback to Card (Maddening Hex). Ability is (   )
SVar 'X' not defined in Card (Maddening Hex)
SVar 'X' not found in ability, fallback to Card (Maddening Hex). Ability is (   )
SVar 'X' not defined in Card (Maddening Hex)
SVar 'X' not found in ability, fallback to Card (Maddening Hex). Ability is (   )
SVar 'X' not defined in Card (Maddening Hex)
SVar 'X' not found in ability, fallback to Card (Maddening Hex). Ability is (   )
SVar 'X' not defined in Card (Maddening Hex)
SVar 'X' not found in ability, fallback to Card (Maddening Hex). Ability is (   )
SVar 'X' not defined in Card (Maddening Hex)
Game Outcome: Turn 12
Game Outcome: Ai(1)-Merry, Esquire of Rohan Competitive Brawl BrawlREC 2026-07 has lost because life total reached 0
Game Outcome: Ai(2)-Lathril Alternate Supplied has won because all opponents have lost
Match Result: Ai(1)-Merry, Esquire of Rohan Competitive Brawl BrawlREC 2026-07: 17 Ai(2)-Lathril Alternate Supplied: 23

Game Result: Game 40 ended in 4499 ms. Ai(2)-Lathril Alternate Supplied has won!

Game Outcome: Turn 7
Game Outcome: Ai(1)-Merry, Esquire of Rohan Competitive Brawl BrawlREC 2026-07 has lost because life total reached 0
Game Outcome: Ai(2)-Lathril Alternate Supplied has won because all opponents have lost
Match Result: Ai(1)-Merry, Esquire of Rohan Competitive Brawl BrawlREC 2026-07: 17 Ai(2)-Lathril Alternate Supplied: 24

Game Result: Game 41 ended in 3386 ms. Ai(2)-Lathril Alternate Supplied has won!

Game Outcome: Turn 7
Game Outcome: Ai(1)-Merry, Esquire of Rohan Competitive Brawl BrawlREC 2026-07 has lost because life total reached 0
Game Outcome: Ai(2)-Lathril Alternate Supplied has won because all opponents have lost
Match Result: Ai(1)-Merry, Esquire of Rohan Competitive Brawl BrawlREC 2026-07: 17 Ai(2)-Lathril Alternate Supplied: 25

Game Result: Game 42 ended in 2727 ms. Ai(2)-Lathril Alternate Supplied has won!

Game Outcome: Turn 8
Game Outcome: Ai(1)-Merry, Esquire of Rohan Competitive Brawl BrawlREC 2026-07 has won because all opponents have lost
Game Outcome: Ai(2)-Lathril Alternate Supplied has lost because life total reached 0
Match Result: Ai(1)-Merry, Esquire of Rohan Competitive Brawl BrawlREC 2026-07: 18 Ai(2)-Lathril Alternate Supplied: 25

Game Result: Game 43 ended in 4741 ms. Ai(1)-Merry, Esquire of Rohan Competitive Brawl BrawlREC 2026-07 has won!

Game Outcome: Turn 9
Game Outcome: Ai(1)-Merry, Esquire of Rohan Competitive Brawl BrawlREC 2026-07 has won because all opponents have lost
Game Outcome: Ai(2)-Lathril Alternate Supplied has lost because life total reached 0
Match Result: Ai(1)-Merry, Esquire of Rohan Competitive Brawl BrawlREC 2026-07: 19 Ai(2)-Lathril Alternate Supplied: 25

Game Result: Game 44 ended in 2365 ms. Ai(1)-Merry, Esquire of Rohan Competitive Brawl BrawlREC 2026-07 has won!

SVar 'X' not found in ability, fallback to Card (Maddening Hex). Ability is (   )
SVar 'X' not defined in Card (Maddening Hex)
SVar 'X' not found in ability, fallback to Card (Maddening Hex). Ability is (   )
SVar 'X' not defined in Card (Maddening Hex)
Game Outcome: Turn 12
Game Outcome: Ai(1)-Merry, Esquire of Rohan Competitive Brawl BrawlREC 2026-07 has lost because life total reached 0
Game Outcome: Ai(2)-Lathril Alternate Supplied has won because all opponents have lost
Match Result: Ai(1)-Merry, Esquire of Rohan Competitive Brawl BrawlREC 2026-07: 19 Ai(2)-Lathril Alternate Supplied: 26

Game Result: Game 45 ended in 2515 ms. Ai(2)-Lathril Alternate Supplied has won!

Game Outcome: Turn 7
Game Outcome: Ai(1)-Merry, Esquire of Rohan Competitive Brawl BrawlREC 2026-07 has won because all opponents have lost
Game Outcome: Ai(2)-Lathril Alternate Supplied has lost because life total reached 0
Match Result: Ai(1)-Merry, Esquire of Rohan Competitive Brawl BrawlREC 2026-07: 20 Ai(2)-Lathril Alternate Supplied: 26

Game Result: Game 46 ended in 3965 ms. Ai(1)-Merry, Esquire of Rohan Competitive Brawl BrawlREC 2026-07 has won!

Game Outcome: Turn 6
Game Outcome: Ai(1)-Merry, Esquire of Rohan Competitive Brawl BrawlREC 2026-07 has lost because life total reached 0
Game Outcome: Ai(2)-Lathril Alternate Supplied has won because all opponents have lost
Match Result: Ai(1)-Merry, Esquire of Rohan Competitive Brawl BrawlREC 2026-07: 20 Ai(2)-Lathril Alternate Supplied: 27

Game Result: Game 47 ended in 3025 ms. Ai(2)-Lathril Alternate Supplied has won!

Game Outcome: Turn 7
Game Outcome: Ai(1)-Merry, Esquire of Rohan Competitive Brawl BrawlREC 2026-07 has lost because life total reached 0
Game Outcome: Ai(2)-Lathril Alternate Supplied has won because all opponents have lost
Match Result: Ai(1)-Merry, Esquire of Rohan Competitive Brawl BrawlREC 2026-07: 20 Ai(2)-Lathril Alternate Supplied: 28

Game Result: Game 48 ended in 3661 ms. Ai(2)-Lathril Alternate Supplied has won!

Game Outcome: Turn 5
Game Outcome: Ai(1)-Merry, Esquire of Rohan Competitive Brawl BrawlREC 2026-07 has lost because life total reached 0
Game Outcome: Ai(2)-Lathril Alternate Supplied has won because all opponents have lost
Match Result: Ai(1)-Merry, Esquire of Rohan Competitive Brawl BrawlREC 2026-07: 20 Ai(2)-Lathril Alternate Supplied: 29

Game Result: Game 49 ended in 1335 ms. Ai(2)-Lathril Alternate Supplied has won!

Game Outcome: Turn 6
Game Outcome: Ai(1)-Merry, Esquire of Rohan Competitive Brawl BrawlREC 2026-07 has won because all opponents have lost
Game Outcome: Ai(2)-Lathril Alternate Supplied has lost because life total reached 0
Match Result: Ai(1)-Merry, Esquire of Rohan Competitive Brawl BrawlREC 2026-07: 21 Ai(2)-Lathril Alternate Supplied: 29

Game Result: Game 50 ended in 1940 ms. Ai(1)-Merry, Esquire of Rohan Competitive Brawl BrawlREC 2026-07 has won!
