Error handling registered!
18:32:55 [INFO ] GuiBase: ##########################################
18:32:55 [INFO ] GuiBase: APP: Forge v.2.0.14-SNAPSHOT-08.08
18:32:55 [INFO ] GuiBase: Java: 17.0.17 (Homebrew)
18:32:55 [INFO ] GuiBase: OS: Mac OS X 15.5 aarch64
18:32:55 [INFO ] GuiBase: RAM: 4096 MB max, 8 CPUs
18:32:55 [INFO ] GuiBase: ##########################################
Language 'en-US' loaded successfully.
(ThreadUtil first call): Running with priority 5
Read cards: 33617 archived files in 1 ms (25 parts) using thread pool
Upcoming set Star Trek (TRK) dated in the future. All `upcoming` cards will be added to this set with unknown rarity.
The card A-Alrund's Epiphany was not assigned to any set. Adding it to UNKNOWN set... to fix see res/editions/ folder.
The card A-Baba Lysaga, Night Witch was not assigned to any set. Adding it to UNKNOWN set... to fix see res/editions/ folder.
The card A-Divide by Zero was not assigned to any set. Adding it to UNKNOWN set... to fix see res/editions/ folder.
The card A-Esika's Chariot was not assigned to any set. Adding it to UNKNOWN set... to fix see res/editions/ folder.
The card A-Faceless Haven was not assigned to any set. Adding it to UNKNOWN set... to fix see res/editions/ folder.
The card A-Fires of Invention was not assigned to any set. Adding it to UNKNOWN set... to fix see res/editions/ folder.
The card A-Goldspan Dragon was not assigned to any set. Adding it to UNKNOWN set... to fix see res/editions/ folder.
The card A-Hullbreaker Horror was not assigned to any set. Adding it to UNKNOWN set... to fix see res/editions/ folder.
The card A-Kumano Faces Kakkazan was not assigned to any set. Adding it to UNKNOWN set... to fix see res/editions/ folder.
The card A-Luminarch Aspirant was not assigned to any set. Adding it to UNKNOWN set... to fix see res/editions/ folder.
The card A-Monster Manual was not assigned to any set. Adding it to UNKNOWN set... to fix see res/editions/ folder.
The card A-Omnath, Locus of Creation was not assigned to any set. Adding it to UNKNOWN set... to fix see res/editions/ folder.
The card A-The Meathook Massacre was not assigned to any set. Adding it to UNKNOWN set... to fix see res/editions/ folder.
The card A-Unholy Heat was not assigned to any set. Adding it to UNKNOWN set... to fix see res/editions/ folder.
The card Blinding Radiance was not assigned to any set. Adding it to UNKNOWN set... to fix see res/editions/ folder.
The card Goblin Bruiser was not assigned to any set. Adding it to UNKNOWN set... to fix see res/editions/ folder.
The card Ogre Painbringer was not assigned to any set. Adding it to UNKNOWN set... to fix see res/editions/ folder.
The card Titanic Pelagosaur was not assigned to any set. Adding it to UNKNOWN set... to fix see res/editions/ folder.
The card Treetop Recluse was not assigned to any set. Adding it to UNKNOWN set... to fix see res/editions/ folder.
Upcoming set Star Trek (TRK) dated in the future. All `upcoming` cards will be added to this set with unknown rarity.
Read cards: 836 files in 0 ms (8 parts) using thread pool
Simulation mode
Ai(1)-Lathril Alternate Supplied vs Ai(2)-Grist Competitive Brawl AetherHub 2026-09 - fifty  games of Brawl seed 33025
Game Outcome: Turn 9
Game Outcome: Ai(1)-Lathril Alternate Supplied has won because all opponents have lost
Game Outcome: Ai(2)-Grist Competitive Brawl AetherHub 2026-09 has lost because life total reached 0
Match Result: Ai(1)-Lathril Alternate Supplied: 1 Ai(2)-Grist Competitive Brawl AetherHub 2026-09: 0

Game Result: Game 1 ended in 7493 ms. Ai(1)-Lathril Alternate Supplied has won!

Game Outcome: Turn 9
Game Outcome: Ai(1)-Lathril Alternate Supplied has won because all opponents have lost
Game Outcome: Ai(2)-Grist Competitive Brawl AetherHub 2026-09 has lost because life total reached 0
Match Result: Ai(1)-Lathril Alternate Supplied: 2 Ai(2)-Grist Competitive Brawl AetherHub 2026-09: 0

Game Result: Game 2 ended in 6049 ms. Ai(1)-Lathril Alternate Supplied has won!

Game Outcome: Turn 8
Game Outcome: Ai(1)-Lathril Alternate Supplied has lost because life total reached 0
Game Outcome: Ai(2)-Grist Competitive Brawl AetherHub 2026-09 has won because all opponents have lost
Match Result: Ai(1)-Lathril Alternate Supplied: 2 Ai(2)-Grist Competitive Brawl AetherHub 2026-09: 1

Game Result: Game 3 ended in 10177 ms. Ai(2)-Grist Competitive Brawl AetherHub 2026-09 has won!

Game Outcome: Turn 10
Game Outcome: Ai(1)-Lathril Alternate Supplied has won because all opponents have lost
Game Outcome: Ai(2)-Grist Competitive Brawl AetherHub 2026-09 has lost because life total reached 0
Match Result: Ai(1)-Lathril Alternate Supplied: 3 Ai(2)-Grist Competitive Brawl AetherHub 2026-09: 1

Game Result: Game 4 ended in 18442 ms. Ai(1)-Lathril Alternate Supplied has won!

Game Outcome: Turn 15
Game Outcome: Ai(1)-Lathril Alternate Supplied has lost because life total reached 0
Game Outcome: Ai(2)-Grist Competitive Brawl AetherHub 2026-09 has won because all opponents have lost
Match Result: Ai(1)-Lathril Alternate Supplied: 3 Ai(2)-Grist Competitive Brawl AetherHub 2026-09: 2

Game Result: Game 5 ended in 35591 ms. Ai(2)-Grist Competitive Brawl AetherHub 2026-09 has won!

Game Outcome: Turn 6
Game Outcome: Ai(1)-Lathril Alternate Supplied has won because all opponents have lost
Game Outcome: Ai(2)-Grist Competitive Brawl AetherHub 2026-09 has lost because life total reached 0
Match Result: Ai(1)-Lathril Alternate Supplied: 4 Ai(2)-Grist Competitive Brawl AetherHub 2026-09: 2

Game Result: Game 6 ended in 2894 ms. Ai(1)-Lathril Alternate Supplied has won!

Game Outcome: Turn 7
Game Outcome: Ai(1)-Lathril Alternate Supplied has won because all opponents have lost
Game Outcome: Ai(2)-Grist Competitive Brawl AetherHub 2026-09 has lost because life total reached 0
Match Result: Ai(1)-Lathril Alternate Supplied: 5 Ai(2)-Grist Competitive Brawl AetherHub 2026-09: 2

Game Result: Game 7 ended in 7587 ms. Ai(1)-Lathril Alternate Supplied has won!

Stopping slow match as draw
Game Outcome: Turn 13
Game Outcome: Ai(1)-Lathril Alternate Supplied has won because all opponents have lost
Game Outcome: Ai(2)-Grist Competitive Brawl AetherHub 2026-09 has won because all opponents have lost
Match Result: Ai(1)-Lathril Alternate Supplied: 6 Ai(2)-Grist Competitive Brawl AetherHub 2026-09: 2

Game Result: Game 8 ended in 120009 ms. Ai(1)-Lathril Alternate Supplied has won!

Game Outcome: Turn 7
Game Outcome: Ai(1)-Lathril Alternate Supplied has won because all opponents have lost
Game Outcome: Ai(2)-Grist Competitive Brawl AetherHub 2026-09 has lost because life total reached 0
Match Result: Ai(1)-Lathril Alternate Supplied: 7 Ai(2)-Grist Competitive Brawl AetherHub 2026-09: 2

Game Result: Game 9 ended in 3398 ms. Ai(1)-Lathril Alternate Supplied has won!

Game Outcome: Turn 7
Game Outcome: Ai(1)-Lathril Alternate Supplied has won because all opponents have lost
Game Outcome: Ai(2)-Grist Competitive Brawl AetherHub 2026-09 has lost because life total reached 0
Match Result: Ai(1)-Lathril Alternate Supplied: 8 Ai(2)-Grist Competitive Brawl AetherHub 2026-09: 2

Game Result: Game 10 ended in 3199 ms. Ai(1)-Lathril Alternate Supplied has won!

Game Outcome: Turn 9
Game Outcome: Ai(1)-Lathril Alternate Supplied has lost because life total reached 0
Game Outcome: Ai(2)-Grist Competitive Brawl AetherHub 2026-09 has won because all opponents have lost
Match Result: Ai(1)-Lathril Alternate Supplied: 8 Ai(2)-Grist Competitive Brawl AetherHub 2026-09: 3

Game Result: Game 11 ended in 8377 ms. Ai(2)-Grist Competitive Brawl AetherHub 2026-09 has won!

Game Outcome: Turn 9
Game Outcome: Ai(1)-Lathril Alternate Supplied has won because all opponents have lost
Game Outcome: Ai(2)-Grist Competitive Brawl AetherHub 2026-09 has lost because life total reached 0
Match Result: Ai(1)-Lathril Alternate Supplied: 9 Ai(2)-Grist Competitive Brawl AetherHub 2026-09: 3

Game Result: Game 12 ended in 8765 ms. Ai(1)-Lathril Alternate Supplied has won!

Game Outcome: Turn 9
Game Outcome: Ai(1)-Lathril Alternate Supplied has won because all opponents have lost
Game Outcome: Ai(2)-Grist Competitive Brawl AetherHub 2026-09 has lost because life total reached 0
Match Result: Ai(1)-Lathril Alternate Supplied: 10 Ai(2)-Grist Competitive Brawl AetherHub 2026-09: 3

Game Result: Game 13 ended in 6316 ms. Ai(1)-Lathril Alternate Supplied has won!

Game Outcome: Turn 8
Game Outcome: Ai(1)-Lathril Alternate Supplied has lost because life total reached 0
Game Outcome: Ai(2)-Grist Competitive Brawl AetherHub 2026-09 has won because all opponents have lost
Match Result: Ai(1)-Lathril Alternate Supplied: 10 Ai(2)-Grist Competitive Brawl AetherHub 2026-09: 4

Game Result: Game 14 ended in 6782 ms. Ai(2)-Grist Competitive Brawl AetherHub 2026-09 has won!

Game Outcome: Turn 9
Game Outcome: Ai(1)-Lathril Alternate Supplied has lost because life total reached 0
Game Outcome: Ai(2)-Grist Competitive Brawl AetherHub 2026-09 has won because all opponents have lost
Match Result: Ai(1)-Lathril Alternate Supplied: 10 Ai(2)-Grist Competitive Brawl AetherHub 2026-09: 5

Game Result: Game 15 ended in 6320 ms. Ai(2)-Grist Competitive Brawl AetherHub 2026-09 has won!

Game Outcome: Turn 9
Game Outcome: Ai(1)-Lathril Alternate Supplied has won because all opponents have lost
Game Outcome: Ai(2)-Grist Competitive Brawl AetherHub 2026-09 has lost because life total reached 0
Match Result: Ai(1)-Lathril Alternate Supplied: 11 Ai(2)-Grist Competitive Brawl AetherHub 2026-09: 5

Game Result: Game 16 ended in 5588 ms. Ai(1)-Lathril Alternate Supplied has won!

Game Outcome: Turn 7
Game Outcome: Ai(1)-Lathril Alternate Supplied has won because all opponents have lost
Game Outcome: Ai(2)-Grist Competitive Brawl AetherHub 2026-09 has lost because life total reached 0
Match Result: Ai(1)-Lathril Alternate Supplied: 12 Ai(2)-Grist Competitive Brawl AetherHub 2026-09: 5

Game Result: Game 17 ended in 1508 ms. Ai(1)-Lathril Alternate Supplied has won!

Game Outcome: Turn 8
Game Outcome: Ai(1)-Lathril Alternate Supplied has won because all opponents have lost
Game Outcome: Ai(2)-Grist Competitive Brawl AetherHub 2026-09 has lost because life total reached 0
Match Result: Ai(1)-Lathril Alternate Supplied: 13 Ai(2)-Grist Competitive Brawl AetherHub 2026-09: 5

Game Result: Game 18 ended in 3314 ms. Ai(1)-Lathril Alternate Supplied has won!

Game Outcome: Turn 13
Game Outcome: Ai(1)-Lathril Alternate Supplied has won because all opponents have lost
Game Outcome: Ai(2)-Grist Competitive Brawl AetherHub 2026-09 has lost because life total reached 0
Match Result: Ai(1)-Lathril Alternate Supplied: 14 Ai(2)-Grist Competitive Brawl AetherHub 2026-09: 5

Game Result: Game 19 ended in 6216 ms. Ai(1)-Lathril Alternate Supplied has won!

Game Outcome: Turn 7
Game Outcome: Ai(1)-Lathril Alternate Supplied has lost because life total reached 0
Game Outcome: Ai(2)-Grist Competitive Brawl AetherHub 2026-09 has won because all opponents have lost
Match Result: Ai(1)-Lathril Alternate Supplied: 14 Ai(2)-Grist Competitive Brawl AetherHub 2026-09: 6

Game Result: Game 20 ended in 6991 ms. Ai(2)-Grist Competitive Brawl AetherHub 2026-09 has won!

Game Outcome: Turn 10
Game Outcome: Ai(1)-Lathril Alternate Supplied has lost because life total reached 0
Game Outcome: Ai(2)-Grist Competitive Brawl AetherHub 2026-09 has won because all opponents have lost
Match Result: Ai(1)-Lathril Alternate Supplied: 14 Ai(2)-Grist Competitive Brawl AetherHub 2026-09: 7

Game Result: Game 21 ended in 3001 ms. Ai(2)-Grist Competitive Brawl AetherHub 2026-09 has won!

Game Outcome: Turn 8
Game Outcome: Ai(1)-Lathril Alternate Supplied has won because all opponents have lost
Game Outcome: Ai(2)-Grist Competitive Brawl AetherHub 2026-09 has lost because life total reached 0
Match Result: Ai(1)-Lathril Alternate Supplied: 15 Ai(2)-Grist Competitive Brawl AetherHub 2026-09: 7

Game Result: Game 22 ended in 2700 ms. Ai(1)-Lathril Alternate Supplied has won!

Game Outcome: Turn 10
Game Outcome: Ai(1)-Lathril Alternate Supplied has lost because life total reached 0
Game Outcome: Ai(2)-Grist Competitive Brawl AetherHub 2026-09 has won because all opponents have lost
Match Result: Ai(1)-Lathril Alternate Supplied: 15 Ai(2)-Grist Competitive Brawl AetherHub 2026-09: 8

Game Result: Game 23 ended in 16431 ms. Ai(2)-Grist Competitive Brawl AetherHub 2026-09 has won!

Game Outcome: Turn 10
Game Outcome: Ai(1)-Lathril Alternate Supplied has won because all opponents have lost
Game Outcome: Ai(2)-Grist Competitive Brawl AetherHub 2026-09 has lost because life total reached 0
Match Result: Ai(1)-Lathril Alternate Supplied: 16 Ai(2)-Grist Competitive Brawl AetherHub 2026-09: 8

Game Result: Game 24 ended in 13821 ms. Ai(1)-Lathril Alternate Supplied has won!

Game Outcome: Turn 11
Game Outcome: Ai(1)-Lathril Alternate Supplied has won because all opponents have lost
Game Outcome: Ai(2)-Grist Competitive Brawl AetherHub 2026-09 has lost because life total reached 0
Match Result: Ai(1)-Lathril Alternate Supplied: 17 Ai(2)-Grist Competitive Brawl AetherHub 2026-09: 8

Game Result: Game 25 ended in 12667 ms. Ai(1)-Lathril Alternate Supplied has won!

Game Outcome: Turn 7
Game Outcome: Ai(1)-Lathril Alternate Supplied has won because all opponents have lost
Game Outcome: Ai(2)-Grist Competitive Brawl AetherHub 2026-09 has lost because life total reached 0
Match Result: Ai(1)-Lathril Alternate Supplied: 18 Ai(2)-Grist Competitive Brawl AetherHub 2026-09: 8

Game Result: Game 26 ended in 5515 ms. Ai(1)-Lathril Alternate Supplied has won!

Game Outcome: Turn 7
Game Outcome: Ai(1)-Lathril Alternate Supplied has lost because life total reached 0
Game Outcome: Ai(2)-Grist Competitive Brawl AetherHub 2026-09 has won because all opponents have lost
Match Result: Ai(1)-Lathril Alternate Supplied: 18 Ai(2)-Grist Competitive Brawl AetherHub 2026-09: 9

Game Result: Game 27 ended in 8575 ms. Ai(2)-Grist Competitive Brawl AetherHub 2026-09 has won!

Game Outcome: Turn 9
Game Outcome: Ai(1)-Lathril Alternate Supplied has won because all opponents have lost
Game Outcome: Ai(2)-Grist Competitive Brawl AetherHub 2026-09 has lost because life total reached 0
Match Result: Ai(1)-Lathril Alternate Supplied: 19 Ai(2)-Grist Competitive Brawl AetherHub 2026-09: 9

Game Result: Game 28 ended in 29723 ms. Ai(1)-Lathril Alternate Supplied has won!

Game Outcome: Turn 10
Game Outcome: Ai(1)-Lathril Alternate Supplied has won because all opponents have lost
Game Outcome: Ai(2)-Grist Competitive Brawl AetherHub 2026-09 has lost because life total reached 0
Match Result: Ai(1)-Lathril Alternate Supplied: 20 Ai(2)-Grist Competitive Brawl AetherHub 2026-09: 9

Game Result: Game 29 ended in 29842 ms. Ai(1)-Lathril Alternate Supplied has won!

Game Outcome: Turn 9
Game Outcome: Ai(1)-Lathril Alternate Supplied has lost because life total reached 0
Game Outcome: Ai(2)-Grist Competitive Brawl AetherHub 2026-09 has won because all opponents have lost
Match Result: Ai(1)-Lathril Alternate Supplied: 20 Ai(2)-Grist Competitive Brawl AetherHub 2026-09: 10

Game Result: Game 30 ended in 7315 ms. Ai(2)-Grist Competitive Brawl AetherHub 2026-09 has won!

java.util.concurrent.TimeoutException
	at java.base/java.util.concurrent.FutureTask.get(FutureTask.java:204)
	at forge.ai.AiController.chooseSpellAbilityToPlayFromList(AiController.java:1696)
	at forge.ai.AiController.getSpellAbilityToPlay(AiController.java:1583)
	at forge.ai.AiController.chooseSpellAbilityToPlay(AiController.java:1403)
	at forge.ai.PlayerControllerAi.chooseSpellAbilityToPlay(PlayerControllerAi.java:832)
	at forge.game.phase.PhaseHandler.mainLoopStep(PhaseHandler.java:1056)
	at forge.game.phase.PhaseHandler.mainGameLoop(PhaseHandler.java:1035)
	at forge.game.phase.PhaseHandler.startFirstTurn(PhaseHandler.java:1029)
	at forge.game.GameAction.startGame(GameAction.java:2373)
	at forge.game.Match.startGame(Match.java:92)
	at forge.game.Match.startGame(Match.java:77)
	at forge.view.SimulateMatch.lambda$simulateSingleMatch$0(SimulateMatch.java:213)
	at forge.view.TimeLimitedCodeBlock.lambda$runWithTimeout$0(TimeLimitedCodeBlock.java:18)
	at java.base/java.util.concurrent.FutureTask.run(FutureTask.java:264)
	at java.base/java.util.concurrent.ThreadPoolExecutor.runWorker(ThreadPoolExecutor.java:1136)
	at java.base/java.util.concurrent.ThreadPoolExecutor$Worker.run(ThreadPoolExecutor.java:635)
	at java.base/java.lang.Thread.run(Thread.java:840)
AI eval thread at timeout:
	at app//forge.game.card.CardState.getStaticAbilities(CardState.java:705)
	at app//forge.game.card.Card.getStaticAbilities(Card.java:6993)
	at app//forge.ai.ComputerUtilCombat.predictPowerBonusOfBlocker(ComputerUtilCombat.java:891)
	at app//forge.ai.ComputerUtilCombat.predictDamageByBlockerWithoutDoubleStrike(ComputerUtilCombat.java:596)
	at app//forge.ai.ComputerUtilCombat.dealsDamageAsBlocker(ComputerUtilCombat.java:555)
	at app//forge.ai.AiBlockController.makeGangBlocks(AiBlockController.java:515)
	at app//forge.ai.AiBlockController.assignBlockers(AiBlockController.java:1084)
	at app//forge.ai.AiBlockController.assignBlockersForCombat(AiBlockController.java:1014)
	at app//forge.ai.ComputerUtil.predictNextCombatsRemainingLife(ComputerUtil.java:3214)
	at app//forge.ai.ComputerUtil.predictNextCombatsRemainingLife(ComputerUtil.java:3179)
	at app//forge.ai.AiAttackController.notNeededAsBlockers(AiAttackController.java:426)
	at app//forge.ai.AiAttackController.declareAttackers(AiAttackController.java:1279)
	at app//forge.ai.ComputerUtilCard.doesSpecifiedCreatureAttackAI(ComputerUtilCard.java:820)
	at app//forge.ai.ComputerUtilCard.shouldPumpCard(ComputerUtilCard.java:1557)
	at app//forge.ai.ComputerUtilCard.shouldPumpCard(ComputerUtilCard.java:1446)
	at app//forge.ai.ability.PumpAllAi.lambda$checkApiLogic$2(PumpAllAi.java:132)
	at app//forge.ai.ability.PumpAllAi$$Lambda$681/0x00000070012e7608.test(Unknown Source)
	at java.base@17.0.17/java.util.stream.MatchOps$1MatchSink.accept(MatchOps.java:90)
	at java.base@17.0.17/java.util.ArrayList$ArrayListSpliterator.tryAdvance(ArrayList.java:1602)
	at java.base@17.0.17/java.util.stream.ReferencePipeline.forEachWithCancel(ReferencePipeline.java:129)
	at java.base@17.0.17/java.util.stream.AbstractPipeline.copyIntoWithCancel(AbstractPipeline.java:527)
	at java.base@17.0.17/java.util.stream.AbstractPipeline.copyInto(AbstractPipeline.java:513)
	at java.base@17.0.17/java.util.stream.AbstractPipeline.wrapAndCopyInto(AbstractPipeline.java:499)
	at java.base@17.0.17/java.util.stream.MatchOps$MatchOp.evaluateSequential(MatchOps.java:230)
	at java.base@17.0.17/java.util.stream.MatchOps$MatchOp.evaluateSequential(MatchOps.java:196)
	at java.base@17.0.17/java.util.stream.AbstractPipeline.evaluate(AbstractPipeline.java:234)
	at java.base@17.0.17/java.util.stream.ReferencePipeline.anyMatch(ReferencePipeline.java:632)
	at app//forge.util.collect.FCollection.anyMatch(FCollection.java:622)
	at app//forge.ai.ability.PumpAllAi.checkApiLogic(PumpAllAi.java:131)
	at app//forge.ai.SpellAbilityAi.canPlayWithoutRestrict(SpellAbilityAi.java:98)
java.util.concurrent.TimeoutException
	at java.base/java.util.concurrent.FutureTask.get(FutureTask.java:204)
	at forge.ai.AiController.chooseSpellAbilityToPlayFromList(AiController.java:1696)
	at forge.ai.AiController.getSpellAbilityToPlay(AiController.java:1583)
	at forge.ai.AiController.chooseSpellAbilityToPlay(AiController.java:1403)
	at forge.ai.PlayerControllerAi.chooseSpellAbilityToPlay(PlayerControllerAi.java:832)
	at forge.game.phase.PhaseHandler.mainLoopStep(PhaseHandler.java:1056)
	at forge.game.phase.PhaseHandler.mainGameLoop(PhaseHandler.java:1035)
	at forge.game.phase.PhaseHandler.startFirstTurn(PhaseHandler.java:1029)
	at forge.game.GameAction.startGame(GameAction.java:2373)
	at forge.game.Match.startGame(Match.java:92)
	at forge.game.Match.startGame(Match.java:77)
	at forge.view.SimulateMatch.lambda$simulateSingleMatch$0(SimulateMatch.java:213)
	at forge.view.TimeLimitedCodeBlock.lambda$runWithTimeout$0(TimeLimitedCodeBlock.java:18)
	at java.base/java.util.concurrent.FutureTask.run(FutureTask.java:264)
	at java.base/java.util.concurrent.ThreadPoolExecutor.runWorker(ThreadPoolExecutor.java:1136)
	at java.base/java.util.concurrent.ThreadPoolExecutor$Worker.run(ThreadPoolExecutor.java:635)
	at java.base/java.lang.Thread.run(Thread.java:840)
AI eval thread at timeout:
	at app//forge.game.card.Card.updateTriggers(Card.java:7048)
	at app//forge.game.card.CardState.getTriggers(CardState.java:683)
	at app//forge.game.card.Card.getTriggers(Card.java:7031)
	at app//forge.ai.ComputerUtilCombat.predictPowerBonusOfAttacker(ComputerUtilCombat.java:1154)
	at app//forge.ai.ComputerUtilCombat.canDestroyAttacker(ComputerUtilCombat.java:1709)
	at app//forge.ai.AiBlockController.getKillingBlockers(AiBlockController.java:120)
	at app//forge.ai.AiBlockController.makeTradeBlocks(AiBlockController.java:618)
	at app//forge.ai.AiBlockController.assignBlockers(AiBlockController.java:1089)
	at app//forge.ai.AiBlockController.assignBlockersForCombat(AiBlockController.java:1014)
	at app//forge.ai.ComputerUtil.predictNextCombatsRemainingLife(ComputerUtil.java:3214)
	at app//forge.ai.ComputerUtil.predictNextCombatsRemainingLife(ComputerUtil.java:3179)
	at app//forge.ai.AiAttackController.notNeededAsBlockers(AiAttackController.java:426)
	at app//forge.ai.AiAttackController.declareAttackers(AiAttackController.java:1279)
	at app//forge.ai.ComputerUtilCard.doesSpecifiedCreatureAttackAI(ComputerUtilCard.java:820)
	at app//forge.ai.ComputerUtilCard.shouldPumpCard(ComputerUtilCard.java:1557)
	at app//forge.ai.ComputerUtilCard.shouldPumpCard(ComputerUtilCard.java:1446)
	at app//forge.ai.ability.PumpAllAi.lambda$checkApiLogic$2(PumpAllAi.java:132)
	at app//forge.ai.ability.PumpAllAi$$Lambda$681/0x00000070012e7608.test(Unknown Source)
	at java.base@17.0.17/java.util.stream.MatchOps$1MatchSink.accept(MatchOps.java:90)
	at java.base@17.0.17/java.util.ArrayList$ArrayListSpliterator.tryAdvance(ArrayList.java:1602)
	at java.base@17.0.17/java.util.stream.ReferencePipeline.forEachWithCancel(ReferencePipeline.java:129)
	at java.base@17.0.17/java.util.stream.AbstractPipeline.copyIntoWithCancel(AbstractPipeline.java:527)
	at java.base@17.0.17/java.util.stream.AbstractPipeline.copyInto(AbstractPipeline.java:513)
	at java.base@17.0.17/java.util.stream.AbstractPipeline.wrapAndCopyInto(AbstractPipeline.java:499)
	at java.base@17.0.17/java.util.stream.MatchOps$MatchOp.evaluateSequential(MatchOps.java:230)
	at java.base@17.0.17/java.util.stream.MatchOps$MatchOp.evaluateSequential(MatchOps.java:196)
	at java.base@17.0.17/java.util.stream.AbstractPipeline.evaluate(AbstractPipeline.java:234)
	at java.base@17.0.17/java.util.stream.ReferencePipeline.anyMatch(ReferencePipeline.java:632)
	at app//forge.util.collect.FCollection.anyMatch(FCollection.java:622)
	at app//forge.ai.ability.PumpAllAi.checkApiLogic(PumpAllAi.java:131)
java.util.concurrent.TimeoutException
	at java.base/java.util.concurrent.FutureTask.get(FutureTask.java:204)
	at forge.ai.AiController.chooseSpellAbilityToPlayFromList(AiController.java:1696)
	at forge.ai.AiController.getSpellAbilityToPlay(AiController.java:1583)
	at forge.ai.AiController.chooseSpellAbilityToPlay(AiController.java:1403)
	at forge.ai.PlayerControllerAi.chooseSpellAbilityToPlay(PlayerControllerAi.java:832)
	at forge.game.phase.PhaseHandler.mainLoopStep(PhaseHandler.java:1056)
	at forge.game.phase.PhaseHandler.mainGameLoop(PhaseHandler.java:1035)
	at forge.game.phase.PhaseHandler.startFirstTurn(PhaseHandler.java:1029)
	at forge.game.GameAction.startGame(GameAction.java:2373)
	at forge.game.Match.startGame(Match.java:92)
	at forge.game.Match.startGame(Match.java:77)
	at forge.view.SimulateMatch.lambda$simulateSingleMatch$0(SimulateMatch.java:213)
	at forge.view.TimeLimitedCodeBlock.lambda$runWithTimeout$0(TimeLimitedCodeBlock.java:18)
	at java.base/java.util.concurrent.FutureTask.run(FutureTask.java:264)
	at java.base/java.util.concurrent.ThreadPoolExecutor.runWorker(ThreadPoolExecutor.java:1136)
	at java.base/java.util.concurrent.ThreadPoolExecutor$Worker.run(ThreadPoolExecutor.java:635)
	at java.base/java.lang.Thread.run(Thread.java:840)
AI eval thread at timeout:
	at app//forge.game.card.CardState.getStaticAbilities(CardState.java:705)
	at app//forge.game.card.Card.getStaticAbilities(Card.java:6993)
	at app//forge.game.staticability.StaticAbilityCantAttackBlock.cantBlockBy(StaticAbilityCantAttackBlock.java:215)
	at app//forge.game.combat.CombatUtil.canBeBlocked(CombatUtil.java:534)
	at app//forge.game.combat.CombatUtil.canBlock(CombatUtil.java:915)
	at app//forge.ai.AiBlockController.getPossibleBlockers(AiBlockController.java:87)
	at app//forge.ai.AiBlockController.makeGoodBlocks(AiBlockController.java:306)
	at app//forge.ai.AiBlockController.assignBlockers(AiBlockController.java:1083)
	at app//forge.ai.AiBlockController.assignBlockersForCombat(AiBlockController.java:1014)
	at app//forge.ai.ComputerUtil.predictNextCombatsRemainingLife(ComputerUtil.java:3214)
	at app//forge.ai.ComputerUtil.predictNextCombatsRemainingLife(ComputerUtil.java:3179)
	at app//forge.ai.AiAttackController.notNeededAsBlockers(AiAttackController.java:426)
	at app//forge.ai.AiAttackController.declareAttackers(AiAttackController.java:1279)
	at app//forge.ai.ComputerUtilCard.doesSpecifiedCreatureAttackAI(ComputerUtilCard.java:820)
	at app//forge.ai.ComputerUtilCard.shouldPumpCard(ComputerUtilCard.java:1557)
	at app//forge.ai.ComputerUtilCard.shouldPumpCard(ComputerUtilCard.java:1446)
	at app//forge.ai.ability.PumpAllAi.lambda$checkApiLogic$2(PumpAllAi.java:132)
	at app//forge.ai.ability.PumpAllAi$$Lambda$681/0x00000070012e7608.test(Unknown Source)
	at java.base@17.0.17/java.util.stream.MatchOps$1MatchSink.accept(MatchOps.java:90)
	at java.base@17.0.17/java.util.ArrayList$ArrayListSpliterator.tryAdvance(ArrayList.java:1602)
	at java.base@17.0.17/java.util.stream.ReferencePipeline.forEachWithCancel(ReferencePipeline.java:129)
	at java.base@17.0.17/java.util.stream.AbstractPipeline.copyIntoWithCancel(AbstractPipeline.java:527)
	at java.base@17.0.17/java.util.stream.AbstractPipeline.copyInto(AbstractPipeline.java:513)
	at java.base@17.0.17/java.util.stream.AbstractPipeline.wrapAndCopyInto(AbstractPipeline.java:499)
	at java.base@17.0.17/java.util.stream.MatchOps$MatchOp.evaluateSequential(MatchOps.java:230)
	at java.base@17.0.17/java.util.stream.MatchOps$MatchOp.evaluateSequential(MatchOps.java:196)
	at java.base@17.0.17/java.util.stream.AbstractPipeline.evaluate(AbstractPipeline.java:234)
	at java.base@17.0.17/java.util.stream.ReferencePipeline.anyMatch(ReferencePipeline.java:632)
	at app//forge.util.collect.FCollection.anyMatch(FCollection.java:622)
	at app//forge.ai.ability.PumpAllAi.checkApiLogic(PumpAllAi.java:131)
java.util.concurrent.TimeoutException
	at java.base/java.util.concurrent.FutureTask.get(FutureTask.java:204)
	at forge.ai.AiController.chooseSpellAbilityToPlayFromList(AiController.java:1696)
	at forge.ai.AiController.getSpellAbilityToPlay(AiController.java:1583)
	at forge.ai.AiController.chooseSpellAbilityToPlay(AiController.java:1403)
	at forge.ai.PlayerControllerAi.chooseSpellAbilityToPlay(PlayerControllerAi.java:832)
	at forge.game.phase.PhaseHandler.mainLoopStep(PhaseHandler.java:1056)
	at forge.game.phase.PhaseHandler.mainGameLoop(PhaseHandler.java:1035)
	at forge.game.phase.PhaseHandler.startFirstTurn(PhaseHandler.java:1029)
	at forge.game.GameAction.startGame(GameAction.java:2373)
	at forge.game.Match.startGame(Match.java:92)
	at forge.game.Match.startGame(Match.java:77)
	at forge.view.SimulateMatch.lambda$simulateSingleMatch$0(SimulateMatch.java:213)
	at forge.view.TimeLimitedCodeBlock.lambda$runWithTimeout$0(TimeLimitedCodeBlock.java:18)
	at java.base/java.util.concurrent.FutureTask.run(FutureTask.java:264)
	at java.base/java.util.concurrent.ThreadPoolExecutor.runWorker(ThreadPoolExecutor.java:1136)
	at java.base/java.util.concurrent.ThreadPoolExecutor$Worker.run(ThreadPoolExecutor.java:635)
	at java.base/java.lang.Thread.run(Thread.java:840)
AI eval thread at timeout:
	at java.base@17.0.17/java.lang.String.startsWith(String.java:2270)
	at java.base@17.0.17/java.lang.String.startsWith(String.java:2302)
	at app//forge.game.card.CardProperty.cardHasProperty(CardProperty.java:361)
	at app//forge.game.card.Card.hasProperty(Card.java:5831)
	at app//forge.game.card.Card.isValid(Card.java:5817)
	at app//forge.game.GameObject.isValid(GameObject.java:27)
	at app//forge.game.card.CardPredicates.lambda$restriction$20(CardPredicates.java:140)
	at app//forge.game.card.CardPredicates$$Lambda$436/0x0000007001265800.test(Unknown Source)
	at java.base@17.0.17/java.util.stream.ReferencePipeline$2$1.accept(ReferencePipeline.java:178)
	at java.base@17.0.17/java.util.Spliterators$IteratorSpliterator.tryAdvance(Spliterators.java:1856)
	at java.base@17.0.17/java.util.stream.StreamSpliterators$WrappingSpliterator.lambda$initPartialTraversalState$0(StreamSpliterators.java:292)
	at java.base@17.0.17/java.util.stream.StreamSpliterators$WrappingSpliterator$$Lambda$372/0x00000070011fb900.getAsBoolean(Unknown Source)
	at java.base@17.0.17/java.util.stream.StreamSpliterators$AbstractWrappingSpliterator.fillBuffer(StreamSpliterators.java:206)
	at java.base@17.0.17/java.util.stream.StreamSpliterators$AbstractWrappingSpliterator.doAdvance(StreamSpliterators.java:161)
	at java.base@17.0.17/java.util.stream.StreamSpliterators$WrappingSpliterator.tryAdvance(StreamSpliterators.java:298)
	at java.base@17.0.17/java.util.Spliterators$1Adapter.hasNext(Spliterators.java:681)
	at app//forge.util.collect.FCollection.addAll(FCollection.java:345)
	at app//forge.util.collect.FCollection.<init>(FCollection.java:103)
	at app//forge.game.card.CardCollection.<init>(CardCollection.java:118)
	at app//forge.game.card.CardLists.filter(CardLists.java:331)
	at app//forge.game.card.CardLists.getValidCards(CardLists.java:189)
	at app//forge.game.CardTraitBase.meetsCommonRequirements(CardTraitBase.java:423)
	at app//forge.game.trigger.Trigger.requirementsCheck(Trigger.java:340)
	at app//forge.ai.ComputerUtilCombat.combatTriggerWillTrigger(ComputerUtilCombat.java:751)
	at app//forge.ai.ComputerUtilCombat.combatTriggerWillTrigger(ComputerUtilCombat.java:734)
	at app//forge.ai.ComputerUtilCombat.predictToughnessBonusOfAttacker(ComputerUtilCombat.java:1401)
	at app//forge.ai.ComputerUtilCombat.predictToughnessBonusOfAttacker(ComputerUtilCombat.java:1341)
	at app//forge.ai.ComputerUtilCombat.canDestroyAttackerBeforeFirstStrike(ComputerUtilCombat.java:1557)
	at app//forge.ai.ComputerUtilCombat.canDestroyAttacker(ComputerUtilCombat.java:1651)
	at app//forge.ai.AiBlockController.getKillingBlockers(AiBlockController.java:120)
java.util.concurrent.TimeoutException
	at java.base/java.util.concurrent.FutureTask.get(FutureTask.java:204)
	at forge.ai.AiController.chooseSpellAbilityToPlayFromList(AiController.java:1696)
	at forge.ai.AiController.getSpellAbilityToPlay(AiController.java:1583)
	at forge.ai.AiController.chooseSpellAbilityToPlay(AiController.java:1403)
	at forge.ai.PlayerControllerAi.chooseSpellAbilityToPlay(PlayerControllerAi.java:832)
	at forge.game.phase.PhaseHandler.mainLoopStep(PhaseHandler.java:1056)
	at forge.game.phase.PhaseHandler.mainGameLoop(PhaseHandler.java:1035)
	at forge.game.phase.PhaseHandler.startFirstTurn(PhaseHandler.java:1029)
	at forge.game.GameAction.startGame(GameAction.java:2373)
	at forge.game.Match.startGame(Match.java:92)
	at forge.game.Match.startGame(Match.java:77)
	at forge.view.SimulateMatch.lambda$simulateSingleMatch$0(SimulateMatch.java:213)
	at forge.view.TimeLimitedCodeBlock.lambda$runWithTimeout$0(TimeLimitedCodeBlock.java:18)
	at java.base/java.util.concurrent.FutureTask.run(FutureTask.java:264)
	at java.base/java.util.concurrent.ThreadPoolExecutor.runWorker(ThreadPoolExecutor.java:1136)
	at java.base/java.util.concurrent.ThreadPoolExecutor$Worker.run(ThreadPoolExecutor.java:635)
	at java.base/java.lang.Thread.run(Thread.java:840)
AI eval thread at timeout:
	at app//com.google.common.collect.StandardTable$CellIterator.<init>(StandardTable.java:242)
	at app//com.google.common.collect.StandardTable.cellIterator(StandardTable.java:239)
	at app//com.google.common.collect.AbstractTable$CellSet.iterator(AbstractTable.java:164)
	at app//com.google.common.collect.AbstractTable.valuesIterator(AbstractTable.java:186)
	at app//com.google.common.collect.AbstractTable$Values.iterator(AbstractTable.java:199)
	at app//forge.game.card.Card.getName(Card.java:967)
	at app//forge.game.card.Card.getName(Card.java:962)
	at app//forge.game.card.Card.staticReplaceDamage(Card.java:6205)
	at app//forge.ai.ComputerUtilCombat.predictDamageTo(ComputerUtilCombat.java:2230)
	at app//forge.ai.ComputerUtilCombat.canDestroyAttacker(ComputerUtilCombat.java:1698)
	at app//forge.ai.ComputerUtilCombat.canDestroyAttacker(ComputerUtilCombat.java:1642)
	at app//forge.ai.AiAttackController$SpellAbilityFactors.calculate(AiAttackController.java:1396)
	at app//forge.ai.AiAttackController.shouldAttack(AiAttackController.java:1493)
	at app//forge.ai.AiAttackController.declareAttackers(AiAttackController.java:1300)
	at app//forge.ai.AiController.getPredictedCombat(AiController.java:145)
	at app//forge.ai.ComputerUtilCard.doesCreatureAttackAI(ComputerUtilCard.java:806)
	at app//forge.ai.ComputerUtilCard.shouldPumpCard(ComputerUtilCard.java:1557)
	at app//forge.ai.ComputerUtilCard.shouldPumpCard(ComputerUtilCard.java:1446)
	at app//forge.ai.ability.PumpAllAi.lambda$checkApiLogic$2(PumpAllAi.java:132)
	at app//forge.ai.ability.PumpAllAi$$Lambda$681/0x00000070012e7608.test(Unknown Source)
	at java.base@17.0.17/java.util.stream.MatchOps$1MatchSink.accept(MatchOps.java:90)
	at java.base@17.0.17/java.util.ArrayList$ArrayListSpliterator.tryAdvance(ArrayList.java:1602)
	at java.base@17.0.17/java.util.stream.ReferencePipeline.forEachWithCancel(ReferencePipeline.java:129)
	at java.base@17.0.17/java.util.stream.AbstractPipeline.copyIntoWithCancel(AbstractPipeline.java:527)
	at java.base@17.0.17/java.util.stream.AbstractPipeline.copyInto(AbstractPipeline.java:513)
	at java.base@17.0.17/java.util.stream.AbstractPipeline.wrapAndCopyInto(AbstractPipeline.java:499)
	at java.base@17.0.17/java.util.stream.MatchOps$MatchOp.evaluateSequential(MatchOps.java:230)
	at java.base@17.0.17/java.util.stream.MatchOps$MatchOp.evaluateSequential(MatchOps.java:196)
	at java.base@17.0.17/java.util.stream.AbstractPipeline.evaluate(AbstractPipeline.java:234)
	at java.base@17.0.17/java.util.stream.ReferencePipeline.anyMatch(ReferencePipeline.java:632)
java.util.concurrent.TimeoutException
	at java.base/java.util.concurrent.FutureTask.get(FutureTask.java:204)
	at forge.ai.AiController.chooseSpellAbilityToPlayFromList(AiController.java:1696)
	at forge.ai.AiController.getSpellAbilityToPlay(AiController.java:1583)
	at forge.ai.AiController.chooseSpellAbilityToPlay(AiController.java:1403)
	at forge.ai.PlayerControllerAi.chooseSpellAbilityToPlay(PlayerControllerAi.java:832)
	at forge.game.phase.PhaseHandler.mainLoopStep(PhaseHandler.java:1056)
	at forge.game.phase.PhaseHandler.mainGameLoop(PhaseHandler.java:1035)
	at forge.game.phase.PhaseHandler.startFirstTurn(PhaseHandler.java:1029)
	at forge.game.GameAction.startGame(GameAction.java:2373)
	at forge.game.Match.startGame(Match.java:92)
	at forge.game.Match.startGame(Match.java:77)
	at forge.view.SimulateMatch.lambda$simulateSingleMatch$0(SimulateMatch.java:213)
	at forge.view.TimeLimitedCodeBlock.lambda$runWithTimeout$0(TimeLimitedCodeBlock.java:18)
	at java.base/java.util.concurrent.FutureTask.run(FutureTask.java:264)
	at java.base/java.util.concurrent.ThreadPoolExecutor.runWorker(ThreadPoolExecutor.java:1136)
	at java.base/java.util.concurrent.ThreadPoolExecutor$Worker.run(ThreadPoolExecutor.java:635)
	at java.base/java.lang.Thread.run(Thread.java:840)
AI eval thread at timeout:
	at java.base@17.0.17/java.lang.String.split(String.java:3201)
	at app//forge.game.card.Card.isValid(Card.java:5815)
	at app//forge.game.GameObject.isValid(GameObject.java:27)
	at app//forge.game.card.CardPredicates.lambda$restriction$20(CardPredicates.java:140)
	at app//forge.game.card.CardPredicates$$Lambda$436/0x0000007001265800.test(Unknown Source)
	at java.base@17.0.17/java.util.stream.ReferencePipeline$2$1.accept(ReferencePipeline.java:178)
	at java.base@17.0.17/java.util.Spliterators$IteratorSpliterator.tryAdvance(Spliterators.java:1856)
	at java.base@17.0.17/java.util.stream.StreamSpliterators$WrappingSpliterator.lambda$initPartialTraversalState$0(StreamSpliterators.java:292)
	at java.base@17.0.17/java.util.stream.StreamSpliterators$WrappingSpliterator$$Lambda$372/0x00000070011fb900.getAsBoolean(Unknown Source)
	at java.base@17.0.17/java.util.stream.StreamSpliterators$AbstractWrappingSpliterator.fillBuffer(StreamSpliterators.java:206)
	at java.base@17.0.17/java.util.stream.StreamSpliterators$AbstractWrappingSpliterator.doAdvance(StreamSpliterators.java:161)
	at java.base@17.0.17/java.util.stream.StreamSpliterators$WrappingSpliterator.tryAdvance(StreamSpliterators.java:298)
	at java.base@17.0.17/java.util.Spliterators$1Adapter.hasNext(Spliterators.java:681)
	at app//forge.util.collect.FCollection.addAll(FCollection.java:345)
	at app//forge.util.collect.FCollection.<init>(FCollection.java:103)
	at app//forge.game.card.CardCollection.<init>(CardCollection.java:118)
	at app//forge.game.card.CardLists.filter(CardLists.java:331)
	at app//forge.game.card.CardLists.getValidCards(CardLists.java:189)
	at app//forge.game.CardTraitBase.meetsCommonRequirements(CardTraitBase.java:423)
	at app//forge.game.trigger.Trigger.requirementsCheck(Trigger.java:340)
	at app//forge.ai.ComputerUtilCombat.combatTriggerWillTrigger(ComputerUtilCombat.java:751)
	at app//forge.ai.ComputerUtilCombat.combatTriggerWillTrigger(ComputerUtilCombat.java:734)
	at app//forge.ai.ComputerUtilCombat.predictPowerBonusOfAttacker(ComputerUtilCombat.java:1198)
	at app//forge.ai.ComputerUtilCombat.canDestroyAttacker(ComputerUtilCombat.java:1709)
	at app//forge.ai.AiBlockController.getKillingBlockers(AiBlockController.java:120)
	at app//forge.ai.AiBlockController.makeGoodBlocks(AiBlockController.java:203)
	at app//forge.ai.AiBlockController.assignBlockers(AiBlockController.java:1083)
	at app//forge.ai.AiBlockController.assignBlockersForCombat(AiBlockController.java:1014)
	at app//forge.ai.ComputerUtil.predictNextCombatsRemainingLife(ComputerUtil.java:3214)
	at app//forge.ai.ComputerUtil.predictNextCombatsRemainingLife(ComputerUtil.java:3179)
java.util.concurrent.TimeoutException
	at java.base/java.util.concurrent.FutureTask.get(FutureTask.java:204)
	at forge.ai.AiController.chooseSpellAbilityToPlayFromList(AiController.java:1696)
	at forge.ai.AiController.getSpellAbilityToPlay(AiController.java:1583)
	at forge.ai.AiController.chooseSpellAbilityToPlay(AiController.java:1403)
	at forge.ai.PlayerControllerAi.chooseSpellAbilityToPlay(PlayerControllerAi.java:832)
	at forge.game.phase.PhaseHandler.mainLoopStep(PhaseHandler.java:1056)
	at forge.game.phase.PhaseHandler.mainGameLoop(PhaseHandler.java:1035)
	at forge.game.phase.PhaseHandler.startFirstTurn(PhaseHandler.java:1029)
	at forge.game.GameAction.startGame(GameAction.java:2373)
	at forge.game.Match.startGame(Match.java:92)
	at forge.game.Match.startGame(Match.java:77)
	at forge.view.SimulateMatch.lambda$simulateSingleMatch$0(SimulateMatch.java:213)
	at forge.view.TimeLimitedCodeBlock.lambda$runWithTimeout$0(TimeLimitedCodeBlock.java:18)
	at java.base/java.util.concurrent.FutureTask.run(FutureTask.java:264)
	at java.base/java.util.concurrent.ThreadPoolExecutor.runWorker(ThreadPoolExecutor.java:1136)
	at java.base/java.util.concurrent.ThreadPoolExecutor$Worker.run(ThreadPoolExecutor.java:635)
	at java.base/java.lang.Thread.run(Thread.java:840)
AI eval thread at timeout:
	at app//com.google.common.collect.Iterators$ConcatenatedIterator.getTopMetaIterator(Iterators.java:1380)
	at app//com.google.common.collect.Iterators$ConcatenatedIterator.hasNext(Iterators.java:1396)
	at app//forge.game.card.Card.updateTriggers(Card.java:7046)
	at app//forge.game.card.CardState.getTriggers(CardState.java:683)
	at app//forge.game.card.Card.getTriggers(Card.java:7031)
	at app//forge.ai.ComputerUtilCombat.predictToughnessBonusOfBlocker(ComputerUtilCombat.java:1019)
	at app//forge.ai.ComputerUtilCombat.canDestroyBlockerBeforeFirstStrike(ComputerUtilCombat.java:1814)
	at app//forge.ai.ComputerUtilCombat.canDestroyAttacker(ComputerUtilCombat.java:1655)
	at app//forge.ai.ComputerUtilCombat.canDestroyAttacker(ComputerUtilCombat.java:1642)
	at app//forge.ai.AiAttackController$SpellAbilityFactors.calculate(AiAttackController.java:1396)
	at app//forge.ai.AiAttackController.shouldAttack(AiAttackController.java:1493)
	at app//forge.ai.AiAttackController.declareAttackers(AiAttackController.java:1300)
	at app//forge.ai.AiController.getPredictedCombat(AiController.java:145)
	at app//forge.ai.ComputerUtilCard.doesCreatureAttackAI(ComputerUtilCard.java:806)
	at app//forge.ai.ComputerUtilCard.shouldPumpCard(ComputerUtilCard.java:1557)
	at app//forge.ai.ComputerUtilCard.shouldPumpCard(ComputerUtilCard.java:1446)
	at app//forge.ai.ability.PumpAllAi.lambda$checkApiLogic$2(PumpAllAi.java:132)
	at app//forge.ai.ability.PumpAllAi$$Lambda$681/0x00000070012e7608.test(Unknown Source)
	at java.base@17.0.17/java.util.stream.MatchOps$1MatchSink.accept(MatchOps.java:90)
	at java.base@17.0.17/java.util.ArrayList$ArrayListSpliterator.tryAdvance(ArrayList.java:1602)
	at java.base@17.0.17/java.util.stream.ReferencePipeline.forEachWithCancel(ReferencePipeline.java:129)
	at java.base@17.0.17/java.util.stream.AbstractPipeline.copyIntoWithCancel(AbstractPipeline.java:527)
	at java.base@17.0.17/java.util.stream.AbstractPipeline.copyInto(AbstractPipeline.java:513)
	at java.base@17.0.17/java.util.stream.AbstractPipeline.wrapAndCopyInto(AbstractPipeline.java:499)
	at java.base@17.0.17/java.util.stream.MatchOps$MatchOp.evaluateSequential(MatchOps.java:230)
	at java.base@17.0.17/java.util.stream.MatchOps$MatchOp.evaluateSequential(MatchOps.java:196)
	at java.base@17.0.17/java.util.stream.AbstractPipeline.evaluate(AbstractPipeline.java:234)
	at java.base@17.0.17/java.util.stream.ReferencePipeline.anyMatch(ReferencePipeline.java:632)
	at app//forge.util.collect.FCollection.anyMatch(FCollection.java:622)
	at app//forge.ai.ability.PumpAllAi.checkApiLogic(PumpAllAi.java:131)
java.util.concurrent.TimeoutException
	at java.base/java.util.concurrent.FutureTask.get(FutureTask.java:204)
	at forge.ai.AiController.chooseSpellAbilityToPlayFromList(AiController.java:1696)
	at forge.ai.AiController.getSpellAbilityToPlay(AiController.java:1583)
	at forge.ai.AiController.chooseSpellAbilityToPlay(AiController.java:1403)
	at forge.ai.PlayerControllerAi.chooseSpellAbilityToPlay(PlayerControllerAi.java:832)
	at forge.game.phase.PhaseHandler.mainLoopStep(PhaseHandler.java:1056)
	at forge.game.phase.PhaseHandler.mainGameLoop(PhaseHandler.java:1035)
	at forge.game.phase.PhaseHandler.startFirstTurn(PhaseHandler.java:1029)
	at forge.game.GameAction.startGame(GameAction.java:2373)
	at forge.game.Match.startGame(Match.java:92)
	at forge.game.Match.startGame(Match.java:77)
	at forge.view.SimulateMatch.lambda$simulateSingleMatch$0(SimulateMatch.java:213)
	at forge.view.TimeLimitedCodeBlock.lambda$runWithTimeout$0(TimeLimitedCodeBlock.java:18)
	at java.base/java.util.concurrent.FutureTask.run(FutureTask.java:264)
	at java.base/java.util.concurrent.ThreadPoolExecutor.runWorker(ThreadPoolExecutor.java:1136)
	at java.base/java.util.concurrent.ThreadPoolExecutor$Worker.run(ThreadPoolExecutor.java:635)
	at java.base/java.lang.Thread.run(Thread.java:840)
AI eval thread at timeout:
	at app//forge.game.card.CardProperty.cardHasProperty(CardProperty.java:288)
	at app//forge.game.card.Card.hasProperty(Card.java:5831)
	at app//forge.game.card.Card.isValid(Card.java:5817)
	at app//forge.game.GameObject.isValid(GameObject.java:27)
	at app//forge.game.card.CardPredicates.lambda$restriction$20(CardPredicates.java:140)
	at app//forge.game.card.CardPredicates$$Lambda$436/0x0000007001265800.test(Unknown Source)
	at java.base@17.0.17/java.util.stream.ReferencePipeline$2$1.accept(ReferencePipeline.java:178)
	at java.base@17.0.17/java.util.Spliterators$IteratorSpliterator.tryAdvance(Spliterators.java:1856)
	at java.base@17.0.17/java.util.stream.StreamSpliterators$WrappingSpliterator.lambda$initPartialTraversalState$0(StreamSpliterators.java:292)
	at java.base@17.0.17/java.util.stream.StreamSpliterators$WrappingSpliterator$$Lambda$372/0x00000070011fb900.getAsBoolean(Unknown Source)
	at java.base@17.0.17/java.util.stream.StreamSpliterators$AbstractWrappingSpliterator.fillBuffer(StreamSpliterators.java:206)
	at java.base@17.0.17/java.util.stream.StreamSpliterators$AbstractWrappingSpliterator.doAdvance(StreamSpliterators.java:161)
	at java.base@17.0.17/java.util.stream.StreamSpliterators$WrappingSpliterator.tryAdvance(StreamSpliterators.java:298)
	at java.base@17.0.17/java.util.Spliterators$1Adapter.hasNext(Spliterators.java:681)
	at app//forge.util.collect.FCollection.addAll(FCollection.java:345)
	at app//forge.util.collect.FCollection.<init>(FCollection.java:103)
	at app//forge.game.card.CardCollection.<init>(CardCollection.java:118)
	at app//forge.game.card.CardLists.filter(CardLists.java:331)
	at app//forge.game.card.CardLists.getValidCards(CardLists.java:189)
	at app//forge.game.CardTraitBase.meetsCommonRequirements(CardTraitBase.java:423)
	at app//forge.game.trigger.Trigger.requirementsCheck(Trigger.java:340)
	at app//forge.ai.ComputerUtilCombat.combatTriggerWillTrigger(ComputerUtilCombat.java:751)
	at app//forge.ai.ComputerUtilCombat.combatTriggerWillTrigger(ComputerUtilCombat.java:734)
	at app//forge.ai.ComputerUtilCombat.predictPowerBonusOfAttacker(ComputerUtilCombat.java:1198)
	at app//forge.ai.ComputerUtilCombat.predictPowerBonusOfAttacker(ComputerUtilCombat.java:1139)
	at app//forge.ai.ComputerUtilCombat.poisonIfUnblocked(ComputerUtilCombat.java:210)
	at app//forge.ai.ComputerUtilCombat.sumPoisonIfUnblocked(ComputerUtilCombat.java:268)
	at app//forge.ai.ComputerUtilCombat.resultingPoison(ComputerUtilCombat.java:362)
	at app//forge.ai.ComputerUtilCombat.lifeInDanger(ComputerUtilCombat.java:439)
	at app//forge.ai.ComputerUtilCombat.lifeInDanger(ComputerUtilCombat.java:390)
java.util.concurrent.TimeoutException
	at java.base/java.util.concurrent.FutureTask.get(FutureTask.java:204)
	at forge.ai.AiController.chooseSpellAbilityToPlayFromList(AiController.java:1696)
	at forge.ai.AiController.getSpellAbilityToPlay(AiController.java:1583)
	at forge.ai.AiController.chooseSpellAbilityToPlay(AiController.java:1403)
	at forge.ai.PlayerControllerAi.chooseSpellAbilityToPlay(PlayerControllerAi.java:832)
	at forge.game.phase.PhaseHandler.mainLoopStep(PhaseHandler.java:1056)
	at forge.game.phase.PhaseHandler.mainGameLoop(PhaseHandler.java:1035)
	at forge.game.phase.PhaseHandler.startFirstTurn(PhaseHandler.java:1029)
	at forge.game.GameAction.startGame(GameAction.java:2373)
	at forge.game.Match.startGame(Match.java:92)
	at forge.game.Match.startGame(Match.java:77)
	at forge.view.SimulateMatch.lambda$simulateSingleMatch$0(SimulateMatch.java:213)
	at forge.view.TimeLimitedCodeBlock.lambda$runWithTimeout$0(TimeLimitedCodeBlock.java:18)
	at java.base/java.util.concurrent.FutureTask.run(FutureTask.java:264)
	at java.base/java.util.concurrent.ThreadPoolExecutor.runWorker(ThreadPoolExecutor.java:1136)
	at java.base/java.util.concurrent.ThreadPoolExecutor$Worker.run(ThreadPoolExecutor.java:635)
	at java.base/java.lang.Thread.run(Thread.java:840)
AI eval thread at timeout:
	at app//forge.game.card.CardProperty.cardHasProperty(CardProperty.java:320)
	at app//forge.game.card.Card.hasProperty(Card.java:5831)
	at app//forge.game.card.Card.isValid(Card.java:5817)
	at app//forge.game.GameObject.isValid(GameObject.java:27)
	at app//forge.game.card.CardPredicates.lambda$restriction$20(CardPredicates.java:140)
	at app//forge.game.card.CardPredicates$$Lambda$436/0x0000007001265800.test(Unknown Source)
	at java.base@17.0.17/java.util.stream.ReferencePipeline$2$1.accept(ReferencePipeline.java:178)
	at java.base@17.0.17/java.util.Spliterators$IteratorSpliterator.tryAdvance(Spliterators.java:1856)
	at java.base@17.0.17/java.util.stream.StreamSpliterators$WrappingSpliterator.lambda$initPartialTraversalState$0(StreamSpliterators.java:292)
	at java.base@17.0.17/java.util.stream.StreamSpliterators$WrappingSpliterator$$Lambda$372/0x00000070011fb900.getAsBoolean(Unknown Source)
	at java.base@17.0.17/java.util.stream.StreamSpliterators$AbstractWrappingSpliterator.fillBuffer(StreamSpliterators.java:206)
	at java.base@17.0.17/java.util.stream.StreamSpliterators$AbstractWrappingSpliterator.doAdvance(StreamSpliterators.java:161)
	at java.base@17.0.17/java.util.stream.StreamSpliterators$WrappingSpliterator.tryAdvance(StreamSpliterators.java:298)
	at java.base@17.0.17/java.util.Spliterators$1Adapter.hasNext(Spliterators.java:681)
	at app//forge.util.collect.FCollection.addAll(FCollection.java:345)
	at app//forge.util.collect.FCollection.<init>(FCollection.java:103)
	at app//forge.game.card.CardCollection.<init>(CardCollection.java:118)
	at app//forge.game.card.CardLists.filter(CardLists.java:331)
	at app//forge.game.card.CardLists.getValidCards(CardLists.java:189)
	at app//forge.game.CardTraitBase.meetsCommonRequirements(CardTraitBase.java:423)
	at app//forge.game.trigger.Trigger.requirementsCheck(Trigger.java:340)
	at app//forge.ai.ComputerUtilCombat.combatTriggerWillTrigger(ComputerUtilCombat.java:751)
	at app//forge.ai.ComputerUtilCombat.combatTriggerWillTrigger(ComputerUtilCombat.java:734)
	at app//forge.ai.ComputerUtilCombat.predictToughnessBonusOfAttacker(ComputerUtilCombat.java:1401)
	at app//forge.ai.ComputerUtilCombat.predictToughnessBonusOfAttacker(ComputerUtilCombat.java:1341)
	at app//forge.ai.ComputerUtilCombat.canDestroyAttackerBeforeFirstStrike(ComputerUtilCombat.java:1557)
	at app//forge.ai.ComputerUtilCombat.canDestroyAttacker(ComputerUtilCombat.java:1651)
	at app//forge.ai.AiBlockController.getKillingBlockers(AiBlockController.java:120)
	at app//forge.ai.AiBlockController.makeGoodBlocks(AiBlockController.java:203)
	at app//forge.ai.AiBlockController.assignBlockers(AiBlockController.java:1083)
java.util.concurrent.TimeoutException
	at java.base/java.util.concurrent.FutureTask.get(FutureTask.java:204)
	at forge.ai.AiController.chooseSpellAbilityToPlayFromList(AiController.java:1696)
	at forge.ai.AiController.getSpellAbilityToPlay(AiController.java:1583)
	at forge.ai.AiController.chooseSpellAbilityToPlay(AiController.java:1403)
	at forge.ai.PlayerControllerAi.chooseSpellAbilityToPlay(PlayerControllerAi.java:832)
	at forge.game.phase.PhaseHandler.mainLoopStep(PhaseHandler.java:1056)
	at forge.game.phase.PhaseHandler.mainGameLoop(PhaseHandler.java:1035)
	at forge.game.phase.PhaseHandler.startFirstTurn(PhaseHandler.java:1029)
	at forge.game.GameAction.startGame(GameAction.java:2373)
	at forge.game.Match.startGame(Match.java:92)
	at forge.game.Match.startGame(Match.java:77)
	at forge.view.SimulateMatch.lambda$simulateSingleMatch$0(SimulateMatch.java:213)
	at forge.view.TimeLimitedCodeBlock.lambda$runWithTimeout$0(TimeLimitedCodeBlock.java:18)
	at java.base/java.util.concurrent.FutureTask.run(FutureTask.java:264)
	at java.base/java.util.concurrent.ThreadPoolExecutor.runWorker(ThreadPoolExecutor.java:1136)
	at java.base/java.util.concurrent.ThreadPoolExecutor$Worker.run(ThreadPoolExecutor.java:635)
	at java.base/java.lang.Thread.run(Thread.java:840)
AI eval thread at timeout:
	at java.base@17.0.17/java.util.Arrays.hashCode(Arrays.java:4499)
	at java.base@17.0.17/java.util.Objects.hash(Objects.java:133)
	at app//forge.game.trigger.Trigger.hashCode(Trigger.java:476)
	at java.base@17.0.17/java.util.HashMap.hash(HashMap.java:338)
	at java.base@17.0.17/java.util.HashMap.put(HashMap.java:610)
	at java.base@17.0.17/java.util.HashSet.add(HashSet.java:221)
	at app//forge.util.collect.FCollection.add(FCollection.java:273)
	at app//forge.util.collect.FCollection.addAll(FCollection.java:346)
	at app//forge.util.collect.FCollection.addAll(FCollection.java:325)
	at app//forge.ai.ComputerUtilCombat.predictToughnessBonusOfAttacker(ComputerUtilCombat.java:1354)
	at app//forge.ai.ComputerUtilCombat.canDestroyAttacker(ComputerUtilCombat.java:1716)
	at app//forge.ai.AiBlockController.getKillingBlockers(AiBlockController.java:120)
	at app//forge.ai.AiBlockController.makeGoodBlocks(AiBlockController.java:239)
	at app//forge.ai.AiBlockController.assignBlockers(AiBlockController.java:1149)
	at app//forge.ai.AiBlockController.assignBlockersForCombat(AiBlockController.java:1014)
	at app//forge.ai.ComputerUtil.predictNextCombatsRemainingLife(ComputerUtil.java:3214)
	at app//forge.ai.ComputerUtil.predictNextCombatsRemainingLife(ComputerUtil.java:3179)
	at app//forge.ai.AiAttackController.notNeededAsBlockers(AiAttackController.java:426)
	at app//forge.ai.AiAttackController.declareAttackers(AiAttackController.java:1279)
	at app//forge.ai.AiController.getPredictedCombat(AiController.java:145)
	at app//forge.ai.ComputerUtilCard.doesCreatureAttackAI(ComputerUtilCard.java:806)
	at app//forge.ai.ComputerUtilCard.shouldPumpCard(ComputerUtilCard.java:1557)
	at app//forge.ai.ComputerUtilCard.shouldPumpCard(ComputerUtilCard.java:1446)
	at app//forge.ai.ability.PumpAllAi.lambda$checkApiLogic$2(PumpAllAi.java:132)
	at app//forge.ai.ability.PumpAllAi$$Lambda$681/0x00000070012e7608.test(Unknown Source)
	at java.base@17.0.17/java.util.stream.MatchOps$1MatchSink.accept(MatchOps.java:90)
	at java.base@17.0.17/java.util.ArrayList$ArrayListSpliterator.tryAdvance(ArrayList.java:1602)
	at java.base@17.0.17/java.util.stream.ReferencePipeline.forEachWithCancel(ReferencePipeline.java:129)
	at java.base@17.0.17/java.util.stream.AbstractPipeline.copyIntoWithCancel(AbstractPipeline.java:527)
	at java.base@17.0.17/java.util.stream.AbstractPipeline.copyInto(AbstractPipeline.java:513)
java.util.concurrent.TimeoutException
	at java.base/java.util.concurrent.FutureTask.get(FutureTask.java:204)
	at forge.ai.AiController.chooseSpellAbilityToPlayFromList(AiController.java:1696)
	at forge.ai.AiController.getSpellAbilityToPlay(AiController.java:1583)
	at forge.ai.AiController.chooseSpellAbilityToPlay(AiController.java:1403)
	at forge.ai.PlayerControllerAi.chooseSpellAbilityToPlay(PlayerControllerAi.java:832)
	at forge.game.phase.PhaseHandler.mainLoopStep(PhaseHandler.java:1056)
	at forge.game.phase.PhaseHandler.mainGameLoop(PhaseHandler.java:1035)
	at forge.game.phase.PhaseHandler.startFirstTurn(PhaseHandler.java:1029)
	at forge.game.GameAction.startGame(GameAction.java:2373)
	at forge.game.Match.startGame(Match.java:92)
	at forge.game.Match.startGame(Match.java:77)
	at forge.view.SimulateMatch.lambda$simulateSingleMatch$0(SimulateMatch.java:213)
	at forge.view.TimeLimitedCodeBlock.lambda$runWithTimeout$0(TimeLimitedCodeBlock.java:18)
	at java.base/java.util.concurrent.FutureTask.run(FutureTask.java:264)
	at java.base/java.util.concurrent.ThreadPoolExecutor.runWorker(ThreadPoolExecutor.java:1136)
	at java.base/java.util.concurrent.ThreadPoolExecutor$Worker.run(ThreadPoolExecutor.java:635)
	at java.base/java.lang.Thread.run(Thread.java:840)
AI eval thread at timeout:
	at app//forge.game.card.CardState.getStaticAbilities(CardState.java:705)
	at app//forge.game.card.Card.getStaticAbilities(Card.java:6993)
	at app//forge.game.staticability.StaticAbilityAssignCombatDamageAsUnblocked.assignCombatDamageAsUnblocked(StaticAbilityAssignCombatDamageAsUnblocked.java:16)
	at app//forge.game.staticability.StaticAbilityAssignCombatDamageAsUnblocked.assignCombatDamageAsUnblocked(StaticAbilityAssignCombatDamageAsUnblocked.java:10)
	at app//forge.ai.ComputerUtilCombat.lifeThatWouldRemain(ComputerUtilCombat.java:308)
	at app//forge.ai.ComputerUtilCombat.lifeInDanger(ComputerUtilCombat.java:453)
	at app//forge.ai.ComputerUtilCombat.lifeInDanger(ComputerUtilCombat.java:390)
	at app//forge.ai.AiBlockController.makeChumpBlocks(AiBlockController.java:658)
	at app//forge.ai.AiBlockController.makeChumpBlocks(AiBlockController.java:711)
	at app//forge.ai.AiBlockController.makeChumpBlocks(AiBlockController.java:711)
	at app//forge.ai.AiBlockController.makeChumpBlocks(AiBlockController.java:672)
	at app//forge.ai.AiBlockController.makeChumpBlocks(AiBlockController.java:651)
	at app//forge.ai.AiBlockController.makeChumpBlocks(AiBlockController.java:643)
	at app//forge.ai.AiBlockController.assignBlockers(AiBlockController.java:1134)
	at app//forge.ai.AiBlockController.assignBlockersForCombat(AiBlockController.java:1014)
	at app//forge.ai.ComputerUtil.predictNextCombatsRemainingLife(ComputerUtil.java:3214)
	at app//forge.ai.ComputerUtil.predictNextCombatsRemainingLife(ComputerUtil.java:3179)
	at app//forge.ai.AiAttackController.notNeededAsBlockers(AiAttackController.java:426)
	at app//forge.ai.AiAttackController.declareAttackers(AiAttackController.java:1279)
	at app//forge.ai.AiController.getPredictedCombat(AiController.java:145)
	at app//forge.ai.ComputerUtilCard.doesCreatureAttackAI(ComputerUtilCard.java:806)
	at app//forge.ai.ComputerUtilCard.shouldPumpCard(ComputerUtilCard.java:1557)
	at app//forge.ai.ComputerUtilCard.shouldPumpCard(ComputerUtilCard.java:1446)
	at app//forge.ai.ability.PumpAllAi.lambda$checkApiLogic$2(PumpAllAi.java:132)
	at app//forge.ai.ability.PumpAllAi$$Lambda$681/0x00000070012e7608.test(Unknown Source)
	at java.base@17.0.17/java.util.stream.MatchOps$1MatchSink.accept(MatchOps.java:90)
	at java.base@17.0.17/java.util.ArrayList$ArrayListSpliterator.tryAdvance(ArrayList.java:1602)
	at java.base@17.0.17/java.util.stream.ReferencePipeline.forEachWithCancel(ReferencePipeline.java:129)
	at java.base@17.0.17/java.util.stream.AbstractPipeline.copyIntoWithCancel(AbstractPipeline.java:527)
	at java.base@17.0.17/java.util.stream.AbstractPipeline.copyInto(AbstractPipeline.java:513)
java.util.concurrent.TimeoutException
	at java.base/java.util.concurrent.FutureTask.get(FutureTask.java:204)
	at forge.ai.AiController.chooseSpellAbilityToPlayFromList(AiController.java:1696)
	at forge.ai.AiController.getSpellAbilityToPlay(AiController.java:1583)
	at forge.ai.AiController.chooseSpellAbilityToPlay(AiController.java:1403)
	at forge.ai.PlayerControllerAi.chooseSpellAbilityToPlay(PlayerControllerAi.java:832)
	at forge.game.phase.PhaseHandler.mainLoopStep(PhaseHandler.java:1056)
	at forge.game.phase.PhaseHandler.mainGameLoop(PhaseHandler.java:1035)
	at forge.game.phase.PhaseHandler.startFirstTurn(PhaseHandler.java:1029)
	at forge.game.GameAction.startGame(GameAction.java:2373)
	at forge.game.Match.startGame(Match.java:92)
	at forge.game.Match.startGame(Match.java:77)
	at forge.view.SimulateMatch.lambda$simulateSingleMatch$0(SimulateMatch.java:213)
	at forge.view.TimeLimitedCodeBlock.lambda$runWithTimeout$0(TimeLimitedCodeBlock.java:18)
	at java.base/java.util.concurrent.FutureTask.run(FutureTask.java:264)
	at java.base/java.util.concurrent.ThreadPoolExecutor.runWorker(ThreadPoolExecutor.java:1136)
	at java.base/java.util.concurrent.ThreadPoolExecutor$Worker.run(ThreadPoolExecutor.java:635)
	at java.base/java.lang.Thread.run(Thread.java:840)
AI eval thread at timeout:
	at app//com.google.common.collect.StandardTable$CellIterator.<init>(StandardTable.java:242)
	at app//com.google.common.collect.StandardTable.cellIterator(StandardTable.java:239)
	at app//com.google.common.collect.AbstractTable$CellSet.iterator(AbstractTable.java:164)
	at app//com.google.common.collect.AbstractTable.valuesIterator(AbstractTable.java:186)
	at app//com.google.common.collect.AbstractTable$Values.iterator(AbstractTable.java:199)
	at app//com.google.common.collect.FluentIterable$3$1.get(FluentIterable.java:302)
	at app//com.google.common.collect.FluentIterable$3$1.get(FluentIterable.java:299)
	at app//com.google.common.collect.AbstractIndexedListIterator.next(AbstractIndexedListIterator.java:82)
	at app//com.google.common.collect.Iterators$ConcatenatedIterator.hasNext(Iterators.java:1401)
	at app//forge.game.card.Card.updateStaticAbilities(Card.java:7009)
	at app//forge.game.card.CardState.getStaticAbilities(CardState.java:712)
	at app//forge.game.card.Card.getStaticAbilities(Card.java:6993)
	at app//forge.game.staticability.StaticAbilityCantRegenerate.cantRegenerate(StaticAbilityCantRegenerate.java:12)
	at app//forge.game.card.Card.canBeShielded(Card.java:3547)
	at app//forge.ai.ComputerUtil.canRegenerate(ComputerUtil.java:988)
	at app//forge.ai.ComputerUtilCombat.combatantCantBeDestroyed(ComputerUtilCombat.java:1616)
	at app//forge.ai.ComputerUtilCombat.canDestroyAttackerBeforeFirstStrike(ComputerUtilCombat.java:1551)
	at app//forge.ai.ComputerUtilCombat.canDestroyBlocker(ComputerUtilCombat.java:1894)
	at app//forge.ai.AiBlockController.getSafeBlockers(AiBlockController.java:106)
	at app//forge.ai.AiBlockController.makeGoodBlocks(AiBlockController.java:198)
	at app//forge.ai.AiBlockController.assignBlockers(AiBlockController.java:1083)
	at app//forge.ai.AiBlockController.assignBlockersForCombat(AiBlockController.java:1014)
	at app//forge.ai.ComputerUtil.predictNextCombatsRemainingLife(ComputerUtil.java:3214)
	at app//forge.ai.ComputerUtil.predictNextCombatsRemainingLife(ComputerUtil.java:3179)
	at app//forge.ai.AiAttackController.notNeededAsBlockers(AiAttackController.java:426)
	at app//forge.ai.AiAttackController.declareAttackers(AiAttackController.java:1279)
	at app//forge.ai.AiController.getPredictedCombat(AiController.java:145)
	at app//forge.ai.ComputerUtilCard.doesCreatureAttackAI(ComputerUtilCard.java:806)
	at app//forge.ai.ComputerUtilCard.shouldPumpCard(ComputerUtilCard.java:1557)
	at app//forge.ai.ComputerUtilCard.shouldPumpCard(ComputerUtilCard.java:1446)
Stopping slow match as draw
Game Outcome: Turn 11
Game Outcome: Ai(1)-Lathril Alternate Supplied has won because all opponents have lost
Game Outcome: Ai(2)-Grist Competitive Brawl AetherHub 2026-09 has won because all opponents have lost
Match Result: Ai(1)-Lathril Alternate Supplied: 21 Ai(2)-Grist Competitive Brawl AetherHub 2026-09: 10

Game Result: Game 31 ended in 120008 ms. Ai(1)-Lathril Alternate Supplied has won!

Game Outcome: Turn 10
Game Outcome: Ai(1)-Lathril Alternate Supplied has won because all opponents have lost
Game Outcome: Ai(2)-Grist Competitive Brawl AetherHub 2026-09 has lost because life total reached 0
Match Result: Ai(1)-Lathril Alternate Supplied: 22 Ai(2)-Grist Competitive Brawl AetherHub 2026-09: 10

Game Result: Game 32 ended in 3044 ms. Ai(1)-Lathril Alternate Supplied has won!

Game Outcome: Turn 7
Game Outcome: Ai(1)-Lathril Alternate Supplied has lost because life total reached 0
Game Outcome: Ai(2)-Grist Competitive Brawl AetherHub 2026-09 has won because all opponents have lost
Match Result: Ai(1)-Lathril Alternate Supplied: 22 Ai(2)-Grist Competitive Brawl AetherHub 2026-09: 11

Game Result: Game 33 ended in 2911 ms. Ai(2)-Grist Competitive Brawl AetherHub 2026-09 has won!

Game Outcome: Turn 9
Game Outcome: Ai(1)-Lathril Alternate Supplied has won because all opponents have lost
Game Outcome: Ai(2)-Grist Competitive Brawl AetherHub 2026-09 has lost because life total reached 0
Match Result: Ai(1)-Lathril Alternate Supplied: 23 Ai(2)-Grist Competitive Brawl AetherHub 2026-09: 11

Game Result: Game 34 ended in 2485 ms. Ai(1)-Lathril Alternate Supplied has won!

Game Outcome: Turn 7
Game Outcome: Ai(1)-Lathril Alternate Supplied has won because all opponents have lost
Game Outcome: Ai(2)-Grist Competitive Brawl AetherHub 2026-09 has lost because life total reached 0
Match Result: Ai(1)-Lathril Alternate Supplied: 24 Ai(2)-Grist Competitive Brawl AetherHub 2026-09: 11

Game Result: Game 35 ended in 1589 ms. Ai(1)-Lathril Alternate Supplied has won!

Game Outcome: Turn 10
Game Outcome: Ai(1)-Lathril Alternate Supplied has lost because life total reached 0
Game Outcome: Ai(2)-Grist Competitive Brawl AetherHub 2026-09 has won because all opponents have lost
Match Result: Ai(1)-Lathril Alternate Supplied: 24 Ai(2)-Grist Competitive Brawl AetherHub 2026-09: 12

Game Result: Game 36 ended in 2325 ms. Ai(2)-Grist Competitive Brawl AetherHub 2026-09 has won!

Game Outcome: Turn 8
Game Outcome: Ai(1)-Lathril Alternate Supplied has won because all opponents have lost
Game Outcome: Ai(2)-Grist Competitive Brawl AetherHub 2026-09 has lost because life total reached 0
Match Result: Ai(1)-Lathril Alternate Supplied: 25 Ai(2)-Grist Competitive Brawl AetherHub 2026-09: 12

Game Result: Game 37 ended in 2260 ms. Ai(1)-Lathril Alternate Supplied has won!

Game Outcome: Turn 7
Game Outcome: Ai(1)-Lathril Alternate Supplied has won because all opponents have lost
Game Outcome: Ai(2)-Grist Competitive Brawl AetherHub 2026-09 has lost because life total reached 0
Match Result: Ai(1)-Lathril Alternate Supplied: 26 Ai(2)-Grist Competitive Brawl AetherHub 2026-09: 12

Game Result: Game 38 ended in 2131 ms. Ai(1)-Lathril Alternate Supplied has won!

Game Outcome: Turn 8
Game Outcome: Ai(1)-Lathril Alternate Supplied has won because all opponents have lost
Game Outcome: Ai(2)-Grist Competitive Brawl AetherHub 2026-09 has lost because life total reached 0
Match Result: Ai(1)-Lathril Alternate Supplied: 27 Ai(2)-Grist Competitive Brawl AetherHub 2026-09: 12

Game Result: Game 39 ended in 3716 ms. Ai(1)-Lathril Alternate Supplied has won!

Game Outcome: Turn 10
Game Outcome: Ai(1)-Lathril Alternate Supplied has lost because life total reached 0
Game Outcome: Ai(2)-Grist Competitive Brawl AetherHub 2026-09 has won because all opponents have lost
Match Result: Ai(1)-Lathril Alternate Supplied: 27 Ai(2)-Grist Competitive Brawl AetherHub 2026-09: 13

Game Result: Game 40 ended in 2796 ms. Ai(2)-Grist Competitive Brawl AetherHub 2026-09 has won!

Game Outcome: Turn 6
Game Outcome: Ai(1)-Lathril Alternate Supplied has won because all opponents have lost
Game Outcome: Ai(2)-Grist Competitive Brawl AetherHub 2026-09 has lost because life total reached 0
Match Result: Ai(1)-Lathril Alternate Supplied: 28 Ai(2)-Grist Competitive Brawl AetherHub 2026-09: 13

Game Result: Game 41 ended in 1040 ms. Ai(1)-Lathril Alternate Supplied has won!

Game Outcome: Turn 7
Game Outcome: Ai(1)-Lathril Alternate Supplied has won because all opponents have lost
Game Outcome: Ai(2)-Grist Competitive Brawl AetherHub 2026-09 has lost because life total reached 0
Match Result: Ai(1)-Lathril Alternate Supplied: 29 Ai(2)-Grist Competitive Brawl AetherHub 2026-09: 13

Game Result: Game 42 ended in 988 ms. Ai(1)-Lathril Alternate Supplied has won!

Game Outcome: Turn 8
Game Outcome: Ai(1)-Lathril Alternate Supplied has won because all opponents have lost
Game Outcome: Ai(2)-Grist Competitive Brawl AetherHub 2026-09 has lost because life total reached 0
Match Result: Ai(1)-Lathril Alternate Supplied: 30 Ai(2)-Grist Competitive Brawl AetherHub 2026-09: 13

Game Result: Game 43 ended in 5837 ms. Ai(1)-Lathril Alternate Supplied has won!

Game Outcome: Turn 8
Game Outcome: Ai(1)-Lathril Alternate Supplied has won because all opponents have lost
Game Outcome: Ai(2)-Grist Competitive Brawl AetherHub 2026-09 has lost because life total reached 0
Match Result: Ai(1)-Lathril Alternate Supplied: 31 Ai(2)-Grist Competitive Brawl AetherHub 2026-09: 13

Game Result: Game 44 ended in 3586 ms. Ai(1)-Lathril Alternate Supplied has won!

Game Outcome: Turn 9
Game Outcome: Ai(1)-Lathril Alternate Supplied has won because all opponents have lost
Game Outcome: Ai(2)-Grist Competitive Brawl AetherHub 2026-09 has lost because life total reached 0
Match Result: Ai(1)-Lathril Alternate Supplied: 32 Ai(2)-Grist Competitive Brawl AetherHub 2026-09: 13

Game Result: Game 45 ended in 21130 ms. Ai(1)-Lathril Alternate Supplied has won!

Game Outcome: Turn 7
Game Outcome: Ai(1)-Lathril Alternate Supplied has lost because life total reached 0
Game Outcome: Ai(2)-Grist Competitive Brawl AetherHub 2026-09 has won because all opponents have lost
Match Result: Ai(1)-Lathril Alternate Supplied: 32 Ai(2)-Grist Competitive Brawl AetherHub 2026-09: 14

Game Result: Game 46 ended in 1310 ms. Ai(2)-Grist Competitive Brawl AetherHub 2026-09 has won!

java.util.concurrent.TimeoutException
	at java.base/java.util.concurrent.FutureTask.get(FutureTask.java:204)
	at forge.ai.AiController.chooseSpellAbilityToPlayFromList(AiController.java:1696)
	at forge.ai.AiController.getSpellAbilityToPlay(AiController.java:1583)
	at forge.ai.AiController.chooseSpellAbilityToPlay(AiController.java:1403)
	at forge.ai.PlayerControllerAi.chooseSpellAbilityToPlay(PlayerControllerAi.java:832)
	at forge.game.phase.PhaseHandler.mainLoopStep(PhaseHandler.java:1056)
	at forge.game.phase.PhaseHandler.mainGameLoop(PhaseHandler.java:1035)
	at forge.game.phase.PhaseHandler.startFirstTurn(PhaseHandler.java:1029)
	at forge.game.GameAction.startGame(GameAction.java:2373)
	at forge.game.Match.startGame(Match.java:92)
	at forge.game.Match.startGame(Match.java:77)
	at forge.view.SimulateMatch.lambda$simulateSingleMatch$0(SimulateMatch.java:213)
	at forge.view.TimeLimitedCodeBlock.lambda$runWithTimeout$0(TimeLimitedCodeBlock.java:18)
	at java.base/java.util.concurrent.FutureTask.run(FutureTask.java:264)
	at java.base/java.util.concurrent.ThreadPoolExecutor.runWorker(ThreadPoolExecutor.java:1136)
	at java.base/java.util.concurrent.ThreadPoolExecutor$Worker.run(ThreadPoolExecutor.java:635)
	at java.base/java.lang.Thread.run(Thread.java:840)
AI eval thread at timeout:
	at app//forge.game.card.CardProperty.cardHasProperty(CardProperty.java:1422)
	at app//forge.game.card.Card.hasProperty(Card.java:5831)
	at app//forge.game.card.Card.isValid(Card.java:5817)
	at app//forge.game.GameObject.isValid(GameObject.java:27)
	at app//forge.game.card.CardPredicates.lambda$restriction$20(CardPredicates.java:140)
	at app//forge.game.card.CardPredicates$$Lambda$436/0x0000007001265800.test(Unknown Source)
	at java.base@17.0.17/java.util.stream.ReferencePipeline$2$1.accept(ReferencePipeline.java:178)
	at java.base@17.0.17/java.util.Spliterators$IteratorSpliterator.tryAdvance(Spliterators.java:1856)
	at java.base@17.0.17/java.util.stream.StreamSpliterators$WrappingSpliterator.lambda$initPartialTraversalState$0(StreamSpliterators.java:292)
	at java.base@17.0.17/java.util.stream.StreamSpliterators$WrappingSpliterator$$Lambda$372/0x00000070011fb900.getAsBoolean(Unknown Source)
	at java.base@17.0.17/java.util.stream.StreamSpliterators$AbstractWrappingSpliterator.fillBuffer(StreamSpliterators.java:206)
	at java.base@17.0.17/java.util.stream.StreamSpliterators$AbstractWrappingSpliterator.doAdvance(StreamSpliterators.java:161)
	at java.base@17.0.17/java.util.stream.StreamSpliterators$WrappingSpliterator.tryAdvance(StreamSpliterators.java:298)
	at java.base@17.0.17/java.util.Spliterators$1Adapter.hasNext(Spliterators.java:681)
	at app//forge.util.collect.FCollection.addAll(FCollection.java:345)
	at app//forge.util.collect.FCollection.<init>(FCollection.java:103)
	at app//forge.game.card.CardCollection.<init>(CardCollection.java:118)
	at app//forge.game.card.CardLists.filter(CardLists.java:331)
	at app//forge.game.card.CardLists.getValidCards(CardLists.java:189)
	at app//forge.game.CardTraitBase.meetsCommonRequirements(CardTraitBase.java:423)
	at app//forge.game.trigger.Trigger.requirementsCheck(Trigger.java:340)
	at app//forge.ai.ComputerUtilCombat.combatTriggerWillTrigger(ComputerUtilCombat.java:751)
	at app//forge.ai.ComputerUtilCombat.combatTriggerWillTrigger(ComputerUtilCombat.java:734)
	at app//forge.ai.ComputerUtilCombat.predictToughnessBonusOfBlocker(ComputerUtilCombat.java:1028)
	at app//forge.ai.ComputerUtilCombat.canDestroyBlocker(ComputerUtilCombat.java:1943)
	at app//forge.ai.AiBlockController.getSafeBlockers(AiBlockController.java:106)
	at app//forge.ai.AiBlockController.makeGoodBlocks(AiBlockController.java:198)
	at app//forge.ai.AiBlockController.assignBlockers(AiBlockController.java:1083)
	at app//forge.ai.AiBlockController.assignBlockersForCombat(AiBlockController.java:1014)
	at app//forge.ai.ComputerUtil.predictNextCombatsRemainingLife(ComputerUtil.java:3214)
Game Outcome: Turn 9
Game Outcome: Ai(1)-Lathril Alternate Supplied has won because all opponents have lost
Game Outcome: Ai(2)-Grist Competitive Brawl AetherHub 2026-09 has lost because life total reached 0
Match Result: Ai(1)-Lathril Alternate Supplied: 33 Ai(2)-Grist Competitive Brawl AetherHub 2026-09: 14

Game Result: Game 47 ended in 34044 ms. Ai(1)-Lathril Alternate Supplied has won!

Game Outcome: Turn 14
Game Outcome: Ai(1)-Lathril Alternate Supplied has won because all opponents have lost
Game Outcome: Ai(2)-Grist Competitive Brawl AetherHub 2026-09 has lost because life total reached 0
Match Result: Ai(1)-Lathril Alternate Supplied: 34 Ai(2)-Grist Competitive Brawl AetherHub 2026-09: 14

Game Result: Game 48 ended in 14436 ms. Ai(1)-Lathril Alternate Supplied has won!

Game Outcome: Turn 8
Game Outcome: Ai(1)-Lathril Alternate Supplied has lost because life total reached 0
Game Outcome: Ai(2)-Grist Competitive Brawl AetherHub 2026-09 has won because all opponents have lost
Match Result: Ai(1)-Lathril Alternate Supplied: 34 Ai(2)-Grist Competitive Brawl AetherHub 2026-09: 15

Game Result: Game 49 ended in 1887 ms. Ai(2)-Grist Competitive Brawl AetherHub 2026-09 has won!

Game Outcome: Turn 10
Game Outcome: Ai(1)-Lathril Alternate Supplied has lost because life total reached 0
Game Outcome: Ai(2)-Grist Competitive Brawl AetherHub 2026-09 has won because all opponents have lost
Match Result: Ai(1)-Lathril Alternate Supplied: 34 Ai(2)-Grist Competitive Brawl AetherHub 2026-09: 16

Game Result: Game 50 ended in 8653 ms. Ai(2)-Grist Competitive Brawl AetherHub 2026-09 has won!
