Error handling registered!
18:32:55 [INFO ] GuiBase: ##########################################
18:32:55 [INFO ] GuiBase: APP: Forge v.2.0.14-SNAPSHOT-08.08
18:32:55 [INFO ] GuiBase: Java: 17.0.17 (Homebrew)
18:32:55 [INFO ] GuiBase: OS: Mac OS X 15.5 aarch64
18:32:55 [INFO ] GuiBase: RAM: 4096 MB max, 8 CPUs
18:32:55 [INFO ] GuiBase: ##########################################
Language 'en-US' loaded successfully.
(ThreadUtil first call): Running with priority 5
Read cards: 33617 archived files in 1 ms (25 parts) using thread pool
Upcoming set Star Trek (TRK) dated in the future. All `upcoming` cards will be added to this set with unknown rarity.
The card A-Alrund's Epiphany was not assigned to any set. Adding it to UNKNOWN set... to fix see res/editions/ folder.
The card A-Baba Lysaga, Night Witch was not assigned to any set. Adding it to UNKNOWN set... to fix see res/editions/ folder.
The card A-Divide by Zero was not assigned to any set. Adding it to UNKNOWN set... to fix see res/editions/ folder.
The card A-Esika's Chariot was not assigned to any set. Adding it to UNKNOWN set... to fix see res/editions/ folder.
The card A-Faceless Haven was not assigned to any set. Adding it to UNKNOWN set... to fix see res/editions/ folder.
The card A-Fires of Invention was not assigned to any set. Adding it to UNKNOWN set... to fix see res/editions/ folder.
The card A-Goldspan Dragon was not assigned to any set. Adding it to UNKNOWN set... to fix see res/editions/ folder.
The card A-Hullbreaker Horror was not assigned to any set. Adding it to UNKNOWN set... to fix see res/editions/ folder.
The card A-Kumano Faces Kakkazan was not assigned to any set. Adding it to UNKNOWN set... to fix see res/editions/ folder.
The card A-Luminarch Aspirant was not assigned to any set. Adding it to UNKNOWN set... to fix see res/editions/ folder.
The card A-Monster Manual was not assigned to any set. Adding it to UNKNOWN set... to fix see res/editions/ folder.
The card A-Omnath, Locus of Creation was not assigned to any set. Adding it to UNKNOWN set... to fix see res/editions/ folder.
The card A-The Meathook Massacre was not assigned to any set. Adding it to UNKNOWN set... to fix see res/editions/ folder.
The card A-Unholy Heat was not assigned to any set. Adding it to UNKNOWN set... to fix see res/editions/ folder.
The card Blinding Radiance was not assigned to any set. Adding it to UNKNOWN set... to fix see res/editions/ folder.
The card Goblin Bruiser was not assigned to any set. Adding it to UNKNOWN set... to fix see res/editions/ folder.
The card Ogre Painbringer was not assigned to any set. Adding it to UNKNOWN set... to fix see res/editions/ folder.
The card Titanic Pelagosaur was not assigned to any set. Adding it to UNKNOWN set... to fix see res/editions/ folder.
The card Treetop Recluse was not assigned to any set. Adding it to UNKNOWN set... to fix see res/editions/ folder.
Upcoming set Star Trek (TRK) dated in the future. All `upcoming` cards will be added to this set with unknown rarity.
Read cards: 836 files in 0 ms (8 parts) using thread pool
Simulation mode
Ai(1)-Grist Competitive Brawl AetherHub 2026-09 vs Ai(2)-Lathril Alternate Supplied - fifty  games of Brawl seed 33026
Game Outcome: Turn 8
Game Outcome: Ai(1)-Grist Competitive Brawl AetherHub 2026-09 has won because all opponents have lost
Game Outcome: Ai(2)-Lathril Alternate Supplied has lost because life total reached 0
Match Result: Ai(1)-Grist Competitive Brawl AetherHub 2026-09: 1 Ai(2)-Lathril Alternate Supplied: 0

Game Result: Game 1 ended in 12031 ms. Ai(1)-Grist Competitive Brawl AetherHub 2026-09 has won!

Game Outcome: Turn 7
Game Outcome: Ai(1)-Grist Competitive Brawl AetherHub 2026-09 has lost because life total reached 0
Game Outcome: Ai(2)-Lathril Alternate Supplied has won because all opponents have lost
Match Result: Ai(1)-Grist Competitive Brawl AetherHub 2026-09: 1 Ai(2)-Lathril Alternate Supplied: 1

Game Result: Game 2 ended in 4122 ms. Ai(2)-Lathril Alternate Supplied has won!

Game Outcome: Turn 8
Game Outcome: Ai(1)-Grist Competitive Brawl AetherHub 2026-09 has lost because life total reached 0
Game Outcome: Ai(2)-Lathril Alternate Supplied has won because all opponents have lost
Match Result: Ai(1)-Grist Competitive Brawl AetherHub 2026-09: 1 Ai(2)-Lathril Alternate Supplied: 2

Game Result: Game 3 ended in 7143 ms. Ai(2)-Lathril Alternate Supplied has won!

Game Outcome: Turn 7
Game Outcome: Ai(1)-Grist Competitive Brawl AetherHub 2026-09 has won because all opponents have lost
Game Outcome: Ai(2)-Lathril Alternate Supplied has lost because life total reached 0
Match Result: Ai(1)-Grist Competitive Brawl AetherHub 2026-09: 2 Ai(2)-Lathril Alternate Supplied: 2

Game Result: Game 4 ended in 19432 ms. Ai(1)-Grist Competitive Brawl AetherHub 2026-09 has won!

Game Outcome: Turn 10
Game Outcome: Ai(1)-Grist Competitive Brawl AetherHub 2026-09 has lost because life total reached 0
Game Outcome: Ai(2)-Lathril Alternate Supplied has won because all opponents have lost
Match Result: Ai(1)-Grist Competitive Brawl AetherHub 2026-09: 2 Ai(2)-Lathril Alternate Supplied: 3

Game Result: Game 5 ended in 45947 ms. Ai(2)-Lathril Alternate Supplied has won!

Game Outcome: Turn 10
Game Outcome: Ai(1)-Grist Competitive Brawl AetherHub 2026-09 has lost because life total reached 0
Game Outcome: Ai(2)-Lathril Alternate Supplied has won because all opponents have lost
Match Result: Ai(1)-Grist Competitive Brawl AetherHub 2026-09: 2 Ai(2)-Lathril Alternate Supplied: 4

Game Result: Game 6 ended in 10027 ms. Ai(2)-Lathril Alternate Supplied has won!

Game Outcome: Turn 9
Game Outcome: Ai(1)-Grist Competitive Brawl AetherHub 2026-09 has lost because life total reached 0
Game Outcome: Ai(2)-Lathril Alternate Supplied has won because all opponents have lost
Match Result: Ai(1)-Grist Competitive Brawl AetherHub 2026-09: 2 Ai(2)-Lathril Alternate Supplied: 5

Game Result: Game 7 ended in 10982 ms. Ai(2)-Lathril Alternate Supplied has won!

Game Outcome: Turn 10
Game Outcome: Ai(1)-Grist Competitive Brawl AetherHub 2026-09 has lost because life total reached 0
Game Outcome: Ai(2)-Lathril Alternate Supplied has won because all opponents have lost
Match Result: Ai(1)-Grist Competitive Brawl AetherHub 2026-09: 2 Ai(2)-Lathril Alternate Supplied: 6

Game Result: Game 8 ended in 8761 ms. Ai(2)-Lathril Alternate Supplied has won!

Game Outcome: Turn 10
Game Outcome: Ai(1)-Grist Competitive Brawl AetherHub 2026-09 has lost because life total reached 0
Game Outcome: Ai(2)-Lathril Alternate Supplied has won because all opponents have lost
Match Result: Ai(1)-Grist Competitive Brawl AetherHub 2026-09: 2 Ai(2)-Lathril Alternate Supplied: 7

Game Result: Game 9 ended in 21866 ms. Ai(2)-Lathril Alternate Supplied has won!

Game Outcome: Turn 11
Game Outcome: Ai(1)-Grist Competitive Brawl AetherHub 2026-09 has lost because life total reached 0
Game Outcome: Ai(2)-Lathril Alternate Supplied has won because all opponents have lost
Match Result: Ai(1)-Grist Competitive Brawl AetherHub 2026-09: 2 Ai(2)-Lathril Alternate Supplied: 8

Game Result: Game 10 ended in 8469 ms. Ai(2)-Lathril Alternate Supplied has won!

Game Outcome: Turn 8
Game Outcome: Ai(1)-Grist Competitive Brawl AetherHub 2026-09 has won because all opponents have lost
Game Outcome: Ai(2)-Lathril Alternate Supplied has lost because life total reached 0
Match Result: Ai(1)-Grist Competitive Brawl AetherHub 2026-09: 3 Ai(2)-Lathril Alternate Supplied: 8

Game Result: Game 11 ended in 5037 ms. Ai(1)-Grist Competitive Brawl AetherHub 2026-09 has won!

Game Outcome: Turn 8
Game Outcome: Ai(1)-Grist Competitive Brawl AetherHub 2026-09 has lost because life total reached 0
Game Outcome: Ai(2)-Lathril Alternate Supplied has won because all opponents have lost
Match Result: Ai(1)-Grist Competitive Brawl AetherHub 2026-09: 3 Ai(2)-Lathril Alternate Supplied: 9

Game Result: Game 12 ended in 1995 ms. Ai(2)-Lathril Alternate Supplied has won!

Game Outcome: Turn 10
Game Outcome: Ai(1)-Grist Competitive Brawl AetherHub 2026-09 has won because all opponents have lost
Game Outcome: Ai(2)-Lathril Alternate Supplied has lost because life total reached 0
Match Result: Ai(1)-Grist Competitive Brawl AetherHub 2026-09: 4 Ai(2)-Lathril Alternate Supplied: 9

Game Result: Game 13 ended in 5826 ms. Ai(1)-Grist Competitive Brawl AetherHub 2026-09 has won!

Game Outcome: Turn 9
Game Outcome: Ai(1)-Grist Competitive Brawl AetherHub 2026-09 has won because all opponents have lost
Game Outcome: Ai(2)-Lathril Alternate Supplied has lost because life total reached 0
Match Result: Ai(1)-Grist Competitive Brawl AetherHub 2026-09: 5 Ai(2)-Lathril Alternate Supplied: 9

Game Result: Game 14 ended in 9639 ms. Ai(1)-Grist Competitive Brawl AetherHub 2026-09 has won!

Game Outcome: Turn 10
Game Outcome: Ai(1)-Grist Competitive Brawl AetherHub 2026-09 has lost because life total reached 0
Game Outcome: Ai(2)-Lathril Alternate Supplied has won because all opponents have lost
Match Result: Ai(1)-Grist Competitive Brawl AetherHub 2026-09: 5 Ai(2)-Lathril Alternate Supplied: 10

Game Result: Game 15 ended in 6164 ms. Ai(2)-Lathril Alternate Supplied has won!

java.util.concurrent.TimeoutException
	at java.base/java.util.concurrent.FutureTask.get(FutureTask.java:204)
	at forge.ai.AiController.chooseSpellAbilityToPlayFromList(AiController.java:1696)
	at forge.ai.AiController.getSpellAbilityToPlay(AiController.java:1583)
	at forge.ai.AiController.chooseSpellAbilityToPlay(AiController.java:1403)
	at forge.ai.PlayerControllerAi.chooseSpellAbilityToPlay(PlayerControllerAi.java:832)
	at forge.game.phase.PhaseHandler.mainLoopStep(PhaseHandler.java:1056)
	at forge.game.phase.PhaseHandler.mainGameLoop(PhaseHandler.java:1035)
	at forge.game.phase.PhaseHandler.startFirstTurn(PhaseHandler.java:1029)
	at forge.game.GameAction.startGame(GameAction.java:2373)
	at forge.game.Match.startGame(Match.java:92)
	at forge.game.Match.startGame(Match.java:77)
	at forge.view.SimulateMatch.lambda$simulateSingleMatch$0(SimulateMatch.java:213)
	at forge.view.TimeLimitedCodeBlock.lambda$runWithTimeout$0(TimeLimitedCodeBlock.java:18)
	at java.base/java.util.concurrent.FutureTask.run(FutureTask.java:264)
	at java.base/java.util.concurrent.ThreadPoolExecutor.runWorker(ThreadPoolExecutor.java:1136)
	at java.base/java.util.concurrent.ThreadPoolExecutor$Worker.run(ThreadPoolExecutor.java:635)
	at java.base/java.lang.Thread.run(Thread.java:840)
AI eval thread at timeout:
	at app//forge.game.card.CardState.getReplacementEffects(CardState.java:726)
	at app//forge.game.card.CardState.getReplacementEffects(CardState.java:723)
	at app//forge.game.card.Card.getReplacementEffects(Card.java:7055)
	at app//forge.game.replacement.ReplacementHandler.lambda$getReplacementList$0(ReplacementHandler.java:134)
	at app//forge.game.replacement.ReplacementHandler$$Lambda$429/0x0000007001263448.visit(Unknown Source)
	at app//forge.util.Visitor.visitAll(Visitor.java:16)
	at app//forge.game.Game.forEachCardInGame(Game.java:757)
	at app//forge.game.replacement.ReplacementHandler.getReplacementList(ReplacementHandler.java:102)
	at app//forge.game.replacement.ReplacementHandler.wouldPhaseBeSkipped(ReplacementHandler.java:859)
	at app//forge.ai.ComputerUtilCombat.canAttackNextTurn(ComputerUtilCombat.java:99)
	at app//forge.ai.ComputerUtil.predictNextCombatsRemainingLife(ComputerUtil.java:3201)
	at app//forge.ai.ComputerUtil.predictNextCombatsRemainingLife(ComputerUtil.java:3179)
	at app//forge.ai.AiAttackController.notNeededAsBlockers(AiAttackController.java:426)
	at app//forge.ai.AiAttackController.declareAttackers(AiAttackController.java:1279)
	at app//forge.ai.ComputerUtilCard.doesSpecifiedCreatureAttackAI(ComputerUtilCard.java:820)
	at app//forge.ai.ComputerUtilCard.shouldPumpCard(ComputerUtilCard.java:1557)
	at app//forge.ai.ComputerUtilCard.shouldPumpCard(ComputerUtilCard.java:1446)
	at app//forge.ai.ability.CountersPutAi.checkApiLogic(CountersPutAi.java:539)
	at app//forge.ai.SpellAbilityAi.canPlayWithoutRestrict(SpellAbilityAi.java:98)
	at app//forge.ai.SpellAbilityAi.canPlay(SpellAbilityAi.java:76)
	at app//forge.ai.SpellAbilityAi.canPlayWithSubs(SpellAbilityAi.java:55)
	at app//forge.ai.AiController.canPlaySa(AiController.java:909)
	at app//forge.ai.AiController.canPlayAndPayForFace(AiController.java:855)
	at app//forge.ai.AiController.canPlayAndPayFor(AiController.java:833)
	at app//forge.ai.AiController.lambda$chooseSpellAbilityToPlayFromList$9(AiController.java:1675)
	at app//forge.ai.AiController$$Lambda$463/0x00000070012873c8.call(Unknown Source)
	at java.base@17.0.17/java.util.concurrent.FutureTask.run(FutureTask.java:264)
	at java.base@17.0.17/java.lang.Thread.run(Thread.java:840)
Game Outcome: Turn 9
Game Outcome: Ai(1)-Grist Competitive Brawl AetherHub 2026-09 has lost because life total reached 0
Game Outcome: Ai(2)-Lathril Alternate Supplied has won because all opponents have lost
Match Result: Ai(1)-Grist Competitive Brawl AetherHub 2026-09: 5 Ai(2)-Lathril Alternate Supplied: 11

Game Result: Game 16 ended in 32189 ms. Ai(2)-Lathril Alternate Supplied has won!

Game Outcome: Turn 7
Game Outcome: Ai(1)-Grist Competitive Brawl AetherHub 2026-09 has won because all opponents have lost
Game Outcome: Ai(2)-Lathril Alternate Supplied has lost because life total reached 0
Match Result: Ai(1)-Grist Competitive Brawl AetherHub 2026-09: 6 Ai(2)-Lathril Alternate Supplied: 11

Game Result: Game 17 ended in 4626 ms. Ai(1)-Grist Competitive Brawl AetherHub 2026-09 has won!

Game Outcome: Turn 12
Game Outcome: Ai(1)-Grist Competitive Brawl AetherHub 2026-09 has won because all opponents have lost
Game Outcome: Ai(2)-Lathril Alternate Supplied has lost because life total reached 0
Match Result: Ai(1)-Grist Competitive Brawl AetherHub 2026-09: 7 Ai(2)-Lathril Alternate Supplied: 11

Game Result: Game 18 ended in 57006 ms. Ai(1)-Grist Competitive Brawl AetherHub 2026-09 has won!

Game Outcome: Turn 8
Game Outcome: Ai(1)-Grist Competitive Brawl AetherHub 2026-09 has lost because life total reached 0
Game Outcome: Ai(2)-Lathril Alternate Supplied has won because all opponents have lost
Match Result: Ai(1)-Grist Competitive Brawl AetherHub 2026-09: 7 Ai(2)-Lathril Alternate Supplied: 12

Game Result: Game 19 ended in 4906 ms. Ai(2)-Lathril Alternate Supplied has won!

Game Outcome: Turn 8
Game Outcome: Ai(1)-Grist Competitive Brawl AetherHub 2026-09 has lost because life total reached 0
Game Outcome: Ai(2)-Lathril Alternate Supplied has won because all opponents have lost
Match Result: Ai(1)-Grist Competitive Brawl AetherHub 2026-09: 7 Ai(2)-Lathril Alternate Supplied: 13

Game Result: Game 20 ended in 3238 ms. Ai(2)-Lathril Alternate Supplied has won!

Game Outcome: Turn 9
Game Outcome: Ai(1)-Grist Competitive Brawl AetherHub 2026-09 has won because all opponents have lost
Game Outcome: Ai(2)-Lathril Alternate Supplied has lost because life total reached 0
Match Result: Ai(1)-Grist Competitive Brawl AetherHub 2026-09: 8 Ai(2)-Lathril Alternate Supplied: 13

Game Result: Game 21 ended in 6424 ms. Ai(1)-Grist Competitive Brawl AetherHub 2026-09 has won!

Game Outcome: Turn 13
Game Outcome: Ai(1)-Grist Competitive Brawl AetherHub 2026-09 has lost because life total reached 0
Game Outcome: Ai(2)-Lathril Alternate Supplied has won because all opponents have lost
Match Result: Ai(1)-Grist Competitive Brawl AetherHub 2026-09: 8 Ai(2)-Lathril Alternate Supplied: 14

Game Result: Game 22 ended in 7845 ms. Ai(2)-Lathril Alternate Supplied has won!

Game Outcome: Turn 8
Game Outcome: Ai(1)-Grist Competitive Brawl AetherHub 2026-09 has won because all opponents have lost
Game Outcome: Ai(2)-Lathril Alternate Supplied has lost because life total reached 0
Match Result: Ai(1)-Grist Competitive Brawl AetherHub 2026-09: 9 Ai(2)-Lathril Alternate Supplied: 14

Game Result: Game 23 ended in 47973 ms. Ai(1)-Grist Competitive Brawl AetherHub 2026-09 has won!

Game Outcome: Turn 15
Game Outcome: Ai(1)-Grist Competitive Brawl AetherHub 2026-09 has won because all opponents have lost
Game Outcome: Ai(2)-Lathril Alternate Supplied has lost because life total reached 0
Match Result: Ai(1)-Grist Competitive Brawl AetherHub 2026-09: 10 Ai(2)-Lathril Alternate Supplied: 14

Game Result: Game 24 ended in 11175 ms. Ai(1)-Grist Competitive Brawl AetherHub 2026-09 has won!

Game Outcome: Turn 7
Game Outcome: Ai(1)-Grist Competitive Brawl AetherHub 2026-09 has lost because life total reached 0
Game Outcome: Ai(2)-Lathril Alternate Supplied has won because all opponents have lost
Match Result: Ai(1)-Grist Competitive Brawl AetherHub 2026-09: 10 Ai(2)-Lathril Alternate Supplied: 15

Game Result: Game 25 ended in 1678 ms. Ai(2)-Lathril Alternate Supplied has won!

Game Outcome: Turn 9
Game Outcome: Ai(1)-Grist Competitive Brawl AetherHub 2026-09 has lost because life total reached 0
Game Outcome: Ai(2)-Lathril Alternate Supplied has won because all opponents have lost
Match Result: Ai(1)-Grist Competitive Brawl AetherHub 2026-09: 10 Ai(2)-Lathril Alternate Supplied: 16

Game Result: Game 26 ended in 11156 ms. Ai(2)-Lathril Alternate Supplied has won!

Game Outcome: Turn 7
Game Outcome: Ai(1)-Grist Competitive Brawl AetherHub 2026-09 has lost because life total reached 0
Game Outcome: Ai(2)-Lathril Alternate Supplied has won because all opponents have lost
Match Result: Ai(1)-Grist Competitive Brawl AetherHub 2026-09: 10 Ai(2)-Lathril Alternate Supplied: 17

Game Result: Game 27 ended in 2326 ms. Ai(2)-Lathril Alternate Supplied has won!

Game Outcome: Turn 11
Game Outcome: Ai(1)-Grist Competitive Brawl AetherHub 2026-09 has won because all opponents have lost
Game Outcome: Ai(2)-Lathril Alternate Supplied has lost because life total reached 0
Match Result: Ai(1)-Grist Competitive Brawl AetherHub 2026-09: 11 Ai(2)-Lathril Alternate Supplied: 17

Game Result: Game 28 ended in 8167 ms. Ai(1)-Grist Competitive Brawl AetherHub 2026-09 has won!

Game Outcome: Turn 11
Game Outcome: Ai(1)-Grist Competitive Brawl AetherHub 2026-09 has won because all opponents have lost
Game Outcome: Ai(2)-Lathril Alternate Supplied has lost because life total reached 0
Match Result: Ai(1)-Grist Competitive Brawl AetherHub 2026-09: 12 Ai(2)-Lathril Alternate Supplied: 17

Game Result: Game 29 ended in 10103 ms. Ai(1)-Grist Competitive Brawl AetherHub 2026-09 has won!

Game Outcome: Turn 9
Game Outcome: Ai(1)-Grist Competitive Brawl AetherHub 2026-09 has won because all opponents have lost
Game Outcome: Ai(2)-Lathril Alternate Supplied has lost because life total reached 0
Match Result: Ai(1)-Grist Competitive Brawl AetherHub 2026-09: 13 Ai(2)-Lathril Alternate Supplied: 17

Game Result: Game 30 ended in 7804 ms. Ai(1)-Grist Competitive Brawl AetherHub 2026-09 has won!

Game Outcome: Turn 7
Game Outcome: Ai(1)-Grist Competitive Brawl AetherHub 2026-09 has lost because life total reached 0
Game Outcome: Ai(2)-Lathril Alternate Supplied has won because all opponents have lost
Match Result: Ai(1)-Grist Competitive Brawl AetherHub 2026-09: 13 Ai(2)-Lathril Alternate Supplied: 18

Game Result: Game 31 ended in 1384 ms. Ai(2)-Lathril Alternate Supplied has won!

Game Outcome: Turn 10
Game Outcome: Ai(1)-Grist Competitive Brawl AetherHub 2026-09 has won because all opponents have lost
Game Outcome: Ai(2)-Lathril Alternate Supplied has lost because life total reached 0
Match Result: Ai(1)-Grist Competitive Brawl AetherHub 2026-09: 14 Ai(2)-Lathril Alternate Supplied: 18

Game Result: Game 32 ended in 3796 ms. Ai(1)-Grist Competitive Brawl AetherHub 2026-09 has won!

Game Outcome: Turn 8
Game Outcome: Ai(1)-Grist Competitive Brawl AetherHub 2026-09 has lost because life total reached 0
Game Outcome: Ai(2)-Lathril Alternate Supplied has won because all opponents have lost
Match Result: Ai(1)-Grist Competitive Brawl AetherHub 2026-09: 14 Ai(2)-Lathril Alternate Supplied: 19

Game Result: Game 33 ended in 1712 ms. Ai(2)-Lathril Alternate Supplied has won!

Game Outcome: Turn 8
Game Outcome: Ai(1)-Grist Competitive Brawl AetherHub 2026-09 has won because all opponents have lost
Game Outcome: Ai(2)-Lathril Alternate Supplied has lost because life total reached 0
Match Result: Ai(1)-Grist Competitive Brawl AetherHub 2026-09: 15 Ai(2)-Lathril Alternate Supplied: 19

Game Result: Game 34 ended in 1334 ms. Ai(1)-Grist Competitive Brawl AetherHub 2026-09 has won!

Game Outcome: Turn 7
Game Outcome: Ai(1)-Grist Competitive Brawl AetherHub 2026-09 has won because all opponents have lost
Game Outcome: Ai(2)-Lathril Alternate Supplied has lost because life total reached 0
Match Result: Ai(1)-Grist Competitive Brawl AetherHub 2026-09: 16 Ai(2)-Lathril Alternate Supplied: 19

Game Result: Game 35 ended in 1603 ms. Ai(1)-Grist Competitive Brawl AetherHub 2026-09 has won!

java.util.concurrent.TimeoutException
	at java.base/java.util.concurrent.FutureTask.get(FutureTask.java:204)
	at forge.ai.AiController.chooseSpellAbilityToPlayFromList(AiController.java:1696)
	at forge.ai.AiController.getSpellAbilityToPlay(AiController.java:1583)
	at forge.ai.AiController.chooseSpellAbilityToPlay(AiController.java:1403)
	at forge.ai.PlayerControllerAi.chooseSpellAbilityToPlay(PlayerControllerAi.java:832)
	at forge.game.phase.PhaseHandler.mainLoopStep(PhaseHandler.java:1056)
	at forge.game.phase.PhaseHandler.mainGameLoop(PhaseHandler.java:1035)
	at forge.game.phase.PhaseHandler.startFirstTurn(PhaseHandler.java:1029)
	at forge.game.GameAction.startGame(GameAction.java:2373)
	at forge.game.Match.startGame(Match.java:92)
	at forge.game.Match.startGame(Match.java:77)
	at forge.view.SimulateMatch.lambda$simulateSingleMatch$0(SimulateMatch.java:213)
	at forge.view.TimeLimitedCodeBlock.lambda$runWithTimeout$0(TimeLimitedCodeBlock.java:18)
	at java.base/java.util.concurrent.FutureTask.run(FutureTask.java:264)
	at java.base/java.util.concurrent.ThreadPoolExecutor.runWorker(ThreadPoolExecutor.java:1136)
	at java.base/java.util.concurrent.ThreadPoolExecutor$Worker.run(ThreadPoolExecutor.java:635)
	at java.base/java.lang.Thread.run(Thread.java:840)
AI eval thread at timeout:
	at app//forge.game.keyword.KeywordCollection.applyReplacementEffect(KeywordCollection.java:200)
	at app//forge.game.card.Card.updateReplacementEffects(Card.java:7069)
	at app//forge.game.card.CardState.getReplacementEffects(CardState.java:754)
	at app//forge.game.card.CardState.getReplacementEffects(CardState.java:723)
	at app//forge.game.card.Card.getReplacementEffects(Card.java:7055)
	at app//forge.game.GameEntity.staticDamagePrevention(GameEntity.java:106)
	at app//forge.ai.ComputerUtilCombat.predictDamageTo(ComputerUtilCombat.java:2231)
	at app//forge.ai.ComputerUtilCombat.canDestroyBlocker(ComputerUtilCombat.java:1924)
	at app//forge.ai.AiBlockController.getSafeBlockers(AiBlockController.java:106)
	at app//forge.ai.AiBlockController.makeGoodBlocks(AiBlockController.java:198)
	at app//forge.ai.AiBlockController.assignBlockers(AiBlockController.java:1083)
	at app//forge.ai.AiBlockController.assignBlockersForCombat(AiBlockController.java:1014)
	at app//forge.ai.ComputerUtil.predictNextCombatsRemainingLife(ComputerUtil.java:3214)
	at app//forge.ai.ComputerUtil.predictNextCombatsRemainingLife(ComputerUtil.java:3179)
	at app//forge.ai.AiAttackController.notNeededAsBlockers(AiAttackController.java:426)
	at app//forge.ai.AiAttackController.declareAttackers(AiAttackController.java:1279)
	at app//forge.ai.ComputerUtilCard.doesSpecifiedCreatureAttackAI(ComputerUtilCard.java:820)
	at app//forge.ai.ComputerUtilCard.shouldPumpCard(ComputerUtilCard.java:1557)
	at app//forge.ai.ability.PumpAiBase.lambda$getPumpCreatures$2(PumpAiBase.java:376)
	at app//forge.ai.ability.PumpAiBase$$Lambda$493/0x00000070012aca38.test(Unknown Source)
	at java.base@17.0.17/java.util.stream.ReferencePipeline$2$1.accept(ReferencePipeline.java:178)
	at java.base@17.0.17/java.util.Spliterators$IteratorSpliterator.tryAdvance(Spliterators.java:1856)
	at java.base@17.0.17/java.util.stream.StreamSpliterators$WrappingSpliterator.lambda$initPartialTraversalState$0(StreamSpliterators.java:292)
	at java.base@17.0.17/java.util.stream.StreamSpliterators$WrappingSpliterator$$Lambda$374/0x00000070011fc7d8.getAsBoolean(Unknown Source)
	at java.base@17.0.17/java.util.stream.StreamSpliterators$AbstractWrappingSpliterator.fillBuffer(StreamSpliterators.java:206)
	at java.base@17.0.17/java.util.stream.StreamSpliterators$AbstractWrappingSpliterator.doAdvance(StreamSpliterators.java:169)
	at java.base@17.0.17/java.util.stream.StreamSpliterators$WrappingSpliterator.tryAdvance(StreamSpliterators.java:298)
	at java.base@17.0.17/java.util.Spliterators$1Adapter.hasNext(Spliterators.java:681)
	at app//forge.util.collect.FCollection.addAll(FCollection.java:345)
	at app//forge.util.collect.FCollection.<init>(FCollection.java:103)
Game Outcome: Turn 10
Game Outcome: Ai(1)-Grist Competitive Brawl AetherHub 2026-09 has lost because life total reached 0
Game Outcome: Ai(2)-Lathril Alternate Supplied has won because all opponents have lost
Match Result: Ai(1)-Grist Competitive Brawl AetherHub 2026-09: 16 Ai(2)-Lathril Alternate Supplied: 20

Game Result: Game 36 ended in 49915 ms. Ai(2)-Lathril Alternate Supplied has won!

Game Outcome: Turn 9
Game Outcome: Ai(1)-Grist Competitive Brawl AetherHub 2026-09 has won because all opponents have lost
Game Outcome: Ai(2)-Lathril Alternate Supplied has lost because life total reached 0
Match Result: Ai(1)-Grist Competitive Brawl AetherHub 2026-09: 17 Ai(2)-Lathril Alternate Supplied: 20

Game Result: Game 37 ended in 3639 ms. Ai(1)-Grist Competitive Brawl AetherHub 2026-09 has won!

Game Outcome: Turn 9
Game Outcome: Ai(1)-Grist Competitive Brawl AetherHub 2026-09 has lost because life total reached 0
Game Outcome: Ai(2)-Lathril Alternate Supplied has won because all opponents have lost
Match Result: Ai(1)-Grist Competitive Brawl AetherHub 2026-09: 17 Ai(2)-Lathril Alternate Supplied: 21

Game Result: Game 38 ended in 3234 ms. Ai(2)-Lathril Alternate Supplied has won!

Game Outcome: Turn 8
Game Outcome: Ai(1)-Grist Competitive Brawl AetherHub 2026-09 has won because all opponents have lost
Game Outcome: Ai(2)-Lathril Alternate Supplied has lost because life total reached 0
Match Result: Ai(1)-Grist Competitive Brawl AetherHub 2026-09: 18 Ai(2)-Lathril Alternate Supplied: 21

Game Result: Game 39 ended in 1875 ms. Ai(1)-Grist Competitive Brawl AetherHub 2026-09 has won!

Game Outcome: Turn 9
Game Outcome: Ai(1)-Grist Competitive Brawl AetherHub 2026-09 has won because all opponents have lost
Game Outcome: Ai(2)-Lathril Alternate Supplied has lost because life total reached 0
Match Result: Ai(1)-Grist Competitive Brawl AetherHub 2026-09: 19 Ai(2)-Lathril Alternate Supplied: 21

Game Result: Game 40 ended in 3560 ms. Ai(1)-Grist Competitive Brawl AetherHub 2026-09 has won!

Game Outcome: Turn 6
Game Outcome: Ai(1)-Grist Competitive Brawl AetherHub 2026-09 has lost because life total reached 0
Game Outcome: Ai(2)-Lathril Alternate Supplied has won because all opponents have lost
Match Result: Ai(1)-Grist Competitive Brawl AetherHub 2026-09: 19 Ai(2)-Lathril Alternate Supplied: 22

Game Result: Game 41 ended in 940 ms. Ai(2)-Lathril Alternate Supplied has won!

Game Outcome: Turn 7
Game Outcome: Ai(1)-Grist Competitive Brawl AetherHub 2026-09 has lost because life total reached 0
Game Outcome: Ai(2)-Lathril Alternate Supplied has won because all opponents have lost
Match Result: Ai(1)-Grist Competitive Brawl AetherHub 2026-09: 19 Ai(2)-Lathril Alternate Supplied: 23

Game Result: Game 42 ended in 3135 ms. Ai(2)-Lathril Alternate Supplied has won!

Game Outcome: Turn 6
Game Outcome: Ai(1)-Grist Competitive Brawl AetherHub 2026-09 has lost because life total reached 0
Game Outcome: Ai(2)-Lathril Alternate Supplied has won because all opponents have lost
Match Result: Ai(1)-Grist Competitive Brawl AetherHub 2026-09: 19 Ai(2)-Lathril Alternate Supplied: 24

Game Result: Game 43 ended in 861 ms. Ai(2)-Lathril Alternate Supplied has won!

Game Outcome: Turn 8
Game Outcome: Ai(1)-Grist Competitive Brawl AetherHub 2026-09 has won because all opponents have lost
Game Outcome: Ai(2)-Lathril Alternate Supplied has lost because life total reached 0
Match Result: Ai(1)-Grist Competitive Brawl AetherHub 2026-09: 20 Ai(2)-Lathril Alternate Supplied: 24

Game Result: Game 44 ended in 3079 ms. Ai(1)-Grist Competitive Brawl AetherHub 2026-09 has won!

Game Outcome: Turn 8
Game Outcome: Ai(1)-Grist Competitive Brawl AetherHub 2026-09 has lost because life total reached 0
Game Outcome: Ai(2)-Lathril Alternate Supplied has won because all opponents have lost
Match Result: Ai(1)-Grist Competitive Brawl AetherHub 2026-09: 20 Ai(2)-Lathril Alternate Supplied: 25

Game Result: Game 45 ended in 1959 ms. Ai(2)-Lathril Alternate Supplied has won!

Game Outcome: Turn 8
Game Outcome: Ai(1)-Grist Competitive Brawl AetherHub 2026-09 has lost because life total reached 0
Game Outcome: Ai(2)-Lathril Alternate Supplied has won because all opponents have lost
Match Result: Ai(1)-Grist Competitive Brawl AetherHub 2026-09: 20 Ai(2)-Lathril Alternate Supplied: 26

Game Result: Game 46 ended in 1334 ms. Ai(2)-Lathril Alternate Supplied has won!

Game Outcome: Turn 8
Game Outcome: Ai(1)-Grist Competitive Brawl AetherHub 2026-09 has lost because life total reached 0
Game Outcome: Ai(2)-Lathril Alternate Supplied has won because all opponents have lost
Match Result: Ai(1)-Grist Competitive Brawl AetherHub 2026-09: 20 Ai(2)-Lathril Alternate Supplied: 27

Game Result: Game 47 ended in 1978 ms. Ai(2)-Lathril Alternate Supplied has won!

Game Outcome: Turn 9
Game Outcome: Ai(1)-Grist Competitive Brawl AetherHub 2026-09 has won because all opponents have lost
Game Outcome: Ai(2)-Lathril Alternate Supplied has lost because life total reached 0
Match Result: Ai(1)-Grist Competitive Brawl AetherHub 2026-09: 21 Ai(2)-Lathril Alternate Supplied: 27

Game Result: Game 48 ended in 1778 ms. Ai(1)-Grist Competitive Brawl AetherHub 2026-09 has won!

Game Outcome: Turn 8
Game Outcome: Ai(1)-Grist Competitive Brawl AetherHub 2026-09 has lost because life total reached 0
Game Outcome: Ai(2)-Lathril Alternate Supplied has won because all opponents have lost
Match Result: Ai(1)-Grist Competitive Brawl AetherHub 2026-09: 21 Ai(2)-Lathril Alternate Supplied: 28

Game Result: Game 49 ended in 1571 ms. Ai(2)-Lathril Alternate Supplied has won!

Game Outcome: Turn 12
Game Outcome: Ai(1)-Grist Competitive Brawl AetherHub 2026-09 has lost because life total reached 0
Game Outcome: Ai(2)-Lathril Alternate Supplied has won because all opponents have lost
Match Result: Ai(1)-Grist Competitive Brawl AetherHub 2026-09: 21 Ai(2)-Lathril Alternate Supplied: 29

Game Result: Game 50 ended in 41587 ms. Ai(2)-Lathril Alternate Supplied has won!
