Error handling registered!
18:48:16 [INFO ] GuiBase: ##########################################
18:48:16 [INFO ] GuiBase: APP: Forge v.2.0.14-SNAPSHOT-08.08
18:48:16 [INFO ] GuiBase: Java: 17.0.17 (Homebrew)
18:48:16 [INFO ] GuiBase: OS: Mac OS X 15.5 aarch64
18:48:16 [INFO ] GuiBase: RAM: 4096 MB max, 8 CPUs
18:48:16 [INFO ] GuiBase: ##########################################
Language 'en-US' loaded successfully.
(ThreadUtil first call): Running with priority 5
Read cards: 33617 archived files in 2 ms (25 parts) using thread pool
Upcoming set Star Trek (TRK) dated in the future. All `upcoming` cards will be added to this set with unknown rarity.
The card A-Alrund's Epiphany was not assigned to any set. Adding it to UNKNOWN set... to fix see res/editions/ folder.
The card A-Baba Lysaga, Night Witch was not assigned to any set. Adding it to UNKNOWN set... to fix see res/editions/ folder.
The card A-Divide by Zero was not assigned to any set. Adding it to UNKNOWN set... to fix see res/editions/ folder.
The card A-Esika's Chariot was not assigned to any set. Adding it to UNKNOWN set... to fix see res/editions/ folder.
The card A-Faceless Haven was not assigned to any set. Adding it to UNKNOWN set... to fix see res/editions/ folder.
The card A-Fires of Invention was not assigned to any set. Adding it to UNKNOWN set... to fix see res/editions/ folder.
The card A-Goldspan Dragon was not assigned to any set. Adding it to UNKNOWN set... to fix see res/editions/ folder.
The card A-Hullbreaker Horror was not assigned to any set. Adding it to UNKNOWN set... to fix see res/editions/ folder.
The card A-Kumano Faces Kakkazan was not assigned to any set. Adding it to UNKNOWN set... to fix see res/editions/ folder.
The card A-Luminarch Aspirant was not assigned to any set. Adding it to UNKNOWN set... to fix see res/editions/ folder.
The card A-Monster Manual was not assigned to any set. Adding it to UNKNOWN set... to fix see res/editions/ folder.
The card A-Omnath, Locus of Creation was not assigned to any set. Adding it to UNKNOWN set... to fix see res/editions/ folder.
The card A-The Meathook Massacre was not assigned to any set. Adding it to UNKNOWN set... to fix see res/editions/ folder.
The card A-Unholy Heat was not assigned to any set. Adding it to UNKNOWN set... to fix see res/editions/ folder.
The card Blinding Radiance was not assigned to any set. Adding it to UNKNOWN set... to fix see res/editions/ folder.
The card Goblin Bruiser was not assigned to any set. Adding it to UNKNOWN set... to fix see res/editions/ folder.
The card Ogre Painbringer was not assigned to any set. Adding it to UNKNOWN set... to fix see res/editions/ folder.
The card Titanic Pelagosaur was not assigned to any set. Adding it to UNKNOWN set... to fix see res/editions/ folder.
The card Treetop Recluse was not assigned to any set. Adding it to UNKNOWN set... to fix see res/editions/ folder.
Upcoming set Star Trek (TRK) dated in the future. All `upcoming` cards will be added to this set with unknown rarity.
Read cards: 836 files in 0 ms (8 parts) using thread pool
Simulation mode
Ai(1)-Lathril Alternate Supplied vs Ai(2)-Merry, Esquire of Rohan Competitive Brawl BrawlREC 2026-07 - fifty  games of Brawl seed 33031
[Ai(2)-Merry, Esquire of Rohan Competitive Brawl BrawlREC 2026-07] AI failed to play Detective's Phoenix (160) [Stack]
Game Outcome: Turn 7
Game Outcome: Ai(1)-Lathril Alternate Supplied has lost because life total reached 0
Game Outcome: Ai(2)-Merry, Esquire of Rohan Competitive Brawl BrawlREC 2026-07 has won because all opponents have lost
Match Result: Ai(1)-Lathril Alternate Supplied: 0 Ai(2)-Merry, Esquire of Rohan Competitive Brawl BrawlREC 2026-07: 1

Game Result: Game 1 ended in 9077 ms. Ai(2)-Merry, Esquire of Rohan Competitive Brawl BrawlREC 2026-07 has won!

java.util.concurrent.TimeoutException
	at java.base/java.util.concurrent.FutureTask.get(FutureTask.java:204)
	at forge.ai.AiController.chooseSpellAbilityToPlayFromList(AiController.java:1696)
	at forge.ai.AiController.getSpellAbilityToPlay(AiController.java:1583)
	at forge.ai.AiController.chooseSpellAbilityToPlay(AiController.java:1403)
	at forge.ai.PlayerControllerAi.chooseSpellAbilityToPlay(PlayerControllerAi.java:832)
	at forge.game.phase.PhaseHandler.mainLoopStep(PhaseHandler.java:1056)
	at forge.game.phase.PhaseHandler.mainGameLoop(PhaseHandler.java:1035)
	at forge.game.phase.PhaseHandler.startFirstTurn(PhaseHandler.java:1029)
	at forge.game.GameAction.startGame(GameAction.java:2373)
	at forge.game.Match.startGame(Match.java:92)
	at forge.game.Match.startGame(Match.java:77)
	at forge.view.SimulateMatch.lambda$simulateSingleMatch$0(SimulateMatch.java:213)
	at forge.view.TimeLimitedCodeBlock.lambda$runWithTimeout$0(TimeLimitedCodeBlock.java:18)
	at java.base/java.util.concurrent.FutureTask.run(FutureTask.java:264)
	at java.base/java.util.concurrent.ThreadPoolExecutor.runWorker(ThreadPoolExecutor.java:1136)
	at java.base/java.util.concurrent.ThreadPoolExecutor$Worker.run(ThreadPoolExecutor.java:635)
	at java.base/java.lang.Thread.run(Thread.java:840)
AI eval thread at timeout:
	at app//forge.game.card.CardProperty.cardHasProperty(CardProperty.java:296)
	at app//forge.game.card.Card.hasProperty(Card.java:5831)
	at app//forge.game.card.Card.isValid(Card.java:5817)
	at app//forge.game.GameObject.isValid(GameObject.java:27)
	at app//forge.game.card.CardPredicates.lambda$restriction$20(CardPredicates.java:140)
	at app//forge.game.card.CardPredicates$$Lambda$436/0x000000e001267000.test(Unknown Source)
	at java.base@17.0.17/java.util.stream.ReferencePipeline$2$1.accept(ReferencePipeline.java:178)
	at java.base@17.0.17/java.util.Spliterators$IteratorSpliterator.tryAdvance(Spliterators.java:1856)
	at java.base@17.0.17/java.util.stream.StreamSpliterators$WrappingSpliterator.lambda$initPartialTraversalState$0(StreamSpliterators.java:292)
	at java.base@17.0.17/java.util.stream.StreamSpliterators$WrappingSpliterator$$Lambda$371/0x000000e0011fb4e0.getAsBoolean(Unknown Source)
	at java.base@17.0.17/java.util.stream.StreamSpliterators$AbstractWrappingSpliterator.fillBuffer(StreamSpliterators.java:206)
	at java.base@17.0.17/java.util.stream.StreamSpliterators$AbstractWrappingSpliterator.doAdvance(StreamSpliterators.java:161)
	at java.base@17.0.17/java.util.stream.StreamSpliterators$WrappingSpliterator.tryAdvance(StreamSpliterators.java:298)
	at java.base@17.0.17/java.util.Spliterators$1Adapter.hasNext(Spliterators.java:681)
	at app//forge.util.collect.FCollection.addAll(FCollection.java:345)
	at app//forge.util.collect.FCollection.<init>(FCollection.java:103)
	at app//forge.game.card.CardCollection.<init>(CardCollection.java:118)
	at app//forge.game.card.CardLists.filter(CardLists.java:331)
	at app//forge.game.card.CardLists.getValidCards(CardLists.java:189)
	at app//forge.game.CardTraitBase.meetsCommonRequirements(CardTraitBase.java:423)
	at app//forge.game.trigger.Trigger.requirementsCheck(Trigger.java:340)
	at app//forge.ai.ComputerUtilCombat.combatTriggerWillTrigger(ComputerUtilCombat.java:751)
	at app//forge.ai.ComputerUtilCombat.combatTriggerWillTrigger(ComputerUtilCombat.java:734)
	at app//forge.ai.ComputerUtilCombat.predictPowerBonusOfAttacker(ComputerUtilCombat.java:1198)
	at app//forge.ai.ComputerUtilCombat.predictPowerBonusOfAttacker(ComputerUtilCombat.java:1139)
	at app//forge.ai.ComputerUtilCombat.damageIfUnblocked(ComputerUtilCombat.java:184)
	at app//forge.ai.ComputerUtilCombat.sumDamageIfUnblocked(ComputerUtilCombat.java:249)
	at app//forge.ai.ComputerUtilCombat.sumDamageIfUnblocked(ComputerUtilCombat.java:240)
	at app//forge.ai.ComputerUtilCombat.lifeThatWouldRemain(ComputerUtilCombat.java:318)
	at app//forge.ai.ComputerUtilCombat.lifeInDanger(ComputerUtilCombat.java:453)
java.util.concurrent.TimeoutException
	at java.base/java.util.concurrent.FutureTask.get(FutureTask.java:204)
	at forge.ai.AiController.chooseSpellAbilityToPlayFromList(AiController.java:1696)
	at forge.ai.AiController.getSpellAbilityToPlay(AiController.java:1583)
	at forge.ai.AiController.chooseSpellAbilityToPlay(AiController.java:1403)
	at forge.ai.PlayerControllerAi.chooseSpellAbilityToPlay(PlayerControllerAi.java:832)
	at forge.game.phase.PhaseHandler.mainLoopStep(PhaseHandler.java:1056)
	at forge.game.phase.PhaseHandler.mainGameLoop(PhaseHandler.java:1035)
	at forge.game.phase.PhaseHandler.startFirstTurn(PhaseHandler.java:1029)
	at forge.game.GameAction.startGame(GameAction.java:2373)
	at forge.game.Match.startGame(Match.java:92)
	at forge.game.Match.startGame(Match.java:77)
	at forge.view.SimulateMatch.lambda$simulateSingleMatch$0(SimulateMatch.java:213)
	at forge.view.TimeLimitedCodeBlock.lambda$runWithTimeout$0(TimeLimitedCodeBlock.java:18)
	at java.base/java.util.concurrent.FutureTask.run(FutureTask.java:264)
	at java.base/java.util.concurrent.ThreadPoolExecutor.runWorker(ThreadPoolExecutor.java:1136)
	at java.base/java.util.concurrent.ThreadPoolExecutor$Worker.run(ThreadPoolExecutor.java:635)
	at java.base/java.lang.Thread.run(Thread.java:840)
AI eval thread at timeout:
	at app//forge.game.staticability.StaticAbilityAssignCombatDamageAsUnblocked.assignCombatDamageAsUnblocked(StaticAbilityAssignCombatDamageAsUnblocked.java:18)
	at app//forge.game.staticability.StaticAbilityAssignCombatDamageAsUnblocked.assignCombatDamageAsUnblocked(StaticAbilityAssignCombatDamageAsUnblocked.java:10)
	at app//forge.ai.ComputerUtilCombat.lifeThatWouldRemain(ComputerUtilCombat.java:308)
	at app//forge.ai.ComputerUtilCombat.lifeInDanger(ComputerUtilCombat.java:453)
	at app//forge.ai.ComputerUtilCombat.lifeInDanger(ComputerUtilCombat.java:390)
	at app//forge.ai.AiBlockController.makeChumpBlocks(AiBlockController.java:658)
	at app//forge.ai.AiBlockController.makeChumpBlocks(AiBlockController.java:711)
	at app//forge.ai.AiBlockController.makeChumpBlocks(AiBlockController.java:711)
	at app//forge.ai.AiBlockController.makeChumpBlocks(AiBlockController.java:711)
	at app//forge.ai.AiBlockController.makeChumpBlocks(AiBlockController.java:711)
	at app//forge.ai.AiBlockController.makeChumpBlocks(AiBlockController.java:711)
	at app//forge.ai.AiBlockController.makeChumpBlocks(AiBlockController.java:711)
	at app//forge.ai.AiBlockController.makeChumpBlocks(AiBlockController.java:711)
	at app//forge.ai.AiBlockController.makeChumpBlocks(AiBlockController.java:711)
	at app//forge.ai.AiBlockController.makeChumpBlocks(AiBlockController.java:672)
	at app//forge.ai.AiBlockController.makeChumpBlocks(AiBlockController.java:711)
	at app//forge.ai.AiBlockController.makeChumpBlocks(AiBlockController.java:651)
	at app//forge.ai.AiBlockController.makeChumpBlocks(AiBlockController.java:643)
	at app//forge.ai.AiBlockController.assignBlockers(AiBlockController.java:1134)
	at app//forge.ai.AiBlockController.assignAdditionalBlockers(AiBlockController.java:1029)
	at app//forge.ai.ComputerUtilCard.getLikelyBlockers(ComputerUtilCard.java:851)
	at app//forge.ai.ComputerUtilCard.doesSpecifiedCreatureBlock(ComputerUtilCard.java:864)
	at app//forge.ai.ability.AnimateAi.checkApiLogic(AnimateAi.java:212)
	at app//forge.ai.SpellAbilityAi.canPlayWithoutRestrict(SpellAbilityAi.java:98)
	at app//forge.ai.SpellAbilityAi.canPlay(SpellAbilityAi.java:76)
	at app//forge.ai.SpellAbilityAi.canPlayWithSubs(SpellAbilityAi.java:55)
	at app//forge.ai.AiController.canPlaySa(AiController.java:909)
	at app//forge.ai.AiController.canPlayAndPayForFace(AiController.java:855)
	at app//forge.ai.AiController.canPlayAndPayFor(AiController.java:833)
	at app//forge.ai.AiController.lambda$chooseSpellAbilityToPlayFromList$9(AiController.java:1675)
java.util.concurrent.TimeoutException
	at java.base/java.util.concurrent.FutureTask.get(FutureTask.java:204)
	at forge.ai.AiController.chooseSpellAbilityToPlayFromList(AiController.java:1696)
	at forge.ai.AiController.getSpellAbilityToPlay(AiController.java:1583)
	at forge.ai.AiController.chooseSpellAbilityToPlay(AiController.java:1403)
	at forge.ai.PlayerControllerAi.chooseSpellAbilityToPlay(PlayerControllerAi.java:832)
	at forge.game.phase.PhaseHandler.mainLoopStep(PhaseHandler.java:1056)
	at forge.game.phase.PhaseHandler.mainGameLoop(PhaseHandler.java:1035)
	at forge.game.phase.PhaseHandler.startFirstTurn(PhaseHandler.java:1029)
	at forge.game.GameAction.startGame(GameAction.java:2373)
	at forge.game.Match.startGame(Match.java:92)
	at forge.game.Match.startGame(Match.java:77)
	at forge.view.SimulateMatch.lambda$simulateSingleMatch$0(SimulateMatch.java:213)
	at forge.view.TimeLimitedCodeBlock.lambda$runWithTimeout$0(TimeLimitedCodeBlock.java:18)
	at java.base/java.util.concurrent.FutureTask.run(FutureTask.java:264)
	at java.base/java.util.concurrent.ThreadPoolExecutor.runWorker(ThreadPoolExecutor.java:1136)
	at java.base/java.util.concurrent.ThreadPoolExecutor$Worker.run(ThreadPoolExecutor.java:635)
	at java.base/java.lang.Thread.run(Thread.java:840)
AI eval thread at timeout:
	at app//forge.util.collect.FCollection.addAll(FCollection.java:345)
	at app//forge.util.collect.FCollection.<init>(FCollection.java:103)
	at app//forge.game.card.CardCollection.<init>(CardCollection.java:118)
	at app//forge.game.card.CardLists.filter(CardLists.java:331)
	at app//forge.game.card.CardLists.getValidCards(CardLists.java:189)
	at app//forge.game.CardTraitBase.meetsCommonRequirements(CardTraitBase.java:423)
	at app//forge.game.trigger.Trigger.requirementsCheck(Trigger.java:340)
	at app//forge.ai.ComputerUtilCombat.combatTriggerWillTrigger(ComputerUtilCombat.java:751)
	at app//forge.ai.ComputerUtilCombat.combatTriggerWillTrigger(ComputerUtilCombat.java:734)
	at app//forge.ai.ComputerUtilCombat.predictPowerBonusOfAttacker(ComputerUtilCombat.java:1198)
	at app//forge.ai.ComputerUtilCombat.predictPowerBonusOfAttacker(ComputerUtilCombat.java:1139)
	at app//forge.ai.ComputerUtilCombat.poisonIfUnblocked(ComputerUtilCombat.java:210)
	at app//forge.ai.ComputerUtilCombat.sumPoisonIfUnblocked(ComputerUtilCombat.java:268)
	at app//forge.ai.ComputerUtilCombat.resultingPoison(ComputerUtilCombat.java:362)
	at app//forge.ai.ComputerUtilCombat.lifeInDanger(ComputerUtilCombat.java:439)
	at app//forge.ai.ComputerUtilCombat.lifeInDanger(ComputerUtilCombat.java:390)
	at app//forge.ai.AiBlockController.makeTradeBlocks(AiBlockController.java:625)
	at app//forge.ai.AiBlockController.assignBlockers(AiBlockController.java:1115)
	at app//forge.ai.AiBlockController.assignAdditionalBlockers(AiBlockController.java:1029)
	at app//forge.ai.ComputerUtilCard.getLikelyBlockers(ComputerUtilCard.java:851)
	at app//forge.ai.ComputerUtilCard.doesSpecifiedCreatureBlock(ComputerUtilCard.java:864)
	at app//forge.ai.ability.AnimateAi.checkApiLogic(AnimateAi.java:212)
	at app//forge.ai.SpellAbilityAi.canPlayWithoutRestrict(SpellAbilityAi.java:98)
	at app//forge.ai.SpellAbilityAi.canPlay(SpellAbilityAi.java:76)
	at app//forge.ai.SpellAbilityAi.canPlayWithSubs(SpellAbilityAi.java:55)
	at app//forge.ai.AiController.canPlaySa(AiController.java:909)
	at app//forge.ai.AiController.canPlayAndPayForFace(AiController.java:855)
	at app//forge.ai.AiController.canPlayAndPayFor(AiController.java:833)
	at app//forge.ai.AiController.lambda$chooseSpellAbilityToPlayFromList$9(AiController.java:1675)
	at app//forge.ai.AiController$$Lambda$475/0x000000e0012887a8.call(Unknown Source)
Game Outcome: Turn 15
Game Outcome: Ai(1)-Lathril Alternate Supplied has won because all opponents have lost
Game Outcome: Ai(2)-Merry, Esquire of Rohan Competitive Brawl BrawlREC 2026-07 has lost because life total reached 0
Match Result: Ai(1)-Lathril Alternate Supplied: 1 Ai(2)-Merry, Esquire of Rohan Competitive Brawl BrawlREC 2026-07: 1

Game Result: Game 2 ended in 88672 ms. Ai(1)-Lathril Alternate Supplied has won!

Game Outcome: Turn 6
Game Outcome: Ai(1)-Lathril Alternate Supplied has lost because life total reached 0
Game Outcome: Ai(2)-Merry, Esquire of Rohan Competitive Brawl BrawlREC 2026-07 has won because all opponents have lost
Match Result: Ai(1)-Lathril Alternate Supplied: 1 Ai(2)-Merry, Esquire of Rohan Competitive Brawl BrawlREC 2026-07: 2

Game Result: Game 3 ended in 4470 ms. Ai(2)-Merry, Esquire of Rohan Competitive Brawl BrawlREC 2026-07 has won!

Game Outcome: Turn 8
Game Outcome: Ai(1)-Lathril Alternate Supplied has won because all opponents have lost
Game Outcome: Ai(2)-Merry, Esquire of Rohan Competitive Brawl BrawlREC 2026-07 has lost because life total reached 0
Match Result: Ai(1)-Lathril Alternate Supplied: 2 Ai(2)-Merry, Esquire of Rohan Competitive Brawl BrawlREC 2026-07: 2

Game Result: Game 4 ended in 5185 ms. Ai(1)-Lathril Alternate Supplied has won!

Game Outcome: Turn 6
Game Outcome: Ai(1)-Lathril Alternate Supplied has lost because life total reached 0
Game Outcome: Ai(2)-Merry, Esquire of Rohan Competitive Brawl BrawlREC 2026-07 has won because all opponents have lost
Match Result: Ai(1)-Lathril Alternate Supplied: 2 Ai(2)-Merry, Esquire of Rohan Competitive Brawl BrawlREC 2026-07: 3

Game Result: Game 5 ended in 2333 ms. Ai(2)-Merry, Esquire of Rohan Competitive Brawl BrawlREC 2026-07 has won!

Game Outcome: Turn 5
Game Outcome: Ai(1)-Lathril Alternate Supplied has lost because life total reached 0
Game Outcome: Ai(2)-Merry, Esquire of Rohan Competitive Brawl BrawlREC 2026-07 has won because all opponents have lost
Match Result: Ai(1)-Lathril Alternate Supplied: 2 Ai(2)-Merry, Esquire of Rohan Competitive Brawl BrawlREC 2026-07: 4

Game Result: Game 6 ended in 3506 ms. Ai(2)-Merry, Esquire of Rohan Competitive Brawl BrawlREC 2026-07 has won!

Game Outcome: Turn 9
Game Outcome: Ai(1)-Lathril Alternate Supplied has lost because life total reached 0
Game Outcome: Ai(2)-Merry, Esquire of Rohan Competitive Brawl BrawlREC 2026-07 has won because all opponents have lost
Match Result: Ai(1)-Lathril Alternate Supplied: 2 Ai(2)-Merry, Esquire of Rohan Competitive Brawl BrawlREC 2026-07: 5

Game Result: Game 7 ended in 6532 ms. Ai(2)-Merry, Esquire of Rohan Competitive Brawl BrawlREC 2026-07 has won!

Game Outcome: Turn 5
Game Outcome: Ai(1)-Lathril Alternate Supplied has lost because life total reached 0
Game Outcome: Ai(2)-Merry, Esquire of Rohan Competitive Brawl BrawlREC 2026-07 has won because all opponents have lost
Match Result: Ai(1)-Lathril Alternate Supplied: 2 Ai(2)-Merry, Esquire of Rohan Competitive Brawl BrawlREC 2026-07: 6

Game Result: Game 8 ended in 2626 ms. Ai(2)-Merry, Esquire of Rohan Competitive Brawl BrawlREC 2026-07 has won!

Game Outcome: Turn 9
Game Outcome: Ai(1)-Lathril Alternate Supplied has won because all opponents have lost
Game Outcome: Ai(2)-Merry, Esquire of Rohan Competitive Brawl BrawlREC 2026-07 has lost because life total reached 0
Match Result: Ai(1)-Lathril Alternate Supplied: 3 Ai(2)-Merry, Esquire of Rohan Competitive Brawl BrawlREC 2026-07: 6

Game Result: Game 9 ended in 21591 ms. Ai(1)-Lathril Alternate Supplied has won!

Game Outcome: Turn 9
Game Outcome: Ai(1)-Lathril Alternate Supplied has lost because life total reached 0
Game Outcome: Ai(2)-Merry, Esquire of Rohan Competitive Brawl BrawlREC 2026-07 has won because all opponents have lost
Match Result: Ai(1)-Lathril Alternate Supplied: 3 Ai(2)-Merry, Esquire of Rohan Competitive Brawl BrawlREC 2026-07: 7

Game Result: Game 10 ended in 7458 ms. Ai(2)-Merry, Esquire of Rohan Competitive Brawl BrawlREC 2026-07 has won!

Game Outcome: Turn 7
Game Outcome: Ai(1)-Lathril Alternate Supplied has won because all opponents have lost
Game Outcome: Ai(2)-Merry, Esquire of Rohan Competitive Brawl BrawlREC 2026-07 has lost because life total reached 0
Match Result: Ai(1)-Lathril Alternate Supplied: 4 Ai(2)-Merry, Esquire of Rohan Competitive Brawl BrawlREC 2026-07: 7

Game Result: Game 11 ended in 1496 ms. Ai(1)-Lathril Alternate Supplied has won!

Game Outcome: Turn 8
Game Outcome: Ai(1)-Lathril Alternate Supplied has lost because life total reached 0
Game Outcome: Ai(2)-Merry, Esquire of Rohan Competitive Brawl BrawlREC 2026-07 has won because all opponents have lost
Match Result: Ai(1)-Lathril Alternate Supplied: 4 Ai(2)-Merry, Esquire of Rohan Competitive Brawl BrawlREC 2026-07: 8

Game Result: Game 12 ended in 7125 ms. Ai(2)-Merry, Esquire of Rohan Competitive Brawl BrawlREC 2026-07 has won!

Game Outcome: Turn 11
Game Outcome: Ai(1)-Lathril Alternate Supplied has won because all opponents have lost
Game Outcome: Ai(2)-Merry, Esquire of Rohan Competitive Brawl BrawlREC 2026-07 has lost because life total reached 0
Match Result: Ai(1)-Lathril Alternate Supplied: 5 Ai(2)-Merry, Esquire of Rohan Competitive Brawl BrawlREC 2026-07: 8

Game Result: Game 13 ended in 10239 ms. Ai(1)-Lathril Alternate Supplied has won!

Game Outcome: Turn 7
Game Outcome: Ai(1)-Lathril Alternate Supplied has won because all opponents have lost
Game Outcome: Ai(2)-Merry, Esquire of Rohan Competitive Brawl BrawlREC 2026-07 has lost because life total reached 0
Match Result: Ai(1)-Lathril Alternate Supplied: 6 Ai(2)-Merry, Esquire of Rohan Competitive Brawl BrawlREC 2026-07: 8

Game Result: Game 14 ended in 1867 ms. Ai(1)-Lathril Alternate Supplied has won!

Game Outcome: Turn 7
Game Outcome: Ai(1)-Lathril Alternate Supplied has won because all opponents have lost
Game Outcome: Ai(2)-Merry, Esquire of Rohan Competitive Brawl BrawlREC 2026-07 has lost because life total reached 0
Match Result: Ai(1)-Lathril Alternate Supplied: 7 Ai(2)-Merry, Esquire of Rohan Competitive Brawl BrawlREC 2026-07: 8

Game Result: Game 15 ended in 2511 ms. Ai(1)-Lathril Alternate Supplied has won!

Game Outcome: Turn 5
Game Outcome: Ai(1)-Lathril Alternate Supplied has lost because life total reached 0
Game Outcome: Ai(2)-Merry, Esquire of Rohan Competitive Brawl BrawlREC 2026-07 has won because all opponents have lost
Match Result: Ai(1)-Lathril Alternate Supplied: 7 Ai(2)-Merry, Esquire of Rohan Competitive Brawl BrawlREC 2026-07: 9

Game Result: Game 16 ended in 3192 ms. Ai(2)-Merry, Esquire of Rohan Competitive Brawl BrawlREC 2026-07 has won!

Game Outcome: Turn 6
Game Outcome: Ai(1)-Lathril Alternate Supplied has lost because life total reached 0
Game Outcome: Ai(2)-Merry, Esquire of Rohan Competitive Brawl BrawlREC 2026-07 has won because all opponents have lost
Match Result: Ai(1)-Lathril Alternate Supplied: 7 Ai(2)-Merry, Esquire of Rohan Competitive Brawl BrawlREC 2026-07: 10

Game Result: Game 17 ended in 3912 ms. Ai(2)-Merry, Esquire of Rohan Competitive Brawl BrawlREC 2026-07 has won!

Game Outcome: Turn 6
Game Outcome: Ai(1)-Lathril Alternate Supplied has lost because life total reached 0
Game Outcome: Ai(2)-Merry, Esquire of Rohan Competitive Brawl BrawlREC 2026-07 has won because all opponents have lost
Match Result: Ai(1)-Lathril Alternate Supplied: 7 Ai(2)-Merry, Esquire of Rohan Competitive Brawl BrawlREC 2026-07: 11

Game Result: Game 18 ended in 2255 ms. Ai(2)-Merry, Esquire of Rohan Competitive Brawl BrawlREC 2026-07 has won!

Game Outcome: Turn 10
Game Outcome: Ai(1)-Lathril Alternate Supplied has won because all opponents have lost
Game Outcome: Ai(2)-Merry, Esquire of Rohan Competitive Brawl BrawlREC 2026-07 has lost because life total reached 0
Match Result: Ai(1)-Lathril Alternate Supplied: 8 Ai(2)-Merry, Esquire of Rohan Competitive Brawl BrawlREC 2026-07: 11

Game Result: Game 19 ended in 5202 ms. Ai(1)-Lathril Alternate Supplied has won!

Game Outcome: Turn 7
Game Outcome: Ai(1)-Lathril Alternate Supplied has lost because life total reached 0
Game Outcome: Ai(2)-Merry, Esquire of Rohan Competitive Brawl BrawlREC 2026-07 has won because all opponents have lost
Match Result: Ai(1)-Lathril Alternate Supplied: 8 Ai(2)-Merry, Esquire of Rohan Competitive Brawl BrawlREC 2026-07: 12

Game Result: Game 20 ended in 1785 ms. Ai(2)-Merry, Esquire of Rohan Competitive Brawl BrawlREC 2026-07 has won!

Game Outcome: Turn 7
Game Outcome: Ai(1)-Lathril Alternate Supplied has lost because life total reached 0
Game Outcome: Ai(2)-Merry, Esquire of Rohan Competitive Brawl BrawlREC 2026-07 has won because all opponents have lost
Match Result: Ai(1)-Lathril Alternate Supplied: 8 Ai(2)-Merry, Esquire of Rohan Competitive Brawl BrawlREC 2026-07: 13

Game Result: Game 21 ended in 2039 ms. Ai(2)-Merry, Esquire of Rohan Competitive Brawl BrawlREC 2026-07 has won!

Game Outcome: Turn 6
Game Outcome: Ai(1)-Lathril Alternate Supplied has won because all opponents have lost
Game Outcome: Ai(2)-Merry, Esquire of Rohan Competitive Brawl BrawlREC 2026-07 has lost because life total reached 0
Match Result: Ai(1)-Lathril Alternate Supplied: 9 Ai(2)-Merry, Esquire of Rohan Competitive Brawl BrawlREC 2026-07: 13

Game Result: Game 22 ended in 1295 ms. Ai(1)-Lathril Alternate Supplied has won!

[Ai(2)-Merry, Esquire of Rohan Competitive Brawl BrawlREC 2026-07] AI failed to play Detective's Phoenix (160) [Stack]
Game Outcome: Turn 7
Game Outcome: Ai(1)-Lathril Alternate Supplied has lost because life total reached 0
Game Outcome: Ai(2)-Merry, Esquire of Rohan Competitive Brawl BrawlREC 2026-07 has won because all opponents have lost
Match Result: Ai(1)-Lathril Alternate Supplied: 9 Ai(2)-Merry, Esquire of Rohan Competitive Brawl BrawlREC 2026-07: 14

Game Result: Game 23 ended in 6373 ms. Ai(2)-Merry, Esquire of Rohan Competitive Brawl BrawlREC 2026-07 has won!

Game Outcome: Turn 5
Game Outcome: Ai(1)-Lathril Alternate Supplied has lost because life total reached 0
Game Outcome: Ai(2)-Merry, Esquire of Rohan Competitive Brawl BrawlREC 2026-07 has won because all opponents have lost
Match Result: Ai(1)-Lathril Alternate Supplied: 9 Ai(2)-Merry, Esquire of Rohan Competitive Brawl BrawlREC 2026-07: 15

Game Result: Game 24 ended in 1390 ms. Ai(2)-Merry, Esquire of Rohan Competitive Brawl BrawlREC 2026-07 has won!

Game Outcome: Turn 6
Game Outcome: Ai(1)-Lathril Alternate Supplied has lost because life total reached 0
Game Outcome: Ai(2)-Merry, Esquire of Rohan Competitive Brawl BrawlREC 2026-07 has won because all opponents have lost
Match Result: Ai(1)-Lathril Alternate Supplied: 9 Ai(2)-Merry, Esquire of Rohan Competitive Brawl BrawlREC 2026-07: 16

Game Result: Game 25 ended in 1392 ms. Ai(2)-Merry, Esquire of Rohan Competitive Brawl BrawlREC 2026-07 has won!

Game Outcome: Turn 11
Game Outcome: Ai(1)-Lathril Alternate Supplied has won because all opponents have lost
Game Outcome: Ai(2)-Merry, Esquire of Rohan Competitive Brawl BrawlREC 2026-07 has lost because life total reached 0
Match Result: Ai(1)-Lathril Alternate Supplied: 10 Ai(2)-Merry, Esquire of Rohan Competitive Brawl BrawlREC 2026-07: 16

Game Result: Game 26 ended in 4897 ms. Ai(1)-Lathril Alternate Supplied has won!

Game Outcome: Turn 8
Game Outcome: Ai(1)-Lathril Alternate Supplied has won because all opponents have lost
Game Outcome: Ai(2)-Merry, Esquire of Rohan Competitive Brawl BrawlREC 2026-07 has lost because life total reached 0
Match Result: Ai(1)-Lathril Alternate Supplied: 11 Ai(2)-Merry, Esquire of Rohan Competitive Brawl BrawlREC 2026-07: 16

Game Result: Game 27 ended in 10086 ms. Ai(1)-Lathril Alternate Supplied has won!

Game Outcome: Turn 6
Game Outcome: Ai(1)-Lathril Alternate Supplied has won because all opponents have lost
Game Outcome: Ai(2)-Merry, Esquire of Rohan Competitive Brawl BrawlREC 2026-07 has lost because life total reached 0
Match Result: Ai(1)-Lathril Alternate Supplied: 12 Ai(2)-Merry, Esquire of Rohan Competitive Brawl BrawlREC 2026-07: 16

Game Result: Game 28 ended in 3058 ms. Ai(1)-Lathril Alternate Supplied has won!

Game Outcome: Turn 8
Game Outcome: Ai(1)-Lathril Alternate Supplied has won because all opponents have lost
Game Outcome: Ai(2)-Merry, Esquire of Rohan Competitive Brawl BrawlREC 2026-07 has lost because life total reached 0
Match Result: Ai(1)-Lathril Alternate Supplied: 13 Ai(2)-Merry, Esquire of Rohan Competitive Brawl BrawlREC 2026-07: 16

Game Result: Game 29 ended in 22440 ms. Ai(1)-Lathril Alternate Supplied has won!

SVar 'X' not found in ability, fallback to Card (Maddening Hex). Ability is (   )
SVar 'X' not defined in Card (Maddening Hex)
SVar 'X' not found in ability, fallback to Card (Maddening Hex). Ability is (   )
SVar 'X' not defined in Card (Maddening Hex)
SVar 'X' not found in ability, fallback to Card (Maddening Hex). Ability is (   )
SVar 'X' not defined in Card (Maddening Hex)
SVar 'X' not found in ability, fallback to Card (Maddening Hex). Ability is (   )
SVar 'X' not defined in Card (Maddening Hex)
Game Outcome: Turn 10
Game Outcome: Ai(1)-Lathril Alternate Supplied has won because all opponents have lost
Game Outcome: Ai(2)-Merry, Esquire of Rohan Competitive Brawl BrawlREC 2026-07 has lost because life total reached 0
Match Result: Ai(1)-Lathril Alternate Supplied: 14 Ai(2)-Merry, Esquire of Rohan Competitive Brawl BrawlREC 2026-07: 16

Game Result: Game 30 ended in 7247 ms. Ai(1)-Lathril Alternate Supplied has won!

Game Outcome: Turn 7
Game Outcome: Ai(1)-Lathril Alternate Supplied has lost because life total reached 0
Game Outcome: Ai(2)-Merry, Esquire of Rohan Competitive Brawl BrawlREC 2026-07 has won because all opponents have lost
Match Result: Ai(1)-Lathril Alternate Supplied: 14 Ai(2)-Merry, Esquire of Rohan Competitive Brawl BrawlREC 2026-07: 17

Game Result: Game 31 ended in 3029 ms. Ai(2)-Merry, Esquire of Rohan Competitive Brawl BrawlREC 2026-07 has won!

Game Outcome: Turn 8
Game Outcome: Ai(1)-Lathril Alternate Supplied has won because all opponents have lost
Game Outcome: Ai(2)-Merry, Esquire of Rohan Competitive Brawl BrawlREC 2026-07 has lost because life total reached 0
Match Result: Ai(1)-Lathril Alternate Supplied: 15 Ai(2)-Merry, Esquire of Rohan Competitive Brawl BrawlREC 2026-07: 17

Game Result: Game 32 ended in 3377 ms. Ai(1)-Lathril Alternate Supplied has won!

java.util.concurrent.TimeoutException
	at java.base/java.util.concurrent.FutureTask.get(FutureTask.java:204)
	at forge.ai.AiController.chooseSpellAbilityToPlayFromList(AiController.java:1696)
	at forge.ai.AiController.getSpellAbilityToPlay(AiController.java:1583)
	at forge.ai.AiController.chooseSpellAbilityToPlay(AiController.java:1403)
	at forge.ai.PlayerControllerAi.chooseSpellAbilityToPlay(PlayerControllerAi.java:832)
	at forge.game.phase.PhaseHandler.mainLoopStep(PhaseHandler.java:1056)
	at forge.game.phase.PhaseHandler.mainGameLoop(PhaseHandler.java:1035)
	at forge.game.phase.PhaseHandler.startFirstTurn(PhaseHandler.java:1029)
	at forge.game.GameAction.startGame(GameAction.java:2373)
	at forge.game.Match.startGame(Match.java:92)
	at forge.game.Match.startGame(Match.java:77)
	at forge.view.SimulateMatch.lambda$simulateSingleMatch$0(SimulateMatch.java:213)
	at forge.view.TimeLimitedCodeBlock.lambda$runWithTimeout$0(TimeLimitedCodeBlock.java:18)
	at java.base/java.util.concurrent.FutureTask.run(FutureTask.java:264)
	at java.base/java.util.concurrent.ThreadPoolExecutor.runWorker(ThreadPoolExecutor.java:1136)
	at java.base/java.util.concurrent.ThreadPoolExecutor$Worker.run(ThreadPoolExecutor.java:635)
	at java.base/java.lang.Thread.run(Thread.java:840)
AI eval thread at timeout:
	at app//forge.game.card.CardState$LandTraitChanges.applyReplacementEffect(CardState.java:580)
	at app//forge.game.card.Card.updateReplacementEffects(Card.java:7065)
	at app//forge.game.card.CardState.getReplacementEffects(CardState.java:754)
	at app//forge.game.card.CardState.getReplacementEffects(CardState.java:723)
	at app//forge.game.card.Card.getReplacementEffects(Card.java:7055)
	at app//forge.game.replacement.ReplacementHandler.lambda$getReplacementList$0(ReplacementHandler.java:134)
	at app//forge.game.replacement.ReplacementHandler$$Lambda$431/0x000000e001264b80.visit(Unknown Source)
	at app//forge.util.Visitor.visitAll(Visitor.java:16)
	at app//forge.game.Game.forEachCardInGame(Game.java:757)
	at app//forge.game.replacement.ReplacementHandler.getReplacementList(ReplacementHandler.java:102)
	at app//forge.ai.ComputerUtilMana.predictManaReplacement(ComputerUtilMana.java:429)
	at app//forge.ai.ComputerUtilMana.predictManafromSpellAbility(ComputerUtilMana.java:532)
	at app//forge.ai.ComputerUtilMana.payManaCost(ComputerUtilMana.java:763)
	at app//forge.ai.ComputerUtilMana.payManaCost(ComputerUtilMana.java:74)
	at app//forge.ai.ComputerUtilMana.canPayManaCost(ComputerUtilMana.java:63)
	at app//forge.ai.ComputerUtilCost.canPayCost(ComputerUtilCost.java:634)
	at app//forge.ai.ComputerUtilCost.canPayCost(ComputerUtilCost.java:530)
	at app//forge.ai.ComputerUtilCombat.canGainKeyword(ComputerUtilCombat.java:2290)
	at app//forge.ai.ComputerUtilCombat.dealsFirstStrikeDamage(ComputerUtilCombat.java:2251)
	at app//forge.ai.ComputerUtilCombat.predictPowerBonusOfBlocker(ComputerUtilCombat.java:880)
	at app//forge.ai.ComputerUtilCombat.canDestroyAttacker(ComputerUtilCombat.java:1687)
	at app//forge.ai.AiBlockController.getKillingBlockers(AiBlockController.java:120)
	at app//forge.ai.AiBlockController.makeGoodBlocks(AiBlockController.java:203)
	at app//forge.ai.AiBlockController.assignBlockers(AiBlockController.java:1083)
	at app//forge.ai.AiBlockController.assignBlockersGivenAttackers(AiBlockController.java:1041)
	at app//forge.ai.ComputerUtilCard.canBeBlockedProfitably(ComputerUtilCard.java:881)
	at app//forge.ai.AiAttackController$SpellAbilityFactors.calculate(AiAttackController.java:1445)
	at app//forge.ai.AiAttackController.shouldAttack(AiAttackController.java:1493)
	at app//forge.ai.AiAttackController.declareAttackers(AiAttackController.java:1300)
	at app//forge.ai.ComputerUtilCard.doesSpecifiedCreatureAttackAI(ComputerUtilCard.java:820)
java.util.concurrent.TimeoutException
	at java.base/java.util.concurrent.FutureTask.get(FutureTask.java:204)
	at forge.ai.AiController.chooseSpellAbilityToPlayFromList(AiController.java:1696)
	at forge.ai.AiController.getSpellAbilityToPlay(AiController.java:1583)
	at forge.ai.AiController.chooseSpellAbilityToPlay(AiController.java:1403)
	at forge.ai.PlayerControllerAi.chooseSpellAbilityToPlay(PlayerControllerAi.java:832)
	at forge.game.phase.PhaseHandler.mainLoopStep(PhaseHandler.java:1056)
	at forge.game.phase.PhaseHandler.mainGameLoop(PhaseHandler.java:1035)
	at forge.game.phase.PhaseHandler.startFirstTurn(PhaseHandler.java:1029)
	at forge.game.GameAction.startGame(GameAction.java:2373)
	at forge.game.Match.startGame(Match.java:92)
	at forge.game.Match.startGame(Match.java:77)
	at forge.view.SimulateMatch.lambda$simulateSingleMatch$0(SimulateMatch.java:213)
	at forge.view.TimeLimitedCodeBlock.lambda$runWithTimeout$0(TimeLimitedCodeBlock.java:18)
	at java.base/java.util.concurrent.FutureTask.run(FutureTask.java:264)
	at java.base/java.util.concurrent.ThreadPoolExecutor.runWorker(ThreadPoolExecutor.java:1136)
	at java.base/java.util.concurrent.ThreadPoolExecutor$Worker.run(ThreadPoolExecutor.java:635)
	at java.base/java.lang.Thread.run(Thread.java:840)
AI eval thread at timeout:
	at app//forge.game.card.CardState.getReplacementEffects(CardState.java:726)
	at app//forge.game.card.CardState.getReplacementEffects(CardState.java:723)
	at app//forge.game.card.Card.getReplacementEffects(Card.java:7055)
	at app//forge.game.replacement.ReplacementHandler.lambda$getReplacementList$0(ReplacementHandler.java:134)
	at app//forge.game.replacement.ReplacementHandler$$Lambda$431/0x000000e001264b80.visit(Unknown Source)
	at app//forge.util.Visitor.visitAll(Visitor.java:16)
	at app//forge.game.Game.forEachCardInGame(Game.java:757)
	at app//forge.game.replacement.ReplacementHandler.getReplacementList(ReplacementHandler.java:102)
	at app//forge.game.replacement.ReplacementHandler.cantHappenCheck(ReplacementHandler.java:174)
	at app//forge.game.player.Player.cantLoseCheck(Player.java:2018)
	at app//forge.game.player.Player.cantLoseForZeroOrLessLife(Player.java:2012)
	at app//forge.ai.AiAttackController.doAssault(AiAttackController.java:735)
	at app//forge.ai.AiAttackController.declareAttackers(AiAttackController.java:819)
	at app//forge.ai.ComputerUtilCard.doesSpecifiedCreatureAttackAI(ComputerUtilCard.java:820)
	at app//forge.ai.ComputerUtilCard.shouldPumpCard(ComputerUtilCard.java:1557)
	at app//forge.ai.ComputerUtilCard.shouldPumpCard(ComputerUtilCard.java:1446)
	at app//forge.ai.ability.PumpAllAi.lambda$checkApiLogic$2(PumpAllAi.java:132)
	at app//forge.ai.ability.PumpAllAi$$Lambda$531/0x000000e0012b7650.test(Unknown Source)
	at java.base@17.0.17/java.util.stream.MatchOps$1MatchSink.accept(MatchOps.java:90)
	at java.base@17.0.17/java.util.ArrayList$ArrayListSpliterator.tryAdvance(ArrayList.java:1602)
	at java.base@17.0.17/java.util.stream.ReferencePipeline.forEachWithCancel(ReferencePipeline.java:129)
	at java.base@17.0.17/java.util.stream.AbstractPipeline.copyIntoWithCancel(AbstractPipeline.java:527)
	at java.base@17.0.17/java.util.stream.AbstractPipeline.copyInto(AbstractPipeline.java:513)
	at java.base@17.0.17/java.util.stream.AbstractPipeline.wrapAndCopyInto(AbstractPipeline.java:499)
	at java.base@17.0.17/java.util.stream.MatchOps$MatchOp.evaluateSequential(MatchOps.java:230)
	at java.base@17.0.17/java.util.stream.MatchOps$MatchOp.evaluateSequential(MatchOps.java:196)
	at java.base@17.0.17/java.util.stream.AbstractPipeline.evaluate(AbstractPipeline.java:234)
	at java.base@17.0.17/java.util.stream.ReferencePipeline.anyMatch(ReferencePipeline.java:632)
	at app//forge.util.collect.FCollection.anyMatch(FCollection.java:622)
	at app//forge.ai.ability.PumpAllAi.checkApiLogic(PumpAllAi.java:131)
java.util.concurrent.TimeoutException
	at java.base/java.util.concurrent.FutureTask.get(FutureTask.java:204)
	at forge.ai.AiController.chooseSpellAbilityToPlayFromList(AiController.java:1696)
	at forge.ai.AiController.getSpellAbilityToPlay(AiController.java:1583)
	at forge.ai.AiController.chooseSpellAbilityToPlay(AiController.java:1403)
	at forge.ai.PlayerControllerAi.chooseSpellAbilityToPlay(PlayerControllerAi.java:832)
	at forge.game.phase.PhaseHandler.mainLoopStep(PhaseHandler.java:1056)
	at forge.game.phase.PhaseHandler.mainGameLoop(PhaseHandler.java:1035)
	at forge.game.phase.PhaseHandler.startFirstTurn(PhaseHandler.java:1029)
	at forge.game.GameAction.startGame(GameAction.java:2373)
	at forge.game.Match.startGame(Match.java:92)
	at forge.game.Match.startGame(Match.java:77)
	at forge.view.SimulateMatch.lambda$simulateSingleMatch$0(SimulateMatch.java:213)
	at forge.view.TimeLimitedCodeBlock.lambda$runWithTimeout$0(TimeLimitedCodeBlock.java:18)
	at java.base/java.util.concurrent.FutureTask.run(FutureTask.java:264)
	at java.base/java.util.concurrent.ThreadPoolExecutor.runWorker(ThreadPoolExecutor.java:1136)
	at java.base/java.util.concurrent.ThreadPoolExecutor$Worker.run(ThreadPoolExecutor.java:635)
	at java.base/java.lang.Thread.run(Thread.java:840)
AI eval thread at timeout:
	at app//forge.game.card.CardState$LandTraitChanges.applyReplacementEffect(CardState.java:580)
	at app//forge.game.card.Card.updateReplacementEffects(Card.java:7065)
	at app//forge.game.card.CardState.getReplacementEffects(CardState.java:754)
	at app//forge.game.card.CardState.getReplacementEffects(CardState.java:723)
	at app//forge.game.card.Card.getReplacementEffects(Card.java:7055)
	at app//forge.game.replacement.ReplacementHandler.lambda$getReplacementList$0(ReplacementHandler.java:134)
	at app//forge.game.replacement.ReplacementHandler$$Lambda$431/0x000000e001264b80.visit(Unknown Source)
	at app//forge.util.Visitor.visitAll(Visitor.java:16)
	at app//forge.game.Game.forEachCardInGame(Game.java:757)
	at app//forge.game.replacement.ReplacementHandler.getReplacementList(ReplacementHandler.java:102)
	at app//forge.game.replacement.ReplacementHandler.cantHappenCheck(ReplacementHandler.java:174)
	at app//forge.game.card.Card.canTap(Card.java:4696)
	at app//forge.game.card.Card.canTap(Card.java:4688)
	at app//forge.game.cost.CostTap.canPay(CostTap.java:69)
	at app//forge.game.cost.Cost.canPay(Cost.java:1085)
	at app//forge.game.cost.CostPayment.canPayAdditionalCosts(CostPayment.java:104)
	at app//forge.game.cost.CostPayment.canPayAdditionalCosts(CostPayment.java:96)
	at app//forge.ai.ComputerUtilMana.getAvailableManaSources(ComputerUtilMana.java:1423)
	at app//forge.ai.ComputerUtilMana.groupSourcesByManaColor(ComputerUtilMana.java:1496)
	at app//forge.ai.ComputerUtilMana.getSourcesForShards(ComputerUtilMana.java:831)
	at app//forge.ai.ComputerUtilMana.payManaCost(ComputerUtilMana.java:638)
	at app//forge.ai.ComputerUtilMana.payManaCost(ComputerUtilMana.java:74)
	at app//forge.ai.ComputerUtilMana.canPayManaCost(ComputerUtilMana.java:63)
	at app//forge.ai.ComputerUtilCost.canPayCost(ComputerUtilCost.java:634)
	at app//forge.ai.ComputerUtilCost.canPayCost(ComputerUtilCost.java:530)
	at app//forge.ai.ComputerUtilCombat.canGainKeyword(ComputerUtilCombat.java:2290)
	at app//forge.ai.ComputerUtilCombat.dealsFirstStrikeDamage(ComputerUtilCombat.java:2251)
	at app//forge.ai.ComputerUtilCombat.predictPowerBonusOfBlocker(ComputerUtilCombat.java:880)
	at app//forge.ai.ComputerUtilCombat.canDestroyAttacker(ComputerUtilCombat.java:1687)
	at app//forge.ai.ComputerUtilCombat.canDestroyAttacker(ComputerUtilCombat.java:1642)
java.util.concurrent.TimeoutException
	at java.base/java.util.concurrent.FutureTask.get(FutureTask.java:204)
	at forge.ai.AiController.chooseSpellAbilityToPlayFromList(AiController.java:1696)
	at forge.ai.AiController.getSpellAbilityToPlay(AiController.java:1583)
	at forge.ai.AiController.chooseSpellAbilityToPlay(AiController.java:1403)
	at forge.ai.PlayerControllerAi.chooseSpellAbilityToPlay(PlayerControllerAi.java:832)
	at forge.game.phase.PhaseHandler.mainLoopStep(PhaseHandler.java:1056)
	at forge.game.phase.PhaseHandler.mainGameLoop(PhaseHandler.java:1035)
	at forge.game.phase.PhaseHandler.startFirstTurn(PhaseHandler.java:1029)
	at forge.game.GameAction.startGame(GameAction.java:2373)
	at forge.game.Match.startGame(Match.java:92)
	at forge.game.Match.startGame(Match.java:77)
	at forge.view.SimulateMatch.lambda$simulateSingleMatch$0(SimulateMatch.java:213)
	at forge.view.TimeLimitedCodeBlock.lambda$runWithTimeout$0(TimeLimitedCodeBlock.java:18)
	at java.base/java.util.concurrent.FutureTask.run(FutureTask.java:264)
	at java.base/java.util.concurrent.ThreadPoolExecutor.runWorker(ThreadPoolExecutor.java:1136)
	at java.base/java.util.concurrent.ThreadPoolExecutor$Worker.run(ThreadPoolExecutor.java:635)
	at java.base/java.lang.Thread.run(Thread.java:840)
AI eval thread at timeout:
	at app//forge.game.card.CardState$LandTraitChanges.applyReplacementEffect(CardState.java:580)
	at app//forge.game.card.Card.updateReplacementEffects(Card.java:7065)
	at app//forge.game.card.CardState.getReplacementEffects(CardState.java:754)
	at app//forge.game.card.CardState.getReplacementEffects(CardState.java:723)
	at app//forge.game.card.Card.getReplacementEffects(Card.java:7055)
	at app//forge.game.replacement.ReplacementHandler.lambda$getReplacementList$0(ReplacementHandler.java:134)
	at app//forge.game.replacement.ReplacementHandler$$Lambda$431/0x000000e001264b80.visit(Unknown Source)
	at app//forge.util.Visitor.visitAll(Visitor.java:16)
	at app//forge.game.Game.forEachCardInGame(Game.java:757)
	at app//forge.game.replacement.ReplacementHandler.getReplacementList(ReplacementHandler.java:102)
	at app//forge.ai.ComputerUtilCombat.isCombatDamagePrevented(ComputerUtilCombat.java:2348)
	at app//forge.ai.ComputerUtilCombat.damageIfUnblocked(ComputerUtilCombat.java:180)
	at app//forge.ai.ComputerUtilCombat.sumDamageIfUnblocked(ComputerUtilCombat.java:249)
	at app//forge.ai.ComputerUtilCombat.sumDamageIfUnblocked(ComputerUtilCombat.java:240)
	at app//forge.ai.ComputerUtilCombat.lifeThatWouldRemain(ComputerUtilCombat.java:318)
	at app//forge.ai.ComputerUtilCombat.lifeInSeriousDanger(ComputerUtilCombat.java:496)
	at app//forge.ai.ComputerUtilCombat.lifeInSeriousDanger(ComputerUtilCombat.java:466)
	at app//forge.ai.AiBlockController.assignBlockers(AiBlockController.java:1132)
	at app//forge.ai.AiBlockController.assignBlockersForCombat(AiBlockController.java:1014)
	at app//forge.ai.ComputerUtil.predictNextCombatsRemainingLife(ComputerUtil.java:3214)
	at app//forge.ai.ComputerUtil.predictNextCombatsRemainingLife(ComputerUtil.java:3179)
	at app//forge.ai.AiAttackController.notNeededAsBlockers(AiAttackController.java:426)
	at app//forge.ai.AiAttackController.declareAttackers(AiAttackController.java:1279)
	at app//forge.ai.AiController.getPredictedCombat(AiController.java:145)
	at app//forge.ai.ComputerUtilCard.doesCreatureAttackAI(ComputerUtilCard.java:806)
	at app//forge.ai.ComputerUtilCard.shouldPumpCard(ComputerUtilCard.java:1557)
	at app//forge.ai.ComputerUtilCard.shouldPumpCard(ComputerUtilCard.java:1446)
	at app//forge.ai.ability.CountersPutAi.checkApiLogic(CountersPutAi.java:539)
	at app//forge.ai.SpellAbilityAi.canPlayWithoutRestrict(SpellAbilityAi.java:98)
	at app//forge.ai.SpellAbilityAi.canPlay(SpellAbilityAi.java:76)
java.util.concurrent.TimeoutException
	at java.base/java.util.concurrent.FutureTask.get(FutureTask.java:204)
	at forge.ai.AiController.chooseSpellAbilityToPlayFromList(AiController.java:1696)
	at forge.ai.AiController.getSpellAbilityToPlay(AiController.java:1583)
	at forge.ai.AiController.chooseSpellAbilityToPlay(AiController.java:1403)
	at forge.ai.PlayerControllerAi.chooseSpellAbilityToPlay(PlayerControllerAi.java:832)
	at forge.game.phase.PhaseHandler.mainLoopStep(PhaseHandler.java:1056)
	at forge.game.phase.PhaseHandler.mainGameLoop(PhaseHandler.java:1035)
	at forge.game.phase.PhaseHandler.startFirstTurn(PhaseHandler.java:1029)
	at forge.game.GameAction.startGame(GameAction.java:2373)
	at forge.game.Match.startGame(Match.java:92)
	at forge.game.Match.startGame(Match.java:77)
	at forge.view.SimulateMatch.lambda$simulateSingleMatch$0(SimulateMatch.java:213)
	at forge.view.TimeLimitedCodeBlock.lambda$runWithTimeout$0(TimeLimitedCodeBlock.java:18)
	at java.base/java.util.concurrent.FutureTask.run(FutureTask.java:264)
	at java.base/java.util.concurrent.ThreadPoolExecutor.runWorker(ThreadPoolExecutor.java:1136)
	at java.base/java.util.concurrent.ThreadPoolExecutor$Worker.run(ThreadPoolExecutor.java:635)
	at java.base/java.lang.Thread.run(Thread.java:840)
AI eval thread at timeout:
	at app//forge.game.card.CardState$LandTraitChanges.applyReplacementEffect(CardState.java:580)
	at app//forge.game.card.Card.updateReplacementEffects(Card.java:7065)
	at app//forge.game.card.CardState.getReplacementEffects(CardState.java:754)
	at app//forge.game.card.CardState.getReplacementEffects(CardState.java:723)
	at app//forge.game.card.Card.getReplacementEffects(Card.java:7055)
	at app//forge.game.replacement.ReplacementHandler.lambda$getReplacementList$0(ReplacementHandler.java:134)
	at app//forge.game.replacement.ReplacementHandler$$Lambda$431/0x000000e001264b80.visit(Unknown Source)
	at app//forge.util.Visitor.visitAll(Visitor.java:16)
	at app//forge.game.Game.forEachCardInGame(Game.java:757)
	at app//forge.game.replacement.ReplacementHandler.getReplacementList(ReplacementHandler.java:102)
	at app//forge.game.replacement.ReplacementHandler.cantHappenCheck(ReplacementHandler.java:174)
	at app//forge.game.card.Card.canTap(Card.java:4696)
	at app//forge.game.card.Card.canTap(Card.java:4688)
	at app//forge.game.cost.CostTap.canPay(CostTap.java:69)
	at app//forge.game.cost.Cost.canPay(Cost.java:1085)
	at app//forge.game.cost.CostPayment.canPayAdditionalCosts(CostPayment.java:104)
	at app//forge.game.cost.CostPayment.canPayAdditionalCosts(CostPayment.java:96)
	at app//forge.game.spellability.AbilityActivated.canPlay(AbilityActivated.java:103)
	at app//forge.ai.ComputerUtilMana.groupSourcesByManaColor(ComputerUtilMana.java:1505)
	at app//forge.ai.ComputerUtilMana.getSourcesForShards(ComputerUtilMana.java:831)
	at app//forge.ai.ComputerUtilMana.payManaCost(ComputerUtilMana.java:638)
	at app//forge.ai.ComputerUtilMana.payManaCost(ComputerUtilMana.java:74)
	at app//forge.ai.ComputerUtilMana.canPayManaCost(ComputerUtilMana.java:63)
	at app//forge.ai.ComputerUtilCost.canPayCost(ComputerUtilCost.java:634)
	at app//forge.ai.ComputerUtilCost.canPayCost(ComputerUtilCost.java:530)
	at app//forge.ai.ComputerUtilCombat.canGainKeyword(ComputerUtilCombat.java:2290)
	at app//forge.ai.ComputerUtilCombat.dealsFirstStrikeDamage(ComputerUtilCombat.java:2251)
	at app//forge.ai.ComputerUtilCombat.predictPowerBonusOfAttacker(ComputerUtilCombat.java:1162)
	at app//forge.ai.ComputerUtilCombat.canDestroyAttacker(ComputerUtilCombat.java:1709)
	at app//forge.ai.AiBlockController.getKillingBlockers(AiBlockController.java:120)
java.util.concurrent.TimeoutException
	at java.base/java.util.concurrent.FutureTask.get(FutureTask.java:204)
	at forge.ai.AiController.chooseSpellAbilityToPlayFromList(AiController.java:1696)
	at forge.ai.AiController.getSpellAbilityToPlay(AiController.java:1583)
	at forge.ai.AiController.chooseSpellAbilityToPlay(AiController.java:1403)
	at forge.ai.PlayerControllerAi.chooseSpellAbilityToPlay(PlayerControllerAi.java:832)
	at forge.game.phase.PhaseHandler.mainLoopStep(PhaseHandler.java:1056)
	at forge.game.phase.PhaseHandler.mainGameLoop(PhaseHandler.java:1035)
	at forge.game.phase.PhaseHandler.startFirstTurn(PhaseHandler.java:1029)
	at forge.game.GameAction.startGame(GameAction.java:2373)
	at forge.game.Match.startGame(Match.java:92)
	at forge.game.Match.startGame(Match.java:77)
	at forge.view.SimulateMatch.lambda$simulateSingleMatch$0(SimulateMatch.java:213)
	at forge.view.TimeLimitedCodeBlock.lambda$runWithTimeout$0(TimeLimitedCodeBlock.java:18)
	at java.base/java.util.concurrent.FutureTask.run(FutureTask.java:264)
	at java.base/java.util.concurrent.ThreadPoolExecutor.runWorker(ThreadPoolExecutor.java:1136)
	at java.base/java.util.concurrent.ThreadPoolExecutor$Worker.run(ThreadPoolExecutor.java:635)
	at java.base/java.lang.Thread.run(Thread.java:840)
AI eval thread at timeout:
	at app//forge.game.card.CardState.getReplacementEffects(CardState.java:723)
	at app//forge.game.card.Card.getReplacementEffects(Card.java:7055)
	at app//forge.game.replacement.ReplacementHandler.lambda$getReplacementList$0(ReplacementHandler.java:134)
	at app//forge.game.replacement.ReplacementHandler$$Lambda$431/0x000000e001264b80.visit(Unknown Source)
	at app//forge.util.Visitor.visitAll(Visitor.java:16)
	at app//forge.game.Game.forEachCardInGame(Game.java:757)
	at app//forge.game.replacement.ReplacementHandler.getReplacementList(ReplacementHandler.java:102)
	at app//forge.game.replacement.ReplacementHandler.cantHappenCheck(ReplacementHandler.java:174)
	at app//forge.game.card.Card.canUntap(Card.java:4745)
	at app//forge.game.spellability.SpellAbility.calculateScoreForManaAbility(SpellAbility.java:2413)
	at app//forge.ai.ComputerUtilMana.scoreManaProducingCard(ComputerUtilMana.java:110)
	at app//forge.ai.ComputerUtilMana.sortManaAbilities(ComputerUtilMana.java:140)
	at app//forge.ai.ComputerUtilMana.getSourcesForShards(ComputerUtilMana.java:858)
	at app//forge.ai.ComputerUtilMana.payManaCost(ComputerUtilMana.java:638)
	at app//forge.ai.ComputerUtilMana.payManaCost(ComputerUtilMana.java:74)
	at app//forge.ai.ComputerUtilMana.canPayManaCost(ComputerUtilMana.java:63)
	at app//forge.ai.ComputerUtilCost.canPayCost(ComputerUtilCost.java:634)
	at app//forge.ai.ComputerUtilCost.canPayCost(ComputerUtilCost.java:530)
	at app//forge.ai.ComputerUtilCombat.canGainKeyword(ComputerUtilCombat.java:2290)
	at app//forge.ai.ComputerUtilCombat.dealsFirstStrikeDamage(ComputerUtilCombat.java:2251)
	at app//forge.ai.ComputerUtilCombat.predictPowerBonusOfBlocker(ComputerUtilCombat.java:880)
	at app//forge.ai.ComputerUtilCombat.canDestroyAttacker(ComputerUtilCombat.java:1687)
	at app//forge.ai.ComputerUtilCombat.canDestroyAttacker(ComputerUtilCombat.java:1642)
	at app//forge.ai.AiAttackController$SpellAbilityFactors.calculate(AiAttackController.java:1396)
	at app//forge.ai.AiAttackController.shouldAttack(AiAttackController.java:1493)
	at app//forge.ai.AiAttackController.declareAttackers(AiAttackController.java:1300)
	at app//forge.ai.ComputerUtilCard.doesSpecifiedCreatureAttackAI(ComputerUtilCard.java:820)
	at app//forge.ai.ComputerUtilCard.shouldPumpCard(ComputerUtilCard.java:1557)
	at app//forge.ai.ComputerUtilCard.shouldPumpCard(ComputerUtilCard.java:1446)
	at app//forge.ai.ability.CountersPutAi.checkApiLogic(CountersPutAi.java:539)
java.util.concurrent.TimeoutException
	at java.base/java.util.concurrent.FutureTask.get(FutureTask.java:204)
	at forge.ai.AiController.chooseSpellAbilityToPlayFromList(AiController.java:1696)
	at forge.ai.AiController.getSpellAbilityToPlay(AiController.java:1583)
	at forge.ai.AiController.chooseSpellAbilityToPlay(AiController.java:1403)
	at forge.ai.PlayerControllerAi.chooseSpellAbilityToPlay(PlayerControllerAi.java:832)
	at forge.game.phase.PhaseHandler.mainLoopStep(PhaseHandler.java:1056)
	at forge.game.phase.PhaseHandler.mainGameLoop(PhaseHandler.java:1035)
	at forge.game.phase.PhaseHandler.startFirstTurn(PhaseHandler.java:1029)
	at forge.game.GameAction.startGame(GameAction.java:2373)
	at forge.game.Match.startGame(Match.java:92)
	at forge.game.Match.startGame(Match.java:77)
	at forge.view.SimulateMatch.lambda$simulateSingleMatch$0(SimulateMatch.java:213)
	at forge.view.TimeLimitedCodeBlock.lambda$runWithTimeout$0(TimeLimitedCodeBlock.java:18)
	at java.base/java.util.concurrent.FutureTask.run(FutureTask.java:264)
	at java.base/java.util.concurrent.ThreadPoolExecutor.runWorker(ThreadPoolExecutor.java:1136)
	at java.base/java.util.concurrent.ThreadPoolExecutor$Worker.run(ThreadPoolExecutor.java:635)
	at java.base/java.lang.Thread.run(Thread.java:840)
AI eval thread at timeout:
	at java.base@17.0.17/java.util.HashSet.add(HashSet.java:221)
	at app//forge.util.collect.FCollection.add(FCollection.java:273)
	at app//forge.util.collect.FCollection.addAll(FCollection.java:346)
	at app//forge.util.collect.FCollection.addAll(FCollection.java:325)
	at app//forge.game.Game.getCardsIn(Game.java:628)
	at app//forge.game.combat.CombatUtil.getBlockCost(CombatUtil.java:338)
	at app//forge.game.combat.CombatUtil.mustBlockAnAttacker(CombatUtil.java:756)
	at app//forge.game.combat.CombatUtil.canBlock(CombatUtil.java:953)
	at app//forge.ai.AiBlockController.getPossibleBlockers(AiBlockController.java:87)
	at app//forge.ai.AiBlockController.makeGoodBlocks(AiBlockController.java:196)
	at app//forge.ai.AiBlockController.assignBlockers(AiBlockController.java:1083)
	at app//forge.ai.AiBlockController.assignBlockersForCombat(AiBlockController.java:1014)
	at app//forge.ai.ComputerUtil.predictNextCombatsRemainingLife(ComputerUtil.java:3214)
	at app//forge.ai.ComputerUtil.predictNextCombatsRemainingLife(ComputerUtil.java:3179)
	at app//forge.ai.AiAttackController.notNeededAsBlockers(AiAttackController.java:426)
	at app//forge.ai.AiAttackController.declareAttackers(AiAttackController.java:1279)
	at app//forge.ai.ComputerUtilCard.doesSpecifiedCreatureAttackAI(ComputerUtilCard.java:820)
	at app//forge.ai.ComputerUtilCard.shouldPumpCard(ComputerUtilCard.java:1557)
	at app//forge.ai.ability.PumpAiBase.lambda$getPumpCreatures$2(PumpAiBase.java:376)
	at app//forge.ai.ability.PumpAiBase$$Lambda$535/0x000000e0012bca38.test(Unknown Source)
	at java.base@17.0.17/java.util.stream.ReferencePipeline$2$1.accept(ReferencePipeline.java:178)
	at java.base@17.0.17/java.util.Spliterators$IteratorSpliterator.tryAdvance(Spliterators.java:1856)
	at java.base@17.0.17/java.util.stream.StreamSpliterators$WrappingSpliterator.lambda$initPartialTraversalState$0(StreamSpliterators.java:292)
	at java.base@17.0.17/java.util.stream.StreamSpliterators$WrappingSpliterator$$Lambda$371/0x000000e0011fb4e0.getAsBoolean(Unknown Source)
	at java.base@17.0.17/java.util.stream.StreamSpliterators$AbstractWrappingSpliterator.fillBuffer(StreamSpliterators.java:206)
	at java.base@17.0.17/java.util.stream.StreamSpliterators$AbstractWrappingSpliterator.doAdvance(StreamSpliterators.java:161)
	at java.base@17.0.17/java.util.stream.StreamSpliterators$WrappingSpliterator.tryAdvance(StreamSpliterators.java:298)
	at java.base@17.0.17/java.util.Spliterators$1Adapter.hasNext(Spliterators.java:681)
	at app//forge.util.collect.FCollection.addAll(FCollection.java:345)
	at app//forge.util.collect.FCollection.<init>(FCollection.java:103)
java.util.concurrent.TimeoutException
	at java.base/java.util.concurrent.FutureTask.get(FutureTask.java:204)
	at forge.ai.AiController.chooseSpellAbilityToPlayFromList(AiController.java:1696)
	at forge.ai.AiController.getSpellAbilityToPlay(AiController.java:1583)
	at forge.ai.AiController.chooseSpellAbilityToPlay(AiController.java:1403)
	at forge.ai.PlayerControllerAi.chooseSpellAbilityToPlay(PlayerControllerAi.java:832)
	at forge.game.phase.PhaseHandler.mainLoopStep(PhaseHandler.java:1056)
	at forge.game.phase.PhaseHandler.mainGameLoop(PhaseHandler.java:1035)
	at forge.game.phase.PhaseHandler.startFirstTurn(PhaseHandler.java:1029)
	at forge.game.GameAction.startGame(GameAction.java:2373)
	at forge.game.Match.startGame(Match.java:92)
	at forge.game.Match.startGame(Match.java:77)
	at forge.view.SimulateMatch.lambda$simulateSingleMatch$0(SimulateMatch.java:213)
	at forge.view.TimeLimitedCodeBlock.lambda$runWithTimeout$0(TimeLimitedCodeBlock.java:18)
	at java.base/java.util.concurrent.FutureTask.run(FutureTask.java:264)
	at java.base/java.util.concurrent.ThreadPoolExecutor.runWorker(ThreadPoolExecutor.java:1136)
	at java.base/java.util.concurrent.ThreadPoolExecutor$Worker.run(ThreadPoolExecutor.java:635)
	at java.base/java.lang.Thread.run(Thread.java:840)
AI eval thread at timeout:
	at app//forge.game.card.CardState$LandTraitChanges.applyReplacementEffect(CardState.java:580)
	at app//forge.game.card.Card.updateReplacementEffects(Card.java:7065)
	at app//forge.game.card.CardState.getReplacementEffects(CardState.java:754)
	at app//forge.game.card.CardState.getReplacementEffects(CardState.java:723)
	at app//forge.game.card.Card.getReplacementEffects(Card.java:7055)
	at app//forge.game.replacement.ReplacementHandler.lambda$getReplacementList$0(ReplacementHandler.java:134)
	at app//forge.game.replacement.ReplacementHandler$$Lambda$431/0x000000e001264b80.visit(Unknown Source)
	at app//forge.util.Visitor.visitAll(Visitor.java:16)
	at app//forge.game.Game.forEachCardInGame(Game.java:757)
	at app//forge.game.replacement.ReplacementHandler.getReplacementList(ReplacementHandler.java:102)
	at app//forge.game.replacement.ReplacementHandler.cantHappenCheck(ReplacementHandler.java:174)
	at app//forge.game.player.Player.cantLoseCheck(Player.java:2018)
	at app//forge.game.player.Player.cantLoseForZeroOrLessLife(Player.java:2012)
	at app//forge.ai.ComputerUtilCombat.lifeInDanger(ComputerUtilCombat.java:453)
	at app//forge.ai.ComputerUtilCombat.lifeInDanger(ComputerUtilCombat.java:390)
	at app//forge.ai.AiBlockController.assignBlockers(AiBlockController.java:1109)
	at app//forge.ai.AiBlockController.assignBlockersForCombat(AiBlockController.java:1014)
	at app//forge.ai.ComputerUtil.predictNextCombatsRemainingLife(ComputerUtil.java:3214)
	at app//forge.ai.ComputerUtil.predictNextCombatsRemainingLife(ComputerUtil.java:3179)
	at app//forge.ai.AiAttackController.notNeededAsBlockers(AiAttackController.java:426)
	at app//forge.ai.AiAttackController.declareAttackers(AiAttackController.java:1279)
	at app//forge.ai.ComputerUtilCard.doesSpecifiedCreatureAttackAI(ComputerUtilCard.java:820)
	at app//forge.ai.ComputerUtilCard.shouldPumpCard(ComputerUtilCard.java:1557)
	at app//forge.ai.ComputerUtilCard.shouldPumpCard(ComputerUtilCard.java:1446)
	at app//forge.ai.ability.CountersPutAi.checkApiLogic(CountersPutAi.java:539)
	at app//forge.ai.SpellAbilityAi.canPlayWithoutRestrict(SpellAbilityAi.java:98)
	at app//forge.ai.SpellAbilityAi.canPlay(SpellAbilityAi.java:76)
	at app//forge.ai.SpellAbilityAi.canPlayWithSubs(SpellAbilityAi.java:55)
	at app//forge.ai.AiController.canPlaySa(AiController.java:909)
	at app//forge.ai.AiController.canPlayAndPayForFace(AiController.java:855)
java.util.concurrent.TimeoutException
	at java.base/java.util.concurrent.FutureTask.get(FutureTask.java:204)
	at forge.ai.AiController.chooseSpellAbilityToPlayFromList(AiController.java:1696)
	at forge.ai.AiController.getSpellAbilityToPlay(AiController.java:1583)
	at forge.ai.AiController.chooseSpellAbilityToPlay(AiController.java:1403)
	at forge.ai.PlayerControllerAi.chooseSpellAbilityToPlay(PlayerControllerAi.java:832)
	at forge.game.phase.PhaseHandler.mainLoopStep(PhaseHandler.java:1056)
	at forge.game.phase.PhaseHandler.mainGameLoop(PhaseHandler.java:1035)
	at forge.game.phase.PhaseHandler.startFirstTurn(PhaseHandler.java:1029)
	at forge.game.GameAction.startGame(GameAction.java:2373)
	at forge.game.Match.startGame(Match.java:92)
	at forge.game.Match.startGame(Match.java:77)
	at forge.view.SimulateMatch.lambda$simulateSingleMatch$0(SimulateMatch.java:213)
	at forge.view.TimeLimitedCodeBlock.lambda$runWithTimeout$0(TimeLimitedCodeBlock.java:18)
	at java.base/java.util.concurrent.FutureTask.run(FutureTask.java:264)
	at java.base/java.util.concurrent.ThreadPoolExecutor.runWorker(ThreadPoolExecutor.java:1136)
	at java.base/java.util.concurrent.ThreadPoolExecutor$Worker.run(ThreadPoolExecutor.java:635)
	at java.base/java.lang.Thread.run(Thread.java:840)
AI eval thread at timeout:
	at app//forge.game.card.CardState.getReplacementEffects(CardState.java:726)
	at app//forge.game.card.CardState.getReplacementEffects(CardState.java:723)
	at app//forge.game.card.Card.getReplacementEffects(Card.java:7055)
	at app//forge.game.replacement.ReplacementHandler.lambda$getReplacementList$0(ReplacementHandler.java:134)
	at app//forge.game.replacement.ReplacementHandler$$Lambda$431/0x000000e001264b80.visit(Unknown Source)
	at app//forge.util.Visitor.visitAll(Visitor.java:16)
	at app//forge.game.Game.forEachCardInGame(Game.java:757)
	at app//forge.game.replacement.ReplacementHandler.getReplacementList(ReplacementHandler.java:102)
	at app//forge.ai.ComputerUtilMana.groupSourcesByManaColor(ComputerUtilMana.java:1537)
	at app//forge.ai.ComputerUtilMana.getSourcesForShards(ComputerUtilMana.java:831)
	at app//forge.ai.ComputerUtilMana.payManaCost(ComputerUtilMana.java:638)
	at app//forge.ai.ComputerUtilMana.payManaCost(ComputerUtilMana.java:74)
	at app//forge.ai.ComputerUtilMana.canPayManaCost(ComputerUtilMana.java:63)
	at app//forge.ai.ComputerUtilCost.canPayCost(ComputerUtilCost.java:634)
	at app//forge.ai.ComputerUtilCost.canPayCost(ComputerUtilCost.java:530)
	at app//forge.ai.ComputerUtilCombat.canGainKeyword(ComputerUtilCombat.java:2290)
	at app//forge.ai.ComputerUtilCombat.dealsFirstStrikeDamage(ComputerUtilCombat.java:2251)
	at app//forge.ai.ComputerUtilCombat.canDestroyBlocker(ComputerUtilCombat.java:1973)
	at app//forge.ai.AiBlockController.getSafeBlockers(AiBlockController.java:106)
	at app//forge.ai.AiBlockController.makeGoodBlocks(AiBlockController.java:198)
	at app//forge.ai.AiBlockController.assignBlockers(AiBlockController.java:1083)
	at app//forge.ai.AiBlockController.assignBlockersForCombat(AiBlockController.java:1014)
	at app//forge.ai.ComputerUtil.predictNextCombatsRemainingLife(ComputerUtil.java:3214)
	at app//forge.ai.ComputerUtil.predictNextCombatsRemainingLife(ComputerUtil.java:3179)
	at app//forge.ai.AiAttackController.notNeededAsBlockers(AiAttackController.java:426)
	at app//forge.ai.AiAttackController.declareAttackers(AiAttackController.java:1279)
	at app//forge.ai.ComputerUtilCard.doesSpecifiedCreatureAttackAI(ComputerUtilCard.java:820)
	at app//forge.ai.ComputerUtilCard.shouldPumpCard(ComputerUtilCard.java:1557)
	at app//forge.ai.ComputerUtilCard.shouldPumpCard(ComputerUtilCard.java:1446)
	at app//forge.ai.ability.CountersPutAi.checkApiLogic(CountersPutAi.java:539)
java.util.concurrent.TimeoutException
	at java.base/java.util.concurrent.FutureTask.get(FutureTask.java:204)
	at forge.ai.AiController.chooseSpellAbilityToPlayFromList(AiController.java:1696)
	at forge.ai.AiController.getSpellAbilityToPlay(AiController.java:1583)
	at forge.ai.AiController.chooseSpellAbilityToPlay(AiController.java:1403)
	at forge.ai.PlayerControllerAi.chooseSpellAbilityToPlay(PlayerControllerAi.java:832)
	at forge.game.phase.PhaseHandler.mainLoopStep(PhaseHandler.java:1056)
	at forge.game.phase.PhaseHandler.mainGameLoop(PhaseHandler.java:1035)
	at forge.game.phase.PhaseHandler.startFirstTurn(PhaseHandler.java:1029)
	at forge.game.GameAction.startGame(GameAction.java:2373)
	at forge.game.Match.startGame(Match.java:92)
	at forge.game.Match.startGame(Match.java:77)
	at forge.view.SimulateMatch.lambda$simulateSingleMatch$0(SimulateMatch.java:213)
	at forge.view.TimeLimitedCodeBlock.lambda$runWithTimeout$0(TimeLimitedCodeBlock.java:18)
	at java.base/java.util.concurrent.FutureTask.run(FutureTask.java:264)
	at java.base/java.util.concurrent.ThreadPoolExecutor.runWorker(ThreadPoolExecutor.java:1136)
	at java.base/java.util.concurrent.ThreadPoolExecutor$Worker.run(ThreadPoolExecutor.java:635)
	at java.base/java.lang.Thread.run(Thread.java:840)
AI eval thread at timeout:
	at java.base@17.0.17/java.util.Arrays.hashCode(Arrays.java:4499)
	at java.base@17.0.17/java.util.Objects.hash(Objects.java:133)
	at app//forge.game.replacement.ReplacementEffect.hashCode(ReplacementEffect.java:313)
	at java.base@17.0.17/java.util.HashMap.hash(HashMap.java:338)
	at java.base@17.0.17/java.util.HashMap.getNode(HashMap.java:568)
	at java.base@17.0.17/java.util.HashMap.containsKey(HashMap.java:594)
	at java.base@17.0.17/java.util.HashSet.contains(HashSet.java:205)
	at app//forge.game.replacement.ReplacementHandler.lambda$getReplacementList$0(ReplacementHandler.java:135)
	at app//forge.game.replacement.ReplacementHandler$$Lambda$431/0x000000e001264b80.visit(Unknown Source)
	at app//forge.util.Visitor.visitAll(Visitor.java:16)
	at app//forge.game.Game.forEachCardInGame(Game.java:757)
	at app//forge.game.replacement.ReplacementHandler.getReplacementList(ReplacementHandler.java:102)
	at app//forge.ai.ComputerUtilMana.groupSourcesByManaColor(ComputerUtilMana.java:1537)
	at app//forge.ai.ComputerUtilMana.getSourcesForShards(ComputerUtilMana.java:831)
	at app//forge.ai.ComputerUtilMana.payManaCost(ComputerUtilMana.java:638)
	at app//forge.ai.ComputerUtilMana.payManaCost(ComputerUtilMana.java:74)
	at app//forge.ai.ComputerUtilMana.canPayManaCost(ComputerUtilMana.java:63)
	at app//forge.ai.ComputerUtilCost.canPayCost(ComputerUtilCost.java:634)
	at app//forge.ai.ComputerUtilCost.canPayCost(ComputerUtilCost.java:530)
	at app//forge.ai.ComputerUtilCombat.canGainKeyword(ComputerUtilCombat.java:2290)
	at app//forge.ai.ComputerUtilCombat.dealsFirstStrikeDamage(ComputerUtilCombat.java:2251)
	at app//forge.ai.ComputerUtilCombat.predictPowerBonusOfAttacker(ComputerUtilCombat.java:1162)
	at app//forge.ai.ComputerUtilCombat.canDestroyAttacker(ComputerUtilCombat.java:1709)
	at app//forge.ai.AiBlockController.getKillingBlockers(AiBlockController.java:120)
	at app//forge.ai.AiBlockController.makeGoodBlocks(AiBlockController.java:239)
	at app//forge.ai.AiBlockController.assignBlockers(AiBlockController.java:1083)
	at app//forge.ai.AiBlockController.assignBlockersForCombat(AiBlockController.java:1014)
	at app//forge.ai.ComputerUtil.predictNextCombatsRemainingLife(ComputerUtil.java:3214)
	at app//forge.ai.ComputerUtil.predictNextCombatsRemainingLife(ComputerUtil.java:3179)
	at app//forge.ai.AiAttackController.notNeededAsBlockers(AiAttackController.java:426)
java.util.concurrent.TimeoutException
	at java.base/java.util.concurrent.FutureTask.get(FutureTask.java:204)
	at forge.ai.AiController.chooseSpellAbilityToPlayFromList(AiController.java:1696)
	at forge.ai.AiController.getSpellAbilityToPlay(AiController.java:1583)
	at forge.ai.AiController.chooseSpellAbilityToPlay(AiController.java:1403)
	at forge.ai.PlayerControllerAi.chooseSpellAbilityToPlay(PlayerControllerAi.java:832)
	at forge.game.phase.PhaseHandler.mainLoopStep(PhaseHandler.java:1056)
	at forge.game.phase.PhaseHandler.mainGameLoop(PhaseHandler.java:1035)
	at forge.game.phase.PhaseHandler.startFirstTurn(PhaseHandler.java:1029)
	at forge.game.GameAction.startGame(GameAction.java:2373)
	at forge.game.Match.startGame(Match.java:92)
	at forge.game.Match.startGame(Match.java:77)
	at forge.view.SimulateMatch.lambda$simulateSingleMatch$0(SimulateMatch.java:213)
	at forge.view.TimeLimitedCodeBlock.lambda$runWithTimeout$0(TimeLimitedCodeBlock.java:18)
	at java.base/java.util.concurrent.FutureTask.run(FutureTask.java:264)
	at java.base/java.util.concurrent.ThreadPoolExecutor.runWorker(ThreadPoolExecutor.java:1136)
	at java.base/java.util.concurrent.ThreadPoolExecutor$Worker.run(ThreadPoolExecutor.java:635)
	at java.base/java.lang.Thread.run(Thread.java:840)
AI eval thread at timeout:
	at app//forge.game.card.CardState.getReplacementEffects(CardState.java:726)
	at app//forge.game.card.CardState.getReplacementEffects(CardState.java:723)
	at app//forge.game.card.Card.getReplacementEffects(Card.java:7055)
	at app//forge.game.replacement.ReplacementHandler.lambda$getReplacementList$0(ReplacementHandler.java:134)
	at app//forge.game.replacement.ReplacementHandler$$Lambda$431/0x000000e001264b80.visit(Unknown Source)
	at app//forge.util.Visitor.visitAll(Visitor.java:16)
	at app//forge.game.Game.forEachCardInGame(Game.java:760)
	at app//forge.game.replacement.ReplacementHandler.getReplacementList(ReplacementHandler.java:102)
	at app//forge.game.replacement.ReplacementHandler.cantHappenCheck(ReplacementHandler.java:174)
	at app//forge.game.card.Card.canUntap(Card.java:4745)
	at app//forge.game.spellability.SpellAbility.calculateScoreForManaAbility(SpellAbility.java:2413)
	at app//forge.ai.ComputerUtilMana.scoreManaProducingCard(ComputerUtilMana.java:110)
	at app//forge.ai.ComputerUtilMana.sortManaAbilities(ComputerUtilMana.java:140)
	at app//forge.ai.ComputerUtilMana.getSourcesForShards(ComputerUtilMana.java:858)
	at app//forge.ai.ComputerUtilMana.payManaCost(ComputerUtilMana.java:638)
	at app//forge.ai.ComputerUtilMana.payManaCost(ComputerUtilMana.java:74)
	at app//forge.ai.ComputerUtilMana.canPayManaCost(ComputerUtilMana.java:63)
	at app//forge.ai.ComputerUtilCost.canPayCost(ComputerUtilCost.java:634)
	at app//forge.ai.ComputerUtilCost.canPayCost(ComputerUtilCost.java:530)
	at app//forge.ai.ComputerUtilCombat.canGainKeyword(ComputerUtilCombat.java:2290)
	at app//forge.ai.ComputerUtilCombat.hasKeyword(ComputerUtilCombat.java:2270)
	at app//forge.ai.ComputerUtilCombat.canDestroyAttacker(ComputerUtilCombat.java:1754)
	at app//forge.ai.AiBlockController.getKillingBlockers(AiBlockController.java:120)
	at app//forge.ai.AiBlockController.makeTradeBlocks(AiBlockController.java:618)
	at app//forge.ai.AiBlockController.assignBlockers(AiBlockController.java:1089)
	at app//forge.ai.AiBlockController.assignBlockersForCombat(AiBlockController.java:1014)
	at app//forge.ai.ComputerUtil.predictNextCombatsRemainingLife(ComputerUtil.java:3214)
	at app//forge.ai.ComputerUtil.predictNextCombatsRemainingLife(ComputerUtil.java:3179)
	at app//forge.ai.AiAttackController.notNeededAsBlockers(AiAttackController.java:426)
	at app//forge.ai.AiAttackController.declareAttackers(AiAttackController.java:1279)
Game Outcome: Turn 9
Game Outcome: Ai(1)-Lathril Alternate Supplied has won because all opponents have lost
Game Outcome: Ai(2)-Merry, Esquire of Rohan Competitive Brawl BrawlREC 2026-07 has lost because life total reached 0
Match Result: Ai(1)-Lathril Alternate Supplied: 16 Ai(2)-Merry, Esquire of Rohan Competitive Brawl BrawlREC 2026-07: 17

Game Result: Game 33 ended in 109898 ms. Ai(1)-Lathril Alternate Supplied has won!

Game Outcome: Turn 7
Game Outcome: Ai(1)-Lathril Alternate Supplied has won because all opponents have lost
Game Outcome: Ai(2)-Merry, Esquire of Rohan Competitive Brawl BrawlREC 2026-07 has lost because life total reached 0
Match Result: Ai(1)-Lathril Alternate Supplied: 17 Ai(2)-Merry, Esquire of Rohan Competitive Brawl BrawlREC 2026-07: 17

Game Result: Game 34 ended in 3067 ms. Ai(1)-Lathril Alternate Supplied has won!

Game Outcome: Turn 8
Game Outcome: Ai(1)-Lathril Alternate Supplied has won because all opponents have lost
Game Outcome: Ai(2)-Merry, Esquire of Rohan Competitive Brawl BrawlREC 2026-07 has lost because life total reached 0
Match Result: Ai(1)-Lathril Alternate Supplied: 18 Ai(2)-Merry, Esquire of Rohan Competitive Brawl BrawlREC 2026-07: 17

Game Result: Game 35 ended in 2760 ms. Ai(1)-Lathril Alternate Supplied has won!

Game Outcome: Turn 6
Game Outcome: Ai(1)-Lathril Alternate Supplied has lost because life total reached 0
Game Outcome: Ai(2)-Merry, Esquire of Rohan Competitive Brawl BrawlREC 2026-07 has won because all opponents have lost
Match Result: Ai(1)-Lathril Alternate Supplied: 18 Ai(2)-Merry, Esquire of Rohan Competitive Brawl BrawlREC 2026-07: 18

Game Result: Game 36 ended in 4261 ms. Ai(2)-Merry, Esquire of Rohan Competitive Brawl BrawlREC 2026-07 has won!

Game Outcome: Turn 9
Game Outcome: Ai(1)-Lathril Alternate Supplied has won because all opponents have lost
Game Outcome: Ai(2)-Merry, Esquire of Rohan Competitive Brawl BrawlREC 2026-07 has lost because life total reached 0
Match Result: Ai(1)-Lathril Alternate Supplied: 19 Ai(2)-Merry, Esquire of Rohan Competitive Brawl BrawlREC 2026-07: 18

Game Result: Game 37 ended in 2726 ms. Ai(1)-Lathril Alternate Supplied has won!

Game Outcome: Turn 8
Game Outcome: Ai(1)-Lathril Alternate Supplied has lost because life total reached 0
Game Outcome: Ai(2)-Merry, Esquire of Rohan Competitive Brawl BrawlREC 2026-07 has won because all opponents have lost
Match Result: Ai(1)-Lathril Alternate Supplied: 19 Ai(2)-Merry, Esquire of Rohan Competitive Brawl BrawlREC 2026-07: 19

Game Result: Game 38 ended in 1668 ms. Ai(2)-Merry, Esquire of Rohan Competitive Brawl BrawlREC 2026-07 has won!

Game Outcome: Turn 6
Game Outcome: Ai(1)-Lathril Alternate Supplied has won because all opponents have lost
Game Outcome: Ai(2)-Merry, Esquire of Rohan Competitive Brawl BrawlREC 2026-07 has lost because life total reached 0
Match Result: Ai(1)-Lathril Alternate Supplied: 20 Ai(2)-Merry, Esquire of Rohan Competitive Brawl BrawlREC 2026-07: 19

Game Result: Game 39 ended in 1554 ms. Ai(1)-Lathril Alternate Supplied has won!

Game Outcome: Turn 11
Game Outcome: Ai(1)-Lathril Alternate Supplied has won because all opponents have lost
Game Outcome: Ai(2)-Merry, Esquire of Rohan Competitive Brawl BrawlREC 2026-07 has lost because life total reached 0
Match Result: Ai(1)-Lathril Alternate Supplied: 21 Ai(2)-Merry, Esquire of Rohan Competitive Brawl BrawlREC 2026-07: 19

Game Result: Game 40 ended in 8594 ms. Ai(1)-Lathril Alternate Supplied has won!

Game Outcome: Turn 11
Game Outcome: Ai(1)-Lathril Alternate Supplied has lost because life total reached 0
Game Outcome: Ai(2)-Merry, Esquire of Rohan Competitive Brawl BrawlREC 2026-07 has won because all opponents have lost
Match Result: Ai(1)-Lathril Alternate Supplied: 21 Ai(2)-Merry, Esquire of Rohan Competitive Brawl BrawlREC 2026-07: 20

Game Result: Game 41 ended in 1878 ms. Ai(2)-Merry, Esquire of Rohan Competitive Brawl BrawlREC 2026-07 has won!

Game Outcome: Turn 7
Game Outcome: Ai(1)-Lathril Alternate Supplied has won because all opponents have lost
Game Outcome: Ai(2)-Merry, Esquire of Rohan Competitive Brawl BrawlREC 2026-07 has lost because life total reached 0
Match Result: Ai(1)-Lathril Alternate Supplied: 22 Ai(2)-Merry, Esquire of Rohan Competitive Brawl BrawlREC 2026-07: 20

Game Result: Game 42 ended in 1689 ms. Ai(1)-Lathril Alternate Supplied has won!

Game Outcome: Turn 8
Game Outcome: Ai(1)-Lathril Alternate Supplied has won because all opponents have lost
Game Outcome: Ai(2)-Merry, Esquire of Rohan Competitive Brawl BrawlREC 2026-07 has lost because life total reached 0
Match Result: Ai(1)-Lathril Alternate Supplied: 23 Ai(2)-Merry, Esquire of Rohan Competitive Brawl BrawlREC 2026-07: 20

Game Result: Game 43 ended in 2012 ms. Ai(1)-Lathril Alternate Supplied has won!

Game Outcome: Turn 8
Game Outcome: Ai(1)-Lathril Alternate Supplied has lost because life total reached 0
Game Outcome: Ai(2)-Merry, Esquire of Rohan Competitive Brawl BrawlREC 2026-07 has won because all opponents have lost
Match Result: Ai(1)-Lathril Alternate Supplied: 23 Ai(2)-Merry, Esquire of Rohan Competitive Brawl BrawlREC 2026-07: 21

Game Result: Game 44 ended in 2167 ms. Ai(2)-Merry, Esquire of Rohan Competitive Brawl BrawlREC 2026-07 has won!

Game Outcome: Turn 9
Game Outcome: Ai(1)-Lathril Alternate Supplied has won because all opponents have lost
Game Outcome: Ai(2)-Merry, Esquire of Rohan Competitive Brawl BrawlREC 2026-07 has lost because life total reached 0
Match Result: Ai(1)-Lathril Alternate Supplied: 24 Ai(2)-Merry, Esquire of Rohan Competitive Brawl BrawlREC 2026-07: 21

Game Result: Game 45 ended in 1666 ms. Ai(1)-Lathril Alternate Supplied has won!

Plains Did not have activator set in SpellAbilityRestriction.canPlay()
Game Outcome: Turn 12
Game Outcome: Ai(1)-Lathril Alternate Supplied has won because all opponents have lost
Game Outcome: Ai(2)-Merry, Esquire of Rohan Competitive Brawl BrawlREC 2026-07 has lost because life total reached 0
Match Result: Ai(1)-Lathril Alternate Supplied: 25 Ai(2)-Merry, Esquire of Rohan Competitive Brawl BrawlREC 2026-07: 21

Game Result: Game 46 ended in 1672 ms. Ai(1)-Lathril Alternate Supplied has won!

Game Outcome: Turn 11
Game Outcome: Ai(1)-Lathril Alternate Supplied has lost because life total reached 0
Game Outcome: Ai(2)-Merry, Esquire of Rohan Competitive Brawl BrawlREC 2026-07 has won because all opponents have lost
Match Result: Ai(1)-Lathril Alternate Supplied: 25 Ai(2)-Merry, Esquire of Rohan Competitive Brawl BrawlREC 2026-07: 22

Game Result: Game 47 ended in 1779 ms. Ai(2)-Merry, Esquire of Rohan Competitive Brawl BrawlREC 2026-07 has won!

Game Outcome: Turn 8
Game Outcome: Ai(1)-Lathril Alternate Supplied has won because all opponents have lost
Game Outcome: Ai(2)-Merry, Esquire of Rohan Competitive Brawl BrawlREC 2026-07 has lost because life total reached 0
Match Result: Ai(1)-Lathril Alternate Supplied: 26 Ai(2)-Merry, Esquire of Rohan Competitive Brawl BrawlREC 2026-07: 22

Game Result: Game 48 ended in 1165 ms. Ai(1)-Lathril Alternate Supplied has won!

SVar 'X' not found in ability, fallback to Card (Maddening Hex). Ability is (   )
SVar 'X' not defined in Card (Maddening Hex)
SVar 'X' not found in ability, fallback to Card (Maddening Hex). Ability is (   )
SVar 'X' not defined in Card (Maddening Hex)
SVar 'X' not found in ability, fallback to Card (Maddening Hex). Ability is (   )
SVar 'X' not defined in Card (Maddening Hex)
SVar 'X' not found in ability, fallback to Card (Maddening Hex). Ability is (   )
SVar 'X' not defined in Card (Maddening Hex)
Game Outcome: Turn 14
Game Outcome: Ai(1)-Lathril Alternate Supplied has lost because life total reached 0
Game Outcome: Ai(2)-Merry, Esquire of Rohan Competitive Brawl BrawlREC 2026-07 has won because all opponents have lost
Match Result: Ai(1)-Lathril Alternate Supplied: 26 Ai(2)-Merry, Esquire of Rohan Competitive Brawl BrawlREC 2026-07: 23

Game Result: Game 49 ended in 6298 ms. Ai(2)-Merry, Esquire of Rohan Competitive Brawl BrawlREC 2026-07 has won!

Game Outcome: Turn 10
Game Outcome: Ai(1)-Lathril Alternate Supplied has won because all opponents have lost
Game Outcome: Ai(2)-Merry, Esquire of Rohan Competitive Brawl BrawlREC 2026-07 has lost because life total reached 0
Match Result: Ai(1)-Lathril Alternate Supplied: 27 Ai(2)-Merry, Esquire of Rohan Competitive Brawl BrawlREC 2026-07: 23

Game Result: Game 50 ended in 3202 ms. Ai(1)-Lathril Alternate Supplied has won!
