Error handling registered!
18:43:49 [INFO ] GuiBase: ##########################################
18:43:49 [INFO ] GuiBase: APP: Forge v.2.0.14-SNAPSHOT-08.08
18:43:49 [INFO ] GuiBase: Java: 17.0.17 (Homebrew)
18:43:49 [INFO ] GuiBase: OS: Mac OS X 15.5 aarch64
18:43:49 [INFO ] GuiBase: RAM: 4096 MB max, 8 CPUs
18:43:49 [INFO ] GuiBase: ##########################################
Language 'en-US' loaded successfully.
(ThreadUtil first call): Running with priority 5
Read cards: 33617 archived files in 1 ms (25 parts) using thread pool
Upcoming set Star Trek (TRK) dated in the future. All `upcoming` cards will be added to this set with unknown rarity.
The card A-Alrund's Epiphany was not assigned to any set. Adding it to UNKNOWN set... to fix see res/editions/ folder.
The card A-Baba Lysaga, Night Witch was not assigned to any set. Adding it to UNKNOWN set... to fix see res/editions/ folder.
The card A-Divide by Zero was not assigned to any set. Adding it to UNKNOWN set... to fix see res/editions/ folder.
The card A-Esika's Chariot was not assigned to any set. Adding it to UNKNOWN set... to fix see res/editions/ folder.
The card A-Faceless Haven was not assigned to any set. Adding it to UNKNOWN set... to fix see res/editions/ folder.
The card A-Fires of Invention was not assigned to any set. Adding it to UNKNOWN set... to fix see res/editions/ folder.
The card A-Goldspan Dragon was not assigned to any set. Adding it to UNKNOWN set... to fix see res/editions/ folder.
The card A-Hullbreaker Horror was not assigned to any set. Adding it to UNKNOWN set... to fix see res/editions/ folder.
The card A-Kumano Faces Kakkazan was not assigned to any set. Adding it to UNKNOWN set... to fix see res/editions/ folder.
The card A-Luminarch Aspirant was not assigned to any set. Adding it to UNKNOWN set... to fix see res/editions/ folder.
The card A-Monster Manual was not assigned to any set. Adding it to UNKNOWN set... to fix see res/editions/ folder.
The card A-Omnath, Locus of Creation was not assigned to any set. Adding it to UNKNOWN set... to fix see res/editions/ folder.
The card A-The Meathook Massacre was not assigned to any set. Adding it to UNKNOWN set... to fix see res/editions/ folder.
The card A-Unholy Heat was not assigned to any set. Adding it to UNKNOWN set... to fix see res/editions/ folder.
The card Blinding Radiance was not assigned to any set. Adding it to UNKNOWN set... to fix see res/editions/ folder.
The card Goblin Bruiser was not assigned to any set. Adding it to UNKNOWN set... to fix see res/editions/ folder.
The card Ogre Painbringer was not assigned to any set. Adding it to UNKNOWN set... to fix see res/editions/ folder.
The card Titanic Pelagosaur was not assigned to any set. Adding it to UNKNOWN set... to fix see res/editions/ folder.
The card Treetop Recluse was not assigned to any set. Adding it to UNKNOWN set... to fix see res/editions/ folder.
Upcoming set Star Trek (TRK) dated in the future. All `upcoming` cards will be added to this set with unknown rarity.
Read cards: 836 files in 0 ms (8 parts) using thread pool
Simulation mode
Ai(1)-Emry Competitive Brawl MTGDecks 2026-07 vs Ai(2)-Lathril Alternate Supplied - fifty  games of Brawl seed 33028
No AI assigned for API: Intensify
Game Outcome: Turn 6
Game Outcome: Ai(1)-Emry Competitive Brawl MTGDecks 2026-07 has lost because life total reached 0
Game Outcome: Ai(2)-Lathril Alternate Supplied has won because all opponents have lost
Match Result: Ai(1)-Emry Competitive Brawl MTGDecks 2026-07: 0 Ai(2)-Lathril Alternate Supplied: 1

Game Result: Game 1 ended in 10545 ms. Ai(2)-Lathril Alternate Supplied has won!

Game Outcome: Turn 6
Game Outcome: Ai(1)-Emry Competitive Brawl MTGDecks 2026-07 has lost because life total reached 0
Game Outcome: Ai(2)-Lathril Alternate Supplied has won because all opponents have lost
Match Result: Ai(1)-Emry Competitive Brawl MTGDecks 2026-07: 0 Ai(2)-Lathril Alternate Supplied: 2

Game Result: Game 2 ended in 5899 ms. Ai(2)-Lathril Alternate Supplied has won!

Game Outcome: Turn 10
Game Outcome: Ai(1)-Emry Competitive Brawl MTGDecks 2026-07 has lost because life total reached 0
Game Outcome: Ai(2)-Lathril Alternate Supplied has won because all opponents have lost
Match Result: Ai(1)-Emry Competitive Brawl MTGDecks 2026-07: 0 Ai(2)-Lathril Alternate Supplied: 3

Game Result: Game 3 ended in 22385 ms. Ai(2)-Lathril Alternate Supplied has won!

Game Outcome: Turn 7
Game Outcome: Ai(1)-Emry Competitive Brawl MTGDecks 2026-07 has lost because life total reached 0
Game Outcome: Ai(2)-Lathril Alternate Supplied has won because all opponents have lost
Match Result: Ai(1)-Emry Competitive Brawl MTGDecks 2026-07: 0 Ai(2)-Lathril Alternate Supplied: 4

Game Result: Game 4 ended in 3129 ms. Ai(2)-Lathril Alternate Supplied has won!

Game Outcome: Turn 8
Game Outcome: Ai(1)-Emry Competitive Brawl MTGDecks 2026-07 has lost because life total reached 0
Game Outcome: Ai(2)-Lathril Alternate Supplied has won because all opponents have lost
Match Result: Ai(1)-Emry Competitive Brawl MTGDecks 2026-07: 0 Ai(2)-Lathril Alternate Supplied: 5

Game Result: Game 5 ended in 3615 ms. Ai(2)-Lathril Alternate Supplied has won!

Game Outcome: Turn 6
Game Outcome: Ai(1)-Emry Competitive Brawl MTGDecks 2026-07 has lost because life total reached 0
Game Outcome: Ai(2)-Lathril Alternate Supplied has won because all opponents have lost
Match Result: Ai(1)-Emry Competitive Brawl MTGDecks 2026-07: 0 Ai(2)-Lathril Alternate Supplied: 6

Game Result: Game 6 ended in 2772 ms. Ai(2)-Lathril Alternate Supplied has won!

Game Outcome: Turn 6
Game Outcome: Ai(1)-Emry Competitive Brawl MTGDecks 2026-07 has won because all opponents have lost
Game Outcome: Ai(2)-Lathril Alternate Supplied has lost because life total reached 0
Match Result: Ai(1)-Emry Competitive Brawl MTGDecks 2026-07: 1 Ai(2)-Lathril Alternate Supplied: 6

Game Result: Game 7 ended in 2173 ms. Ai(1)-Emry Competitive Brawl MTGDecks 2026-07 has won!

Moving spell to Library
Game Outcome: Turn 8
Game Outcome: Ai(1)-Emry Competitive Brawl MTGDecks 2026-07 has lost because life total reached 0
Game Outcome: Ai(2)-Lathril Alternate Supplied has won because all opponents have lost
Match Result: Ai(1)-Emry Competitive Brawl MTGDecks 2026-07: 1 Ai(2)-Lathril Alternate Supplied: 7

Game Result: Game 8 ended in 2171 ms. Ai(2)-Lathril Alternate Supplied has won!

Game Outcome: Turn 7
Game Outcome: Ai(1)-Emry Competitive Brawl MTGDecks 2026-07 has lost because life total reached 0
Game Outcome: Ai(2)-Lathril Alternate Supplied has won because all opponents have lost
Match Result: Ai(1)-Emry Competitive Brawl MTGDecks 2026-07: 1 Ai(2)-Lathril Alternate Supplied: 8

Game Result: Game 9 ended in 4788 ms. Ai(2)-Lathril Alternate Supplied has won!

Game Outcome: Turn 6
Game Outcome: Ai(1)-Emry Competitive Brawl MTGDecks 2026-07 has lost because life total reached 0
Game Outcome: Ai(2)-Lathril Alternate Supplied has won because all opponents have lost
Match Result: Ai(1)-Emry Competitive Brawl MTGDecks 2026-07: 1 Ai(2)-Lathril Alternate Supplied: 9

Game Result: Game 10 ended in 2387 ms. Ai(2)-Lathril Alternate Supplied has won!

Game Outcome: Turn 16
Game Outcome: Ai(1)-Emry Competitive Brawl MTGDecks 2026-07 has lost because life total reached 0
Game Outcome: Ai(2)-Lathril Alternate Supplied has won because all opponents have lost
Match Result: Ai(1)-Emry Competitive Brawl MTGDecks 2026-07: 1 Ai(2)-Lathril Alternate Supplied: 10

Game Result: Game 11 ended in 8834 ms. Ai(2)-Lathril Alternate Supplied has won!

Game Outcome: Turn 7
Game Outcome: Ai(1)-Emry Competitive Brawl MTGDecks 2026-07 has lost because life total reached 0
Game Outcome: Ai(2)-Lathril Alternate Supplied has won because all opponents have lost
Match Result: Ai(1)-Emry Competitive Brawl MTGDecks 2026-07: 1 Ai(2)-Lathril Alternate Supplied: 11

Game Result: Game 12 ended in 4717 ms. Ai(2)-Lathril Alternate Supplied has won!

Game Outcome: Turn 7
Game Outcome: Ai(1)-Emry Competitive Brawl MTGDecks 2026-07 has lost because life total reached 0
Game Outcome: Ai(2)-Lathril Alternate Supplied has won because all opponents have lost
Match Result: Ai(1)-Emry Competitive Brawl MTGDecks 2026-07: 1 Ai(2)-Lathril Alternate Supplied: 12

Game Result: Game 13 ended in 1935 ms. Ai(2)-Lathril Alternate Supplied has won!

Game Outcome: Turn 8
Game Outcome: Ai(1)-Emry Competitive Brawl MTGDecks 2026-07 has lost because life total reached 0
Game Outcome: Ai(2)-Lathril Alternate Supplied has won because all opponents have lost
Match Result: Ai(1)-Emry Competitive Brawl MTGDecks 2026-07: 1 Ai(2)-Lathril Alternate Supplied: 13

Game Result: Game 14 ended in 3433 ms. Ai(2)-Lathril Alternate Supplied has won!

Game Outcome: Turn 8
Game Outcome: Ai(1)-Emry Competitive Brawl MTGDecks 2026-07 has won because all opponents have lost
Game Outcome: Ai(2)-Lathril Alternate Supplied has lost because life total reached 0
Match Result: Ai(1)-Emry Competitive Brawl MTGDecks 2026-07: 2 Ai(2)-Lathril Alternate Supplied: 13

Game Result: Game 15 ended in 9865 ms. Ai(1)-Emry Competitive Brawl MTGDecks 2026-07 has won!

Game Outcome: Turn 10
Game Outcome: Ai(1)-Emry Competitive Brawl MTGDecks 2026-07 has lost because life total reached 0
Game Outcome: Ai(2)-Lathril Alternate Supplied has won because all opponents have lost
Match Result: Ai(1)-Emry Competitive Brawl MTGDecks 2026-07: 2 Ai(2)-Lathril Alternate Supplied: 14

Game Result: Game 16 ended in 4373 ms. Ai(2)-Lathril Alternate Supplied has won!

Game Outcome: Turn 8
Game Outcome: Ai(1)-Emry Competitive Brawl MTGDecks 2026-07 has won because all opponents have lost
Game Outcome: Ai(2)-Lathril Alternate Supplied has lost because life total reached 0
Match Result: Ai(1)-Emry Competitive Brawl MTGDecks 2026-07: 3 Ai(2)-Lathril Alternate Supplied: 14

Game Result: Game 17 ended in 3416 ms. Ai(1)-Emry Competitive Brawl MTGDecks 2026-07 has won!

Game Outcome: Turn 7
Game Outcome: Ai(1)-Emry Competitive Brawl MTGDecks 2026-07 has won because all opponents have lost
Game Outcome: Ai(2)-Lathril Alternate Supplied has lost because life total reached 0
Match Result: Ai(1)-Emry Competitive Brawl MTGDecks 2026-07: 4 Ai(2)-Lathril Alternate Supplied: 14

Game Result: Game 18 ended in 3261 ms. Ai(1)-Emry Competitive Brawl MTGDecks 2026-07 has won!

Game Outcome: Turn 7
Game Outcome: Ai(1)-Emry Competitive Brawl MTGDecks 2026-07 has lost because life total reached 0
Game Outcome: Ai(2)-Lathril Alternate Supplied has won because all opponents have lost
Match Result: Ai(1)-Emry Competitive Brawl MTGDecks 2026-07: 4 Ai(2)-Lathril Alternate Supplied: 15

Game Result: Game 19 ended in 4282 ms. Ai(2)-Lathril Alternate Supplied has won!

Game Outcome: Turn 6
Game Outcome: Ai(1)-Emry Competitive Brawl MTGDecks 2026-07 has lost because life total reached 0
Game Outcome: Ai(2)-Lathril Alternate Supplied has won because all opponents have lost
Match Result: Ai(1)-Emry Competitive Brawl MTGDecks 2026-07: 4 Ai(2)-Lathril Alternate Supplied: 16

Game Result: Game 20 ended in 2443 ms. Ai(2)-Lathril Alternate Supplied has won!

Game Outcome: Turn 7
Game Outcome: Ai(1)-Emry Competitive Brawl MTGDecks 2026-07 has lost because life total reached 0
Game Outcome: Ai(2)-Lathril Alternate Supplied has won because all opponents have lost
Match Result: Ai(1)-Emry Competitive Brawl MTGDecks 2026-07: 4 Ai(2)-Lathril Alternate Supplied: 17

Game Result: Game 21 ended in 1815 ms. Ai(2)-Lathril Alternate Supplied has won!

Game Outcome: Turn 6
Game Outcome: Ai(1)-Emry Competitive Brawl MTGDecks 2026-07 has lost because life total reached 0
Game Outcome: Ai(2)-Lathril Alternate Supplied has won because all opponents have lost
Match Result: Ai(1)-Emry Competitive Brawl MTGDecks 2026-07: 4 Ai(2)-Lathril Alternate Supplied: 18

Game Result: Game 22 ended in 1429 ms. Ai(2)-Lathril Alternate Supplied has won!

Game Outcome: Turn 7
Game Outcome: Ai(1)-Emry Competitive Brawl MTGDecks 2026-07 has lost because life total reached 0
Game Outcome: Ai(2)-Lathril Alternate Supplied has won because all opponents have lost
Match Result: Ai(1)-Emry Competitive Brawl MTGDecks 2026-07: 4 Ai(2)-Lathril Alternate Supplied: 19

Game Result: Game 23 ended in 2044 ms. Ai(2)-Lathril Alternate Supplied has won!

Game Outcome: Turn 7
Game Outcome: Ai(1)-Emry Competitive Brawl MTGDecks 2026-07 has lost because life total reached 0
Game Outcome: Ai(2)-Lathril Alternate Supplied has won because all opponents have lost
Match Result: Ai(1)-Emry Competitive Brawl MTGDecks 2026-07: 4 Ai(2)-Lathril Alternate Supplied: 20

Game Result: Game 24 ended in 11940 ms. Ai(2)-Lathril Alternate Supplied has won!

Game Outcome: Turn 7
Game Outcome: Ai(1)-Emry Competitive Brawl MTGDecks 2026-07 has lost because life total reached 0
Game Outcome: Ai(2)-Lathril Alternate Supplied has won because all opponents have lost
Match Result: Ai(1)-Emry Competitive Brawl MTGDecks 2026-07: 4 Ai(2)-Lathril Alternate Supplied: 21

Game Result: Game 25 ended in 3564 ms. Ai(2)-Lathril Alternate Supplied has won!

Game Outcome: Turn 7
Game Outcome: Ai(1)-Emry Competitive Brawl MTGDecks 2026-07 has lost because life total reached 0
Game Outcome: Ai(2)-Lathril Alternate Supplied has won because all opponents have lost
Match Result: Ai(1)-Emry Competitive Brawl MTGDecks 2026-07: 4 Ai(2)-Lathril Alternate Supplied: 22

Game Result: Game 26 ended in 2928 ms. Ai(2)-Lathril Alternate Supplied has won!

Moving spell to Library
Game Outcome: Turn 9
Game Outcome: Ai(1)-Emry Competitive Brawl MTGDecks 2026-07 has lost because life total reached 0
Game Outcome: Ai(2)-Lathril Alternate Supplied has won because all opponents have lost
Match Result: Ai(1)-Emry Competitive Brawl MTGDecks 2026-07: 4 Ai(2)-Lathril Alternate Supplied: 23

Game Result: Game 27 ended in 4550 ms. Ai(2)-Lathril Alternate Supplied has won!

Game Outcome: Turn 7
Game Outcome: Ai(1)-Emry Competitive Brawl MTGDecks 2026-07 has lost because life total reached 0
Game Outcome: Ai(2)-Lathril Alternate Supplied has won because all opponents have lost
Match Result: Ai(1)-Emry Competitive Brawl MTGDecks 2026-07: 4 Ai(2)-Lathril Alternate Supplied: 24

Game Result: Game 28 ended in 3850 ms. Ai(2)-Lathril Alternate Supplied has won!

Game Outcome: Turn 5
Game Outcome: Ai(1)-Emry Competitive Brawl MTGDecks 2026-07 has lost because life total reached 0
Game Outcome: Ai(2)-Lathril Alternate Supplied has won because all opponents have lost
Match Result: Ai(1)-Emry Competitive Brawl MTGDecks 2026-07: 4 Ai(2)-Lathril Alternate Supplied: 25

Game Result: Game 29 ended in 1264 ms. Ai(2)-Lathril Alternate Supplied has won!

Game Outcome: Turn 8
Game Outcome: Ai(1)-Emry Competitive Brawl MTGDecks 2026-07 has lost because life total reached 0
Game Outcome: Ai(2)-Lathril Alternate Supplied has won because all opponents have lost
Match Result: Ai(1)-Emry Competitive Brawl MTGDecks 2026-07: 4 Ai(2)-Lathril Alternate Supplied: 26

Game Result: Game 30 ended in 5303 ms. Ai(2)-Lathril Alternate Supplied has won!

Game Outcome: Turn 9
Game Outcome: Ai(1)-Emry Competitive Brawl MTGDecks 2026-07 has lost because life total reached 0
Game Outcome: Ai(2)-Lathril Alternate Supplied has won because all opponents have lost
Match Result: Ai(1)-Emry Competitive Brawl MTGDecks 2026-07: 4 Ai(2)-Lathril Alternate Supplied: 27

Game Result: Game 31 ended in 24403 ms. Ai(2)-Lathril Alternate Supplied has won!

Moving spell to Library
Game Outcome: Turn 7
Game Outcome: Ai(1)-Emry Competitive Brawl MTGDecks 2026-07 has lost because life total reached 0
Game Outcome: Ai(2)-Lathril Alternate Supplied has won because all opponents have lost
Match Result: Ai(1)-Emry Competitive Brawl MTGDecks 2026-07: 4 Ai(2)-Lathril Alternate Supplied: 28

Game Result: Game 32 ended in 6448 ms. Ai(2)-Lathril Alternate Supplied has won!

Game Outcome: Turn 8
Game Outcome: Ai(1)-Emry Competitive Brawl MTGDecks 2026-07 has lost because life total reached 0
Game Outcome: Ai(2)-Lathril Alternate Supplied has won because all opponents have lost
Match Result: Ai(1)-Emry Competitive Brawl MTGDecks 2026-07: 4 Ai(2)-Lathril Alternate Supplied: 29

Game Result: Game 33 ended in 4461 ms. Ai(2)-Lathril Alternate Supplied has won!

Game Outcome: Turn 9
Game Outcome: Ai(1)-Emry Competitive Brawl MTGDecks 2026-07 has won because all opponents have lost
Game Outcome: Ai(2)-Lathril Alternate Supplied has lost because life total reached 0
Match Result: Ai(1)-Emry Competitive Brawl MTGDecks 2026-07: 5 Ai(2)-Lathril Alternate Supplied: 29

Game Result: Game 34 ended in 10602 ms. Ai(1)-Emry Competitive Brawl MTGDecks 2026-07 has won!

Game Outcome: Turn 7
Game Outcome: Ai(1)-Emry Competitive Brawl MTGDecks 2026-07 has lost because life total reached 0
Game Outcome: Ai(2)-Lathril Alternate Supplied has won because all opponents have lost
Match Result: Ai(1)-Emry Competitive Brawl MTGDecks 2026-07: 5 Ai(2)-Lathril Alternate Supplied: 30

Game Result: Game 35 ended in 1914 ms. Ai(2)-Lathril Alternate Supplied has won!

Game Outcome: Turn 7
Game Outcome: Ai(1)-Emry Competitive Brawl MTGDecks 2026-07 has lost because life total reached 0
Game Outcome: Ai(2)-Lathril Alternate Supplied has won because all opponents have lost
Match Result: Ai(1)-Emry Competitive Brawl MTGDecks 2026-07: 5 Ai(2)-Lathril Alternate Supplied: 31

Game Result: Game 36 ended in 801 ms. Ai(2)-Lathril Alternate Supplied has won!

Game Outcome: Turn 8
Game Outcome: Ai(1)-Emry Competitive Brawl MTGDecks 2026-07 has lost because life total reached 0
Game Outcome: Ai(2)-Lathril Alternate Supplied has won because all opponents have lost
Match Result: Ai(1)-Emry Competitive Brawl MTGDecks 2026-07: 5 Ai(2)-Lathril Alternate Supplied: 32

Game Result: Game 37 ended in 1605 ms. Ai(2)-Lathril Alternate Supplied has won!

Game Outcome: Turn 5
Game Outcome: Ai(1)-Emry Competitive Brawl MTGDecks 2026-07 has lost because life total reached 0
Game Outcome: Ai(2)-Lathril Alternate Supplied has won because all opponents have lost
Match Result: Ai(1)-Emry Competitive Brawl MTGDecks 2026-07: 5 Ai(2)-Lathril Alternate Supplied: 33

Game Result: Game 38 ended in 839 ms. Ai(2)-Lathril Alternate Supplied has won!

Game Outcome: Turn 12
Game Outcome: Ai(1)-Emry Competitive Brawl MTGDecks 2026-07 has lost because life total reached 0
Game Outcome: Ai(2)-Lathril Alternate Supplied has won because all opponents have lost
Match Result: Ai(1)-Emry Competitive Brawl MTGDecks 2026-07: 5 Ai(2)-Lathril Alternate Supplied: 34

Game Result: Game 39 ended in 6622 ms. Ai(2)-Lathril Alternate Supplied has won!

Game Outcome: Turn 9
Game Outcome: Ai(1)-Emry Competitive Brawl MTGDecks 2026-07 has lost because life total reached 0
Game Outcome: Ai(2)-Lathril Alternate Supplied has won because all opponents have lost
Match Result: Ai(1)-Emry Competitive Brawl MTGDecks 2026-07: 5 Ai(2)-Lathril Alternate Supplied: 35

Game Result: Game 40 ended in 2721 ms. Ai(2)-Lathril Alternate Supplied has won!

Game Outcome: Turn 6
Game Outcome: Ai(1)-Emry Competitive Brawl MTGDecks 2026-07 has lost because life total reached 0
Game Outcome: Ai(2)-Lathril Alternate Supplied has won because all opponents have lost
Match Result: Ai(1)-Emry Competitive Brawl MTGDecks 2026-07: 5 Ai(2)-Lathril Alternate Supplied: 36

Game Result: Game 41 ended in 874 ms. Ai(2)-Lathril Alternate Supplied has won!

Game Outcome: Turn 9
Game Outcome: Ai(1)-Emry Competitive Brawl MTGDecks 2026-07 has lost because life total reached 0
Game Outcome: Ai(2)-Lathril Alternate Supplied has won because all opponents have lost
Match Result: Ai(1)-Emry Competitive Brawl MTGDecks 2026-07: 5 Ai(2)-Lathril Alternate Supplied: 37

Game Result: Game 42 ended in 3057 ms. Ai(2)-Lathril Alternate Supplied has won!

Game Outcome: Turn 5
Game Outcome: Ai(1)-Emry Competitive Brawl MTGDecks 2026-07 has won because all opponents have lost
Game Outcome: Ai(2)-Lathril Alternate Supplied has lost trying to draw cards from empty library
Match Result: Ai(1)-Emry Competitive Brawl MTGDecks 2026-07: 6 Ai(2)-Lathril Alternate Supplied: 37

Game Result: Game 43 ended in 1039 ms. Ai(1)-Emry Competitive Brawl MTGDecks 2026-07 has won!

Game Outcome: Turn 8
Game Outcome: Ai(1)-Emry Competitive Brawl MTGDecks 2026-07 has lost because life total reached 0
Game Outcome: Ai(2)-Lathril Alternate Supplied has won because all opponents have lost
Match Result: Ai(1)-Emry Competitive Brawl MTGDecks 2026-07: 6 Ai(2)-Lathril Alternate Supplied: 38

Game Result: Game 44 ended in 1415 ms. Ai(2)-Lathril Alternate Supplied has won!

Game Outcome: Turn 10
Game Outcome: Ai(1)-Emry Competitive Brawl MTGDecks 2026-07 has won because all opponents have lost
Game Outcome: Ai(2)-Lathril Alternate Supplied has lost because life total reached 0
Match Result: Ai(1)-Emry Competitive Brawl MTGDecks 2026-07: 7 Ai(2)-Lathril Alternate Supplied: 38

Game Result: Game 45 ended in 9707 ms. Ai(1)-Emry Competitive Brawl MTGDecks 2026-07 has won!

Moving spell to Library
Game Outcome: Turn 7
Game Outcome: Ai(1)-Emry Competitive Brawl MTGDecks 2026-07 has lost because life total reached 0
Game Outcome: Ai(2)-Lathril Alternate Supplied has won because all opponents have lost
Match Result: Ai(1)-Emry Competitive Brawl MTGDecks 2026-07: 7 Ai(2)-Lathril Alternate Supplied: 39

Game Result: Game 46 ended in 1040 ms. Ai(2)-Lathril Alternate Supplied has won!

Game Outcome: Turn 8
Game Outcome: Ai(1)-Emry Competitive Brawl MTGDecks 2026-07 has lost because life total reached 0
Game Outcome: Ai(2)-Lathril Alternate Supplied has won because all opponents have lost
Match Result: Ai(1)-Emry Competitive Brawl MTGDecks 2026-07: 7 Ai(2)-Lathril Alternate Supplied: 40

Game Result: Game 47 ended in 949 ms. Ai(2)-Lathril Alternate Supplied has won!

Game Outcome: Turn 8
Game Outcome: Ai(1)-Emry Competitive Brawl MTGDecks 2026-07 has lost because life total reached 0
Game Outcome: Ai(2)-Lathril Alternate Supplied has won because all opponents have lost
Match Result: Ai(1)-Emry Competitive Brawl MTGDecks 2026-07: 7 Ai(2)-Lathril Alternate Supplied: 41

Game Result: Game 48 ended in 1784 ms. Ai(2)-Lathril Alternate Supplied has won!

Game Outcome: Turn 8
Game Outcome: Ai(1)-Emry Competitive Brawl MTGDecks 2026-07 has lost because life total reached 0
Game Outcome: Ai(2)-Lathril Alternate Supplied has won because all opponents have lost
Match Result: Ai(1)-Emry Competitive Brawl MTGDecks 2026-07: 7 Ai(2)-Lathril Alternate Supplied: 42

Game Result: Game 49 ended in 2804 ms. Ai(2)-Lathril Alternate Supplied has won!

Game Outcome: Turn 9
Game Outcome: Ai(1)-Emry Competitive Brawl MTGDecks 2026-07 has lost because life total reached 0
Game Outcome: Ai(2)-Lathril Alternate Supplied has won because all opponents have lost
Match Result: Ai(1)-Emry Competitive Brawl MTGDecks 2026-07: 7 Ai(2)-Lathril Alternate Supplied: 43

Game Result: Game 50 ended in 21424 ms. Ai(2)-Lathril Alternate Supplied has won!
