Error handling registered!
18:43:49 [INFO ] GuiBase: ##########################################
18:43:49 [INFO ] GuiBase: APP: Forge v.2.0.14-SNAPSHOT-08.08
18:43:49 [INFO ] GuiBase: Java: 17.0.17 (Homebrew)
18:43:49 [INFO ] GuiBase: OS: Mac OS X 15.5 aarch64
18:43:49 [INFO ] GuiBase: RAM: 4096 MB max, 8 CPUs
18:43:49 [INFO ] GuiBase: ##########################################
Language 'en-US' loaded successfully.
(ThreadUtil first call): Running with priority 5
Read cards: 33617 archived files in 1 ms (25 parts) using thread pool
Upcoming set Star Trek (TRK) dated in the future. All `upcoming` cards will be added to this set with unknown rarity.
The card A-Alrund's Epiphany was not assigned to any set. Adding it to UNKNOWN set... to fix see res/editions/ folder.
The card A-Baba Lysaga, Night Witch was not assigned to any set. Adding it to UNKNOWN set... to fix see res/editions/ folder.
The card A-Divide by Zero was not assigned to any set. Adding it to UNKNOWN set... to fix see res/editions/ folder.
The card A-Esika's Chariot was not assigned to any set. Adding it to UNKNOWN set... to fix see res/editions/ folder.
The card A-Faceless Haven was not assigned to any set. Adding it to UNKNOWN set... to fix see res/editions/ folder.
The card A-Fires of Invention was not assigned to any set. Adding it to UNKNOWN set... to fix see res/editions/ folder.
The card A-Goldspan Dragon was not assigned to any set. Adding it to UNKNOWN set... to fix see res/editions/ folder.
The card A-Hullbreaker Horror was not assigned to any set. Adding it to UNKNOWN set... to fix see res/editions/ folder.
The card A-Kumano Faces Kakkazan was not assigned to any set. Adding it to UNKNOWN set... to fix see res/editions/ folder.
The card A-Luminarch Aspirant was not assigned to any set. Adding it to UNKNOWN set... to fix see res/editions/ folder.
The card A-Monster Manual was not assigned to any set. Adding it to UNKNOWN set... to fix see res/editions/ folder.
The card A-Omnath, Locus of Creation was not assigned to any set. Adding it to UNKNOWN set... to fix see res/editions/ folder.
The card A-The Meathook Massacre was not assigned to any set. Adding it to UNKNOWN set... to fix see res/editions/ folder.
The card A-Unholy Heat was not assigned to any set. Adding it to UNKNOWN set... to fix see res/editions/ folder.
The card Blinding Radiance was not assigned to any set. Adding it to UNKNOWN set... to fix see res/editions/ folder.
The card Goblin Bruiser was not assigned to any set. Adding it to UNKNOWN set... to fix see res/editions/ folder.
The card Ogre Painbringer was not assigned to any set. Adding it to UNKNOWN set... to fix see res/editions/ folder.
The card Titanic Pelagosaur was not assigned to any set. Adding it to UNKNOWN set... to fix see res/editions/ folder.
The card Treetop Recluse was not assigned to any set. Adding it to UNKNOWN set... to fix see res/editions/ folder.
Upcoming set Star Trek (TRK) dated in the future. All `upcoming` cards will be added to this set with unknown rarity.
Read cards: 836 files in 0 ms (8 parts) using thread pool
Simulation mode
Ai(1)-Lathril Alternate Supplied vs Ai(2)-Katara, Waterbending Master Competitive Brawl BrawlREC 2026-07 - fifty  games of Brawl seed 33029
Game Outcome: Turn 10
Game Outcome: Ai(1)-Lathril Alternate Supplied has won because all opponents have lost
Game Outcome: Ai(2)-Katara, Waterbending Master Competitive Brawl BrawlREC 2026-07 has lost because life total reached 0
Match Result: Ai(1)-Lathril Alternate Supplied: 1 Ai(2)-Katara, Waterbending Master Competitive Brawl BrawlREC 2026-07: 0

Game Result: Game 1 ended in 11276 ms. Ai(1)-Lathril Alternate Supplied has won!

Game Outcome: Turn 9
Game Outcome: Ai(1)-Lathril Alternate Supplied has lost because life total reached 0
Game Outcome: Ai(2)-Katara, Waterbending Master Competitive Brawl BrawlREC 2026-07 has won because all opponents have lost
Match Result: Ai(1)-Lathril Alternate Supplied: 1 Ai(2)-Katara, Waterbending Master Competitive Brawl BrawlREC 2026-07: 1

Game Result: Game 2 ended in 6116 ms. Ai(2)-Katara, Waterbending Master Competitive Brawl BrawlREC 2026-07 has won!

Game Outcome: Turn 8
Game Outcome: Ai(1)-Lathril Alternate Supplied has won because all opponents have lost
Game Outcome: Ai(2)-Katara, Waterbending Master Competitive Brawl BrawlREC 2026-07 has lost because life total reached 0
Match Result: Ai(1)-Lathril Alternate Supplied: 2 Ai(2)-Katara, Waterbending Master Competitive Brawl BrawlREC 2026-07: 1

Game Result: Game 3 ended in 4520 ms. Ai(1)-Lathril Alternate Supplied has won!

Game Outcome: Turn 8
Game Outcome: Ai(1)-Lathril Alternate Supplied has won because all opponents have lost
Game Outcome: Ai(2)-Katara, Waterbending Master Competitive Brawl BrawlREC 2026-07 has lost because life total reached 0
Match Result: Ai(1)-Lathril Alternate Supplied: 3 Ai(2)-Katara, Waterbending Master Competitive Brawl BrawlREC 2026-07: 1

Game Result: Game 4 ended in 7218 ms. Ai(1)-Lathril Alternate Supplied has won!

Game Outcome: Turn 12
Game Outcome: Ai(1)-Lathril Alternate Supplied has won because all opponents have lost
Game Outcome: Ai(2)-Katara, Waterbending Master Competitive Brawl BrawlREC 2026-07 has lost because life total reached 0
Match Result: Ai(1)-Lathril Alternate Supplied: 4 Ai(2)-Katara, Waterbending Master Competitive Brawl BrawlREC 2026-07: 1

Game Result: Game 5 ended in 8968 ms. Ai(1)-Lathril Alternate Supplied has won!

Game Outcome: Turn 7
Game Outcome: Ai(1)-Lathril Alternate Supplied has won because all opponents have lost
Game Outcome: Ai(2)-Katara, Waterbending Master Competitive Brawl BrawlREC 2026-07 has lost because life total reached 0
Match Result: Ai(1)-Lathril Alternate Supplied: 5 Ai(2)-Katara, Waterbending Master Competitive Brawl BrawlREC 2026-07: 1

Game Result: Game 6 ended in 2445 ms. Ai(1)-Lathril Alternate Supplied has won!

Moving spell to Library
Game Outcome: Turn 11
Game Outcome: Ai(1)-Lathril Alternate Supplied has won because all opponents have lost
Game Outcome: Ai(2)-Katara, Waterbending Master Competitive Brawl BrawlREC 2026-07 has lost because life total reached 0
Match Result: Ai(1)-Lathril Alternate Supplied: 6 Ai(2)-Katara, Waterbending Master Competitive Brawl BrawlREC 2026-07: 1

Game Result: Game 7 ended in 3491 ms. Ai(1)-Lathril Alternate Supplied has won!

Game Outcome: Turn 13
Game Outcome: Ai(1)-Lathril Alternate Supplied has won because all opponents have lost
Game Outcome: Ai(2)-Katara, Waterbending Master Competitive Brawl BrawlREC 2026-07 has lost because life total reached 0
Match Result: Ai(1)-Lathril Alternate Supplied: 7 Ai(2)-Katara, Waterbending Master Competitive Brawl BrawlREC 2026-07: 1

Game Result: Game 8 ended in 4392 ms. Ai(1)-Lathril Alternate Supplied has won!

Game Outcome: Turn 9
Game Outcome: Ai(1)-Lathril Alternate Supplied has won because all opponents have lost
Game Outcome: Ai(2)-Katara, Waterbending Master Competitive Brawl BrawlREC 2026-07 has lost because life total reached 0
Match Result: Ai(1)-Lathril Alternate Supplied: 8 Ai(2)-Katara, Waterbending Master Competitive Brawl BrawlREC 2026-07: 1

Game Result: Game 9 ended in 2006 ms. Ai(1)-Lathril Alternate Supplied has won!

Game Outcome: Turn 15
Game Outcome: Ai(1)-Lathril Alternate Supplied has lost because life total reached 0
Game Outcome: Ai(2)-Katara, Waterbending Master Competitive Brawl BrawlREC 2026-07 has won because all opponents have lost
Match Result: Ai(1)-Lathril Alternate Supplied: 8 Ai(2)-Katara, Waterbending Master Competitive Brawl BrawlREC 2026-07: 2

Game Result: Game 10 ended in 4208 ms. Ai(2)-Katara, Waterbending Master Competitive Brawl BrawlREC 2026-07 has won!

Game Outcome: Turn 12
Game Outcome: Ai(1)-Lathril Alternate Supplied has won because all opponents have lost
Game Outcome: Ai(2)-Katara, Waterbending Master Competitive Brawl BrawlREC 2026-07 has lost because life total reached 0
Match Result: Ai(1)-Lathril Alternate Supplied: 9 Ai(2)-Katara, Waterbending Master Competitive Brawl BrawlREC 2026-07: 2

Game Result: Game 11 ended in 5076 ms. Ai(1)-Lathril Alternate Supplied has won!

Game Outcome: Turn 8
Game Outcome: Ai(1)-Lathril Alternate Supplied has won because all opponents have lost
Game Outcome: Ai(2)-Katara, Waterbending Master Competitive Brawl BrawlREC 2026-07 has lost because life total reached 0
Match Result: Ai(1)-Lathril Alternate Supplied: 10 Ai(2)-Katara, Waterbending Master Competitive Brawl BrawlREC 2026-07: 2

Game Result: Game 12 ended in 3064 ms. Ai(1)-Lathril Alternate Supplied has won!

Moving spell to Library
Game Outcome: Turn 11
Game Outcome: Ai(1)-Lathril Alternate Supplied has won because all opponents have lost
Game Outcome: Ai(2)-Katara, Waterbending Master Competitive Brawl BrawlREC 2026-07 has lost because life total reached 0
Match Result: Ai(1)-Lathril Alternate Supplied: 11 Ai(2)-Katara, Waterbending Master Competitive Brawl BrawlREC 2026-07: 2

Game Result: Game 13 ended in 3401 ms. Ai(1)-Lathril Alternate Supplied has won!

Game Outcome: Turn 11
Game Outcome: Ai(1)-Lathril Alternate Supplied has won because all opponents have lost
Game Outcome: Ai(2)-Katara, Waterbending Master Competitive Brawl BrawlREC 2026-07 has lost because life total reached 0
Match Result: Ai(1)-Lathril Alternate Supplied: 12 Ai(2)-Katara, Waterbending Master Competitive Brawl BrawlREC 2026-07: 2

Game Result: Game 14 ended in 2561 ms. Ai(1)-Lathril Alternate Supplied has won!

Game Outcome: Turn 10
Game Outcome: Ai(1)-Lathril Alternate Supplied has won because all opponents have lost
Game Outcome: Ai(2)-Katara, Waterbending Master Competitive Brawl BrawlREC 2026-07 has lost because life total reached 0
Match Result: Ai(1)-Lathril Alternate Supplied: 13 Ai(2)-Katara, Waterbending Master Competitive Brawl BrawlREC 2026-07: 2

Game Result: Game 15 ended in 2412 ms. Ai(1)-Lathril Alternate Supplied has won!

Game Outcome: Turn 7
Game Outcome: Ai(1)-Lathril Alternate Supplied has won because all opponents have lost
Game Outcome: Ai(2)-Katara, Waterbending Master Competitive Brawl BrawlREC 2026-07 has lost because life total reached 0
Match Result: Ai(1)-Lathril Alternate Supplied: 14 Ai(2)-Katara, Waterbending Master Competitive Brawl BrawlREC 2026-07: 2

Game Result: Game 16 ended in 1955 ms. Ai(1)-Lathril Alternate Supplied has won!

Game Outcome: Turn 9
Game Outcome: Ai(1)-Lathril Alternate Supplied has won because all opponents have lost
Game Outcome: Ai(2)-Katara, Waterbending Master Competitive Brawl BrawlREC 2026-07 has lost because life total reached 0
Match Result: Ai(1)-Lathril Alternate Supplied: 15 Ai(2)-Katara, Waterbending Master Competitive Brawl BrawlREC 2026-07: 2

Game Result: Game 17 ended in 2782 ms. Ai(1)-Lathril Alternate Supplied has won!

Game Outcome: Turn 9
Game Outcome: Ai(1)-Lathril Alternate Supplied has lost because life total reached 0
Game Outcome: Ai(2)-Katara, Waterbending Master Competitive Brawl BrawlREC 2026-07 has won because all opponents have lost
Match Result: Ai(1)-Lathril Alternate Supplied: 15 Ai(2)-Katara, Waterbending Master Competitive Brawl BrawlREC 2026-07: 3

Game Result: Game 18 ended in 1602 ms. Ai(2)-Katara, Waterbending Master Competitive Brawl BrawlREC 2026-07 has won!

Game Outcome: Turn 14
Game Outcome: Ai(1)-Lathril Alternate Supplied has won because all opponents have lost
Game Outcome: Ai(2)-Katara, Waterbending Master Competitive Brawl BrawlREC 2026-07 has lost because life total reached 0
Match Result: Ai(1)-Lathril Alternate Supplied: 16 Ai(2)-Katara, Waterbending Master Competitive Brawl BrawlREC 2026-07: 3

Game Result: Game 19 ended in 6630 ms. Ai(1)-Lathril Alternate Supplied has won!

Game Outcome: Turn 12
Game Outcome: Ai(1)-Lathril Alternate Supplied has won because all opponents have lost
Game Outcome: Ai(2)-Katara, Waterbending Master Competitive Brawl BrawlREC 2026-07 has lost because life total reached 0
Match Result: Ai(1)-Lathril Alternate Supplied: 17 Ai(2)-Katara, Waterbending Master Competitive Brawl BrawlREC 2026-07: 3

Game Result: Game 20 ended in 4678 ms. Ai(1)-Lathril Alternate Supplied has won!

Long River's Pull (118) - [Couldn't add to stack, failed to target] - Counter target creature spell. If the gift was promised, instead counter target spell.[[Infestation Sage - Creature 1 / 1], [Infestation Sage - Creature 1 / 1]]
Game Outcome: Turn 9
Game Outcome: Ai(1)-Lathril Alternate Supplied has lost because life total reached 0
Game Outcome: Ai(2)-Katara, Waterbending Master Competitive Brawl BrawlREC 2026-07 has won because all opponents have lost
Match Result: Ai(1)-Lathril Alternate Supplied: 17 Ai(2)-Katara, Waterbending Master Competitive Brawl BrawlREC 2026-07: 4

Game Result: Game 21 ended in 2560 ms. Ai(2)-Katara, Waterbending Master Competitive Brawl BrawlREC 2026-07 has won!

Game Outcome: Turn 6
Game Outcome: Ai(1)-Lathril Alternate Supplied has won because all opponents have lost
Game Outcome: Ai(2)-Katara, Waterbending Master Competitive Brawl BrawlREC 2026-07 has lost because life total reached 0
Match Result: Ai(1)-Lathril Alternate Supplied: 18 Ai(2)-Katara, Waterbending Master Competitive Brawl BrawlREC 2026-07: 4

Game Result: Game 22 ended in 1592 ms. Ai(1)-Lathril Alternate Supplied has won!

Game Outcome: Turn 8
Game Outcome: Ai(1)-Lathril Alternate Supplied has won because all opponents have lost
Game Outcome: Ai(2)-Katara, Waterbending Master Competitive Brawl BrawlREC 2026-07 has lost because life total reached 0
Match Result: Ai(1)-Lathril Alternate Supplied: 19 Ai(2)-Katara, Waterbending Master Competitive Brawl BrawlREC 2026-07: 4

Game Result: Game 23 ended in 2237 ms. Ai(1)-Lathril Alternate Supplied has won!

Game Outcome: Turn 9
Game Outcome: Ai(1)-Lathril Alternate Supplied has lost because life total reached 0
Game Outcome: Ai(2)-Katara, Waterbending Master Competitive Brawl BrawlREC 2026-07 has won because all opponents have lost
Match Result: Ai(1)-Lathril Alternate Supplied: 19 Ai(2)-Katara, Waterbending Master Competitive Brawl BrawlREC 2026-07: 5

Game Result: Game 24 ended in 2228 ms. Ai(2)-Katara, Waterbending Master Competitive Brawl BrawlREC 2026-07 has won!

Game Outcome: Turn 10
Game Outcome: Ai(1)-Lathril Alternate Supplied has won because all opponents have lost
Game Outcome: Ai(2)-Katara, Waterbending Master Competitive Brawl BrawlREC 2026-07 has lost because life total reached 0
Match Result: Ai(1)-Lathril Alternate Supplied: 20 Ai(2)-Katara, Waterbending Master Competitive Brawl BrawlREC 2026-07: 5

Game Result: Game 25 ended in 2924 ms. Ai(1)-Lathril Alternate Supplied has won!

Game Outcome: Turn 9
Game Outcome: Ai(1)-Lathril Alternate Supplied has won because all opponents have lost
Game Outcome: Ai(2)-Katara, Waterbending Master Competitive Brawl BrawlREC 2026-07 has lost because life total reached 0
Match Result: Ai(1)-Lathril Alternate Supplied: 21 Ai(2)-Katara, Waterbending Master Competitive Brawl BrawlREC 2026-07: 5

Game Result: Game 26 ended in 3579 ms. Ai(1)-Lathril Alternate Supplied has won!

Game Outcome: Turn 7
Game Outcome: Ai(1)-Lathril Alternate Supplied has won because all opponents have lost
Game Outcome: Ai(2)-Katara, Waterbending Master Competitive Brawl BrawlREC 2026-07 has lost because life total reached 0
Match Result: Ai(1)-Lathril Alternate Supplied: 22 Ai(2)-Katara, Waterbending Master Competitive Brawl BrawlREC 2026-07: 5

Game Result: Game 27 ended in 2540 ms. Ai(1)-Lathril Alternate Supplied has won!

Game Outcome: Turn 9
Game Outcome: Ai(1)-Lathril Alternate Supplied has won because all opponents have lost
Game Outcome: Ai(2)-Katara, Waterbending Master Competitive Brawl BrawlREC 2026-07 has lost because life total reached 0
Match Result: Ai(1)-Lathril Alternate Supplied: 23 Ai(2)-Katara, Waterbending Master Competitive Brawl BrawlREC 2026-07: 5

Game Result: Game 28 ended in 2454 ms. Ai(1)-Lathril Alternate Supplied has won!

Warning: default (ie. inherited from base class) implementation of chooseSingleCard is used by Glorious Gale for forge.ai.ability.AlwaysPlayAi. Consider declaring an overloaded method
Game Outcome: Turn 7
Game Outcome: Ai(1)-Lathril Alternate Supplied has won because all opponents have lost
Game Outcome: Ai(2)-Katara, Waterbending Master Competitive Brawl BrawlREC 2026-07 has lost because life total reached 0
Match Result: Ai(1)-Lathril Alternate Supplied: 24 Ai(2)-Katara, Waterbending Master Competitive Brawl BrawlREC 2026-07: 5

Game Result: Game 29 ended in 2600 ms. Ai(1)-Lathril Alternate Supplied has won!

Game Outcome: Turn 8
Game Outcome: Ai(1)-Lathril Alternate Supplied has won because all opponents have lost
Game Outcome: Ai(2)-Katara, Waterbending Master Competitive Brawl BrawlREC 2026-07 has lost because life total reached 0
Match Result: Ai(1)-Lathril Alternate Supplied: 25 Ai(2)-Katara, Waterbending Master Competitive Brawl BrawlREC 2026-07: 5

Game Result: Game 30 ended in 2763 ms. Ai(1)-Lathril Alternate Supplied has won!

Moving spell to Library
Game Outcome: Turn 10
Game Outcome: Ai(1)-Lathril Alternate Supplied has won because all opponents have lost
Game Outcome: Ai(2)-Katara, Waterbending Master Competitive Brawl BrawlREC 2026-07 has lost because life total reached 0
Match Result: Ai(1)-Lathril Alternate Supplied: 26 Ai(2)-Katara, Waterbending Master Competitive Brawl BrawlREC 2026-07: 5

Game Result: Game 31 ended in 3080 ms. Ai(1)-Lathril Alternate Supplied has won!

Game Outcome: Turn 8
Game Outcome: Ai(1)-Lathril Alternate Supplied has won because all opponents have lost
Game Outcome: Ai(2)-Katara, Waterbending Master Competitive Brawl BrawlREC 2026-07 has lost because life total reached 0
Match Result: Ai(1)-Lathril Alternate Supplied: 27 Ai(2)-Katara, Waterbending Master Competitive Brawl BrawlREC 2026-07: 5

Game Result: Game 32 ended in 3221 ms. Ai(1)-Lathril Alternate Supplied has won!

Game Outcome: Turn 8
Game Outcome: Ai(1)-Lathril Alternate Supplied has won because all opponents have lost
Game Outcome: Ai(2)-Katara, Waterbending Master Competitive Brawl BrawlREC 2026-07 has lost because life total reached 0
Match Result: Ai(1)-Lathril Alternate Supplied: 28 Ai(2)-Katara, Waterbending Master Competitive Brawl BrawlREC 2026-07: 5

Game Result: Game 33 ended in 2079 ms. Ai(1)-Lathril Alternate Supplied has won!

Moving spell to Library
Game Outcome: Turn 9
Game Outcome: Ai(1)-Lathril Alternate Supplied has won because all opponents have lost
Game Outcome: Ai(2)-Katara, Waterbending Master Competitive Brawl BrawlREC 2026-07 has lost because life total reached 0
Match Result: Ai(1)-Lathril Alternate Supplied: 29 Ai(2)-Katara, Waterbending Master Competitive Brawl BrawlREC 2026-07: 5

Game Result: Game 34 ended in 2432 ms. Ai(1)-Lathril Alternate Supplied has won!

Game Outcome: Turn 9
Game Outcome: Ai(1)-Lathril Alternate Supplied has won because all opponents have lost
Game Outcome: Ai(2)-Katara, Waterbending Master Competitive Brawl BrawlREC 2026-07 has lost because life total reached 0
Match Result: Ai(1)-Lathril Alternate Supplied: 30 Ai(2)-Katara, Waterbending Master Competitive Brawl BrawlREC 2026-07: 5

Game Result: Game 35 ended in 2431 ms. Ai(1)-Lathril Alternate Supplied has won!

Game Outcome: Turn 10
Game Outcome: Ai(1)-Lathril Alternate Supplied has won because all opponents have lost
Game Outcome: Ai(2)-Katara, Waterbending Master Competitive Brawl BrawlREC 2026-07 has lost because life total reached 0
Match Result: Ai(1)-Lathril Alternate Supplied: 31 Ai(2)-Katara, Waterbending Master Competitive Brawl BrawlREC 2026-07: 5

Game Result: Game 36 ended in 4291 ms. Ai(1)-Lathril Alternate Supplied has won!

Game Outcome: Turn 8
Game Outcome: Ai(1)-Lathril Alternate Supplied has won because all opponents have lost
Game Outcome: Ai(2)-Katara, Waterbending Master Competitive Brawl BrawlREC 2026-07 has lost because life total reached 0
Match Result: Ai(1)-Lathril Alternate Supplied: 32 Ai(2)-Katara, Waterbending Master Competitive Brawl BrawlREC 2026-07: 5

Game Result: Game 37 ended in 2451 ms. Ai(1)-Lathril Alternate Supplied has won!

Game Outcome: Turn 10
Game Outcome: Ai(1)-Lathril Alternate Supplied has won because all opponents have lost
Game Outcome: Ai(2)-Katara, Waterbending Master Competitive Brawl BrawlREC 2026-07 has lost because life total reached 0
Match Result: Ai(1)-Lathril Alternate Supplied: 33 Ai(2)-Katara, Waterbending Master Competitive Brawl BrawlREC 2026-07: 5

Game Result: Game 38 ended in 3054 ms. Ai(1)-Lathril Alternate Supplied has won!

Game Outcome: Turn 8
Game Outcome: Ai(1)-Lathril Alternate Supplied has won because all opponents have lost
Game Outcome: Ai(2)-Katara, Waterbending Master Competitive Brawl BrawlREC 2026-07 has lost because life total reached 0
Match Result: Ai(1)-Lathril Alternate Supplied: 34 Ai(2)-Katara, Waterbending Master Competitive Brawl BrawlREC 2026-07: 5

Game Result: Game 39 ended in 2653 ms. Ai(1)-Lathril Alternate Supplied has won!

Game Outcome: Turn 13
Game Outcome: Ai(1)-Lathril Alternate Supplied has won because all opponents have lost
Game Outcome: Ai(2)-Katara, Waterbending Master Competitive Brawl BrawlREC 2026-07 has lost because life total reached 0
Match Result: Ai(1)-Lathril Alternate Supplied: 35 Ai(2)-Katara, Waterbending Master Competitive Brawl BrawlREC 2026-07: 5

Game Result: Game 40 ended in 5299 ms. Ai(1)-Lathril Alternate Supplied has won!

Game Outcome: Turn 10
Game Outcome: Ai(1)-Lathril Alternate Supplied has won because all opponents have lost
Game Outcome: Ai(2)-Katara, Waterbending Master Competitive Brawl BrawlREC 2026-07 has lost because life total reached 0
Match Result: Ai(1)-Lathril Alternate Supplied: 36 Ai(2)-Katara, Waterbending Master Competitive Brawl BrawlREC 2026-07: 5

Game Result: Game 41 ended in 6154 ms. Ai(1)-Lathril Alternate Supplied has won!

ComputerUtilMana: payManaCost() cost was not paid for Selfless Safewright - Creature 4 / 2 (Selfless Safewright). Didn't find what to pay for {1}
[Ai(1)-Lathril Alternate Supplied] AI failed to play Selfless Safewright (87) [Stack]
Game Outcome: Turn 8
Game Outcome: Ai(1)-Lathril Alternate Supplied has won because all opponents have lost
Game Outcome: Ai(2)-Katara, Waterbending Master Competitive Brawl BrawlREC 2026-07 has lost because life total reached 0
Match Result: Ai(1)-Lathril Alternate Supplied: 37 Ai(2)-Katara, Waterbending Master Competitive Brawl BrawlREC 2026-07: 5

Game Result: Game 42 ended in 4220 ms. Ai(1)-Lathril Alternate Supplied has won!

Moving spell to Library
Game Outcome: Turn 7
Game Outcome: Ai(1)-Lathril Alternate Supplied has won because all opponents have lost
Game Outcome: Ai(2)-Katara, Waterbending Master Competitive Brawl BrawlREC 2026-07 has lost because life total reached 0
Match Result: Ai(1)-Lathril Alternate Supplied: 38 Ai(2)-Katara, Waterbending Master Competitive Brawl BrawlREC 2026-07: 5

Game Result: Game 43 ended in 2920 ms. Ai(1)-Lathril Alternate Supplied has won!

Game Outcome: Turn 9
Game Outcome: Ai(1)-Lathril Alternate Supplied has won because all opponents have lost
Game Outcome: Ai(2)-Katara, Waterbending Master Competitive Brawl BrawlREC 2026-07 has lost because life total reached 0
Match Result: Ai(1)-Lathril Alternate Supplied: 39 Ai(2)-Katara, Waterbending Master Competitive Brawl BrawlREC 2026-07: 5

Game Result: Game 44 ended in 3240 ms. Ai(1)-Lathril Alternate Supplied has won!

Game Outcome: Turn 11
Game Outcome: Ai(1)-Lathril Alternate Supplied has won because all opponents have lost
Game Outcome: Ai(2)-Katara, Waterbending Master Competitive Brawl BrawlREC 2026-07 has lost because life total reached 0
Match Result: Ai(1)-Lathril Alternate Supplied: 40 Ai(2)-Katara, Waterbending Master Competitive Brawl BrawlREC 2026-07: 5

Game Result: Game 45 ended in 5024 ms. Ai(1)-Lathril Alternate Supplied has won!

Moving spell to Library
Game Outcome: Turn 7
Game Outcome: Ai(1)-Lathril Alternate Supplied has won because all opponents have lost
Game Outcome: Ai(2)-Katara, Waterbending Master Competitive Brawl BrawlREC 2026-07 has lost because life total reached 0
Match Result: Ai(1)-Lathril Alternate Supplied: 41 Ai(2)-Katara, Waterbending Master Competitive Brawl BrawlREC 2026-07: 5

Game Result: Game 46 ended in 1550 ms. Ai(1)-Lathril Alternate Supplied has won!

Game Outcome: Turn 11
Game Outcome: Ai(1)-Lathril Alternate Supplied has won because all opponents have lost
Game Outcome: Ai(2)-Katara, Waterbending Master Competitive Brawl BrawlREC 2026-07 has lost because life total reached 0
Match Result: Ai(1)-Lathril Alternate Supplied: 42 Ai(2)-Katara, Waterbending Master Competitive Brawl BrawlREC 2026-07: 5

Game Result: Game 47 ended in 3011 ms. Ai(1)-Lathril Alternate Supplied has won!

Game Outcome: Turn 6
Game Outcome: Ai(1)-Lathril Alternate Supplied has won because all opponents have lost
Game Outcome: Ai(2)-Katara, Waterbending Master Competitive Brawl BrawlREC 2026-07 has lost because life total reached 0
Match Result: Ai(1)-Lathril Alternate Supplied: 43 Ai(2)-Katara, Waterbending Master Competitive Brawl BrawlREC 2026-07: 5

Game Result: Game 48 ended in 3201 ms. Ai(1)-Lathril Alternate Supplied has won!

Game Outcome: Turn 13
Game Outcome: Ai(1)-Lathril Alternate Supplied has lost because life total reached 0
Game Outcome: Ai(2)-Katara, Waterbending Master Competitive Brawl BrawlREC 2026-07 has won because all opponents have lost
Match Result: Ai(1)-Lathril Alternate Supplied: 43 Ai(2)-Katara, Waterbending Master Competitive Brawl BrawlREC 2026-07: 6

Game Result: Game 49 ended in 5340 ms. Ai(2)-Katara, Waterbending Master Competitive Brawl BrawlREC 2026-07 has won!

Game Outcome: Turn 10
Game Outcome: Ai(1)-Lathril Alternate Supplied has won because all opponents have lost
Game Outcome: Ai(2)-Katara, Waterbending Master Competitive Brawl BrawlREC 2026-07 has lost because life total reached 0
Match Result: Ai(1)-Lathril Alternate Supplied: 44 Ai(2)-Katara, Waterbending Master Competitive Brawl BrawlREC 2026-07: 6

Game Result: Game 50 ended in 3322 ms. Ai(1)-Lathril Alternate Supplied has won!
