Error handling registered!
18:55:27 [INFO ] GuiBase: ##########################################
18:55:27 [INFO ] GuiBase: APP: Forge v.2.0.14-SNAPSHOT-08.08
18:55:27 [INFO ] GuiBase: Java: 17.0.17 (Homebrew)
18:55:27 [INFO ] GuiBase: OS: Mac OS X 15.5 aarch64
18:55:27 [INFO ] GuiBase: RAM: 4096 MB max, 8 CPUs
18:55:27 [INFO ] GuiBase: ##########################################
Language 'en-US' loaded successfully.
(ThreadUtil first call): Running with priority 5
Read cards: 33617 archived files in 1 ms (25 parts) using thread pool
Upcoming set Star Trek (TRK) dated in the future. All `upcoming` cards will be added to this set with unknown rarity.
The card A-Alrund's Epiphany was not assigned to any set. Adding it to UNKNOWN set... to fix see res/editions/ folder.
The card A-Baba Lysaga, Night Witch was not assigned to any set. Adding it to UNKNOWN set... to fix see res/editions/ folder.
The card A-Divide by Zero was not assigned to any set. Adding it to UNKNOWN set... to fix see res/editions/ folder.
The card A-Esika's Chariot was not assigned to any set. Adding it to UNKNOWN set... to fix see res/editions/ folder.
The card A-Faceless Haven was not assigned to any set. Adding it to UNKNOWN set... to fix see res/editions/ folder.
The card A-Fires of Invention was not assigned to any set. Adding it to UNKNOWN set... to fix see res/editions/ folder.
The card A-Goldspan Dragon was not assigned to any set. Adding it to UNKNOWN set... to fix see res/editions/ folder.
The card A-Hullbreaker Horror was not assigned to any set. Adding it to UNKNOWN set... to fix see res/editions/ folder.
The card A-Kumano Faces Kakkazan was not assigned to any set. Adding it to UNKNOWN set... to fix see res/editions/ folder.
The card A-Luminarch Aspirant was not assigned to any set. Adding it to UNKNOWN set... to fix see res/editions/ folder.
The card A-Monster Manual was not assigned to any set. Adding it to UNKNOWN set... to fix see res/editions/ folder.
The card A-Omnath, Locus of Creation was not assigned to any set. Adding it to UNKNOWN set... to fix see res/editions/ folder.
The card A-The Meathook Massacre was not assigned to any set. Adding it to UNKNOWN set... to fix see res/editions/ folder.
The card A-Unholy Heat was not assigned to any set. Adding it to UNKNOWN set... to fix see res/editions/ folder.
The card Blinding Radiance was not assigned to any set. Adding it to UNKNOWN set... to fix see res/editions/ folder.
The card Goblin Bruiser was not assigned to any set. Adding it to UNKNOWN set... to fix see res/editions/ folder.
The card Ogre Painbringer was not assigned to any set. Adding it to UNKNOWN set... to fix see res/editions/ folder.
The card Titanic Pelagosaur was not assigned to any set. Adding it to UNKNOWN set... to fix see res/editions/ folder.
The card Treetop Recluse was not assigned to any set. Adding it to UNKNOWN set... to fix see res/editions/ folder.
Upcoming set Star Trek (TRK) dated in the future. All `upcoming` cards will be added to this set with unknown rarity.
Read cards: 836 files in 0 ms (8 parts) using thread pool
Simulation mode
Ai(1)-Raffine Competitive Brawl MTGDecks 2026-07 vs Ai(2)-Lathril Alternate Supplied - fifty  games of Brawl seed 33036
Game Outcome: Turn 9
Game Outcome: Ai(1)-Raffine Competitive Brawl MTGDecks 2026-07 has won because all opponents have lost
Game Outcome: Ai(2)-Lathril Alternate Supplied has lost because life total reached 0
Match Result: Ai(1)-Raffine Competitive Brawl MTGDecks 2026-07: 1 Ai(2)-Lathril Alternate Supplied: 0

Game Result: Game 1 ended in 7327 ms. Ai(1)-Raffine Competitive Brawl MTGDecks 2026-07 has won!

Game Outcome: Turn 11
Game Outcome: Ai(1)-Raffine Competitive Brawl MTGDecks 2026-07 has lost because life total reached 0
Game Outcome: Ai(2)-Lathril Alternate Supplied has won because all opponents have lost
Match Result: Ai(1)-Raffine Competitive Brawl MTGDecks 2026-07: 1 Ai(2)-Lathril Alternate Supplied: 1

Game Result: Game 2 ended in 11222 ms. Ai(2)-Lathril Alternate Supplied has won!

Game Outcome: Turn 8
Game Outcome: Ai(1)-Raffine Competitive Brawl MTGDecks 2026-07 has lost because life total reached 0
Game Outcome: Ai(2)-Lathril Alternate Supplied has won because all opponents have lost
Match Result: Ai(1)-Raffine Competitive Brawl MTGDecks 2026-07: 1 Ai(2)-Lathril Alternate Supplied: 2

Game Result: Game 3 ended in 5326 ms. Ai(2)-Lathril Alternate Supplied has won!

Game Outcome: Turn 7
Game Outcome: Ai(1)-Raffine Competitive Brawl MTGDecks 2026-07 has lost because life total reached 0
Game Outcome: Ai(2)-Lathril Alternate Supplied has won because all opponents have lost
Match Result: Ai(1)-Raffine Competitive Brawl MTGDecks 2026-07: 1 Ai(2)-Lathril Alternate Supplied: 3

Game Result: Game 4 ended in 3785 ms. Ai(2)-Lathril Alternate Supplied has won!

Game Outcome: Turn 9
Game Outcome: Ai(1)-Raffine Competitive Brawl MTGDecks 2026-07 has won because all opponents have lost
Game Outcome: Ai(2)-Lathril Alternate Supplied has lost because life total reached 0
Match Result: Ai(1)-Raffine Competitive Brawl MTGDecks 2026-07: 2 Ai(2)-Lathril Alternate Supplied: 3

Game Result: Game 5 ended in 9538 ms. Ai(1)-Raffine Competitive Brawl MTGDecks 2026-07 has won!

Game Outcome: Turn 6
Game Outcome: Ai(1)-Raffine Competitive Brawl MTGDecks 2026-07 has lost because life total reached 0
Game Outcome: Ai(2)-Lathril Alternate Supplied has won because all opponents have lost
Match Result: Ai(1)-Raffine Competitive Brawl MTGDecks 2026-07: 2 Ai(2)-Lathril Alternate Supplied: 4

Game Result: Game 6 ended in 1787 ms. Ai(2)-Lathril Alternate Supplied has won!

Game Outcome: Turn 10
Game Outcome: Ai(1)-Raffine Competitive Brawl MTGDecks 2026-07 has lost because life total reached 0
Game Outcome: Ai(2)-Lathril Alternate Supplied has won because all opponents have lost
Match Result: Ai(1)-Raffine Competitive Brawl MTGDecks 2026-07: 2 Ai(2)-Lathril Alternate Supplied: 5

Game Result: Game 7 ended in 6145 ms. Ai(2)-Lathril Alternate Supplied has won!

Game Outcome: Turn 9
Game Outcome: Ai(1)-Raffine Competitive Brawl MTGDecks 2026-07 has won because all opponents have lost
Game Outcome: Ai(2)-Lathril Alternate Supplied has lost because life total reached 0
Match Result: Ai(1)-Raffine Competitive Brawl MTGDecks 2026-07: 3 Ai(2)-Lathril Alternate Supplied: 5

Game Result: Game 8 ended in 3963 ms. Ai(1)-Raffine Competitive Brawl MTGDecks 2026-07 has won!

Game Outcome: Turn 6
Game Outcome: Ai(1)-Raffine Competitive Brawl MTGDecks 2026-07 has lost because life total reached 0
Game Outcome: Ai(2)-Lathril Alternate Supplied has won because all opponents have lost
Match Result: Ai(1)-Raffine Competitive Brawl MTGDecks 2026-07: 3 Ai(2)-Lathril Alternate Supplied: 6

Game Result: Game 9 ended in 2717 ms. Ai(2)-Lathril Alternate Supplied has won!

Game Outcome: Turn 7
Game Outcome: Ai(1)-Raffine Competitive Brawl MTGDecks 2026-07 has lost because life total reached 0
Game Outcome: Ai(2)-Lathril Alternate Supplied has won because all opponents have lost
Match Result: Ai(1)-Raffine Competitive Brawl MTGDecks 2026-07: 3 Ai(2)-Lathril Alternate Supplied: 7

Game Result: Game 10 ended in 6086 ms. Ai(2)-Lathril Alternate Supplied has won!

Game Outcome: Turn 7
Game Outcome: Ai(1)-Raffine Competitive Brawl MTGDecks 2026-07 has lost because life total reached 0
Game Outcome: Ai(2)-Lathril Alternate Supplied has won because all opponents have lost
Match Result: Ai(1)-Raffine Competitive Brawl MTGDecks 2026-07: 3 Ai(2)-Lathril Alternate Supplied: 8

Game Result: Game 11 ended in 2440 ms. Ai(2)-Lathril Alternate Supplied has won!

Game Outcome: Turn 17
Game Outcome: Ai(1)-Raffine Competitive Brawl MTGDecks 2026-07 has lost because life total reached 0
Game Outcome: Ai(2)-Lathril Alternate Supplied has won because all opponents have lost
Match Result: Ai(1)-Raffine Competitive Brawl MTGDecks 2026-07: 3 Ai(2)-Lathril Alternate Supplied: 9

Game Result: Game 12 ended in 102977 ms. Ai(2)-Lathril Alternate Supplied has won!

Game Outcome: Turn 9
Game Outcome: Ai(1)-Raffine Competitive Brawl MTGDecks 2026-07 has lost because life total reached 0
Game Outcome: Ai(2)-Lathril Alternate Supplied has won because all opponents have lost
Match Result: Ai(1)-Raffine Competitive Brawl MTGDecks 2026-07: 3 Ai(2)-Lathril Alternate Supplied: 10

Game Result: Game 13 ended in 3278 ms. Ai(2)-Lathril Alternate Supplied has won!

Game Outcome: Turn 11
Game Outcome: Ai(1)-Raffine Competitive Brawl MTGDecks 2026-07 has lost because life total reached 0
Game Outcome: Ai(2)-Lathril Alternate Supplied has won because all opponents have lost
Match Result: Ai(1)-Raffine Competitive Brawl MTGDecks 2026-07: 3 Ai(2)-Lathril Alternate Supplied: 11

Game Result: Game 14 ended in 1893 ms. Ai(2)-Lathril Alternate Supplied has won!

Game Outcome: Turn 8
Game Outcome: Ai(1)-Raffine Competitive Brawl MTGDecks 2026-07 has won because all opponents have lost
Game Outcome: Ai(2)-Lathril Alternate Supplied has lost because life total reached 0
Match Result: Ai(1)-Raffine Competitive Brawl MTGDecks 2026-07: 4 Ai(2)-Lathril Alternate Supplied: 11

Game Result: Game 15 ended in 2305 ms. Ai(1)-Raffine Competitive Brawl MTGDecks 2026-07 has won!

Game Outcome: Turn 12
Game Outcome: Ai(1)-Raffine Competitive Brawl MTGDecks 2026-07 has lost because life total reached 0
Game Outcome: Ai(2)-Lathril Alternate Supplied has won because all opponents have lost
Match Result: Ai(1)-Raffine Competitive Brawl MTGDecks 2026-07: 4 Ai(2)-Lathril Alternate Supplied: 12

Game Result: Game 16 ended in 2414 ms. Ai(2)-Lathril Alternate Supplied has won!

Game Outcome: Turn 10
Game Outcome: Ai(1)-Raffine Competitive Brawl MTGDecks 2026-07 has won because all opponents have lost
Game Outcome: Ai(2)-Lathril Alternate Supplied has lost because life total reached 0
Match Result: Ai(1)-Raffine Competitive Brawl MTGDecks 2026-07: 5 Ai(2)-Lathril Alternate Supplied: 12

Game Result: Game 17 ended in 1737 ms. Ai(1)-Raffine Competitive Brawl MTGDecks 2026-07 has won!

Game Outcome: Turn 10
Game Outcome: Ai(1)-Raffine Competitive Brawl MTGDecks 2026-07 has won because all opponents have lost
Game Outcome: Ai(2)-Lathril Alternate Supplied has lost because life total reached 0
Match Result: Ai(1)-Raffine Competitive Brawl MTGDecks 2026-07: 6 Ai(2)-Lathril Alternate Supplied: 12

Game Result: Game 18 ended in 2082 ms. Ai(1)-Raffine Competitive Brawl MTGDecks 2026-07 has won!

Game Outcome: Turn 8
Game Outcome: Ai(1)-Raffine Competitive Brawl MTGDecks 2026-07 has won because all opponents have lost
Game Outcome: Ai(2)-Lathril Alternate Supplied has lost because life total reached 0
Match Result: Ai(1)-Raffine Competitive Brawl MTGDecks 2026-07: 7 Ai(2)-Lathril Alternate Supplied: 12

Game Result: Game 19 ended in 1412 ms. Ai(1)-Raffine Competitive Brawl MTGDecks 2026-07 has won!

Game Outcome: Turn 9
Game Outcome: Ai(1)-Raffine Competitive Brawl MTGDecks 2026-07 has won because all opponents have lost
Game Outcome: Ai(2)-Lathril Alternate Supplied has lost because life total reached 0
Match Result: Ai(1)-Raffine Competitive Brawl MTGDecks 2026-07: 8 Ai(2)-Lathril Alternate Supplied: 12

Game Result: Game 20 ended in 6964 ms. Ai(1)-Raffine Competitive Brawl MTGDecks 2026-07 has won!

Game Outcome: Turn 10
Game Outcome: Ai(1)-Raffine Competitive Brawl MTGDecks 2026-07 has lost because life total reached 0
Game Outcome: Ai(2)-Lathril Alternate Supplied has won because all opponents have lost
Match Result: Ai(1)-Raffine Competitive Brawl MTGDecks 2026-07: 8 Ai(2)-Lathril Alternate Supplied: 13

Game Result: Game 21 ended in 5340 ms. Ai(2)-Lathril Alternate Supplied has won!

Game Outcome: Turn 10
Game Outcome: Ai(1)-Raffine Competitive Brawl MTGDecks 2026-07 has won because all opponents have lost
Game Outcome: Ai(2)-Lathril Alternate Supplied has lost because life total reached 0
Match Result: Ai(1)-Raffine Competitive Brawl MTGDecks 2026-07: 9 Ai(2)-Lathril Alternate Supplied: 13

Game Result: Game 22 ended in 4873 ms. Ai(1)-Raffine Competitive Brawl MTGDecks 2026-07 has won!

Game Outcome: Turn 11
Game Outcome: Ai(1)-Raffine Competitive Brawl MTGDecks 2026-07 has lost because life total reached 0
Game Outcome: Ai(2)-Lathril Alternate Supplied has won because all opponents have lost
Match Result: Ai(1)-Raffine Competitive Brawl MTGDecks 2026-07: 9 Ai(2)-Lathril Alternate Supplied: 14

Game Result: Game 23 ended in 2559 ms. Ai(2)-Lathril Alternate Supplied has won!

Game Outcome: Turn 8
Game Outcome: Ai(1)-Raffine Competitive Brawl MTGDecks 2026-07 has lost because life total reached 0
Game Outcome: Ai(2)-Lathril Alternate Supplied has won because all opponents have lost
Match Result: Ai(1)-Raffine Competitive Brawl MTGDecks 2026-07: 9 Ai(2)-Lathril Alternate Supplied: 15

Game Result: Game 24 ended in 2272 ms. Ai(2)-Lathril Alternate Supplied has won!

Game Outcome: Turn 7
Game Outcome: Ai(1)-Raffine Competitive Brawl MTGDecks 2026-07 has lost because life total reached 0
Game Outcome: Ai(2)-Lathril Alternate Supplied has won because all opponents have lost
Match Result: Ai(1)-Raffine Competitive Brawl MTGDecks 2026-07: 9 Ai(2)-Lathril Alternate Supplied: 16

Game Result: Game 25 ended in 2065 ms. Ai(2)-Lathril Alternate Supplied has won!

Game Outcome: Turn 11
Game Outcome: Ai(1)-Raffine Competitive Brawl MTGDecks 2026-07 has lost because life total reached 0
Game Outcome: Ai(2)-Lathril Alternate Supplied has won because all opponents have lost
Match Result: Ai(1)-Raffine Competitive Brawl MTGDecks 2026-07: 9 Ai(2)-Lathril Alternate Supplied: 17

Game Result: Game 26 ended in 15014 ms. Ai(2)-Lathril Alternate Supplied has won!

Game Outcome: Turn 8
Game Outcome: Ai(1)-Raffine Competitive Brawl MTGDecks 2026-07 has won because all opponents have lost
Game Outcome: Ai(2)-Lathril Alternate Supplied has lost because life total reached 0
Match Result: Ai(1)-Raffine Competitive Brawl MTGDecks 2026-07: 10 Ai(2)-Lathril Alternate Supplied: 17

Game Result: Game 27 ended in 5707 ms. Ai(1)-Raffine Competitive Brawl MTGDecks 2026-07 has won!

Game Outcome: Turn 7
Game Outcome: Ai(1)-Raffine Competitive Brawl MTGDecks 2026-07 has lost because life total reached 0
Game Outcome: Ai(2)-Lathril Alternate Supplied has won because all opponents have lost
Match Result: Ai(1)-Raffine Competitive Brawl MTGDecks 2026-07: 10 Ai(2)-Lathril Alternate Supplied: 18

Game Result: Game 28 ended in 1586 ms. Ai(2)-Lathril Alternate Supplied has won!

Game Outcome: Turn 7
Game Outcome: Ai(1)-Raffine Competitive Brawl MTGDecks 2026-07 has lost because life total reached 0
Game Outcome: Ai(2)-Lathril Alternate Supplied has won because all opponents have lost
Match Result: Ai(1)-Raffine Competitive Brawl MTGDecks 2026-07: 10 Ai(2)-Lathril Alternate Supplied: 19

Game Result: Game 29 ended in 1833 ms. Ai(2)-Lathril Alternate Supplied has won!

Game Outcome: Turn 10
Game Outcome: Ai(1)-Raffine Competitive Brawl MTGDecks 2026-07 has lost because life total reached 0
Game Outcome: Ai(2)-Lathril Alternate Supplied has won because all opponents have lost
Match Result: Ai(1)-Raffine Competitive Brawl MTGDecks 2026-07: 10 Ai(2)-Lathril Alternate Supplied: 20

Game Result: Game 30 ended in 7024 ms. Ai(2)-Lathril Alternate Supplied has won!

Game Outcome: Turn 7
Game Outcome: Ai(1)-Raffine Competitive Brawl MTGDecks 2026-07 has lost because life total reached 0
Game Outcome: Ai(2)-Lathril Alternate Supplied has won because all opponents have lost
Match Result: Ai(1)-Raffine Competitive Brawl MTGDecks 2026-07: 10 Ai(2)-Lathril Alternate Supplied: 21

Game Result: Game 31 ended in 2246 ms. Ai(2)-Lathril Alternate Supplied has won!

Game Outcome: Turn 8
Game Outcome: Ai(1)-Raffine Competitive Brawl MTGDecks 2026-07 has lost because life total reached 0
Game Outcome: Ai(2)-Lathril Alternate Supplied has won because all opponents have lost
Match Result: Ai(1)-Raffine Competitive Brawl MTGDecks 2026-07: 10 Ai(2)-Lathril Alternate Supplied: 22

Game Result: Game 32 ended in 2069 ms. Ai(2)-Lathril Alternate Supplied has won!

Game Outcome: Turn 7
Game Outcome: Ai(1)-Raffine Competitive Brawl MTGDecks 2026-07 has lost because life total reached 0
Game Outcome: Ai(2)-Lathril Alternate Supplied has won because all opponents have lost
Match Result: Ai(1)-Raffine Competitive Brawl MTGDecks 2026-07: 10 Ai(2)-Lathril Alternate Supplied: 23

Game Result: Game 33 ended in 1266 ms. Ai(2)-Lathril Alternate Supplied has won!

Game Outcome: Turn 13
Game Outcome: Ai(1)-Raffine Competitive Brawl MTGDecks 2026-07 has won because all opponents have lost
Game Outcome: Ai(2)-Lathril Alternate Supplied has lost because life total reached 0
Match Result: Ai(1)-Raffine Competitive Brawl MTGDecks 2026-07: 11 Ai(2)-Lathril Alternate Supplied: 23

Game Result: Game 34 ended in 4844 ms. Ai(1)-Raffine Competitive Brawl MTGDecks 2026-07 has won!

Game Outcome: Turn 7
Game Outcome: Ai(1)-Raffine Competitive Brawl MTGDecks 2026-07 has lost because life total reached 0
Game Outcome: Ai(2)-Lathril Alternate Supplied has won because all opponents have lost
Match Result: Ai(1)-Raffine Competitive Brawl MTGDecks 2026-07: 11 Ai(2)-Lathril Alternate Supplied: 24

Game Result: Game 35 ended in 1516 ms. Ai(2)-Lathril Alternate Supplied has won!

Game Outcome: Turn 9
Game Outcome: Ai(1)-Raffine Competitive Brawl MTGDecks 2026-07 has won because all opponents have lost
Game Outcome: Ai(2)-Lathril Alternate Supplied has lost because life total reached 0
Match Result: Ai(1)-Raffine Competitive Brawl MTGDecks 2026-07: 12 Ai(2)-Lathril Alternate Supplied: 24

Game Result: Game 36 ended in 1359 ms. Ai(1)-Raffine Competitive Brawl MTGDecks 2026-07 has won!

Game Outcome: Turn 7
Game Outcome: Ai(1)-Raffine Competitive Brawl MTGDecks 2026-07 has lost because life total reached 0
Game Outcome: Ai(2)-Lathril Alternate Supplied has won because all opponents have lost
Match Result: Ai(1)-Raffine Competitive Brawl MTGDecks 2026-07: 12 Ai(2)-Lathril Alternate Supplied: 25

Game Result: Game 37 ended in 896 ms. Ai(2)-Lathril Alternate Supplied has won!

Game Outcome: Turn 10
Game Outcome: Ai(1)-Raffine Competitive Brawl MTGDecks 2026-07 has lost because life total reached 0
Game Outcome: Ai(2)-Lathril Alternate Supplied has won because all opponents have lost
Match Result: Ai(1)-Raffine Competitive Brawl MTGDecks 2026-07: 12 Ai(2)-Lathril Alternate Supplied: 26

Game Result: Game 38 ended in 2131 ms. Ai(2)-Lathril Alternate Supplied has won!

Game Outcome: Turn 10
Game Outcome: Ai(1)-Raffine Competitive Brawl MTGDecks 2026-07 has won because all opponents have lost
Game Outcome: Ai(2)-Lathril Alternate Supplied has lost because life total reached 0
Match Result: Ai(1)-Raffine Competitive Brawl MTGDecks 2026-07: 13 Ai(2)-Lathril Alternate Supplied: 26

Game Result: Game 39 ended in 1865 ms. Ai(1)-Raffine Competitive Brawl MTGDecks 2026-07 has won!

Game Outcome: Turn 9
Game Outcome: Ai(1)-Raffine Competitive Brawl MTGDecks 2026-07 has lost because life total reached 0
Game Outcome: Ai(2)-Lathril Alternate Supplied has won because all opponents have lost
Match Result: Ai(1)-Raffine Competitive Brawl MTGDecks 2026-07: 13 Ai(2)-Lathril Alternate Supplied: 27

Game Result: Game 40 ended in 1513 ms. Ai(2)-Lathril Alternate Supplied has won!

Game Outcome: Turn 8
Game Outcome: Ai(1)-Raffine Competitive Brawl MTGDecks 2026-07 has lost because life total reached 0
Game Outcome: Ai(2)-Lathril Alternate Supplied has won because all opponents have lost
Match Result: Ai(1)-Raffine Competitive Brawl MTGDecks 2026-07: 13 Ai(2)-Lathril Alternate Supplied: 28

Game Result: Game 41 ended in 1605 ms. Ai(2)-Lathril Alternate Supplied has won!

Game Outcome: Turn 6
Game Outcome: Ai(1)-Raffine Competitive Brawl MTGDecks 2026-07 has lost because life total reached 0
Game Outcome: Ai(2)-Lathril Alternate Supplied has won because all opponents have lost
Match Result: Ai(1)-Raffine Competitive Brawl MTGDecks 2026-07: 13 Ai(2)-Lathril Alternate Supplied: 29

Game Result: Game 42 ended in 891 ms. Ai(2)-Lathril Alternate Supplied has won!

Game Outcome: Turn 12
Game Outcome: Ai(1)-Raffine Competitive Brawl MTGDecks 2026-07 has won because all opponents have lost
Game Outcome: Ai(2)-Lathril Alternate Supplied has lost because life total reached 0
Match Result: Ai(1)-Raffine Competitive Brawl MTGDecks 2026-07: 14 Ai(2)-Lathril Alternate Supplied: 29

Game Result: Game 43 ended in 7044 ms. Ai(1)-Raffine Competitive Brawl MTGDecks 2026-07 has won!

Game Outcome: Turn 19
Game Outcome: Ai(1)-Raffine Competitive Brawl MTGDecks 2026-07 has won because all opponents have lost
Game Outcome: Ai(2)-Lathril Alternate Supplied has lost because life total reached 0
Match Result: Ai(1)-Raffine Competitive Brawl MTGDecks 2026-07: 15 Ai(2)-Lathril Alternate Supplied: 29

Game Result: Game 44 ended in 26944 ms. Ai(1)-Raffine Competitive Brawl MTGDecks 2026-07 has won!

Game Outcome: Turn 9
Game Outcome: Ai(1)-Raffine Competitive Brawl MTGDecks 2026-07 has lost because life total reached 0
Game Outcome: Ai(2)-Lathril Alternate Supplied has won because all opponents have lost
Match Result: Ai(1)-Raffine Competitive Brawl MTGDecks 2026-07: 15 Ai(2)-Lathril Alternate Supplied: 30

Game Result: Game 45 ended in 4752 ms. Ai(2)-Lathril Alternate Supplied has won!

Game Outcome: Turn 7
Game Outcome: Ai(1)-Raffine Competitive Brawl MTGDecks 2026-07 has won because all opponents have lost
Game Outcome: Ai(2)-Lathril Alternate Supplied has lost because life total reached 0
Match Result: Ai(1)-Raffine Competitive Brawl MTGDecks 2026-07: 16 Ai(2)-Lathril Alternate Supplied: 30

Game Result: Game 46 ended in 969 ms. Ai(1)-Raffine Competitive Brawl MTGDecks 2026-07 has won!

Game Outcome: Turn 9
Game Outcome: Ai(1)-Raffine Competitive Brawl MTGDecks 2026-07 has lost because life total reached 0
Game Outcome: Ai(2)-Lathril Alternate Supplied has won because all opponents have lost
Match Result: Ai(1)-Raffine Competitive Brawl MTGDecks 2026-07: 16 Ai(2)-Lathril Alternate Supplied: 31

Game Result: Game 47 ended in 3254 ms. Ai(2)-Lathril Alternate Supplied has won!

Game Outcome: Turn 9
Game Outcome: Ai(1)-Raffine Competitive Brawl MTGDecks 2026-07 has won because all opponents have lost
Game Outcome: Ai(2)-Lathril Alternate Supplied has lost because life total reached 0
Match Result: Ai(1)-Raffine Competitive Brawl MTGDecks 2026-07: 17 Ai(2)-Lathril Alternate Supplied: 31

Game Result: Game 48 ended in 1371 ms. Ai(1)-Raffine Competitive Brawl MTGDecks 2026-07 has won!

Game Outcome: Turn 10
Game Outcome: Ai(1)-Raffine Competitive Brawl MTGDecks 2026-07 has lost because life total reached 0
Game Outcome: Ai(2)-Lathril Alternate Supplied has won because all opponents have lost
Match Result: Ai(1)-Raffine Competitive Brawl MTGDecks 2026-07: 17 Ai(2)-Lathril Alternate Supplied: 32

Game Result: Game 49 ended in 1770 ms. Ai(2)-Lathril Alternate Supplied has won!

Game Outcome: Turn 7
Game Outcome: Ai(1)-Raffine Competitive Brawl MTGDecks 2026-07 has lost because life total reached 0
Game Outcome: Ai(2)-Lathril Alternate Supplied has won because all opponents have lost
Match Result: Ai(1)-Raffine Competitive Brawl MTGDecks 2026-07: 17 Ai(2)-Lathril Alternate Supplied: 33

Game Result: Game 50 ended in 1409 ms. Ai(2)-Lathril Alternate Supplied has won!
