Error handling registered!
17:50:55 [INFO ] GuiBase: ##########################################
17:50:55 [INFO ] GuiBase: APP: Forge v.2.0.14-SNAPSHOT-08.08
17:50:55 [INFO ] GuiBase: Java: 17.0.17 (Homebrew)
17:50:55 [INFO ] GuiBase: OS: Mac OS X 15.5 aarch64
17:50:55 [INFO ] GuiBase: RAM: 4096 MB max, 8 CPUs
17:50:55 [INFO ] GuiBase: ##########################################
Language 'en-US' loaded successfully.
(ThreadUtil first call): Running with priority 5
Read cards: 33617 archived files in 1 ms (25 parts) using thread pool
Upcoming set Star Trek (TRK) dated in the future. All `upcoming` cards will be added to this set with unknown rarity.
The card A-Alrund's Epiphany was not assigned to any set. Adding it to UNKNOWN set... to fix see res/editions/ folder.
The card A-Baba Lysaga, Night Witch was not assigned to any set. Adding it to UNKNOWN set... to fix see res/editions/ folder.
The card A-Divide by Zero was not assigned to any set. Adding it to UNKNOWN set... to fix see res/editions/ folder.
The card A-Esika's Chariot was not assigned to any set. Adding it to UNKNOWN set... to fix see res/editions/ folder.
The card A-Faceless Haven was not assigned to any set. Adding it to UNKNOWN set... to fix see res/editions/ folder.
The card A-Fires of Invention was not assigned to any set. Adding it to UNKNOWN set... to fix see res/editions/ folder.
The card A-Goldspan Dragon was not assigned to any set. Adding it to UNKNOWN set... to fix see res/editions/ folder.
The card A-Hullbreaker Horror was not assigned to any set. Adding it to UNKNOWN set... to fix see res/editions/ folder.
The card A-Kumano Faces Kakkazan was not assigned to any set. Adding it to UNKNOWN set... to fix see res/editions/ folder.
The card A-Luminarch Aspirant was not assigned to any set. Adding it to UNKNOWN set... to fix see res/editions/ folder.
The card A-Monster Manual was not assigned to any set. Adding it to UNKNOWN set... to fix see res/editions/ folder.
The card A-Omnath, Locus of Creation was not assigned to any set. Adding it to UNKNOWN set... to fix see res/editions/ folder.
The card A-The Meathook Massacre was not assigned to any set. Adding it to UNKNOWN set... to fix see res/editions/ folder.
The card A-Unholy Heat was not assigned to any set. Adding it to UNKNOWN set... to fix see res/editions/ folder.
The card Blinding Radiance was not assigned to any set. Adding it to UNKNOWN set... to fix see res/editions/ folder.
The card Goblin Bruiser was not assigned to any set. Adding it to UNKNOWN set... to fix see res/editions/ folder.
The card Ogre Painbringer was not assigned to any set. Adding it to UNKNOWN set... to fix see res/editions/ folder.
The card Titanic Pelagosaur was not assigned to any set. Adding it to UNKNOWN set... to fix see res/editions/ folder.
The card Treetop Recluse was not assigned to any set. Adding it to UNKNOWN set... to fix see res/editions/ folder.
Upcoming set Star Trek (TRK) dated in the future. All `upcoming` cards will be added to this set with unknown rarity.
Read cards: 836 files in 0 ms (8 parts) using thread pool
Simulation mode
Ai(1)-Sephiroth Sacrifice Supplied vs Ai(2)-Nashi Competitive Brawl BrawlREC 2026-07 - fifty  games of Brawl seed 33001
Game Outcome: Turn 9
Game Outcome: Ai(1)-Sephiroth Sacrifice Supplied has won because all opponents have lost
Game Outcome: Ai(2)-Nashi Competitive Brawl BrawlREC 2026-07 has lost because life total reached 0
Match Result: Ai(1)-Sephiroth Sacrifice Supplied: 1 Ai(2)-Nashi Competitive Brawl BrawlREC 2026-07: 0

Game Result: Game 1 ended in 9729 ms. Ai(1)-Sephiroth Sacrifice Supplied has won!

Game Outcome: Turn 6
Game Outcome: Ai(1)-Sephiroth Sacrifice Supplied has won because all opponents have lost
Game Outcome: Ai(2)-Nashi Competitive Brawl BrawlREC 2026-07 has lost because life total reached 0
Match Result: Ai(1)-Sephiroth Sacrifice Supplied: 2 Ai(2)-Nashi Competitive Brawl BrawlREC 2026-07: 0

Game Result: Game 2 ended in 4825 ms. Ai(1)-Sephiroth Sacrifice Supplied has won!

Moving spell to Library
Game Outcome: Turn 11
Game Outcome: Ai(1)-Sephiroth Sacrifice Supplied has won because all opponents have lost
Game Outcome: Ai(2)-Nashi Competitive Brawl BrawlREC 2026-07 has lost because life total reached 0
Match Result: Ai(1)-Sephiroth Sacrifice Supplied: 3 Ai(2)-Nashi Competitive Brawl BrawlREC 2026-07: 0

Game Result: Game 3 ended in 9045 ms. Ai(1)-Sephiroth Sacrifice Supplied has won!

Moving spell to Library
Game Outcome: Turn 10
Game Outcome: Ai(1)-Sephiroth Sacrifice Supplied has won because all opponents have lost
Game Outcome: Ai(2)-Nashi Competitive Brawl BrawlREC 2026-07 has lost because life total reached 0
Match Result: Ai(1)-Sephiroth Sacrifice Supplied: 4 Ai(2)-Nashi Competitive Brawl BrawlREC 2026-07: 0

Game Result: Game 4 ended in 5221 ms. Ai(1)-Sephiroth Sacrifice Supplied has won!

Game Outcome: Turn 8
Game Outcome: Ai(1)-Sephiroth Sacrifice Supplied has won because all opponents have lost
Game Outcome: Ai(2)-Nashi Competitive Brawl BrawlREC 2026-07 has lost because life total reached 0
Match Result: Ai(1)-Sephiroth Sacrifice Supplied: 5 Ai(2)-Nashi Competitive Brawl BrawlREC 2026-07: 0

Game Result: Game 5 ended in 6120 ms. Ai(1)-Sephiroth Sacrifice Supplied has won!

Game Outcome: Turn 8
Game Outcome: Ai(1)-Sephiroth Sacrifice Supplied has won because all opponents have lost
Game Outcome: Ai(2)-Nashi Competitive Brawl BrawlREC 2026-07 has lost because life total reached 0
Match Result: Ai(1)-Sephiroth Sacrifice Supplied: 6 Ai(2)-Nashi Competitive Brawl BrawlREC 2026-07: 0

Game Result: Game 6 ended in 6111 ms. Ai(1)-Sephiroth Sacrifice Supplied has won!

Game Outcome: Turn 11
Game Outcome: Ai(1)-Sephiroth Sacrifice Supplied has lost because life total reached 0
Game Outcome: Ai(2)-Nashi Competitive Brawl BrawlREC 2026-07 has won because all opponents have lost
Match Result: Ai(1)-Sephiroth Sacrifice Supplied: 6 Ai(2)-Nashi Competitive Brawl BrawlREC 2026-07: 1

Game Result: Game 7 ended in 9997 ms. Ai(2)-Nashi Competitive Brawl BrawlREC 2026-07 has won!

Game Outcome: Turn 10
Game Outcome: Ai(1)-Sephiroth Sacrifice Supplied has won because all opponents have lost
Game Outcome: Ai(2)-Nashi Competitive Brawl BrawlREC 2026-07 has lost because life total reached 0
Match Result: Ai(1)-Sephiroth Sacrifice Supplied: 7 Ai(2)-Nashi Competitive Brawl BrawlREC 2026-07: 1

Game Result: Game 8 ended in 7485 ms. Ai(1)-Sephiroth Sacrifice Supplied has won!

Game Outcome: Turn 8
Game Outcome: Ai(1)-Sephiroth Sacrifice Supplied has lost because life total reached 0
Game Outcome: Ai(2)-Nashi Competitive Brawl BrawlREC 2026-07 has won because all opponents have lost
Match Result: Ai(1)-Sephiroth Sacrifice Supplied: 7 Ai(2)-Nashi Competitive Brawl BrawlREC 2026-07: 2

Game Result: Game 9 ended in 6259 ms. Ai(2)-Nashi Competitive Brawl BrawlREC 2026-07 has won!

Game Outcome: Turn 8
Game Outcome: Ai(1)-Sephiroth Sacrifice Supplied has won because all opponents have lost
Game Outcome: Ai(2)-Nashi Competitive Brawl BrawlREC 2026-07 has lost because life total reached 0
Match Result: Ai(1)-Sephiroth Sacrifice Supplied: 8 Ai(2)-Nashi Competitive Brawl BrawlREC 2026-07: 2

Game Result: Game 10 ended in 4339 ms. Ai(1)-Sephiroth Sacrifice Supplied has won!

Game Outcome: Turn 6
Game Outcome: Ai(1)-Sephiroth Sacrifice Supplied has won because all opponents have lost
Game Outcome: Ai(2)-Nashi Competitive Brawl BrawlREC 2026-07 has lost because life total reached 0
Match Result: Ai(1)-Sephiroth Sacrifice Supplied: 9 Ai(2)-Nashi Competitive Brawl BrawlREC 2026-07: 2

Game Result: Game 11 ended in 1817 ms. Ai(1)-Sephiroth Sacrifice Supplied has won!

Game Outcome: Turn 14
Game Outcome: Ai(1)-Sephiroth Sacrifice Supplied has lost because life total reached 0
Game Outcome: Ai(2)-Nashi Competitive Brawl BrawlREC 2026-07 has won because all opponents have lost
Match Result: Ai(1)-Sephiroth Sacrifice Supplied: 9 Ai(2)-Nashi Competitive Brawl BrawlREC 2026-07: 3

Game Result: Game 12 ended in 22169 ms. Ai(2)-Nashi Competitive Brawl BrawlREC 2026-07 has won!

Game Outcome: Turn 11
Game Outcome: Ai(1)-Sephiroth Sacrifice Supplied has won because all opponents have lost
Game Outcome: Ai(2)-Nashi Competitive Brawl BrawlREC 2026-07 has lost because life total reached 0
Match Result: Ai(1)-Sephiroth Sacrifice Supplied: 10 Ai(2)-Nashi Competitive Brawl BrawlREC 2026-07: 3

Game Result: Game 13 ended in 6089 ms. Ai(1)-Sephiroth Sacrifice Supplied has won!

Moving spell to Library
Game Outcome: Turn 7
Game Outcome: Ai(1)-Sephiroth Sacrifice Supplied has won because all opponents have lost
Game Outcome: Ai(2)-Nashi Competitive Brawl BrawlREC 2026-07 has lost because life total reached 0
Match Result: Ai(1)-Sephiroth Sacrifice Supplied: 11 Ai(2)-Nashi Competitive Brawl BrawlREC 2026-07: 3

Game Result: Game 14 ended in 3256 ms. Ai(1)-Sephiroth Sacrifice Supplied has won!

Game Outcome: Turn 15
Game Outcome: Ai(1)-Sephiroth Sacrifice Supplied has lost because life total reached 0
Game Outcome: Ai(2)-Nashi Competitive Brawl BrawlREC 2026-07 has won because all opponents have lost
Match Result: Ai(1)-Sephiroth Sacrifice Supplied: 11 Ai(2)-Nashi Competitive Brawl BrawlREC 2026-07: 4

Game Result: Game 15 ended in 24881 ms. Ai(2)-Nashi Competitive Brawl BrawlREC 2026-07 has won!

Game Outcome: Turn 21
Game Outcome: Ai(1)-Sephiroth Sacrifice Supplied has won because all opponents have lost
Game Outcome: Ai(2)-Nashi Competitive Brawl BrawlREC 2026-07 has lost because life total reached 0
Match Result: Ai(1)-Sephiroth Sacrifice Supplied: 12 Ai(2)-Nashi Competitive Brawl BrawlREC 2026-07: 4

Game Result: Game 16 ended in 19861 ms. Ai(1)-Sephiroth Sacrifice Supplied has won!

Game Outcome: Turn 11
Game Outcome: Ai(1)-Sephiroth Sacrifice Supplied has lost because life total reached 0
Game Outcome: Ai(2)-Nashi Competitive Brawl BrawlREC 2026-07 has won because all opponents have lost
Match Result: Ai(1)-Sephiroth Sacrifice Supplied: 12 Ai(2)-Nashi Competitive Brawl BrawlREC 2026-07: 5

Game Result: Game 17 ended in 5247 ms. Ai(2)-Nashi Competitive Brawl BrawlREC 2026-07 has won!

Game Outcome: Turn 8
Game Outcome: Ai(1)-Sephiroth Sacrifice Supplied has won because all opponents have lost
Game Outcome: Ai(2)-Nashi Competitive Brawl BrawlREC 2026-07 has lost because life total reached 0
Match Result: Ai(1)-Sephiroth Sacrifice Supplied: 13 Ai(2)-Nashi Competitive Brawl BrawlREC 2026-07: 5

Game Result: Game 18 ended in 2014 ms. Ai(1)-Sephiroth Sacrifice Supplied has won!

Game Outcome: Turn 9
Game Outcome: Ai(1)-Sephiroth Sacrifice Supplied has won because all opponents have lost
Game Outcome: Ai(2)-Nashi Competitive Brawl BrawlREC 2026-07 has lost because life total reached 0
Match Result: Ai(1)-Sephiroth Sacrifice Supplied: 14 Ai(2)-Nashi Competitive Brawl BrawlREC 2026-07: 5

Game Result: Game 19 ended in 2350 ms. Ai(1)-Sephiroth Sacrifice Supplied has won!

Game Outcome: Turn 10
Game Outcome: Ai(1)-Sephiroth Sacrifice Supplied has lost because life total reached 0
Game Outcome: Ai(2)-Nashi Competitive Brawl BrawlREC 2026-07 has won because all opponents have lost
Match Result: Ai(1)-Sephiroth Sacrifice Supplied: 14 Ai(2)-Nashi Competitive Brawl BrawlREC 2026-07: 6

Game Result: Game 20 ended in 5795 ms. Ai(2)-Nashi Competitive Brawl BrawlREC 2026-07 has won!

Game Outcome: Turn 20
Game Outcome: Ai(1)-Sephiroth Sacrifice Supplied has won because all opponents have lost
Game Outcome: Ai(2)-Nashi Competitive Brawl BrawlREC 2026-07 has lost because life total reached 0
Match Result: Ai(1)-Sephiroth Sacrifice Supplied: 15 Ai(2)-Nashi Competitive Brawl BrawlREC 2026-07: 6

Game Result: Game 21 ended in 31040 ms. Ai(1)-Sephiroth Sacrifice Supplied has won!

Game Outcome: Turn 15
Game Outcome: Ai(1)-Sephiroth Sacrifice Supplied has lost because life total reached 0
Game Outcome: Ai(2)-Nashi Competitive Brawl BrawlREC 2026-07 has won because all opponents have lost
Match Result: Ai(1)-Sephiroth Sacrifice Supplied: 15 Ai(2)-Nashi Competitive Brawl BrawlREC 2026-07: 7

Game Result: Game 22 ended in 8149 ms. Ai(2)-Nashi Competitive Brawl BrawlREC 2026-07 has won!

Game Outcome: Turn 7
Game Outcome: Ai(1)-Sephiroth Sacrifice Supplied has lost because life total reached 0
Game Outcome: Ai(2)-Nashi Competitive Brawl BrawlREC 2026-07 has won because all opponents have lost
Match Result: Ai(1)-Sephiroth Sacrifice Supplied: 15 Ai(2)-Nashi Competitive Brawl BrawlREC 2026-07: 8

Game Result: Game 23 ended in 2096 ms. Ai(2)-Nashi Competitive Brawl BrawlREC 2026-07 has won!

Game Outcome: Turn 10
Game Outcome: Ai(1)-Sephiroth Sacrifice Supplied has won because all opponents have lost
Game Outcome: Ai(2)-Nashi Competitive Brawl BrawlREC 2026-07 has lost because life total reached 0
Match Result: Ai(1)-Sephiroth Sacrifice Supplied: 16 Ai(2)-Nashi Competitive Brawl BrawlREC 2026-07: 8

Game Result: Game 24 ended in 2587 ms. Ai(1)-Sephiroth Sacrifice Supplied has won!

Game Outcome: Turn 8
Game Outcome: Ai(1)-Sephiroth Sacrifice Supplied has won because all opponents have lost
Game Outcome: Ai(2)-Nashi Competitive Brawl BrawlREC 2026-07 has lost because life total reached 0
Match Result: Ai(1)-Sephiroth Sacrifice Supplied: 17 Ai(2)-Nashi Competitive Brawl BrawlREC 2026-07: 8

Game Result: Game 25 ended in 1821 ms. Ai(1)-Sephiroth Sacrifice Supplied has won!

Game Outcome: Turn 22
Game Outcome: Ai(1)-Sephiroth Sacrifice Supplied has won because all opponents have lost
Game Outcome: Ai(2)-Nashi Competitive Brawl BrawlREC 2026-07 has lost because life total reached 0
Match Result: Ai(1)-Sephiroth Sacrifice Supplied: 18 Ai(2)-Nashi Competitive Brawl BrawlREC 2026-07: 8

Game Result: Game 26 ended in 43401 ms. Ai(1)-Sephiroth Sacrifice Supplied has won!

Moving spell to Library
Game Outcome: Turn 10
Game Outcome: Ai(1)-Sephiroth Sacrifice Supplied has won because all opponents have lost
Game Outcome: Ai(2)-Nashi Competitive Brawl BrawlREC 2026-07 has lost because life total reached 0
Match Result: Ai(1)-Sephiroth Sacrifice Supplied: 19 Ai(2)-Nashi Competitive Brawl BrawlREC 2026-07: 8

Game Result: Game 27 ended in 4717 ms. Ai(1)-Sephiroth Sacrifice Supplied has won!

Game Outcome: Turn 11
Game Outcome: Ai(1)-Sephiroth Sacrifice Supplied has won because all opponents have lost
Game Outcome: Ai(2)-Nashi Competitive Brawl BrawlREC 2026-07 has lost because life total reached 0
Match Result: Ai(1)-Sephiroth Sacrifice Supplied: 20 Ai(2)-Nashi Competitive Brawl BrawlREC 2026-07: 8

Game Result: Game 28 ended in 5297 ms. Ai(1)-Sephiroth Sacrifice Supplied has won!

Game Outcome: Turn 11
Game Outcome: Ai(1)-Sephiroth Sacrifice Supplied has lost because life total reached 0
Game Outcome: Ai(2)-Nashi Competitive Brawl BrawlREC 2026-07 has won because all opponents have lost
Match Result: Ai(1)-Sephiroth Sacrifice Supplied: 20 Ai(2)-Nashi Competitive Brawl BrawlREC 2026-07: 9

Game Result: Game 29 ended in 4167 ms. Ai(2)-Nashi Competitive Brawl BrawlREC 2026-07 has won!

Moving spell to Library
Game Outcome: Turn 12
Game Outcome: Ai(1)-Sephiroth Sacrifice Supplied has won because all opponents have lost
Game Outcome: Ai(2)-Nashi Competitive Brawl BrawlREC 2026-07 has lost because life total reached 0
Match Result: Ai(1)-Sephiroth Sacrifice Supplied: 21 Ai(2)-Nashi Competitive Brawl BrawlREC 2026-07: 9

Game Result: Game 30 ended in 5553 ms. Ai(1)-Sephiroth Sacrifice Supplied has won!

Moving spell to Library
Game Outcome: Turn 15
Game Outcome: Ai(1)-Sephiroth Sacrifice Supplied has won because all opponents have lost
Game Outcome: Ai(2)-Nashi Competitive Brawl BrawlREC 2026-07 has lost because life total reached 0
Match Result: Ai(1)-Sephiroth Sacrifice Supplied: 22 Ai(2)-Nashi Competitive Brawl BrawlREC 2026-07: 9

Game Result: Game 31 ended in 10201 ms. Ai(1)-Sephiroth Sacrifice Supplied has won!

Moving spell to Library
Game Outcome: Turn 8
Game Outcome: Ai(1)-Sephiroth Sacrifice Supplied has won because all opponents have lost
Game Outcome: Ai(2)-Nashi Competitive Brawl BrawlREC 2026-07 has lost because life total reached 0
Match Result: Ai(1)-Sephiroth Sacrifice Supplied: 23 Ai(2)-Nashi Competitive Brawl BrawlREC 2026-07: 9

Game Result: Game 32 ended in 5536 ms. Ai(1)-Sephiroth Sacrifice Supplied has won!

Game Outcome: Turn 10
Game Outcome: Ai(1)-Sephiroth Sacrifice Supplied has won because all opponents have lost
Game Outcome: Ai(2)-Nashi Competitive Brawl BrawlREC 2026-07 has lost because life total reached 0
Match Result: Ai(1)-Sephiroth Sacrifice Supplied: 24 Ai(2)-Nashi Competitive Brawl BrawlREC 2026-07: 9

Game Result: Game 33 ended in 5007 ms. Ai(1)-Sephiroth Sacrifice Supplied has won!

Game Outcome: Turn 11
Game Outcome: Ai(1)-Sephiroth Sacrifice Supplied has lost because life total reached 0
Game Outcome: Ai(2)-Nashi Competitive Brawl BrawlREC 2026-07 has won because all opponents have lost
Match Result: Ai(1)-Sephiroth Sacrifice Supplied: 24 Ai(2)-Nashi Competitive Brawl BrawlREC 2026-07: 10

Game Result: Game 34 ended in 7117 ms. Ai(2)-Nashi Competitive Brawl BrawlREC 2026-07 has won!

Moving spell to Library
Game Outcome: Turn 12
Game Outcome: Ai(1)-Sephiroth Sacrifice Supplied has won because all opponents have lost
Game Outcome: Ai(2)-Nashi Competitive Brawl BrawlREC 2026-07 has lost because life total reached 0
Match Result: Ai(1)-Sephiroth Sacrifice Supplied: 25 Ai(2)-Nashi Competitive Brawl BrawlREC 2026-07: 10

Game Result: Game 35 ended in 4618 ms. Ai(1)-Sephiroth Sacrifice Supplied has won!

Game Outcome: Turn 9
Game Outcome: Ai(1)-Sephiroth Sacrifice Supplied has lost because life total reached 0
Game Outcome: Ai(2)-Nashi Competitive Brawl BrawlREC 2026-07 has won because all opponents have lost
Match Result: Ai(1)-Sephiroth Sacrifice Supplied: 25 Ai(2)-Nashi Competitive Brawl BrawlREC 2026-07: 11

Game Result: Game 36 ended in 3124 ms. Ai(2)-Nashi Competitive Brawl BrawlREC 2026-07 has won!

Moving spell to Library
Game Outcome: Turn 9
Game Outcome: Ai(1)-Sephiroth Sacrifice Supplied has won because all opponents have lost
Game Outcome: Ai(2)-Nashi Competitive Brawl BrawlREC 2026-07 has lost because life total reached 0
Match Result: Ai(1)-Sephiroth Sacrifice Supplied: 26 Ai(2)-Nashi Competitive Brawl BrawlREC 2026-07: 11

Game Result: Game 37 ended in 1874 ms. Ai(1)-Sephiroth Sacrifice Supplied has won!

Game Outcome: Turn 8
Game Outcome: Ai(1)-Sephiroth Sacrifice Supplied has won because all opponents have lost
Game Outcome: Ai(2)-Nashi Competitive Brawl BrawlREC 2026-07 has lost because life total reached 0
Match Result: Ai(1)-Sephiroth Sacrifice Supplied: 27 Ai(2)-Nashi Competitive Brawl BrawlREC 2026-07: 11

Game Result: Game 38 ended in 1582 ms. Ai(1)-Sephiroth Sacrifice Supplied has won!

Game Outcome: Turn 8
Game Outcome: Ai(1)-Sephiroth Sacrifice Supplied has won because all opponents have lost
Game Outcome: Ai(2)-Nashi Competitive Brawl BrawlREC 2026-07 has lost because life total reached 0
Match Result: Ai(1)-Sephiroth Sacrifice Supplied: 28 Ai(2)-Nashi Competitive Brawl BrawlREC 2026-07: 11

Game Result: Game 39 ended in 2430 ms. Ai(1)-Sephiroth Sacrifice Supplied has won!

Game Outcome: Turn 9
Game Outcome: Ai(1)-Sephiroth Sacrifice Supplied has won because all opponents have lost
Game Outcome: Ai(2)-Nashi Competitive Brawl BrawlREC 2026-07 has lost because life total reached 0
Match Result: Ai(1)-Sephiroth Sacrifice Supplied: 29 Ai(2)-Nashi Competitive Brawl BrawlREC 2026-07: 11

Game Result: Game 40 ended in 2716 ms. Ai(1)-Sephiroth Sacrifice Supplied has won!

Game Outcome: Turn 20
Game Outcome: Ai(1)-Sephiroth Sacrifice Supplied has lost because life total reached 0
Game Outcome: Ai(2)-Nashi Competitive Brawl BrawlREC 2026-07 has won because all opponents have lost
Match Result: Ai(1)-Sephiroth Sacrifice Supplied: 29 Ai(2)-Nashi Competitive Brawl BrawlREC 2026-07: 12

Game Result: Game 41 ended in 18804 ms. Ai(2)-Nashi Competitive Brawl BrawlREC 2026-07 has won!

Game Outcome: Turn 8
Game Outcome: Ai(1)-Sephiroth Sacrifice Supplied has won because all opponents have lost
Game Outcome: Ai(2)-Nashi Competitive Brawl BrawlREC 2026-07 has lost because life total reached 0
Match Result: Ai(1)-Sephiroth Sacrifice Supplied: 30 Ai(2)-Nashi Competitive Brawl BrawlREC 2026-07: 12

Game Result: Game 42 ended in 830 ms. Ai(1)-Sephiroth Sacrifice Supplied has won!

Game Outcome: Turn 10
Game Outcome: Ai(1)-Sephiroth Sacrifice Supplied has lost because life total reached 0
Game Outcome: Ai(2)-Nashi Competitive Brawl BrawlREC 2026-07 has won because all opponents have lost
Match Result: Ai(1)-Sephiroth Sacrifice Supplied: 30 Ai(2)-Nashi Competitive Brawl BrawlREC 2026-07: 13

Game Result: Game 43 ended in 2623 ms. Ai(2)-Nashi Competitive Brawl BrawlREC 2026-07 has won!

Game Outcome: Turn 10
Game Outcome: Ai(1)-Sephiroth Sacrifice Supplied has won because all opponents have lost
Game Outcome: Ai(2)-Nashi Competitive Brawl BrawlREC 2026-07 has lost because life total reached 0
Match Result: Ai(1)-Sephiroth Sacrifice Supplied: 31 Ai(2)-Nashi Competitive Brawl BrawlREC 2026-07: 13

Game Result: Game 44 ended in 2794 ms. Ai(1)-Sephiroth Sacrifice Supplied has won!

Game Outcome: Turn 7
Game Outcome: Ai(1)-Sephiroth Sacrifice Supplied has won because all opponents have lost
Game Outcome: Ai(2)-Nashi Competitive Brawl BrawlREC 2026-07 has lost because life total reached 0
Match Result: Ai(1)-Sephiroth Sacrifice Supplied: 32 Ai(2)-Nashi Competitive Brawl BrawlREC 2026-07: 13

Game Result: Game 45 ended in 1112 ms. Ai(1)-Sephiroth Sacrifice Supplied has won!

Game Outcome: Turn 11
Game Outcome: Ai(1)-Sephiroth Sacrifice Supplied has won because all opponents have lost
Game Outcome: Ai(2)-Nashi Competitive Brawl BrawlREC 2026-07 has lost because life total reached 0
Match Result: Ai(1)-Sephiroth Sacrifice Supplied: 33 Ai(2)-Nashi Competitive Brawl BrawlREC 2026-07: 13

Game Result: Game 46 ended in 1632 ms. Ai(1)-Sephiroth Sacrifice Supplied has won!

Game Outcome: Turn 10
Game Outcome: Ai(1)-Sephiroth Sacrifice Supplied has lost because life total reached 0
Game Outcome: Ai(2)-Nashi Competitive Brawl BrawlREC 2026-07 has won because all opponents have lost
Match Result: Ai(1)-Sephiroth Sacrifice Supplied: 33 Ai(2)-Nashi Competitive Brawl BrawlREC 2026-07: 14

Game Result: Game 47 ended in 4859 ms. Ai(2)-Nashi Competitive Brawl BrawlREC 2026-07 has won!

Game Outcome: Turn 7
Game Outcome: Ai(1)-Sephiroth Sacrifice Supplied has won because all opponents have lost
Game Outcome: Ai(2)-Nashi Competitive Brawl BrawlREC 2026-07 has lost because life total reached 0
Match Result: Ai(1)-Sephiroth Sacrifice Supplied: 34 Ai(2)-Nashi Competitive Brawl BrawlREC 2026-07: 14

Game Result: Game 48 ended in 1095 ms. Ai(1)-Sephiroth Sacrifice Supplied has won!

Game Outcome: Turn 12
Game Outcome: Ai(1)-Sephiroth Sacrifice Supplied has lost because life total reached 0
Game Outcome: Ai(2)-Nashi Competitive Brawl BrawlREC 2026-07 has won because all opponents have lost
Match Result: Ai(1)-Sephiroth Sacrifice Supplied: 34 Ai(2)-Nashi Competitive Brawl BrawlREC 2026-07: 15

Game Result: Game 49 ended in 3046 ms. Ai(2)-Nashi Competitive Brawl BrawlREC 2026-07 has won!

Game Outcome: Turn 8
Game Outcome: Ai(1)-Sephiroth Sacrifice Supplied has won because all opponents have lost
Game Outcome: Ai(2)-Nashi Competitive Brawl BrawlREC 2026-07 has lost because life total reached 0
Match Result: Ai(1)-Sephiroth Sacrifice Supplied: 35 Ai(2)-Nashi Competitive Brawl BrawlREC 2026-07: 15

Game Result: Game 50 ended in 1818 ms. Ai(1)-Sephiroth Sacrifice Supplied has won!
