Error handling registered!
18:10:11 [INFO ] GuiBase: ##########################################
18:10:11 [INFO ] GuiBase: APP: Forge v.2.0.14-SNAPSHOT-08.08
18:10:11 [INFO ] GuiBase: Java: 17.0.17 (Homebrew)
18:10:11 [INFO ] GuiBase: OS: Mac OS X 15.5 aarch64
18:10:11 [INFO ] GuiBase: RAM: 4096 MB max, 8 CPUs
18:10:11 [INFO ] GuiBase: ##########################################
Language 'en-US' loaded successfully.
(ThreadUtil first call): Running with priority 5
Read cards: 33617 archived files in 1 ms (25 parts) using thread pool
Upcoming set Star Trek (TRK) dated in the future. All `upcoming` cards will be added to this set with unknown rarity.
The card A-Alrund's Epiphany was not assigned to any set. Adding it to UNKNOWN set... to fix see res/editions/ folder.
The card A-Baba Lysaga, Night Witch was not assigned to any set. Adding it to UNKNOWN set... to fix see res/editions/ folder.
The card A-Divide by Zero was not assigned to any set. Adding it to UNKNOWN set... to fix see res/editions/ folder.
The card A-Esika's Chariot was not assigned to any set. Adding it to UNKNOWN set... to fix see res/editions/ folder.
The card A-Faceless Haven was not assigned to any set. Adding it to UNKNOWN set... to fix see res/editions/ folder.
The card A-Fires of Invention was not assigned to any set. Adding it to UNKNOWN set... to fix see res/editions/ folder.
The card A-Goldspan Dragon was not assigned to any set. Adding it to UNKNOWN set... to fix see res/editions/ folder.
The card A-Hullbreaker Horror was not assigned to any set. Adding it to UNKNOWN set... to fix see res/editions/ folder.
The card A-Kumano Faces Kakkazan was not assigned to any set. Adding it to UNKNOWN set... to fix see res/editions/ folder.
The card A-Luminarch Aspirant was not assigned to any set. Adding it to UNKNOWN set... to fix see res/editions/ folder.
The card A-Monster Manual was not assigned to any set. Adding it to UNKNOWN set... to fix see res/editions/ folder.
The card A-Omnath, Locus of Creation was not assigned to any set. Adding it to UNKNOWN set... to fix see res/editions/ folder.
The card A-The Meathook Massacre was not assigned to any set. Adding it to UNKNOWN set... to fix see res/editions/ folder.
The card A-Unholy Heat was not assigned to any set. Adding it to UNKNOWN set... to fix see res/editions/ folder.
The card Blinding Radiance was not assigned to any set. Adding it to UNKNOWN set... to fix see res/editions/ folder.
The card Goblin Bruiser was not assigned to any set. Adding it to UNKNOWN set... to fix see res/editions/ folder.
The card Ogre Painbringer was not assigned to any set. Adding it to UNKNOWN set... to fix see res/editions/ folder.
The card Titanic Pelagosaur was not assigned to any set. Adding it to UNKNOWN set... to fix see res/editions/ folder.
The card Treetop Recluse was not assigned to any set. Adding it to UNKNOWN set... to fix see res/editions/ folder.
Upcoming set Star Trek (TRK) dated in the future. All `upcoming` cards will be added to this set with unknown rarity.
Read cards: 836 files in 0 ms (8 parts) using thread pool
Simulation mode
Ai(1)-Katara, Waterbending Master Competitive Brawl BrawlREC 2026-07 vs Ai(2)-Sephiroth Sacrifice Supplied - fifty  games of Brawl seed 33010
Game Outcome: Turn 9
Game Outcome: Ai(1)-Katara, Waterbending Master Competitive Brawl BrawlREC 2026-07 has lost because life total reached 0
Game Outcome: Ai(2)-Sephiroth Sacrifice Supplied has won because all opponents have lost
Match Result: Ai(1)-Katara, Waterbending Master Competitive Brawl BrawlREC 2026-07: 0 Ai(2)-Sephiroth Sacrifice Supplied: 1

Game Result: Game 1 ended in 6100 ms. Ai(2)-Sephiroth Sacrifice Supplied has won!

Game Outcome: Turn 11
Game Outcome: Ai(1)-Katara, Waterbending Master Competitive Brawl BrawlREC 2026-07 has lost because life total reached 0
Game Outcome: Ai(2)-Sephiroth Sacrifice Supplied has won because all opponents have lost
Match Result: Ai(1)-Katara, Waterbending Master Competitive Brawl BrawlREC 2026-07: 0 Ai(2)-Sephiroth Sacrifice Supplied: 2

Game Result: Game 2 ended in 5325 ms. Ai(2)-Sephiroth Sacrifice Supplied has won!

Moving spell to Library
Game Outcome: Turn 10
Game Outcome: Ai(1)-Katara, Waterbending Master Competitive Brawl BrawlREC 2026-07 has lost because life total reached 0
Game Outcome: Ai(2)-Sephiroth Sacrifice Supplied has won because all opponents have lost
Match Result: Ai(1)-Katara, Waterbending Master Competitive Brawl BrawlREC 2026-07: 0 Ai(2)-Sephiroth Sacrifice Supplied: 3

Game Result: Game 3 ended in 5849 ms. Ai(2)-Sephiroth Sacrifice Supplied has won!

Game Outcome: Turn 9
Game Outcome: Ai(1)-Katara, Waterbending Master Competitive Brawl BrawlREC 2026-07 has lost because life total reached 0
Game Outcome: Ai(2)-Sephiroth Sacrifice Supplied has won because all opponents have lost
Match Result: Ai(1)-Katara, Waterbending Master Competitive Brawl BrawlREC 2026-07: 0 Ai(2)-Sephiroth Sacrifice Supplied: 4

Game Result: Game 4 ended in 4380 ms. Ai(2)-Sephiroth Sacrifice Supplied has won!

Game Outcome: Turn 12
Game Outcome: Ai(1)-Katara, Waterbending Master Competitive Brawl BrawlREC 2026-07 has won because all opponents have lost
Game Outcome: Ai(2)-Sephiroth Sacrifice Supplied has lost because life total reached 0
Match Result: Ai(1)-Katara, Waterbending Master Competitive Brawl BrawlREC 2026-07: 1 Ai(2)-Sephiroth Sacrifice Supplied: 4

Game Result: Game 5 ended in 10407 ms. Ai(1)-Katara, Waterbending Master Competitive Brawl BrawlREC 2026-07 has won!

Game Outcome: Turn 12
Game Outcome: Ai(1)-Katara, Waterbending Master Competitive Brawl BrawlREC 2026-07 has won because all opponents have lost
Game Outcome: Ai(2)-Sephiroth Sacrifice Supplied has lost because life total reached 0
Match Result: Ai(1)-Katara, Waterbending Master Competitive Brawl BrawlREC 2026-07: 2 Ai(2)-Sephiroth Sacrifice Supplied: 4

Game Result: Game 6 ended in 7229 ms. Ai(1)-Katara, Waterbending Master Competitive Brawl BrawlREC 2026-07 has won!

Moving spell to Library
Game Outcome: Turn 9
Game Outcome: Ai(1)-Katara, Waterbending Master Competitive Brawl BrawlREC 2026-07 has won because all opponents have lost
Game Outcome: Ai(2)-Sephiroth Sacrifice Supplied has lost because life total reached 0
Match Result: Ai(1)-Katara, Waterbending Master Competitive Brawl BrawlREC 2026-07: 3 Ai(2)-Sephiroth Sacrifice Supplied: 4

Game Result: Game 7 ended in 4155 ms. Ai(1)-Katara, Waterbending Master Competitive Brawl BrawlREC 2026-07 has won!

Moving spell to Library
Game Outcome: Turn 12
Game Outcome: Ai(1)-Katara, Waterbending Master Competitive Brawl BrawlREC 2026-07 has lost because life total reached 0
Game Outcome: Ai(2)-Sephiroth Sacrifice Supplied has won because all opponents have lost
Match Result: Ai(1)-Katara, Waterbending Master Competitive Brawl BrawlREC 2026-07: 3 Ai(2)-Sephiroth Sacrifice Supplied: 5

Game Result: Game 8 ended in 3867 ms. Ai(2)-Sephiroth Sacrifice Supplied has won!

Game Outcome: Turn 9
Game Outcome: Ai(1)-Katara, Waterbending Master Competitive Brawl BrawlREC 2026-07 has won because all opponents have lost
Game Outcome: Ai(2)-Sephiroth Sacrifice Supplied has lost because life total reached 0
Match Result: Ai(1)-Katara, Waterbending Master Competitive Brawl BrawlREC 2026-07: 4 Ai(2)-Sephiroth Sacrifice Supplied: 5

Game Result: Game 9 ended in 2702 ms. Ai(1)-Katara, Waterbending Master Competitive Brawl BrawlREC 2026-07 has won!

Moving spell to Library
Game Outcome: Turn 13
Game Outcome: Ai(1)-Katara, Waterbending Master Competitive Brawl BrawlREC 2026-07 has lost because life total reached 0
Game Outcome: Ai(2)-Sephiroth Sacrifice Supplied has won because all opponents have lost
Match Result: Ai(1)-Katara, Waterbending Master Competitive Brawl BrawlREC 2026-07: 4 Ai(2)-Sephiroth Sacrifice Supplied: 6

Game Result: Game 10 ended in 7149 ms. Ai(2)-Sephiroth Sacrifice Supplied has won!

Moving spell to Library
Game Outcome: Turn 14
Game Outcome: Ai(1)-Katara, Waterbending Master Competitive Brawl BrawlREC 2026-07 has lost because life total reached 0
Game Outcome: Ai(2)-Sephiroth Sacrifice Supplied has won because all opponents have lost
Match Result: Ai(1)-Katara, Waterbending Master Competitive Brawl BrawlREC 2026-07: 4 Ai(2)-Sephiroth Sacrifice Supplied: 7

Game Result: Game 11 ended in 4832 ms. Ai(2)-Sephiroth Sacrifice Supplied has won!

Game Outcome: Turn 8
Game Outcome: Ai(1)-Katara, Waterbending Master Competitive Brawl BrawlREC 2026-07 has lost because life total reached 0
Game Outcome: Ai(2)-Sephiroth Sacrifice Supplied has won because all opponents have lost
Match Result: Ai(1)-Katara, Waterbending Master Competitive Brawl BrawlREC 2026-07: 4 Ai(2)-Sephiroth Sacrifice Supplied: 8

Game Result: Game 12 ended in 2076 ms. Ai(2)-Sephiroth Sacrifice Supplied has won!

Game Outcome: Turn 8
Game Outcome: Ai(1)-Katara, Waterbending Master Competitive Brawl BrawlREC 2026-07 has won because all opponents have lost
Game Outcome: Ai(2)-Sephiroth Sacrifice Supplied has lost because life total reached 0
Match Result: Ai(1)-Katara, Waterbending Master Competitive Brawl BrawlREC 2026-07: 5 Ai(2)-Sephiroth Sacrifice Supplied: 8

Game Result: Game 13 ended in 2835 ms. Ai(1)-Katara, Waterbending Master Competitive Brawl BrawlREC 2026-07 has won!

Game Outcome: Turn 11
Game Outcome: Ai(1)-Katara, Waterbending Master Competitive Brawl BrawlREC 2026-07 has lost because life total reached 0
Game Outcome: Ai(2)-Sephiroth Sacrifice Supplied has won because all opponents have lost
Match Result: Ai(1)-Katara, Waterbending Master Competitive Brawl BrawlREC 2026-07: 5 Ai(2)-Sephiroth Sacrifice Supplied: 9

Game Result: Game 14 ended in 2977 ms. Ai(2)-Sephiroth Sacrifice Supplied has won!

Long River's Pull (19) - [Couldn't add to stack, failed to target] - Counter target creature spell. If the gift was promised, instead counter target spell.[[Persistent Specimen - Creature 1 / 1], [Persistent Specimen - Creature 1 / 1]]
Game Outcome: Turn 8
Game Outcome: Ai(1)-Katara, Waterbending Master Competitive Brawl BrawlREC 2026-07 has lost because life total reached 0
Game Outcome: Ai(2)-Sephiroth Sacrifice Supplied has won because all opponents have lost
Match Result: Ai(1)-Katara, Waterbending Master Competitive Brawl BrawlREC 2026-07: 5 Ai(2)-Sephiroth Sacrifice Supplied: 10

Game Result: Game 15 ended in 1774 ms. Ai(2)-Sephiroth Sacrifice Supplied has won!

Game Outcome: Turn 11
Game Outcome: Ai(1)-Katara, Waterbending Master Competitive Brawl BrawlREC 2026-07 has lost because life total reached 0
Game Outcome: Ai(2)-Sephiroth Sacrifice Supplied has won because all opponents have lost
Match Result: Ai(1)-Katara, Waterbending Master Competitive Brawl BrawlREC 2026-07: 5 Ai(2)-Sephiroth Sacrifice Supplied: 11

Game Result: Game 16 ended in 2805 ms. Ai(2)-Sephiroth Sacrifice Supplied has won!

Game Outcome: Turn 7
Game Outcome: Ai(1)-Katara, Waterbending Master Competitive Brawl BrawlREC 2026-07 has lost because life total reached 0
Game Outcome: Ai(2)-Sephiroth Sacrifice Supplied has won because all opponents have lost
Match Result: Ai(1)-Katara, Waterbending Master Competitive Brawl BrawlREC 2026-07: 5 Ai(2)-Sephiroth Sacrifice Supplied: 12

Game Result: Game 17 ended in 2268 ms. Ai(2)-Sephiroth Sacrifice Supplied has won!

Long River's Pull (19) - [Couldn't add to stack, failed to target] - Counter target creature spell. If the gift was promised, instead counter target spell.[[Greedy Freebooter - Creature 1 / 1], [Greedy Freebooter - Creature 1 / 1]]
Game Outcome: Turn 9
Game Outcome: Ai(1)-Katara, Waterbending Master Competitive Brawl BrawlREC 2026-07 has lost because life total reached 0
Game Outcome: Ai(2)-Sephiroth Sacrifice Supplied has won because all opponents have lost
Match Result: Ai(1)-Katara, Waterbending Master Competitive Brawl BrawlREC 2026-07: 5 Ai(2)-Sephiroth Sacrifice Supplied: 13

Game Result: Game 18 ended in 2656 ms. Ai(2)-Sephiroth Sacrifice Supplied has won!

Game Outcome: Turn 9
Game Outcome: Ai(1)-Katara, Waterbending Master Competitive Brawl BrawlREC 2026-07 has lost because life total reached 0
Game Outcome: Ai(2)-Sephiroth Sacrifice Supplied has won because all opponents have lost
Match Result: Ai(1)-Katara, Waterbending Master Competitive Brawl BrawlREC 2026-07: 5 Ai(2)-Sephiroth Sacrifice Supplied: 14

Game Result: Game 19 ended in 2385 ms. Ai(2)-Sephiroth Sacrifice Supplied has won!

Game Outcome: Turn 8
Game Outcome: Ai(1)-Katara, Waterbending Master Competitive Brawl BrawlREC 2026-07 has lost because life total reached 0
Game Outcome: Ai(2)-Sephiroth Sacrifice Supplied has won because all opponents have lost
Match Result: Ai(1)-Katara, Waterbending Master Competitive Brawl BrawlREC 2026-07: 5 Ai(2)-Sephiroth Sacrifice Supplied: 15

Game Result: Game 20 ended in 3112 ms. Ai(2)-Sephiroth Sacrifice Supplied has won!

Game Outcome: Turn 9
Game Outcome: Ai(1)-Katara, Waterbending Master Competitive Brawl BrawlREC 2026-07 has lost because life total reached 0
Game Outcome: Ai(2)-Sephiroth Sacrifice Supplied has won because all opponents have lost
Match Result: Ai(1)-Katara, Waterbending Master Competitive Brawl BrawlREC 2026-07: 5 Ai(2)-Sephiroth Sacrifice Supplied: 16

Game Result: Game 21 ended in 1629 ms. Ai(2)-Sephiroth Sacrifice Supplied has won!

Game Outcome: Turn 8
Game Outcome: Ai(1)-Katara, Waterbending Master Competitive Brawl BrawlREC 2026-07 has lost because life total reached 0
Game Outcome: Ai(2)-Sephiroth Sacrifice Supplied has won because all opponents have lost
Match Result: Ai(1)-Katara, Waterbending Master Competitive Brawl BrawlREC 2026-07: 5 Ai(2)-Sephiroth Sacrifice Supplied: 17

Game Result: Game 22 ended in 2297 ms. Ai(2)-Sephiroth Sacrifice Supplied has won!

Game Outcome: Turn 16
Game Outcome: Ai(1)-Katara, Waterbending Master Competitive Brawl BrawlREC 2026-07 has lost because life total reached 0
Game Outcome: Ai(2)-Sephiroth Sacrifice Supplied has won because all opponents have lost
Match Result: Ai(1)-Katara, Waterbending Master Competitive Brawl BrawlREC 2026-07: 5 Ai(2)-Sephiroth Sacrifice Supplied: 18

Game Result: Game 23 ended in 4733 ms. Ai(2)-Sephiroth Sacrifice Supplied has won!

Game Outcome: Turn 10
Game Outcome: Ai(1)-Katara, Waterbending Master Competitive Brawl BrawlREC 2026-07 has lost because life total reached 0
Game Outcome: Ai(2)-Sephiroth Sacrifice Supplied has won because all opponents have lost
Match Result: Ai(1)-Katara, Waterbending Master Competitive Brawl BrawlREC 2026-07: 5 Ai(2)-Sephiroth Sacrifice Supplied: 19

Game Result: Game 24 ended in 2068 ms. Ai(2)-Sephiroth Sacrifice Supplied has won!

Game Outcome: Turn 9
Game Outcome: Ai(1)-Katara, Waterbending Master Competitive Brawl BrawlREC 2026-07 has lost because life total reached 0
Game Outcome: Ai(2)-Sephiroth Sacrifice Supplied has won because all opponents have lost
Match Result: Ai(1)-Katara, Waterbending Master Competitive Brawl BrawlREC 2026-07: 5 Ai(2)-Sephiroth Sacrifice Supplied: 20

Game Result: Game 25 ended in 1623 ms. Ai(2)-Sephiroth Sacrifice Supplied has won!

Game Outcome: Turn 9
Game Outcome: Ai(1)-Katara, Waterbending Master Competitive Brawl BrawlREC 2026-07 has lost because life total reached 0
Game Outcome: Ai(2)-Sephiroth Sacrifice Supplied has won because all opponents have lost
Match Result: Ai(1)-Katara, Waterbending Master Competitive Brawl BrawlREC 2026-07: 5 Ai(2)-Sephiroth Sacrifice Supplied: 21

Game Result: Game 26 ended in 1970 ms. Ai(2)-Sephiroth Sacrifice Supplied has won!

Game Outcome: Turn 10
Game Outcome: Ai(1)-Katara, Waterbending Master Competitive Brawl BrawlREC 2026-07 has lost because life total reached 0
Game Outcome: Ai(2)-Sephiroth Sacrifice Supplied has won because all opponents have lost
Match Result: Ai(1)-Katara, Waterbending Master Competitive Brawl BrawlREC 2026-07: 5 Ai(2)-Sephiroth Sacrifice Supplied: 22

Game Result: Game 27 ended in 1739 ms. Ai(2)-Sephiroth Sacrifice Supplied has won!

Game Outcome: Turn 11
Game Outcome: Ai(1)-Katara, Waterbending Master Competitive Brawl BrawlREC 2026-07 has lost because life total reached 0
Game Outcome: Ai(2)-Sephiroth Sacrifice Supplied has won because all opponents have lost
Match Result: Ai(1)-Katara, Waterbending Master Competitive Brawl BrawlREC 2026-07: 5 Ai(2)-Sephiroth Sacrifice Supplied: 23

Game Result: Game 28 ended in 2102 ms. Ai(2)-Sephiroth Sacrifice Supplied has won!

Moving spell to Library
Game Outcome: Turn 10
Game Outcome: Ai(1)-Katara, Waterbending Master Competitive Brawl BrawlREC 2026-07 has lost because life total reached 0
Game Outcome: Ai(2)-Sephiroth Sacrifice Supplied has won because all opponents have lost
Match Result: Ai(1)-Katara, Waterbending Master Competitive Brawl BrawlREC 2026-07: 5 Ai(2)-Sephiroth Sacrifice Supplied: 24

Game Result: Game 29 ended in 2717 ms. Ai(2)-Sephiroth Sacrifice Supplied has won!

Game Outcome: Turn 13
Game Outcome: Ai(1)-Katara, Waterbending Master Competitive Brawl BrawlREC 2026-07 has lost because life total reached 0
Game Outcome: Ai(2)-Sephiroth Sacrifice Supplied has won because all opponents have lost
Match Result: Ai(1)-Katara, Waterbending Master Competitive Brawl BrawlREC 2026-07: 5 Ai(2)-Sephiroth Sacrifice Supplied: 25

Game Result: Game 30 ended in 4667 ms. Ai(2)-Sephiroth Sacrifice Supplied has won!

Game Outcome: Turn 9
Game Outcome: Ai(1)-Katara, Waterbending Master Competitive Brawl BrawlREC 2026-07 has lost because life total reached 0
Game Outcome: Ai(2)-Sephiroth Sacrifice Supplied has won because all opponents have lost
Match Result: Ai(1)-Katara, Waterbending Master Competitive Brawl BrawlREC 2026-07: 5 Ai(2)-Sephiroth Sacrifice Supplied: 26

Game Result: Game 31 ended in 2123 ms. Ai(2)-Sephiroth Sacrifice Supplied has won!

Game Outcome: Turn 8
Game Outcome: Ai(1)-Katara, Waterbending Master Competitive Brawl BrawlREC 2026-07 has lost because life total reached 0
Game Outcome: Ai(2)-Sephiroth Sacrifice Supplied has won because all opponents have lost
Match Result: Ai(1)-Katara, Waterbending Master Competitive Brawl BrawlREC 2026-07: 5 Ai(2)-Sephiroth Sacrifice Supplied: 27

Game Result: Game 32 ended in 1511 ms. Ai(2)-Sephiroth Sacrifice Supplied has won!

Game Outcome: Turn 8
Game Outcome: Ai(1)-Katara, Waterbending Master Competitive Brawl BrawlREC 2026-07 has won because all opponents have lost
Game Outcome: Ai(2)-Sephiroth Sacrifice Supplied has lost because life total reached 0
Match Result: Ai(1)-Katara, Waterbending Master Competitive Brawl BrawlREC 2026-07: 6 Ai(2)-Sephiroth Sacrifice Supplied: 27

Game Result: Game 33 ended in 1816 ms. Ai(1)-Katara, Waterbending Master Competitive Brawl BrawlREC 2026-07 has won!

Game Outcome: Turn 10
Game Outcome: Ai(1)-Katara, Waterbending Master Competitive Brawl BrawlREC 2026-07 has won because all opponents have lost
Game Outcome: Ai(2)-Sephiroth Sacrifice Supplied has lost because life total reached 0
Match Result: Ai(1)-Katara, Waterbending Master Competitive Brawl BrawlREC 2026-07: 7 Ai(2)-Sephiroth Sacrifice Supplied: 27

Game Result: Game 34 ended in 2101 ms. Ai(1)-Katara, Waterbending Master Competitive Brawl BrawlREC 2026-07 has won!

Game Outcome: Turn 15
Game Outcome: Ai(1)-Katara, Waterbending Master Competitive Brawl BrawlREC 2026-07 has lost because life total reached 0
Game Outcome: Ai(2)-Sephiroth Sacrifice Supplied has won because all opponents have lost
Match Result: Ai(1)-Katara, Waterbending Master Competitive Brawl BrawlREC 2026-07: 7 Ai(2)-Sephiroth Sacrifice Supplied: 28

Game Result: Game 35 ended in 4331 ms. Ai(2)-Sephiroth Sacrifice Supplied has won!

Game Outcome: Turn 9
Game Outcome: Ai(1)-Katara, Waterbending Master Competitive Brawl BrawlREC 2026-07 has lost because life total reached 0
Game Outcome: Ai(2)-Sephiroth Sacrifice Supplied has won because all opponents have lost
Match Result: Ai(1)-Katara, Waterbending Master Competitive Brawl BrawlREC 2026-07: 7 Ai(2)-Sephiroth Sacrifice Supplied: 29

Game Result: Game 36 ended in 1312 ms. Ai(2)-Sephiroth Sacrifice Supplied has won!

Moving spell to Library
Game Outcome: Turn 13
Game Outcome: Ai(1)-Katara, Waterbending Master Competitive Brawl BrawlREC 2026-07 has lost because life total reached 0
Game Outcome: Ai(2)-Sephiroth Sacrifice Supplied has won because all opponents have lost
Match Result: Ai(1)-Katara, Waterbending Master Competitive Brawl BrawlREC 2026-07: 7 Ai(2)-Sephiroth Sacrifice Supplied: 30

Game Result: Game 37 ended in 2391 ms. Ai(2)-Sephiroth Sacrifice Supplied has won!

Game Outcome: Turn 14
Game Outcome: Ai(1)-Katara, Waterbending Master Competitive Brawl BrawlREC 2026-07 has lost because life total reached 0
Game Outcome: Ai(2)-Sephiroth Sacrifice Supplied has won because all opponents have lost
Match Result: Ai(1)-Katara, Waterbending Master Competitive Brawl BrawlREC 2026-07: 7 Ai(2)-Sephiroth Sacrifice Supplied: 31

Game Result: Game 38 ended in 4277 ms. Ai(2)-Sephiroth Sacrifice Supplied has won!

Game Outcome: Turn 11
Game Outcome: Ai(1)-Katara, Waterbending Master Competitive Brawl BrawlREC 2026-07 has lost because life total reached 0
Game Outcome: Ai(2)-Sephiroth Sacrifice Supplied has won because all opponents have lost
Match Result: Ai(1)-Katara, Waterbending Master Competitive Brawl BrawlREC 2026-07: 7 Ai(2)-Sephiroth Sacrifice Supplied: 32

Game Result: Game 39 ended in 1870 ms. Ai(2)-Sephiroth Sacrifice Supplied has won!

Game Outcome: Turn 11
Game Outcome: Ai(1)-Katara, Waterbending Master Competitive Brawl BrawlREC 2026-07 has lost because life total reached 0
Game Outcome: Ai(2)-Sephiroth Sacrifice Supplied has won because all opponents have lost
Match Result: Ai(1)-Katara, Waterbending Master Competitive Brawl BrawlREC 2026-07: 7 Ai(2)-Sephiroth Sacrifice Supplied: 33

Game Result: Game 40 ended in 1335 ms. Ai(2)-Sephiroth Sacrifice Supplied has won!

Moving spell to Library
Warning: default (ie. inherited from base class) implementation of chooseSingleCard is used by Glorious Gale for forge.ai.ability.AlwaysPlayAi. Consider declaring an overloaded method
Game Outcome: Turn 15
Game Outcome: Ai(1)-Katara, Waterbending Master Competitive Brawl BrawlREC 2026-07 has lost because life total reached 0
Game Outcome: Ai(2)-Sephiroth Sacrifice Supplied has won because all opponents have lost
Match Result: Ai(1)-Katara, Waterbending Master Competitive Brawl BrawlREC 2026-07: 7 Ai(2)-Sephiroth Sacrifice Supplied: 34

Game Result: Game 41 ended in 5554 ms. Ai(2)-Sephiroth Sacrifice Supplied has won!

Game Outcome: Turn 7
Game Outcome: Ai(1)-Katara, Waterbending Master Competitive Brawl BrawlREC 2026-07 has lost because life total reached 0
Game Outcome: Ai(2)-Sephiroth Sacrifice Supplied has won because all opponents have lost
Match Result: Ai(1)-Katara, Waterbending Master Competitive Brawl BrawlREC 2026-07: 7 Ai(2)-Sephiroth Sacrifice Supplied: 35

Game Result: Game 42 ended in 1371 ms. Ai(2)-Sephiroth Sacrifice Supplied has won!

Game Outcome: Turn 10
Game Outcome: Ai(1)-Katara, Waterbending Master Competitive Brawl BrawlREC 2026-07 has lost because life total reached 0
Game Outcome: Ai(2)-Sephiroth Sacrifice Supplied has won because all opponents have lost
Match Result: Ai(1)-Katara, Waterbending Master Competitive Brawl BrawlREC 2026-07: 7 Ai(2)-Sephiroth Sacrifice Supplied: 36

Game Result: Game 43 ended in 2931 ms. Ai(2)-Sephiroth Sacrifice Supplied has won!

Long River's Pull (19) - [Couldn't add to stack, failed to target] - Counter target creature spell. If the gift was promised, instead counter target spell.[[Warp— {B}, Pay 2 life (You may cast this card from your hand for its warp cost. Exile this creature at the beginning of the next end step, then you may cast it from exile on a later turn.)], [Warp— {B}, Pay 2 life (You may cast this card from your hand for its warp cost. Exile this creature at the beginning of the next end step, then you may cast it from exile on a later turn.)]]
Game Outcome: Turn 6
Game Outcome: Ai(1)-Katara, Waterbending Master Competitive Brawl BrawlREC 2026-07 has lost because life total reached 0
Game Outcome: Ai(2)-Sephiroth Sacrifice Supplied has won because all opponents have lost
Match Result: Ai(1)-Katara, Waterbending Master Competitive Brawl BrawlREC 2026-07: 7 Ai(2)-Sephiroth Sacrifice Supplied: 37

Game Result: Game 44 ended in 1737 ms. Ai(2)-Sephiroth Sacrifice Supplied has won!

Moving spell to Library
Game Outcome: Turn 10
Game Outcome: Ai(1)-Katara, Waterbending Master Competitive Brawl BrawlREC 2026-07 has won because all opponents have lost
Game Outcome: Ai(2)-Sephiroth Sacrifice Supplied has lost because life total reached 0
Match Result: Ai(1)-Katara, Waterbending Master Competitive Brawl BrawlREC 2026-07: 8 Ai(2)-Sephiroth Sacrifice Supplied: 37

Game Result: Game 45 ended in 3408 ms. Ai(1)-Katara, Waterbending Master Competitive Brawl BrawlREC 2026-07 has won!

Moving spell to Hand
Game Outcome: Turn 10
Game Outcome: Ai(1)-Katara, Waterbending Master Competitive Brawl BrawlREC 2026-07 has won because all opponents have lost
Game Outcome: Ai(2)-Sephiroth Sacrifice Supplied has lost because life total reached 0
Match Result: Ai(1)-Katara, Waterbending Master Competitive Brawl BrawlREC 2026-07: 9 Ai(2)-Sephiroth Sacrifice Supplied: 37

Game Result: Game 46 ended in 1974 ms. Ai(1)-Katara, Waterbending Master Competitive Brawl BrawlREC 2026-07 has won!

Game Outcome: Turn 8
Game Outcome: Ai(1)-Katara, Waterbending Master Competitive Brawl BrawlREC 2026-07 has lost because life total reached 0
Game Outcome: Ai(2)-Sephiroth Sacrifice Supplied has won because all opponents have lost
Match Result: Ai(1)-Katara, Waterbending Master Competitive Brawl BrawlREC 2026-07: 9 Ai(2)-Sephiroth Sacrifice Supplied: 38

Game Result: Game 47 ended in 1872 ms. Ai(2)-Sephiroth Sacrifice Supplied has won!

Game Outcome: Turn 11
Game Outcome: Ai(1)-Katara, Waterbending Master Competitive Brawl BrawlREC 2026-07 has lost because life total reached 0
Game Outcome: Ai(2)-Sephiroth Sacrifice Supplied has won because all opponents have lost
Match Result: Ai(1)-Katara, Waterbending Master Competitive Brawl BrawlREC 2026-07: 9 Ai(2)-Sephiroth Sacrifice Supplied: 39

Game Result: Game 48 ended in 1835 ms. Ai(2)-Sephiroth Sacrifice Supplied has won!

Game Outcome: Turn 11
Game Outcome: Ai(1)-Katara, Waterbending Master Competitive Brawl BrawlREC 2026-07 has lost because life total reached 0
Game Outcome: Ai(2)-Sephiroth Sacrifice Supplied has won because all opponents have lost
Match Result: Ai(1)-Katara, Waterbending Master Competitive Brawl BrawlREC 2026-07: 9 Ai(2)-Sephiroth Sacrifice Supplied: 40

Game Result: Game 49 ended in 2745 ms. Ai(2)-Sephiroth Sacrifice Supplied has won!

Moving spell to Library
Game Outcome: Turn 7
Game Outcome: Ai(1)-Katara, Waterbending Master Competitive Brawl BrawlREC 2026-07 has lost because life total reached 0
Game Outcome: Ai(2)-Sephiroth Sacrifice Supplied has won because all opponents have lost
Match Result: Ai(1)-Katara, Waterbending Master Competitive Brawl BrawlREC 2026-07: 9 Ai(2)-Sephiroth Sacrifice Supplied: 41

Game Result: Game 50 ended in 2001 ms. Ai(2)-Sephiroth Sacrifice Supplied has won!
