Error handling registered!
18:28:44 [INFO ] GuiBase: ##########################################
18:28:44 [INFO ] GuiBase: APP: Forge v.2.0.14-SNAPSHOT-08.08
18:28:44 [INFO ] GuiBase: Java: 17.0.17 (Homebrew)
18:28:44 [INFO ] GuiBase: OS: Mac OS X 15.5 aarch64
18:28:44 [INFO ] GuiBase: RAM: 4096 MB max, 8 CPUs
18:28:44 [INFO ] GuiBase: ##########################################
Language 'en-US' loaded successfully.
(ThreadUtil first call): Running with priority 5
Read cards: 33617 archived files in 1 ms (25 parts) using thread pool
Upcoming set Star Trek (TRK) dated in the future. All `upcoming` cards will be added to this set with unknown rarity.
The card A-Alrund's Epiphany was not assigned to any set. Adding it to UNKNOWN set... to fix see res/editions/ folder.
The card A-Baba Lysaga, Night Witch was not assigned to any set. Adding it to UNKNOWN set... to fix see res/editions/ folder.
The card A-Divide by Zero was not assigned to any set. Adding it to UNKNOWN set... to fix see res/editions/ folder.
The card A-Esika's Chariot was not assigned to any set. Adding it to UNKNOWN set... to fix see res/editions/ folder.
The card A-Faceless Haven was not assigned to any set. Adding it to UNKNOWN set... to fix see res/editions/ folder.
The card A-Fires of Invention was not assigned to any set. Adding it to UNKNOWN set... to fix see res/editions/ folder.
The card A-Goldspan Dragon was not assigned to any set. Adding it to UNKNOWN set... to fix see res/editions/ folder.
The card A-Hullbreaker Horror was not assigned to any set. Adding it to UNKNOWN set... to fix see res/editions/ folder.
The card A-Kumano Faces Kakkazan was not assigned to any set. Adding it to UNKNOWN set... to fix see res/editions/ folder.
The card A-Luminarch Aspirant was not assigned to any set. Adding it to UNKNOWN set... to fix see res/editions/ folder.
The card A-Monster Manual was not assigned to any set. Adding it to UNKNOWN set... to fix see res/editions/ folder.
The card A-Omnath, Locus of Creation was not assigned to any set. Adding it to UNKNOWN set... to fix see res/editions/ folder.
The card A-The Meathook Massacre was not assigned to any set. Adding it to UNKNOWN set... to fix see res/editions/ folder.
The card A-Unholy Heat was not assigned to any set. Adding it to UNKNOWN set... to fix see res/editions/ folder.
The card Blinding Radiance was not assigned to any set. Adding it to UNKNOWN set... to fix see res/editions/ folder.
The card Goblin Bruiser was not assigned to any set. Adding it to UNKNOWN set... to fix see res/editions/ folder.
The card Ogre Painbringer was not assigned to any set. Adding it to UNKNOWN set... to fix see res/editions/ folder.
The card Titanic Pelagosaur was not assigned to any set. Adding it to UNKNOWN set... to fix see res/editions/ folder.
The card Treetop Recluse was not assigned to any set. Adding it to UNKNOWN set... to fix see res/editions/ folder.
Upcoming set Star Trek (TRK) dated in the future. All `upcoming` cards will be added to this set with unknown rarity.
Read cards: 836 files in 0 ms (8 parts) using thread pool
Simulation mode
Ai(1)-Nashi Competitive Brawl BrawlREC 2026-07 vs Ai(2)-Lathril Alternate Supplied - fifty  games of Brawl seed 33022
Game Outcome: Turn 6
Game Outcome: Ai(1)-Nashi Competitive Brawl BrawlREC 2026-07 has lost because life total reached 0
Game Outcome: Ai(2)-Lathril Alternate Supplied has won because all opponents have lost
Match Result: Ai(1)-Nashi Competitive Brawl BrawlREC 2026-07: 0 Ai(2)-Lathril Alternate Supplied: 1

Game Result: Game 1 ended in 3953 ms. Ai(2)-Lathril Alternate Supplied has won!

Game Outcome: Turn 7
Game Outcome: Ai(1)-Nashi Competitive Brawl BrawlREC 2026-07 has lost because life total reached 0
Game Outcome: Ai(2)-Lathril Alternate Supplied has won because all opponents have lost
Match Result: Ai(1)-Nashi Competitive Brawl BrawlREC 2026-07: 0 Ai(2)-Lathril Alternate Supplied: 2

Game Result: Game 2 ended in 3224 ms. Ai(2)-Lathril Alternate Supplied has won!

Game Outcome: Turn 7
Game Outcome: Ai(1)-Nashi Competitive Brawl BrawlREC 2026-07 has lost because life total reached 0
Game Outcome: Ai(2)-Lathril Alternate Supplied has won because all opponents have lost
Match Result: Ai(1)-Nashi Competitive Brawl BrawlREC 2026-07: 0 Ai(2)-Lathril Alternate Supplied: 3

Game Result: Game 3 ended in 3261 ms. Ai(2)-Lathril Alternate Supplied has won!

Game Outcome: Turn 6
Game Outcome: Ai(1)-Nashi Competitive Brawl BrawlREC 2026-07 has lost because life total reached 0
Game Outcome: Ai(2)-Lathril Alternate Supplied has won because all opponents have lost
Match Result: Ai(1)-Nashi Competitive Brawl BrawlREC 2026-07: 0 Ai(2)-Lathril Alternate Supplied: 4

Game Result: Game 4 ended in 4110 ms. Ai(2)-Lathril Alternate Supplied has won!

Moving spell to Library
Game Outcome: Turn 8
Game Outcome: Ai(1)-Nashi Competitive Brawl BrawlREC 2026-07 has lost because life total reached 0
Game Outcome: Ai(2)-Lathril Alternate Supplied has won because all opponents have lost
Match Result: Ai(1)-Nashi Competitive Brawl BrawlREC 2026-07: 0 Ai(2)-Lathril Alternate Supplied: 5

Game Result: Game 5 ended in 6448 ms. Ai(2)-Lathril Alternate Supplied has won!

Game Outcome: Turn 13
Game Outcome: Ai(1)-Nashi Competitive Brawl BrawlREC 2026-07 has won because all opponents have lost
Game Outcome: Ai(2)-Lathril Alternate Supplied has lost because life total reached 0
Match Result: Ai(1)-Nashi Competitive Brawl BrawlREC 2026-07: 1 Ai(2)-Lathril Alternate Supplied: 5

Game Result: Game 6 ended in 50960 ms. Ai(1)-Nashi Competitive Brawl BrawlREC 2026-07 has won!

Game Outcome: Turn 10
Game Outcome: Ai(1)-Nashi Competitive Brawl BrawlREC 2026-07 has lost because life total reached 0
Game Outcome: Ai(2)-Lathril Alternate Supplied has won because all opponents have lost
Match Result: Ai(1)-Nashi Competitive Brawl BrawlREC 2026-07: 1 Ai(2)-Lathril Alternate Supplied: 6

Game Result: Game 7 ended in 5179 ms. Ai(2)-Lathril Alternate Supplied has won!

Game Outcome: Turn 9
Game Outcome: Ai(1)-Nashi Competitive Brawl BrawlREC 2026-07 has lost because life total reached 0
Game Outcome: Ai(2)-Lathril Alternate Supplied has won because all opponents have lost
Match Result: Ai(1)-Nashi Competitive Brawl BrawlREC 2026-07: 1 Ai(2)-Lathril Alternate Supplied: 7

Game Result: Game 8 ended in 2714 ms. Ai(2)-Lathril Alternate Supplied has won!

Game Outcome: Turn 6
Game Outcome: Ai(1)-Nashi Competitive Brawl BrawlREC 2026-07 has lost because life total reached 0
Game Outcome: Ai(2)-Lathril Alternate Supplied has won because all opponents have lost
Match Result: Ai(1)-Nashi Competitive Brawl BrawlREC 2026-07: 1 Ai(2)-Lathril Alternate Supplied: 8

Game Result: Game 9 ended in 1606 ms. Ai(2)-Lathril Alternate Supplied has won!

Moving spell to Library
Game Outcome: Turn 9
Game Outcome: Ai(1)-Nashi Competitive Brawl BrawlREC 2026-07 has lost because life total reached 0
Game Outcome: Ai(2)-Lathril Alternate Supplied has won because all opponents have lost
Match Result: Ai(1)-Nashi Competitive Brawl BrawlREC 2026-07: 1 Ai(2)-Lathril Alternate Supplied: 9

Game Result: Game 10 ended in 4818 ms. Ai(2)-Lathril Alternate Supplied has won!

Moving spell to Library
Game Outcome: Turn 7
Game Outcome: Ai(1)-Nashi Competitive Brawl BrawlREC 2026-07 has lost because life total reached 0
Game Outcome: Ai(2)-Lathril Alternate Supplied has won because all opponents have lost
Match Result: Ai(1)-Nashi Competitive Brawl BrawlREC 2026-07: 1 Ai(2)-Lathril Alternate Supplied: 10

Game Result: Game 11 ended in 2460 ms. Ai(2)-Lathril Alternate Supplied has won!

Game Outcome: Turn 9
Game Outcome: Ai(1)-Nashi Competitive Brawl BrawlREC 2026-07 has lost because life total reached 0
Game Outcome: Ai(2)-Lathril Alternate Supplied has won because all opponents have lost
Match Result: Ai(1)-Nashi Competitive Brawl BrawlREC 2026-07: 1 Ai(2)-Lathril Alternate Supplied: 11

Game Result: Game 12 ended in 3234 ms. Ai(2)-Lathril Alternate Supplied has won!

Moving spell to Library
Game Outcome: Turn 11
Game Outcome: Ai(1)-Nashi Competitive Brawl BrawlREC 2026-07 has won because all opponents have lost
Game Outcome: Ai(2)-Lathril Alternate Supplied has lost because life total reached 0
Match Result: Ai(1)-Nashi Competitive Brawl BrawlREC 2026-07: 2 Ai(2)-Lathril Alternate Supplied: 11

Game Result: Game 13 ended in 9547 ms. Ai(1)-Nashi Competitive Brawl BrawlREC 2026-07 has won!

Game Outcome: Turn 12
Game Outcome: Ai(1)-Nashi Competitive Brawl BrawlREC 2026-07 has lost because life total reached 0
Game Outcome: Ai(2)-Lathril Alternate Supplied has won because all opponents have lost
Match Result: Ai(1)-Nashi Competitive Brawl BrawlREC 2026-07: 2 Ai(2)-Lathril Alternate Supplied: 12

Game Result: Game 14 ended in 4970 ms. Ai(2)-Lathril Alternate Supplied has won!

Game Outcome: Turn 7
Game Outcome: Ai(1)-Nashi Competitive Brawl BrawlREC 2026-07 has lost because life total reached 0
Game Outcome: Ai(2)-Lathril Alternate Supplied has won because all opponents have lost
Match Result: Ai(1)-Nashi Competitive Brawl BrawlREC 2026-07: 2 Ai(2)-Lathril Alternate Supplied: 13

Game Result: Game 15 ended in 3409 ms. Ai(2)-Lathril Alternate Supplied has won!

Game Outcome: Turn 8
Game Outcome: Ai(1)-Nashi Competitive Brawl BrawlREC 2026-07 has lost because life total reached 0
Game Outcome: Ai(2)-Lathril Alternate Supplied has won because all opponents have lost
Match Result: Ai(1)-Nashi Competitive Brawl BrawlREC 2026-07: 2 Ai(2)-Lathril Alternate Supplied: 14

Game Result: Game 16 ended in 2673 ms. Ai(2)-Lathril Alternate Supplied has won!

Moving spell to Library
Game Outcome: Turn 11
Game Outcome: Ai(1)-Nashi Competitive Brawl BrawlREC 2026-07 has lost because life total reached 0
Game Outcome: Ai(2)-Lathril Alternate Supplied has won because all opponents have lost
Match Result: Ai(1)-Nashi Competitive Brawl BrawlREC 2026-07: 2 Ai(2)-Lathril Alternate Supplied: 15

Game Result: Game 17 ended in 8364 ms. Ai(2)-Lathril Alternate Supplied has won!

Game Outcome: Turn 6
Game Outcome: Ai(1)-Nashi Competitive Brawl BrawlREC 2026-07 has lost because life total reached 0
Game Outcome: Ai(2)-Lathril Alternate Supplied has won because all opponents have lost
Match Result: Ai(1)-Nashi Competitive Brawl BrawlREC 2026-07: 2 Ai(2)-Lathril Alternate Supplied: 16

Game Result: Game 18 ended in 1817 ms. Ai(2)-Lathril Alternate Supplied has won!

Game Outcome: Turn 7
Game Outcome: Ai(1)-Nashi Competitive Brawl BrawlREC 2026-07 has lost because life total reached 0
Game Outcome: Ai(2)-Lathril Alternate Supplied has won because all opponents have lost
Match Result: Ai(1)-Nashi Competitive Brawl BrawlREC 2026-07: 2 Ai(2)-Lathril Alternate Supplied: 17

Game Result: Game 19 ended in 2174 ms. Ai(2)-Lathril Alternate Supplied has won!

Game Outcome: Turn 10
Game Outcome: Ai(1)-Nashi Competitive Brawl BrawlREC 2026-07 has lost because life total reached 0
Game Outcome: Ai(2)-Lathril Alternate Supplied has won because all opponents have lost
Match Result: Ai(1)-Nashi Competitive Brawl BrawlREC 2026-07: 2 Ai(2)-Lathril Alternate Supplied: 18

Game Result: Game 20 ended in 4246 ms. Ai(2)-Lathril Alternate Supplied has won!

Moving spell to Library
Game Outcome: Turn 11
Game Outcome: Ai(1)-Nashi Competitive Brawl BrawlREC 2026-07 has lost because life total reached 0
Game Outcome: Ai(2)-Lathril Alternate Supplied has won because all opponents have lost
Match Result: Ai(1)-Nashi Competitive Brawl BrawlREC 2026-07: 2 Ai(2)-Lathril Alternate Supplied: 19

Game Result: Game 21 ended in 2622 ms. Ai(2)-Lathril Alternate Supplied has won!

Game Outcome: Turn 7
Game Outcome: Ai(1)-Nashi Competitive Brawl BrawlREC 2026-07 has lost because life total reached 0
Game Outcome: Ai(2)-Lathril Alternate Supplied has won because all opponents have lost
Match Result: Ai(1)-Nashi Competitive Brawl BrawlREC 2026-07: 2 Ai(2)-Lathril Alternate Supplied: 20

Game Result: Game 22 ended in 1578 ms. Ai(2)-Lathril Alternate Supplied has won!

Game Outcome: Turn 10
Game Outcome: Ai(1)-Nashi Competitive Brawl BrawlREC 2026-07 has won because all opponents have lost
Game Outcome: Ai(2)-Lathril Alternate Supplied has lost because life total reached 0
Match Result: Ai(1)-Nashi Competitive Brawl BrawlREC 2026-07: 3 Ai(2)-Lathril Alternate Supplied: 20

Game Result: Game 23 ended in 3650 ms. Ai(1)-Nashi Competitive Brawl BrawlREC 2026-07 has won!

Game Outcome: Turn 7
Game Outcome: Ai(1)-Nashi Competitive Brawl BrawlREC 2026-07 has lost because life total reached 0
Game Outcome: Ai(2)-Lathril Alternate Supplied has won because all opponents have lost
Match Result: Ai(1)-Nashi Competitive Brawl BrawlREC 2026-07: 3 Ai(2)-Lathril Alternate Supplied: 21

Game Result: Game 24 ended in 2124 ms. Ai(2)-Lathril Alternate Supplied has won!

Game Outcome: Turn 14
Game Outcome: Ai(1)-Nashi Competitive Brawl BrawlREC 2026-07 has lost because life total reached 0
Game Outcome: Ai(2)-Lathril Alternate Supplied has won because all opponents have lost
Match Result: Ai(1)-Nashi Competitive Brawl BrawlREC 2026-07: 3 Ai(2)-Lathril Alternate Supplied: 22

Game Result: Game 25 ended in 6333 ms. Ai(2)-Lathril Alternate Supplied has won!

Game Outcome: Turn 10
Game Outcome: Ai(1)-Nashi Competitive Brawl BrawlREC 2026-07 has lost because life total reached 0
Game Outcome: Ai(2)-Lathril Alternate Supplied has won because all opponents have lost
Match Result: Ai(1)-Nashi Competitive Brawl BrawlREC 2026-07: 3 Ai(2)-Lathril Alternate Supplied: 23

Game Result: Game 26 ended in 2755 ms. Ai(2)-Lathril Alternate Supplied has won!

Game Outcome: Turn 9
Game Outcome: Ai(1)-Nashi Competitive Brawl BrawlREC 2026-07 has lost because life total reached 0
Game Outcome: Ai(2)-Lathril Alternate Supplied has won because all opponents have lost
Match Result: Ai(1)-Nashi Competitive Brawl BrawlREC 2026-07: 3 Ai(2)-Lathril Alternate Supplied: 24

Game Result: Game 27 ended in 2279 ms. Ai(2)-Lathril Alternate Supplied has won!

Game Outcome: Turn 15
Game Outcome: Ai(1)-Nashi Competitive Brawl BrawlREC 2026-07 has won because all opponents have lost
Game Outcome: Ai(2)-Lathril Alternate Supplied has lost because life total reached 0
Match Result: Ai(1)-Nashi Competitive Brawl BrawlREC 2026-07: 4 Ai(2)-Lathril Alternate Supplied: 24

Game Result: Game 28 ended in 11648 ms. Ai(1)-Nashi Competitive Brawl BrawlREC 2026-07 has won!

Game Outcome: Turn 8
Game Outcome: Ai(1)-Nashi Competitive Brawl BrawlREC 2026-07 has lost because life total reached 0
Game Outcome: Ai(2)-Lathril Alternate Supplied has won because all opponents have lost
Match Result: Ai(1)-Nashi Competitive Brawl BrawlREC 2026-07: 4 Ai(2)-Lathril Alternate Supplied: 25

Game Result: Game 29 ended in 1980 ms. Ai(2)-Lathril Alternate Supplied has won!

Game Outcome: Turn 7
Game Outcome: Ai(1)-Nashi Competitive Brawl BrawlREC 2026-07 has lost because life total reached 0
Game Outcome: Ai(2)-Lathril Alternate Supplied has won because all opponents have lost
Match Result: Ai(1)-Nashi Competitive Brawl BrawlREC 2026-07: 4 Ai(2)-Lathril Alternate Supplied: 26

Game Result: Game 30 ended in 1216 ms. Ai(2)-Lathril Alternate Supplied has won!

Game Outcome: Turn 12
Game Outcome: Ai(1)-Nashi Competitive Brawl BrawlREC 2026-07 has lost because life total reached 0
Game Outcome: Ai(2)-Lathril Alternate Supplied has won because all opponents have lost
Match Result: Ai(1)-Nashi Competitive Brawl BrawlREC 2026-07: 4 Ai(2)-Lathril Alternate Supplied: 27

Game Result: Game 31 ended in 2147 ms. Ai(2)-Lathril Alternate Supplied has won!

Game Outcome: Turn 21
Game Outcome: Ai(1)-Nashi Competitive Brawl BrawlREC 2026-07 has lost because life total reached 0
Game Outcome: Ai(2)-Lathril Alternate Supplied has won because all opponents have lost
Match Result: Ai(1)-Nashi Competitive Brawl BrawlREC 2026-07: 4 Ai(2)-Lathril Alternate Supplied: 28

Game Result: Game 32 ended in 19056 ms. Ai(2)-Lathril Alternate Supplied has won!

Game Outcome: Turn 7
Game Outcome: Ai(1)-Nashi Competitive Brawl BrawlREC 2026-07 has lost because life total reached 0
Game Outcome: Ai(2)-Lathril Alternate Supplied has won because all opponents have lost
Match Result: Ai(1)-Nashi Competitive Brawl BrawlREC 2026-07: 4 Ai(2)-Lathril Alternate Supplied: 29

Game Result: Game 33 ended in 1435 ms. Ai(2)-Lathril Alternate Supplied has won!

Moving spell to Library
Game Outcome: Turn 10
Game Outcome: Ai(1)-Nashi Competitive Brawl BrawlREC 2026-07 has lost because life total reached 0
Game Outcome: Ai(2)-Lathril Alternate Supplied has won because all opponents have lost
Match Result: Ai(1)-Nashi Competitive Brawl BrawlREC 2026-07: 4 Ai(2)-Lathril Alternate Supplied: 30

Game Result: Game 34 ended in 1604 ms. Ai(2)-Lathril Alternate Supplied has won!

Game Outcome: Turn 7
Game Outcome: Ai(1)-Nashi Competitive Brawl BrawlREC 2026-07 has lost because life total reached 0
Game Outcome: Ai(2)-Lathril Alternate Supplied has won because all opponents have lost
Match Result: Ai(1)-Nashi Competitive Brawl BrawlREC 2026-07: 4 Ai(2)-Lathril Alternate Supplied: 31

Game Result: Game 35 ended in 1271 ms. Ai(2)-Lathril Alternate Supplied has won!

Game Outcome: Turn 7
Game Outcome: Ai(1)-Nashi Competitive Brawl BrawlREC 2026-07 has lost because life total reached 0
Game Outcome: Ai(2)-Lathril Alternate Supplied has won because all opponents have lost
Match Result: Ai(1)-Nashi Competitive Brawl BrawlREC 2026-07: 4 Ai(2)-Lathril Alternate Supplied: 32

Game Result: Game 36 ended in 1638 ms. Ai(2)-Lathril Alternate Supplied has won!

Game Outcome: Turn 8
Game Outcome: Ai(1)-Nashi Competitive Brawl BrawlREC 2026-07 has lost because life total reached 0
Game Outcome: Ai(2)-Lathril Alternate Supplied has won because all opponents have lost
Match Result: Ai(1)-Nashi Competitive Brawl BrawlREC 2026-07: 4 Ai(2)-Lathril Alternate Supplied: 33

Game Result: Game 37 ended in 2473 ms. Ai(2)-Lathril Alternate Supplied has won!

Moving spell to Library
Game Outcome: Turn 19
Game Outcome: Ai(1)-Nashi Competitive Brawl BrawlREC 2026-07 has lost because life total reached 0
Game Outcome: Ai(2)-Lathril Alternate Supplied has won because all opponents have lost
Match Result: Ai(1)-Nashi Competitive Brawl BrawlREC 2026-07: 4 Ai(2)-Lathril Alternate Supplied: 34

Game Result: Game 38 ended in 10872 ms. Ai(2)-Lathril Alternate Supplied has won!

Game Outcome: Turn 7
Game Outcome: Ai(1)-Nashi Competitive Brawl BrawlREC 2026-07 has lost because life total reached 0
Game Outcome: Ai(2)-Lathril Alternate Supplied has won because all opponents have lost
Match Result: Ai(1)-Nashi Competitive Brawl BrawlREC 2026-07: 4 Ai(2)-Lathril Alternate Supplied: 35

Game Result: Game 39 ended in 1411 ms. Ai(2)-Lathril Alternate Supplied has won!

Moving spell to Library
Game Outcome: Turn 12
Game Outcome: Ai(1)-Nashi Competitive Brawl BrawlREC 2026-07 has won because all opponents have lost
Game Outcome: Ai(2)-Lathril Alternate Supplied has lost because life total reached 0
Match Result: Ai(1)-Nashi Competitive Brawl BrawlREC 2026-07: 5 Ai(2)-Lathril Alternate Supplied: 35

Game Result: Game 40 ended in 7178 ms. Ai(1)-Nashi Competitive Brawl BrawlREC 2026-07 has won!

Game Outcome: Turn 8
Game Outcome: Ai(1)-Nashi Competitive Brawl BrawlREC 2026-07 has lost because life total reached 0
Game Outcome: Ai(2)-Lathril Alternate Supplied has won because all opponents have lost
Match Result: Ai(1)-Nashi Competitive Brawl BrawlREC 2026-07: 5 Ai(2)-Lathril Alternate Supplied: 36

Game Result: Game 41 ended in 1927 ms. Ai(2)-Lathril Alternate Supplied has won!

Moving spell to Library
Game Outcome: Turn 14
Game Outcome: Ai(1)-Nashi Competitive Brawl BrawlREC 2026-07 has lost because life total reached 0
Game Outcome: Ai(2)-Lathril Alternate Supplied has won because all opponents have lost
Match Result: Ai(1)-Nashi Competitive Brawl BrawlREC 2026-07: 5 Ai(2)-Lathril Alternate Supplied: 37

Game Result: Game 42 ended in 7562 ms. Ai(2)-Lathril Alternate Supplied has won!

Game Outcome: Turn 9
Game Outcome: Ai(1)-Nashi Competitive Brawl BrawlREC 2026-07 has lost because life total reached 0
Game Outcome: Ai(2)-Lathril Alternate Supplied has won because all opponents have lost
Match Result: Ai(1)-Nashi Competitive Brawl BrawlREC 2026-07: 5 Ai(2)-Lathril Alternate Supplied: 38

Game Result: Game 43 ended in 1434 ms. Ai(2)-Lathril Alternate Supplied has won!

Game Outcome: Turn 10
Game Outcome: Ai(1)-Nashi Competitive Brawl BrawlREC 2026-07 has lost because life total reached 0
Game Outcome: Ai(2)-Lathril Alternate Supplied has won because all opponents have lost
Match Result: Ai(1)-Nashi Competitive Brawl BrawlREC 2026-07: 5 Ai(2)-Lathril Alternate Supplied: 39

Game Result: Game 44 ended in 1536 ms. Ai(2)-Lathril Alternate Supplied has won!

Game Outcome: Turn 9
Game Outcome: Ai(1)-Nashi Competitive Brawl BrawlREC 2026-07 has lost because life total reached 0
Game Outcome: Ai(2)-Lathril Alternate Supplied has won because all opponents have lost
Match Result: Ai(1)-Nashi Competitive Brawl BrawlREC 2026-07: 5 Ai(2)-Lathril Alternate Supplied: 40

Game Result: Game 45 ended in 2373 ms. Ai(2)-Lathril Alternate Supplied has won!

Game Outcome: Turn 6
Game Outcome: Ai(1)-Nashi Competitive Brawl BrawlREC 2026-07 has lost because life total reached 0
Game Outcome: Ai(2)-Lathril Alternate Supplied has won because all opponents have lost
Match Result: Ai(1)-Nashi Competitive Brawl BrawlREC 2026-07: 5 Ai(2)-Lathril Alternate Supplied: 41

Game Result: Game 46 ended in 939 ms. Ai(2)-Lathril Alternate Supplied has won!

Game Outcome: Turn 18
Game Outcome: Ai(1)-Nashi Competitive Brawl BrawlREC 2026-07 has won because all opponents have lost
Game Outcome: Ai(2)-Lathril Alternate Supplied has lost because life total reached 0
Match Result: Ai(1)-Nashi Competitive Brawl BrawlREC 2026-07: 6 Ai(2)-Lathril Alternate Supplied: 41

Game Result: Game 47 ended in 6789 ms. Ai(1)-Nashi Competitive Brawl BrawlREC 2026-07 has won!

Game Outcome: Turn 7
Game Outcome: Ai(1)-Nashi Competitive Brawl BrawlREC 2026-07 has lost because life total reached 0
Game Outcome: Ai(2)-Lathril Alternate Supplied has won because all opponents have lost
Match Result: Ai(1)-Nashi Competitive Brawl BrawlREC 2026-07: 6 Ai(2)-Lathril Alternate Supplied: 42

Game Result: Game 48 ended in 1177 ms. Ai(2)-Lathril Alternate Supplied has won!

Game Outcome: Turn 8
Game Outcome: Ai(1)-Nashi Competitive Brawl BrawlREC 2026-07 has lost because life total reached 0
Game Outcome: Ai(2)-Lathril Alternate Supplied has won because all opponents have lost
Match Result: Ai(1)-Nashi Competitive Brawl BrawlREC 2026-07: 6 Ai(2)-Lathril Alternate Supplied: 43

Game Result: Game 49 ended in 919 ms. Ai(2)-Lathril Alternate Supplied has won!

Game Outcome: Turn 8
Game Outcome: Ai(1)-Nashi Competitive Brawl BrawlREC 2026-07 has lost because life total reached 0
Game Outcome: Ai(2)-Lathril Alternate Supplied has won because all opponents have lost
Match Result: Ai(1)-Nashi Competitive Brawl BrawlREC 2026-07: 6 Ai(2)-Lathril Alternate Supplied: 44

Game Result: Game 50 ended in 991 ms. Ai(2)-Lathril Alternate Supplied has won!
